============================= test session starts ==============================
platform linux -- Python 3.12.8, pytest-8.4.2, pluggy-1.6.0 -- /home/runner/work/simplelogin-app/simplelogin-app/.venv/bin/python
cachedir: .pytest_cache
rootdir: /home/runner/work/simplelogin-app/simplelogin-app
configfile: pyproject.toml
plugins: cov-3.0.0
collecting ... collected 862 items

tests/admin/test_custom_domain_search.py::test_custom_domain_search_page_loads FAILED [  0%]
tests/admin/test_custom_domain_search.py::test_custom_domain_search_empty_query FAILED [  0%]
tests/admin/test_custom_domain_search.py::test_custom_domain_search_by_domain_name FAILED [  0%]
tests/admin/test_custom_domain_search.py::test_custom_domain_search_by_user_email FAILED [  0%]
tests/admin/test_custom_domain_search.py::test_custom_domain_search_by_user_id FAILED [  0%]
tests/admin/test_custom_domain_search.py::test_custom_domain_search_by_regex FAILED [  0%]
tests/admin/test_custom_domain_search.py::test_custom_domain_search_no_results FAILED [  0%]
tests/admin/test_custom_domain_search.py::test_custom_domain_shows_user_link_to_email_search FAILED [  0%]
tests/admin/test_custom_domain_search.py::test_custom_domain_shows_verification_status FAILED [  1%]
tests/admin/test_custom_domain_search.py::test_custom_domain_shows_domain_info FAILED [  1%]
tests/admin/test_custom_domain_search.py::test_custom_domain_search_requires_admin FAILED [  1%]
tests/admin/test_custom_domain_search.py::test_custom_domain_search_requires_login FAILED [  1%]
tests/admin/test_custom_domain_search.py::test_custom_domain_search_user_without_domains FAILED [  1%]
tests/admin/test_email_search.py::test_email_search_page_loads FAILED    [  1%]
tests/admin/test_email_search.py::test_email_search_empty_query FAILED   [  1%]
tests/admin/test_email_search.py::test_email_search_user_by_email FAILED [  1%]
tests/admin/test_email_search.py::test_email_search_user_by_id FAILED    [  1%]
tests/admin/test_email_search.py::test_email_search_user_by_regex FAILED [  2%]
tests/admin/test_email_search.py::test_email_search_mailbox FAILED       [  2%]
tests/admin/test_email_search.py::test_email_search_partner_user FAILED  [  2%]
tests/admin/test_email_search.py::test_email_search_no_results FAILED    [  2%]
tests/admin/test_email_search.py::test_email_search_user_with_subscription FAILED [  2%]
tests/admin/test_email_search.py::test_email_search_user_with_audit_logs FAILED [  2%]
tests/admin/test_email_search.py::test_email_search_user_with_abuse_logs FAILED [  2%]
tests/admin/test_email_search.py::test_alias_search_page_loads FAILED    [  2%]
tests/admin/test_email_search.py::test_alias_search_by_email FAILED      [  3%]
tests/admin/test_email_search.py::test_alias_search_no_regex_support FAILED [  3%]
tests/admin/test_email_search.py::test_alias_search_deleted_alias FAILED [  3%]
tests/admin/test_email_search.py::test_alias_search_no_results FAILED    [  3%]
tests/admin/test_email_search.py::test_email_search_requires_admin FAILED [  3%]
tests/admin/test_email_search.py::test_email_search_requires_login FAILED [  3%]
tests/admin/test_email_search.py::test_search_type_defaults_to_email FAILED [  3%]
tests/admin/test_email_search.py::test_search_type_preserves_alias_selection FAILED [  3%]
tests/admin/test_email_search.py::test_mark_abuser_button_displayed FAILED [  3%]
tests/admin/test_email_search.py::test_unmark_abuser_button_displayed FAILED [  4%]
tests/admin/test_email_search.py::test_mark_abuser_success FAILED        [  4%]
tests/admin/test_email_search.py::test_mark_abuser_requires_note FAILED  [  4%]
tests/admin/test_email_search.py::test_unmark_abuser_success FAILED      [  4%]
tests/admin/test_email_search.py::test_unmark_abuser_requires_note FAILED [  4%]
tests/admin/test_email_search.py::test_email_search_shows_custom_domains FAILED [  4%]
tests/admin/test_email_search.py::test_email_search_shows_domain_alias_counts FAILED [  4%]
tests/api/test_alias.py::test_get_aliases_error_without_pagination FAILED [  4%]
tests/api/test_alias.py::test_get_aliases_with_pagination FAILED         [  4%]
tests/api/test_alias.py::test_get_aliases_query FAILED                   [  5%]
tests/api/test_alias.py::test_get_aliases_v2 FAILED                      [  5%]
tests/api/test_alias.py::test_get_pinned_aliases_v2 FAILED               [  5%]
tests/api/test_alias.py::test_get_disabled_aliases_v2 FAILED             [  5%]
tests/api/test_alias.py::test_get_enabled_aliases_v2 FAILED              [  5%]
tests/api/test_alias.py::test_delete_alias FAILED                        [  5%]
tests/api/test_alias.py::test_toggle_alias FAILED                        [  5%]
tests/api/test_alias.py::test_alias_activities FAILED                    [  5%]
tests/api/test_alias.py::test_update_alias FAILED                        [  6%]
tests/api/test_alias.py::test_update_alias_mailbox FAILED                [  6%]
tests/api/test_alias.py::test_update_alias_name FAILED                   [  6%]
tests/api/test_alias.py::test_update_alias_mailboxes FAILED              [  6%]
tests/api/test_alias.py::test_update_disable_pgp FAILED                  [  6%]
tests/api/test_alias.py::test_update_pinned FAILED                       [  6%]
tests/api/test_alias.py::test_alias_contacts FAILED                      [  6%]
tests/api/test_alias.py::test_create_contact_route FAILED                [  6%]
tests/api/test_alias.py::test_create_contact_route_invalid_alias FAILED  [  6%]
tests/api/test_alias.py::test_create_contact_route_non_existing_alias FAILED [  7%]
tests/api/test_alias.py::test_create_contact_route_free_users FAILED     [  7%]
tests/api/test_alias.py::test_create_contact_route_empty_contact_address FAILED [  7%]
tests/api/test_alias.py::test_create_contact_route_invalid_contact_email FAILED [  7%]
tests/api/test_alias.py::test_delete_contact FAILED                      [  7%]
tests/api/test_alias.py::test_get_alias FAILED                           [  7%]
tests/api/test_alias.py::test_is_reverse_alias PASSED                    [  7%]
tests/api/test_alias.py::test_toggle_contact FAILED                      [  7%]
tests/api/test_alias.py::test_get_aliases_disabled_account FAILED        [  8%]
tests/api/test_alias.py::test_get_aliases_does_not_return_trashed_aliases FAILED [  8%]
tests/api/test_alias.py::test_cannot_create_alias_with_admin_disabled_mailbox_via_api FAILED [  8%]
tests/api/test_alias_options.py::test_different_scenarios_v4 FAILED      [  8%]
tests/api/test_alias_options.py::test_different_scenarios_v4_2 FAILED    [  8%]
tests/api/test_alias_options.py::test_different_scenarios_v5 FAILED      [  8%]
tests/api/test_apple.py::test_apple_process_payment SKIPPED (apple s...) [  8%]
tests/api/test_apple.py::test_apple_update_notification FAILED           [  8%]
tests/api/test_auth.py::test_auth_login_success[MFA] FAILED              [  8%]
tests/api/test_auth.py::test_auth_login_success[no MFA] FAILED           [  9%]
tests/api/test_auth.py::test_auth_login_device_exist FAILED              [  9%]
tests/api/test_auth.py::test_auth_register_success FAILED                [  9%]
tests/api/test_auth.py::test_auth_register_too_short_password FAILED     [  9%]
tests/api/test_auth.py::test_auth_register_too_long_password FAILED      [  9%]
tests/api/test_auth.py::test_auth_activate_success FAILED                [  9%]
tests/api/test_auth.py::test_auth_activate_wrong_email FAILED            [  9%]
tests/api/test_auth.py::test_auth_activate_user_already_activated FAILED [  9%]
tests/api/test_auth.py::test_auth_activate_wrong_code FAILED             [  9%]
tests/api/test_auth.py::test_auth_activate_too_many_wrong_code FAILED    [ 10%]
tests/api/test_auth.py::test_auth_reactivate_success FAILED              [ 10%]
tests/api/test_auth.py::test_auth_login_forgot_password FAILED           [ 10%]
tests/api/test_auth_mfa.py::test_auth_mfa_success FAILED                 [ 10%]
tests/api/test_auth_mfa.py::test_auth_wrong_mfa_key FAILED               [ 10%]
tests/api/test_custom_domain.py::test_get_custom_domains FAILED          [ 10%]
tests/api/test_custom_domain.py::test_update_custom_domains FAILED       [ 10%]
tests/api/test_custom_domain.py::test_get_custom_domain_trash FAILED     [ 10%]
tests/api/test_email_log.py::test_email_log_message_id_cap PASSED        [ 11%]
tests/api/test_import_export.py::test_export FAILED                      [ 11%]
tests/api/test_import_export.py::test_import_no_mailboxes_no_domains FAILED [ 11%]
tests/api/test_import_export.py::test_import_no_mailboxes FAILED         [ 11%]
tests/api/test_import_export.py::test_import_no_domains FAILED           [ 11%]
tests/api/test_import_export.py::test_import FAILED                      [ 11%]
tests/api/test_import_export.py::test_import_invalid_mailbox_column FAILED [ 11%]
tests/api/test_mailbox.py::test_create_mailbox_valid FAILED              [ 11%]
tests/api/test_mailbox.py::test_create_mailbox_invalid_email FAILED      [ 11%]
tests/api/test_mailbox.py::test_create_mailbox_empty_payload FAILED      [ 12%]
tests/api/test_mailbox.py::test_create_mailbox_empty_email FAILED        [ 12%]
tests/api/test_mailbox.py::test_create_mailbox_fail_for_free_user FAILED [ 12%]
tests/api/test_mailbox.py::test_delete_mailbox FAILED                    [ 12%]
tests/api/test_mailbox.py::test_delete_default_mailbox FAILED            [ 12%]
tests/api/test_mailbox.py::test_set_mailbox_as_default FAILED            [ 12%]
tests/api/test_mailbox.py::test_update_mailbox_email FAILED              [ 12%]
tests/api/test_mailbox.py::test_cancel_mailbox_email_change FAILED       [ 12%]
tests/api/test_mailbox.py::test_get_mailboxes FAILED                     [ 12%]
tests/api/test_mailbox.py::test_get_mailboxes_v2 FAILED                  [ 13%]
tests/api/test_mailbox.py::test_cannot_update_admin_disabled_mailbox FAILED [ 13%]
tests/api/test_mailbox.py::test_cannot_delete_admin_disabled_mailbox FAILED [ 13%]
tests/api/test_new_custom_alias.py::test_v2 FAILED                       [ 13%]
tests/api/test_new_custom_alias.py::test_minimal_payload FAILED          [ 13%]
tests/api/test_new_custom_alias.py::test_full_payload FAILED             [ 13%]
tests/api/test_new_custom_alias.py::test_custom_domain_alias FAILED      [ 13%]
tests/api/test_new_custom_alias.py::test_wrongly_formatted_payload FAILED [ 13%]
tests/api/test_new_custom_alias.py::test_mailbox_ids_is_not_an_array FAILED [ 14%]
tests/api/test_new_custom_alias.py::test_out_of_quota FAILED             [ 14%]
tests/api/test_new_custom_alias.py::test_cannot_create_alias_in_trash FAILED [ 14%]
tests/api/test_new_custom_alias.py::test_too_many_requests FAILED        [ 14%]
tests/api/test_new_custom_alias.py::test_invalid_alias_2_consecutive_dots FAILED [ 14%]
tests/api/test_new_random_alias.py::test_with_hostname FAILED            [ 14%]
tests/api/test_new_random_alias.py::test_with_custom_domain FAILED       [ 14%]
tests/api/test_new_random_alias.py::test_without_hostname FAILED         [ 14%]
tests/api/test_new_random_alias.py::test_custom_mode FAILED              [ 14%]
tests/api/test_new_random_alias.py::test_out_of_quota FAILED             [ 15%]
tests/api/test_new_random_alias.py::test_too_many_requests FAILED        [ 15%]
tests/api/test_notification.py::test_get_notifications FAILED            [ 15%]
tests/api/test_notification.py::test_mark_notification_as_read FAILED    [ 15%]
tests/api/test_phone.py::test_phone_messages FAILED                      [ 15%]
tests/api/test_phone.py::test_phone_messages_ended_reservation FAILED    [ 15%]
tests/api/test_serializer.py::test_get_alias_infos_with_pagination_v3 PASSED [ 15%]
tests/api/test_serializer.py::test_get_alias_infos_with_pagination_v3_query_alias_email PASSED [ 15%]
tests/api/test_serializer.py::test_get_alias_infos_with_pagination_v3_query_alias_mailbox PASSED [ 16%]
tests/api/test_serializer.py::test_get_alias_infos_with_pagination_v3_query_alias_mailboxes PASSED [ 16%]
tests/api/test_serializer.py::test_get_alias_infos_with_pagination_v3_query_alias_note PASSED [ 16%]
tests/api/test_serializer.py::test_get_alias_infos_with_pagination_v3_query_alias_name PASSED [ 16%]
tests/api/test_serializer.py::test_get_alias_infos_with_pagination_v3_no_duplicate PASSED [ 16%]
tests/api/test_serializer.py::test_get_alias_infos_with_pagination_v3_no_duplicate_when_empty_contact PASSED [ 16%]
tests/api/test_serializer.py::test_get_alias_infos_pinned_alias PASSED   [ 16%]
tests/api/test_serializer.py::test_get_alias_infos_with_no_last_email_log PASSED [ 16%]
tests/api/test_serializer.py::test_get_alias_infos_with_email_log_no_contact PASSED [ 16%]
tests/api/test_serializer.py::test_get_alias_infos_with_pagination_v3_does_not_include_trashed PASSED [ 17%]
tests/api/test_setting.py::test_get_setting FAILED                       [ 17%]
tests/api/test_setting.py::test_update_settings_notification FAILED      [ 17%]
tests/api/test_setting.py::test_update_settings_alias_generator FAILED   [ 17%]
tests/api/test_setting.py::test_update_settings_random_alias_default_domain FAILED [ 17%]
tests/api/test_setting.py::test_update_settings_sender_format FAILED     [ 17%]
tests/api/test_setting.py::test_get_setting_domains FAILED               [ 17%]
tests/api/test_setting.py::test_get_setting_domains_v2 FAILED            [ 17%]
tests/api/test_setting.py::test_update_settings_random_alias_suffix FAILED [ 17%]
tests/api/test_sudo.py::test_enter_sudo_mode FAILED                      [ 18%]
tests/api/test_user.py::test_delete_without_sudo FAILED                  [ 18%]
tests/api/test_user.py::test_delete_with_sudo FAILED                     [ 18%]
tests/api/test_user.py::test_get_cookie_token FAILED                     [ 18%]
tests/api/test_user_info.py::test_user_in_trial FAILED                   [ 18%]
tests/api/test_user_info.py::test_user_linked_to_proton FAILED           [ 18%]
tests/api/test_user_info.py::test_cannot_create_reverse_alias FAILED     [ 18%]
tests/api/test_user_info.py::test_wrong_api_key FAILED                   [ 18%]
tests/api/test_user_info.py::test_create_api_key FAILED                  [ 19%]
tests/api/test_user_info.py::test_logout FAILED                          [ 19%]
tests/api/test_user_info.py::test_change_profile_picture FAILED          [ 19%]
tests/api/test_user_info.py::test_change_name FAILED                     [ 19%]
tests/api/test_user_info.py::test_stats FAILED                           [ 19%]
tests/auth/test_api_to_cookie.py::test_get_cookie FAILED                 [ 19%]
tests/auth/test_api_to_cookie.py::test_get_cookie_does_not_allow_to_change_user FAILED [ 19%]
tests/auth/test_change_email.py::test_change_email FAILED                [ 19%]
tests/auth/test_login.py::test_unactivated_user_login FAILED             [ 19%]
tests/auth/test_login.py::test_non_canonical_login FAILED                [ 20%]
tests/auth/test_login.py::test_canonical_login_with_non_canonical_email FAILED [ 20%]
tests/auth/test_oidc.py::test_oidc_login FAILED                          [ 20%]
tests/auth/test_oidc.py::test_oidc_login_next_url FAILED                 [ 20%]
tests/auth/test_oidc.py::test_oidc_login_no_client_id FAILED             [ 20%]
tests/auth/test_oidc.py::test_oidc_login_no_client_secret FAILED         [ 20%]
tests/auth/test_oidc.py::test_oidc_callback_no_oauth_state FAILED        [ 20%]
tests/auth/test_oidc.py::test_oidc_callback_no_client_id FAILED          [ 20%]
tests/auth/test_oidc.py::test_oidc_callback_no_client_secret FAILED      [ 20%]
tests/auth/test_oidc.py::test_oidc_callback_invalid_user FAILED          [ 21%]
tests/auth/test_oidc.py::test_oidc_callback_no_email FAILED              [ 21%]
tests/auth/test_oidc.py::test_oidc_callback_disabled_registration FAILED [ 21%]
tests/auth/test_oidc.py::test_oidc_callback_registration FAILED          [ 21%]
tests/auth/test_oidc.py::test_oidc_callback_login FAILED                 [ 21%]
tests/auth/test_oidc.py::test_oidc_callback_login_with_next_url FAILED   [ 21%]
tests/auth/test_oidc.py::test_create_user PASSED                         [ 21%]
tests/auth/test_proton.py::test_login_with_proton FAILED                 [ 21%]
tests/auth/test_register.py::test_register_success FAILED                [ 22%]
tests/auth/test_register.py::test_register_increment_nb_new_web_non_proton_user FAILED [ 22%]
tests/auth/test_register.py::test_register_disabled FAILED               [ 22%]
tests/auth/test_register.py::test_register_non_canonical_if_canonical_exists_is_not_allowed FAILED [ 22%]
tests/auth/test_register.py::test_register_non_canonical_is_canonicalized FAILED [ 22%]
tests/auth/test_reset_password.py::test_successful_reset_password FAILED [ 22%]
tests/cron/test_cron.py::test_notify_manual_sub_end PASSED               [ 22%]
tests/cron/test_cron.py::test_cleanup_tokens PASSED                      [ 22%]
tests/cron/test_cron.py::test_cleanup_users PASSED                       [ 22%]
tests/cron/test_get_alias_for_hibp.py::test_get_alias_for_free_user_has_no_alias PASSED [ 23%]
tests/cron/test_get_alias_for_hibp.py::test_get_alias_for_lifetime_with_null_hibp_date PASSED [ 23%]
tests/cron/test_get_alias_for_hibp.py::test_get_alias_for_lifetime_with_old_hibp_date PASSED [ 23%]
tests/cron/test_get_alias_for_hibp.py::test_get_alias_for_sub[<lambda>0] PASSED [ 23%]
tests/cron/test_get_alias_for_hibp.py::test_get_alias_for_sub[<lambda>1] PASSED [ 23%]
tests/cron/test_get_alias_for_hibp.py::test_get_alias_for_sub[<lambda>2] PASSED [ 23%]
tests/cron/test_get_alias_for_hibp.py::test_get_alias_for_sub[<lambda>3] PASSED [ 23%]
tests/cron/test_get_alias_for_hibp.py::test_get_alias_for_sub[create_partner_sub] PASSED [ 23%]
tests/cron/test_get_alias_for_hibp.py::test_disabled_user_is_not_checked PASSED [ 24%]
tests/cron/test_get_alias_for_hibp.py::test_skipped_user_is_not_checked PASSED [ 24%]
tests/cron/test_get_alias_for_hibp.py::test_already_checked_is_not_checked PASSED [ 24%]
tests/cron/test_get_alias_for_hibp.py::test_outed_in_user_is_checked PASSED [ 24%]
tests/cron/test_get_alias_for_hibp.py::test_outed_out_user_is_not_checked PASSED [ 24%]
tests/dashboard/test_alias_contact_manager.py::test_add_contact_success FAILED [ 24%]
tests/dashboard/test_alias_csv_export.py::test_alias_export FAILED       [ 24%]
tests/dashboard/test_alias_transfer.py::test_alias_transfer FAILED       [ 24%]
tests/dashboard/test_api_keys.py::test_api_key_page_requires_password FAILED [ 24%]
tests/dashboard/test_api_keys.py::test_create_delete_api_key FAILED      [ 25%]
tests/dashboard/test_api_keys.py::test_delete_all_api_keys FAILED        [ 25%]
tests/dashboard/test_api_keys.py::test_cleanup_api_keys PASSED           [ 25%]
tests/dashboard/test_coupon.py::test_redeem_coupon_without_subscription FAILED [ 25%]
tests/dashboard/test_coupon.py::test_redeem_lifetime_coupon FAILED       [ 25%]
tests/dashboard/test_custom_alias.py::test_add_alias_success FAILED      [ 25%]
tests/dashboard/test_custom_alias.py::test_add_alias_increment_nb_daily_metric_alias FAILED [ 25%]
tests/dashboard/test_custom_alias.py::test_add_alias_multiple_mailboxes FAILED [ 25%]
tests/dashboard/test_custom_alias.py::test_not_show_unverified_mailbox FAILED [ 25%]
tests/dashboard/test_custom_alias.py::test_verify_prefix_suffix FAILED   [ 26%]
tests/dashboard/test_custom_alias.py::test_available_suffixes FAILED     [ 26%]
tests/dashboard/test_custom_alias.py::test_available_suffixes_default_domain FAILED [ 26%]
tests/dashboard/test_custom_alias.py::test_available_suffixes_random_prefix_generation FAILED [ 26%]
tests/dashboard/test_custom_alias.py::test_available_suffixes_hidden_domain FAILED [ 26%]
tests/dashboard/test_custom_alias.py::test_available_suffixes_domain_order FAILED [ 26%]
tests/dashboard/test_custom_alias.py::test_add_already_existed_alias FAILED [ 26%]
tests/dashboard/test_custom_alias.py::test_add_alias_in_global_trash FAILED [ 26%]
tests/dashboard/test_custom_alias.py::test_add_alias_in_custom_domain_trash FAILED [ 27%]
tests/dashboard/test_custom_alias.py::test_too_many_requests FAILED      [ 27%]
tests/dashboard/test_custom_alias.py::test_cannot_create_alias_with_admin_disabled_mailbox FAILED [ 27%]
tests/dashboard/test_custom_alias.py::test_admin_disabled_mailbox_not_in_form_list FAILED [ 27%]
tests/dashboard/test_custom_domain.py::test_add_domain_success FAILED    [ 27%]
tests/dashboard/test_custom_domain.py::test_add_domain_same_as_user_email FAILED [ 27%]
tests/dashboard/test_custom_domain.py::test_add_domain_used_in_mailbox FAILED [ 27%]
tests/dashboard/test_directory.py::test_create_directory FAILED          [ 27%]
tests/dashboard/test_directory.py::test_create_directory_with_invalid_name FAILED [ 27%]
tests/dashboard/test_directory.py::test_delete_directory FAILED          [ 28%]
tests/dashboard/test_directory.py::test_create_directory_in_trash FAILED [ 28%]
tests/dashboard/test_directory.py::test_create_directory_out_of_quota FAILED [ 28%]
tests/dashboard/test_index.py::test_create_random_alias_success FAILED   [ 28%]
tests/dashboard/test_index.py::test_too_many_requests FAILED             [ 28%]
tests/dashboard/test_index.py::test_can_change_mailbox_when_only_admin_disabled_mailbox_on_alias FAILED [ 28%]
tests/dashboard/test_index.py::test_user_can_switch_alias_from_admin_disabled_to_active_mailbox FAILED [ 28%]
tests/dashboard/test_index.py::test_mailbox_selector_hidden_when_no_admin_disabled_and_only_one_mailbox FAILED [ 28%]
tests/dashboard/test_setting.py::test_setup_done FAILED                  [ 29%]
tests/dashboard/test_setup_done.py::test_setup_done FAILED               [ 29%]
tests/dashboard/test_subdomain.py::test_create_subdomain FAILED          [ 29%]
tests/dashboard/test_subdomain.py::test_delete_subdomain FAILED          [ 29%]
tests/dashboard/test_subdomain.py::test_create_subdomain_in_trash FAILED [ 29%]
tests/dashboard/test_subdomain.py::test_create_subdomain_out_of_quota FAILED [ 29%]
tests/dashboard/test_subdomain.py::test_create_subdomain_invalid FAILED  [ 29%]
tests/dashboard/test_sudo_setting.py::test_setup_done FAILED             [ 29%]
tests/dashboard/test_unsubscribe.py::test_disable_alias FAILED           [ 29%]
tests/dashboard/test_unsubscribe.py::test_block_contact FAILED           [ 30%]
tests/email_tests/test_checks.py::test_can_forward_if_below_limit PASSED [ 30%]
tests/email_tests/test_checks.py::test_can_forward_if_just_limit PASSED  [ 30%]
tests/email_tests/test_checks.py::test_cannot_forward_if_single_list_above_limit PASSED [ 30%]
tests/email_tests/test_checks.py::test_cannot_forward_if_both_lists_above_limit PASSED [ 30%]
tests/email_tests/test_checks.py::test_cannot_forward_if_both_lists_add_up_to_limit PASSED [ 30%]
tests/email_tests/test_rate_limit.py::test_rate_limited_forward_phase_for_alias PASSED [ 30%]
tests/email_tests/test_rate_limit.py::test_rate_limited_forward_phase_for_mailbox PASSED [ 30%]
tests/email_tests/test_rate_limit.py::test_rate_limited_forward_phase PASSED [ 30%]
tests/email_tests/test_rate_limit.py::test_rate_limited_reply_phase PASSED [ 31%]
tests/events/test_dead_letter_event_source.py::test_dead_letter_does_not_take_untaken_events PASSED [ 31%]
tests/events/test_dead_letter_event_source.py::test_dead_letter_takes_untaken_events_created_older_than_threshold PASSED [ 31%]
tests/events/test_dead_letter_event_source.py::test_dead_letter_takes_taken_events_created_older_than_threshold PASSED [ 31%]
tests/events/test_event_dispatcher.py::test_event_dispatcher_stores_events PASSED [ 31%]
tests/events/test_event_dispatcher.py::test_event_dispatcher_does_not_send_event_if_user_not_linked PASSED [ 31%]
tests/events/test_sent_events.py::test_event_taken_updates PASSED        [ 31%]
tests/events/test_sent_events.py::test_event_mark_as_taken_does_nothing_for_taken_events PASSED [ 31%]
tests/events/test_sent_events.py::test_event_mark_as_taken_does_nothing_for_not_before_events PASSED [ 32%]
tests/events/test_sent_events.py::test_event_mark_as_taken_works_for_before_events PASSED [ 32%]
tests/events/test_sent_events.py::test_fire_event_on_alias_creation PASSED [ 32%]
tests/events/test_sent_events.py::test_fire_event_on_alias_creation_with_note PASSED [ 32%]
tests/events/test_sent_events.py::test_fire_event_on_alias_deletion PASSED [ 32%]
tests/events/test_sent_events.py::test_fire_event_on_alias_status_change PASSED [ 32%]
tests/events/test_subscription_webhook.py::test_webhook_with_trial PASSED [ 32%]
tests/events/test_subscription_webhook.py::test_webhook_with_subscription PASSED [ 32%]
tests/events/test_subscription_webhook.py::test_webhook_with_apple_subscription PASSED [ 32%]
tests/events/test_subscription_webhook.py::test_webhook_with_coinbase_subscription PASSED [ 33%]
tests/events/test_subscription_webhook.py::test_webhook_with_manual_subscription PASSED [ 33%]
tests/handler/test_blocked_contact_behaviour.py::test_blocked_contact_behaviour[BlockBehaviourEnum.return_2xx-250 Message accepted for delivery] PASSED [ 33%]
tests/handler/test_blocked_contact_behaviour.py::test_blocked_contact_behaviour[BlockBehaviourEnum.return_5xx-550 SL E502 Email not exist] PASSED [ 33%]
tests/handler/test_blocked_contact_behaviour.py::test_disabled_alias_behaviour[BlockBehaviourEnum.return_2xx-250 Message accepted for delivery] PASSED [ 33%]
tests/handler/test_blocked_contact_behaviour.py::test_disabled_alias_behaviour[BlockBehaviourEnum.return_5xx-550 SL E502 Email not exist] PASSED [ 33%]
tests/handler/test_blocked_contact_behaviour.py::test_admin_disabled_mailbox_behaviour PASSED [ 33%]
tests/handler/test_duplicate_notifications.py::test_no_duplicate_notifications_with_authorized_address PASSED [ 33%]
tests/handler/test_duplicate_notifications.py::test_no_duplicate_notifications_from_mailbox_directly PASSED [ 33%]
tests/handler/test_duplicate_notifications.py::test_multiple_other_mailboxes_get_one_notification_each PASSED [ 34%]
tests/handler/test_encrypt_pgp.py::TestEncryptWithPgp::test_encrypt_with_pgp_legacy PASSED [ 34%]
tests/handler/test_encrypt_pgp.py::TestEncryptWithPgp::test_encrypt_with_pgp_rust PASSED [ 34%]
tests/handler/test_encrypt_pgp.py::TestEncryptWithPgpBoth::test_encrypt_with_pgp[False] PASSED [ 34%]
tests/handler/test_encrypt_pgp.py::TestEncryptWithPgpBoth::test_encrypt_with_pgp[True] PASSED [ 34%]
tests/handler/test_preserved_headers.py::test_original_headers_from_preserved PASSED [ 34%]
tests/handler/test_preserved_headers.py::test_original_headers_from_with_name_preserved PASSED [ 34%]
tests/handler/test_provider_complaints.py::test_provider_to_user[handle_yahoo_complaint-yahoo] PASSED [ 34%]
tests/handler/test_provider_complaints.py::test_provider_to_user[handle_hotmail_complaint-hotmail] PASSED [ 35%]
tests/handler/test_provider_complaints.py::test_provider_forward_phase[handle_yahoo_complaint-yahoo] PASSED [ 35%]
tests/handler/test_provider_complaints.py::test_provider_forward_phase[handle_hotmail_complaint-hotmail] PASSED [ 35%]
tests/handler/test_provider_complaints.py::test_provider_reply_phase[handle_yahoo_complaint-yahoo] PASSED [ 35%]
tests/handler/test_provider_complaints.py::test_provider_reply_phase[handle_hotmail_complaint-hotmail] PASSED [ 35%]
tests/handler/test_reply_to.py::test_multi_reply_to PASSED               [ 35%]
tests/handler/test_spamd_result.py::test_dmarc_result_softfail PASSED    [ 35%]
tests/handler/test_spamd_result.py::test_dmarc_result_quarantine PASSED  [ 35%]
tests/handler/test_spamd_result.py::test_dmarc_result_reject PASSED      [ 35%]
tests/handler/test_spamd_result.py::test_dmarc_result_allow PASSED       [ 36%]
tests/handler/test_spamd_result.py::test_dmarc_result_na PASSED          [ 36%]
tests/handler/test_spamd_result.py::test_dmarc_result_bad_policy PASSED  [ 36%]
tests/handler/test_spamd_result.py::test_parse_rspamd_score PASSED       [ 36%]
tests/handler/test_spamd_result.py::test_cannot_parse_rspamd_score PASSED [ 36%]
tests/handler/test_trashed_alias.py::test_trash_on_forward PASSED        [ 36%]
tests/handler/test_trashed_alias.py::test_trash_on_reply PASSED          [ 36%]
tests/handler/test_unsubscribe_encoder.py::test_legacy_unsub_subject[3=-expected_deco0] PASSED [ 36%]
tests/handler/test_unsubscribe_encoder.py::test_legacy_unsub_subject[438_-expected_deco1] PASSED [ 37%]
tests/handler/test_unsubscribe_encoder.py::test_legacy_unsub_subject[4325*-expected_deco2] PASSED [ 37%]
tests/handler/test_unsubscribe_encoder.py::test_encode_decode_unsub_subject[http://localhost/dashboard/unsubscribe/3-unsub_data0] PASSED [ 37%]
tests/handler/test_unsubscribe_encoder.py::test_encode_decode_unsub_subject[http://localhost/dashboard/block_contact/5-unsub_data1] PASSED [ 37%]
tests/handler/test_unsubscribe_encoder.py::test_encode_legacy_link[http://localhost/dashboard/unsubscribe/3-False-unsub_data0] PASSED [ 37%]
tests/handler/test_unsubscribe_encoder.py::test_encode_legacy_link[mailto:me@nowhere.net?subject=un.WzIsIDld.ONeJMiTW6CosJg4PMR1MPcDs-6GWoTOQFMfA2A-True-unsub_data1] PASSED [ 37%]
tests/handler/test_unsubscribe_encoder.py::test_encode_legacy_link[http://localhost/dashboard/block_contact/8-False-unsub_data2] PASSED [ 37%]
tests/handler/test_unsubscribe_encoder.py::test_encode_legacy_link[mailto:me@nowhere.net?subject=un.WzMsIDhd.eo_Ynk0eNyPtsHXMpTqw7HMFgYmm1Up_wWUc3g-True-unsub_data3] PASSED [ 37%]
tests/handler/test_unsubscribe_encoder.py::test_encode_legacy_link[mailto:me@nowhere.net?subject=un.WzEsIDgzXQ.NZAWqfpCmLEszwc5nWuQwDSLJ3TXO3rcOe_73Q-True-unsub_data4] PASSED [ 37%]
tests/handler/test_unsubscribe_encoder.py::test_encode_legacy_link[http://localhost/dashboard/unsubscribe/encoded?data=un.WzQsIFswLCAxLCAiYUBiLmMiLCAic3ViamVjdCJdXQ.aU3T5XNzJIG4LDm6-pqJk4vxxJxpgVYzc9MEFQ-False-unsub_data5] PASSED [ 38%]
tests/handler/test_unsubscribe_encoder.py::test_encode_legacy_link[mailto:me@nowhere.net?subject=un.WzQsIFswLCAxLCAiYUBiLmMiLCAic3ViamVjdCJdXQ.aU3T5XNzJIG4LDm6-pqJk4vxxJxpgVYzc9MEFQ-True-unsub_data6] PASSED [ 38%]
tests/handler/test_unsubscribe_encoder.py::test_encode_decode_unsub[unsub_data0] PASSED [ 38%]
tests/handler/test_unsubscribe_encoder.py::test_encode_decode_unsub[unsub_data1] PASSED [ 38%]
tests/handler/test_unsubscribe_encoder.py::test_encode_decode_unsub[unsub_data2] PASSED [ 38%]
tests/handler/test_unsubscribe_encoder.py::test_encode_decode_unsub[unsub_data3] PASSED [ 38%]
tests/handler/test_unsubscribe_generator.py::test_unsub_disable_contact[23-1-True-<https://lol.com>, <mailto:somewhere@not.net>-<mailto:unsub@sl.com?subject=un.WzMsIDFd.g4t10aFq3PvWTd7fwV9etpUQZexTaSSRRs14DA>] PASSED [ 38%]
tests/handler/test_unsubscribe_generator.py::test_unsub_disable_contact[23-1-False-<https://lol.com>, <mailto:somewhere@not.net>-<http://localhost/dashboard/block_contact/1>] PASSED [ 38%]
tests/handler/test_unsubscribe_generator.py::test_unsub_disable_contact[23-1-False-None-<http://localhost/dashboard/block_contact/1>] PASSED [ 38%]
tests/handler/test_unsubscribe_generator.py::test_unsub_disable_alias[25-2-True-<https://lol.com>, <mailto:somewhere@not.net>-<mailto:unsub@sl.com?subject=un.WzIsIDI1XQ.p0DR-nn3AKs5gK20Ir5Qq_XqddDzlQMac2LRWw>] PASSED [ 39%]
tests/handler/test_unsubscribe_generator.py::test_unsub_disable_alias[25-2-False-<https://lol.com>, <mailto:somewhere@not.net>-<http://localhost/dashboard/unsubscribe/25>] PASSED [ 39%]
tests/handler/test_unsubscribe_generator.py::test_unsub_disable_alias[25-2-False-None-<http://localhost/dashboard/unsubscribe/25>] PASSED [ 39%]
tests/handler/test_unsubscribe_generator.py::test_unsub_preserve_original[27-3-True-<https://lol.com>, <mailto:somewhere@not.net>-<https://lol.com>] PASSED [ 39%]
tests/handler/test_unsubscribe_generator.py::test_unsub_preserve_original[27-3-False-<https://lol.com>, <mailto:somewhere@not.net>-<https://lol.com>] PASSED [ 39%]
tests/handler/test_unsubscribe_generator.py::test_unsub_preserve_original[27-3-True-<mailto:test@test.com?subject=hello>-<mailto:unsub@sl.com?subject=un.WzQsIFswLCAyNywgInRlc3RAdGVzdC5jb20iLCAiaGVsbG8iXV0.13wVv3S9kfYw3rTPEL9MTD2Du-Ob_KEstWm2hA>] PASSED [ 39%]
tests/handler/test_unsubscribe_generator.py::test_unsub_preserve_original[27-3-False-<mailto:test@test.com?subject=hello>-<http://localhost/dashboard/unsubscribe/encoded?data=un.WzQsIFswLCAyNywgInRlc3RAdGVzdC5jb20iLCAiaGVsbG8iXV0.13wVv3S9kfYw3rTPEL9MTD2Du-Ob_KEstWm2hA>] PASSED [ 39%]
tests/handler/test_unsubscribe_generator.py::test_unsub_preserve_original[27-3-True-None-None] PASSED [ 39%]
tests/handler/test_unsubscribe_generator.py::test_unsub_preserve_original[27-3-False-None-None] PASSED [ 40%]
tests/handler/test_unsubscribe_generator.py::test_unsub_preserves_sl_unsubscriber PASSED [ 40%]
tests/handler/test_unsubscribe_generator.py::test_unsub_preserves_nothing_if_there_is_no_original_unsub PASSED [ 40%]
tests/handler/test_unsubscribe_generator.py::test_unsub_preserves_original PASSED [ 40%]
tests/handler/test_unsubscribe_handler.py::test_old_subject_disable_alias PASSED [ 40%]
tests/handler/test_unsubscribe_handler.py::test_old_subject_block_contact PASSED [ 40%]
tests/handler/test_unsubscribe_handler.py::test_old_subject_disable_newsletter PASSED [ 40%]
tests/handler/test_unsubscribe_handler.py::test_new_subject_disable_alias PASSED [ 40%]
tests/handler/test_unsubscribe_handler.py::test_new_subject_block_contact PASSED [ 40%]
tests/handler/test_unsubscribe_handler.py::test_new_subject_disable_newsletter PASSED [ 41%]
tests/handler/test_unsubscribe_handler.py::test_new_subject_original_unsub PASSED [ 41%]
tests/handler/test_unsubscribe_handler.py::test_request_disable_alias FAILED [ 41%]
tests/handler/test_unsubscribe_handler.py::test_request_disable_contact FAILED [ 41%]
tests/handler/test_unsubscribe_handler.py::test_request_disable_newsletter FAILED [ 41%]
tests/handler/test_unsubscribe_handler.py::test_request_original_unsub FAILED [ 41%]
tests/jobs/test_delete_mailbox_job.py::test_delete_mailbox_transfer_mailbox_primary PASSED [ 41%]
tests/jobs/test_delete_mailbox_job.py::test_delete_mailbox_no_email PASSED [ 41%]
tests/jobs/test_delete_mailbox_job.py::test_delete_mailbox_transfer_mailbox_in_list PASSED [ 41%]
tests/jobs/test_delete_mailbox_job.py::test_delete_mailbox_no_transfer PASSED [ 42%]
tests/jobs/test_export_user_data_job.py::test_model_retrieval_and_serialization PASSED [ 42%]
tests/jobs/test_export_user_data_job.py::test_model_retrieval_pagination PASSED [ 42%]
tests/jobs/test_export_user_data_job.py::test_send_report PASSED         [ 42%]
tests/jobs/test_export_user_data_job.py::test_store_and_retrieve PASSED  [ 42%]
tests/jobs/test_export_user_data_job.py::test_double_store_fails PASSED  [ 42%]
tests/jobs/test_job_runner.py::test_get_jobs_to_run PASSED               [ 42%]
tests/jobs/test_job_runner.py::test_get_jobs_to_run_respects_priority PASSED [ 42%]
tests/jobs/test_send_alias_creation_events.py::test_send_alias_creation_events PASSED [ 43%]
tests/jobs/test_send_event_to_webhook.py::test_serialize_and_deserialize_job PASSED [ 43%]
tests/jobs/test_send_event_to_webhook.py::test_send_event_to_webhook PASSED [ 43%]
tests/jobs/test_send_proton_welcome.py::test_send_welcome_proton_email PASSED [ 43%]
tests/jobs/test_sync_subscription_job.py::test_serialize_and_deserialize_job PASSED [ 43%]
tests/jobs/test_sync_subscription_job.py::test_send_event_to_webhook_free PASSED [ 43%]
tests/jobs/test_sync_subscription_job.py::test_send_event_to_webhook_lifetime PASSED [ 43%]
tests/models/test_alias.py::test_duplicated_mailbox_is_returned_only_once PASSED [ 43%]
tests/models/test_alias.py::test_alias_create_from_partner_flags_also_the_user PASSED [ 43%]
tests/models/test_alias.py::test_alias_create_from_partner_domain_flags_the_alias PASSED [ 44%]
tests/models/test_mailbox.py::test_is_proton_with_email_domain PASSED    [ 44%]
tests/models/test_mailbox.py::test_is_proton_with_mx_domain PASSED       [ 44%]
tests/models/test_partner_api_token.py::test_generate_partner_api_token PASSED [ 44%]
tests/models/test_partner_subscription.py::test_generate_partner_subscription PASSED [ 44%]
tests/models/test_partner_subscription.py::test_partner_subscription_for_not_partner_subscription_user PASSED [ 44%]
tests/models/test_user.py::test_create_from_partner PASSED               [ 44%]
tests/models/test_user.py::test_user_created_by_partner PASSED           [ 44%]
tests/models/test_user.py::test_user_is_premium PASSED                   [ 45%]
tests/models/test_user.py::test_user_can_create_alias_does_not_count_trashed_ones PASSED [ 45%]
tests/monitor/test_upcloud_get_metric.py::test_get_metrics PASSED        [ 45%]
tests/monitor/test_upcloud_get_metric.py::test_get_metric PASSED         [ 45%]
tests/monitor/test_upcloud_get_metric.py::test_get_metric_with_none_value PASSED [ 45%]
tests/monitor/test_upcloud_get_metric.py::test_get_metric_with_none_value_in_last_two_positions PASSED [ 45%]
tests/oauth/test_authorize.py::test_get_host_name_and_scheme PASSED      [ 45%]
tests/oauth/test_authorize.py::test_generate_access_token PASSED         [ 45%]
tests/oauth/test_authorize.py::test_construct_url PASSED                 [ 45%]
tests/oauth/test_authorize.py::test_authorize_page_non_login_user FAILED [ 46%]
tests/oauth/test_authorize.py::test_authorize_page_login_user_non_supported_flow FAILED [ 46%]
tests/oauth/test_authorize.py::test_authorize_page_login_user FAILED     [ 46%]
tests/oauth/test_authorize.py::test_authorize_code_flow_no_openid_scope FAILED [ 46%]
tests/oauth/test_authorize.py::test_authorize_code_flow_with_openid_scope FAILED [ 46%]
tests/oauth/test_authorize.py::test_authorize_token_flow FAILED          [ 46%]
tests/oauth/test_authorize.py::test_authorize_id_token_flow FAILED       [ 46%]
tests/oauth/test_authorize.py::test_authorize_token_id_token_flow FAILED [ 46%]
tests/oauth/test_authorize.py::test_authorize_code_id_token_flow FAILED  [ 46%]
tests/oauth/test_authorize.py::test_authorize_page_invalid_client_id FAILED [ 47%]
tests/oauth/test_authorize.py::test_authorize_page_http_not_allowed FAILED [ 47%]
tests/oauth/test_authorize.py::test_authorize_page_unknown_redirect_uri FAILED [ 47%]
tests/proton/test_account_linking.py::test_free_plan_removes_sub PASSED  [ 47%]
tests/proton/test_account_linking.py::test_premium_plan_updates_expiration PASSED [ 47%]
tests/proton/test_account_linking.py::test_premium_plan_creates_sub PASSED [ 47%]
tests/proton/test_account_linking.py::test_lifetime_creates_sub PASSED   [ 47%]
tests/proton/test_account_linking.py::test_lifetime_updates_sub PASSED   [ 47%]
tests/proton/test_proton_callback_handler.py::test_proton_callback_handler_unexistant_sl_user PASSED [ 48%]
tests/proton/test_proton_callback_handler.py::test_proton_callback_handler_existing_sl_user PASSED [ 48%]
tests/proton/test_proton_callback_handler.py::test_proton_callback_handler_linked_sl_user PASSED [ 48%]
tests/proton/test_proton_callback_handler.py::test_proton_callback_handler_none_user_login PASSED [ 48%]
tests/proton/test_proton_callback_handler.py::test_proton_callback_handler_none_user_link PASSED [ 48%]
tests/proton/test_proton_client.py::test_convert_access_token_valid PASSED [ 48%]
tests/proton/test_proton_client.py::test_convert_access_token_not_containing_pt PASSED [ 48%]
tests/proton/test_proton_client.py::test_convert_access_token_not_containing_invalid_length PASSED [ 48%]
tests/proton/test_proton_client.py::test_handle_response_not_ok_account_not_verified PASSED [ 48%]
tests/proton/test_proton_client.py::test_handle_response_unprocessable_entity_not_account_not_verified PASSED [ 49%]
tests/proton/test_proton_client.py::test_handle_response_not_ok_unknown_error PASSED [ 49%]
tests/tasks/test_check_custom_domain.py::test_check_custom_domain_deletes_old_domains PASSED [ 49%]
tests/tasks/test_cleanup_alias.py::test_cleanup_alias PASSED             [ 49%]
tests/tasks/test_cleanup_expired_oauth_tokens.py::test_cleanup_expired_oauth_tokens PASSED [ 49%]
tests/tasks/test_cleanup_expired_oauth_tokens.py::test_cleanup_expired_oauth_tokens_multiple PASSED [ 49%]
tests/tasks/test_cleanup_expired_oauth_tokens.py::test_cleanup_expired_oauth_tokens_empty PASSED [ 49%]
tests/tasks/test_cleanup_expired_oauth_tokens.py::test_cleanup_expired_oauth_tokens_multiple_clients PASSED [ 49%]
tests/tasks/test_cleanup_old_imports.py::test_cleanup_old_imports PASSED [ 50%]
tests/tasks/test_cleanup_old_jobs.py::test_cleanup_old_jobs PASSED       [ 50%]
tests/tasks/test_cleanup_old_notifications.py::test_cleanup_old_notifications PASSED [ 50%]
tests/tasks/test_delete_custom_domain_job.py::test_delete_custom_domain_removes_aliases PASSED [ 50%]
tests/test_abuser_audit_log_utils.py::test_emit_abuser_audit_log_for_random_data PASSED [ 50%]
tests/test_abuser_utils.py::test_blocked_address_is_denied PASSED        [ 50%]
tests/test_abuser_utils.py::test_non_blocked_address_is_allowed PASSED   [ 50%]
tests/test_abuser_utils.py::test_archive_basic_user PASSED               [ 50%]
tests/test_abuser_utils.py::test_archive_user_with_no_aliases_or_mailboxes PASSED [ 50%]
tests/test_abuser_utils.py::test_duplicate_addresses_do_not_create_duplicate_lookups PASSED [ 51%]
tests/test_abuser_utils.py::test_invalid_user_or_identifier_fails_gracefully PASSED [ 51%]
tests/test_abuser_utils.py::test_can_decrypt_bundle_for_all_valid_identifiers PASSED [ 51%]
tests/test_abuser_utils.py::test_db_rollback_on_error PASSED             [ 51%]
tests/test_abuser_utils.py::test_unarchive_abusive_user_removes_data PASSED [ 51%]
tests/test_abuser_utils.py::test_unarchive_idempotent_on_missing_data PASSED [ 51%]
tests/test_abuser_utils.py::test_abuser_data_deletion_cascades_to_lookup PASSED [ 51%]
tests/test_abuser_utils.py::test_archive_then_unarchive_then_rearchive_is_consistent PASSED [ 51%]
tests/test_abuser_utils.py::test_get_abuser_bundles_returns_bundle_for_primary_email PASSED [ 51%]
tests/test_abuser_utils.py::test_get_abuser_bundles_no_match_returns_empty PASSED [ 52%]
tests/test_abuser_utils.py::test_get_abuser_bundles_from_alias_address PASSED [ 52%]
tests/test_abuser_utils.py::test_get_abuser_bundles_from_mailbox_address PASSED [ 52%]
tests/test_abuser_utils.py::test_get_abuser_bundles_with_corrupt_encrypted_k_bundle_is_skipped PASSED [ 52%]
tests/test_abuser_utils.py::test_get_abuser_bundles_with_corrupt_main_bundle_is_skipped PASSED [ 52%]
tests/test_abuser_utils.py::test_archive_and_fetch_flow_end_to_end PASSED [ 52%]
tests/test_account_linking.py::test_get_strategy_unexistant_sl_user PASSED [ 52%]
tests/test_account_linking.py::test_login_case_from_partner PASSED       [ 52%]
tests/test_account_linking.py::test_login_case_from_partner_with_uppercase_email PASSED [ 53%]
tests/test_account_linking.py::test_do_not_allow_to_link_invalid_emails PASSED [ 53%]
tests/test_account_linking.py::test_login_case_from_web PASSED           [ 53%]
tests/test_account_linking.py::test_new_user_strategy_create_missing_link PASSED [ 53%]
tests/test_account_linking.py::test_get_strategy_existing_sl_user PASSED [ 53%]
tests/test_account_linking.py::test_get_strategy_existing_sl_user_with_uppercase_email PASSED [ 53%]
tests/test_account_linking.py::test_get_strategy_existing_sl_user_linked_with_different_proton_account PASSED [ 53%]
tests/test_account_linking.py::test_link_account_with_proton_account_same_address PASSED [ 53%]
tests/test_account_linking.py::test_link_account_with_proton_account_different_address PASSED [ 53%]
tests/test_account_linking.py::test_link_account_with_proton_account_same_address_but_linked_to_other_user PASSED [ 54%]
tests/test_account_linking.py::test_link_account_with_proton_account_different_address_and_linked_to_other_user PASSED [ 54%]
tests/test_account_linking.py::test_cannot_create_instance_of_base_strategy PASSED [ 54%]
tests/test_account_linking.py::test_ensure_partner_user_exists_for_user_raises_exception_when_linked_to_another_partner PASSED [ 54%]
tests/test_account_linking.py::test_link_account_with_uppercase PASSED   [ 54%]
tests/test_account_linking.py::test_login_to_account_with_canonical_email PASSED [ 54%]
tests/test_account_linking.py::test_login_to_account_with_canonical_email_if_there_is_also_non_canonical PASSED [ 54%]
tests/test_account_linking.py::test_login_creates_account_with_canonical_email PASSED [ 54%]
tests/test_alias_audit_log_utils.py::test_emit_alias_audit_log_for_random_data PASSED [ 54%]
tests/test_alias_audit_log_utils.py::test_emit_alias_audit_log_on_alias_creation PASSED [ 55%]
tests/test_alias_audit_log_utils.py::test_alias_audit_log_exists_after_alias_deletion PASSED [ 55%]
tests/test_alias_audit_log_utils.py::test_alias_audit_log_for_transfer PASSED [ 55%]
tests/test_alias_delete.py::test_delete_alias_twice_performs_alias_deletion PASSED [ 55%]
tests/test_alias_delete.py::test_delete_alias_with_user_action_set_to_delete PASSED [ 55%]
tests/test_alias_delete.py::test_perform_alias_deletion PASSED           [ 55%]
tests/test_alias_delete.py::test_alias_custom_domain_perform_deletion_moves_to_domain_deleted_alias PASSED [ 55%]
tests/test_alias_delete.py::test_move_alias_to_trash PASSED              [ 55%]
tests/test_alias_delete.py::test_move_alias_custom_domain_to_trash_to_domain_deleted_alias PASSED [ 56%]
tests/test_alias_delete.py::test_delete_mailbox_deletes_alias_with_user_setting[UserAliasDeleteAction.DeleteImmediately] PASSED [ 56%]
tests/test_alias_delete.py::test_delete_mailbox_deletes_alias_with_user_setting[UserAliasDeleteAction.MoveToTrash] PASSED [ 56%]
tests/test_alias_delete.py::test_restore_one_alias PASSED                [ 56%]
tests/test_alias_delete.py::test_restore_all_alias PASSED                [ 56%]
tests/test_alias_delete.py::test_clear_trash PASSED                      [ 56%]
tests/test_alias_delete.py::test_cannot_restore_single_alias_if_over_quota PASSED [ 56%]
tests/test_alias_delete.py::test_can_restore_single_alias_just_to_quota PASSED [ 56%]
tests/test_alias_delete.py::test_cannot_restore_many_aliases_over_quota PASSED [ 56%]
tests/test_alias_delete.py::test_can_restore_many_aliases_just_to_quota PASSED [ 57%]
tests/test_alias_mailbox_utils.py::test_set_mailboxes_for_alias_empty_list PASSED [ 57%]
tests/test_alias_mailbox_utils.py::test_set_mailboxes_for_alias_mailbox_for_other_user PASSED [ 57%]
tests/test_alias_mailbox_utils.py::test_set_mailboxes_for_alias_mailbox_not_exists PASSED [ 57%]
tests/test_alias_mailbox_utils.py::test_set_mailboxes_for_alias_mailbox_success PASSED [ 57%]
tests/test_alias_suffixes.py::test_get_default_domain_even_if_is_not_allowed PASSED [ 57%]
tests/test_alias_suffixes.py::test_get_default_domain_hidden PASSED      [ 57%]
tests/test_alias_suffixes.py::test_get_default_domain_is_premium_for_free_user PASSED [ 57%]
tests/test_alias_suffixes.py::test_suffixes_are_valid PASSED             [ 58%]
tests/test_alias_suffixes.py::test_get_default_domain_is_only_shown_once PASSED [ 58%]
tests/test_alias_utils.py::test_delete_alias PASSED                      [ 58%]
tests/test_alias_utils.py::test_delete_alias_already_in_trash PASSED     [ 58%]
tests/test_alias_utils.py::test_check_alias_prefix PASSED                [ 58%]
tests/test_alias_utils.py::test_get_user_if_alias_would_auto_create PASSED [ 58%]
tests/test_alias_utils.py::test_auto_create_alias PASSED                 [ 58%]
tests/test_alias_utils.py::test_auto_create_alias_applies_rule_display_name PASSED [ 58%]
tests/test_alias_utils.py::test_get_alias_recipient_name_no_overrides PASSED [ 58%]
tests/test_alias_utils.py::test_get_alias_recipient_name_alias_name PASSED [ 59%]
tests/test_alias_utils.py::test_get_alias_recipient_alias_with_name_and_custom_domain_name PASSED [ 59%]
tests/test_alias_utils.py::test_get_alias_recipient_alias_without_name_and_custom_domain_without_name PASSED [ 59%]
tests/test_alias_utils.py::test_get_alias_recipient_alias_without_name_and_custom_domain_name PASSED [ 59%]
tests/test_config.py::test_sl_getenv PASSED                              [ 59%]
tests/test_contact_utils.py::test_create_contact[name-a@b.c-True-True] PASSED [ 59%]
tests/test_contact_utils.py::test_create_contact[None-None-True-True] PASSED [ 59%]
tests/test_contact_utils.py::test_create_contact[None-None-False-True] PASSED [ 59%]
tests/test_contact_utils.py::test_create_contact[None-None-True-False] PASSED [ 59%]
tests/test_contact_utils.py::test_create_contact[None-None-False-False] PASSED [ 60%]
tests/test_contact_utils.py::test_create_contact_email_email_not_allowed PASSED [ 60%]
tests/test_contact_utils.py::test_create_contact_email_email_allowed PASSED [ 60%]
tests/test_contact_utils.py::test_create_contact_name_overrides_email_name PASSED [ 60%]
tests/test_contact_utils.py::test_create_contact_name_taken_from_email PASSED [ 60%]
tests/test_contact_utils.py::test_create_contact_empty_name_is_none PASSED [ 60%]
tests/test_contact_utils.py::test_create_contact_free_user PASSED        [ 60%]
tests/test_contact_utils.py::test_do_not_allow_invalid_email PASSED      [ 60%]
tests/test_contact_utils.py::test_update_name_for_existing PASSED        [ 61%]
tests/test_contact_utils.py::test_update_mail_from_for_existing PASSED   [ 61%]
tests/test_contact_utils.py::test_toggle_contact_block PASSED            [ 61%]
tests/test_contact_utils.py::test_create_contact_with_reply_email PASSED [ 61%]
tests/test_coupon_utils.py::test_use_coupon PASSED                       [ 61%]
tests/test_coupon_utils.py::test_use_coupon_extend_manual_sub PASSED     [ 61%]
tests/test_coupon_utils.py::test_use_coupon_extend_expired_manual_sub PASSED [ 61%]
tests/test_coupon_utils.py::test_coupon_with_subscription PASSED         [ 61%]
tests/test_coupon_utils.py::test_webhook_with_apple_subscription PASSED  [ 61%]
tests/test_coupon_utils.py::test_webhook_with_coinbase_subscription PASSED [ 62%]
tests/test_coupon_utils.py::test_expired_coupon PASSED                   [ 62%]
tests/test_coupon_utils.py::test_used_coupon PASSED                      [ 62%]
tests/test_coupon_utils.py::test_lifetime_coupon PASSED                  [ 62%]
tests/test_coupon_utils.py::test_lifetime_paid_coupon PASSED             [ 62%]
tests/test_coupon_utils.py::test_used_lifetime_coupon PASSED             [ 62%]
tests/test_coupon_utils.py::test_used_lifetime_coupon_with_lifetime_user PASSED [ 62%]
tests/test_coupon_utils.py::test_used_lifetime_coupon_with_lifetime_partner PASSED [ 62%]
tests/test_coupon_utils.py::test_used_lifetime_coupon_with_partner_sub PASSED [ 62%]
tests/test_custom_domain_utils.py::test_is_valid_domain PASSED           [ 63%]
tests/test_custom_domain_utils.py::test_can_domain_be_used PASSED        [ 63%]
tests/test_custom_domain_utils.py::test_can_domain_be_used_existing_domain PASSED [ 63%]
tests/test_custom_domain_utils.py::test_can_domain_be_used_sl_domain PASSED [ 63%]
tests/test_custom_domain_utils.py::test_can_domain_be_used_domain_of_user_email PASSED [ 63%]
tests/test_custom_domain_utils.py::test_can_domain_be_used_domain_of_existing_mailbox PASSED [ 63%]
tests/test_custom_domain_utils.py::test_can_domain_be_used_invalid_domain PASSED [ 63%]
tests/test_custom_domain_utils.py::test_can_sanitize_domain_empty PASSED [ 63%]
tests/test_custom_domain_utils.py::test_can_sanitize_domain_starting_with_http PASSED [ 64%]
tests/test_custom_domain_utils.py::test_can_sanitize_domain_starting_with_https PASSED [ 64%]
tests/test_custom_domain_utils.py::test_can_sanitize_domain_correct_domain PASSED [ 64%]
tests/test_custom_domain_utils.py::test_can_create_custom_domain PASSED  [ 64%]
tests/test_custom_domain_utils.py::test_can_create_custom_domain_validates_if_parent_is_validated PASSED [ 64%]
tests/test_custom_domain_utils.py::test_creates_custom_domain_with_partner_id PASSED [ 64%]
tests/test_custom_domain_utils.py::test_set_custom_domain_mailboxes_empty_list PASSED [ 64%]
tests/test_custom_domain_utils.py::test_set_custom_domain_mailboxes_mailbox_from_another_user PASSED [ 64%]
tests/test_custom_domain_utils.py::test_set_custom_domain_mailboxes_mailbox_from_current_user_and_another_user PASSED [ 64%]
tests/test_custom_domain_utils.py::test_set_custom_domain_mailboxes_success PASSED [ 65%]
tests/test_custom_domain_utils.py::test_set_custom_domain_mailboxes_set_twice PASSED [ 65%]
tests/test_custom_domain_utils.py::test_set_custom_domain_mailboxes_removes_old_association PASSED [ 65%]
tests/test_custom_domain_utils.py::test_set_custom_domain_mailboxes_with_unverified_mailbox PASSED [ 65%]
tests/test_custom_domain_utils.py::test_custom_domain_alias_count PASSED [ 65%]
tests/test_custom_domain_validation.py::test_custom_domain_validation_get_dkim_records PASSED [ 65%]
tests/test_custom_domain_validation.py::test_custom_domain_validation_get_dkim_records_for_partner PASSED [ 65%]
tests/test_custom_domain_validation.py::test_custom_domain_validation_get_expected_mx_records_regular_domain PASSED [ 65%]
tests/test_custom_domain_validation.py::test_custom_domain_validation_get_expected_mx_records_domain_from_partner PASSED [ 66%]
tests/test_custom_domain_validation.py::test_custom_domain_validation_get_expected_mx_records_domain_from_partner_with_custom_config PASSED [ 66%]
tests/test_custom_domain_validation.py::test_custom_domain_validation_get_expected_spf_record_regular_domain PASSED [ 66%]
tests/test_custom_domain_validation.py::test_custom_domain_validation_get_expected_spf_record_domain_from_partner PASSED [ 66%]
tests/test_custom_domain_validation.py::test_custom_domain_validation_get_expected_spf_record_domain_from_partner_with_custom_config PASSED [ 66%]
tests/test_custom_domain_validation.py::test_custom_domain_validation_validate_dkim_records_empty_records_failure PASSED [ 66%]
tests/test_custom_domain_validation.py::test_custom_domain_validation_validate_dkim_records_wrong_records_failure PASSED [ 66%]
tests/test_custom_domain_validation.py::test_custom_domain_validation_validate_dkim_records_success_with_old_system PASSED [ 66%]
tests/test_custom_domain_validation.py::test_custom_domain_validation_validate_dkim_records_success PASSED [ 66%]
tests/test_custom_domain_validation.py::test_custom_domain_validation_validate_ownership_empty_records_failure PASSED [ 67%]
tests/test_custom_domain_validation.py::test_custom_domain_validation_validate_ownership_wrong_records_failure PASSED [ 67%]
tests/test_custom_domain_validation.py::test_custom_domain_validation_validate_ownership_success PASSED [ 67%]
tests/test_custom_domain_validation.py::test_custom_domain_validation_validate_ownership_from_partner_success PASSED [ 67%]
tests/test_custom_domain_validation.py::test_custom_domain_validation_validate_mx_records_empty_failure PASSED [ 67%]
tests/test_custom_domain_validation.py::test_custom_domain_validation_validate_mx_records_wrong_records_failure PASSED [ 67%]
tests/test_custom_domain_validation.py::test_custom_domain_validation_validate_mx_records_success PASSED [ 67%]
tests/test_custom_domain_validation.py::test_custom_domain_validation_validate_spf_records_empty_failure PASSED [ 67%]
tests/test_custom_domain_validation.py::test_custom_domain_validation_validate_spf_records_wrong_records_failure PASSED [ 67%]
tests/test_custom_domain_validation.py::test_custom_domain_validation_validate_spf_records_success PASSED [ 68%]
tests/test_custom_domain_validation.py::test_custom_domain_validation_validate_spf_records_partner_domain_success PASSED [ 68%]
tests/test_custom_domain_validation.py::test_custom_domain_validation_validate_spf_cleans_verification_record PASSED [ 68%]
tests/test_custom_domain_validation.py::test_custom_domain_validation_validate_dmarc_records_empty_failure PASSED [ 68%]
tests/test_custom_domain_validation.py::test_custom_domain_validation_validate_dmarc_records_wrong_records_failure PASSED [ 68%]
tests/test_custom_domain_validation.py::test_custom_domain_validation_validate_dmarc_records_success PASSED [ 68%]
tests/test_dns_utils.py::test_get_mx_domains PASSED                      [ 68%]
tests/test_dns_utils.py::test_get_spf_domain PASSED                      [ 68%]
tests/test_dns_utils.py::test_get_txt_record PASSED                      [ 69%]
tests/test_dns_utils.py::test_is_mx_equivalent PASSED                    [ 69%]
tests/test_dns_utils.py::test_get_spf_record PASSED                      [ 69%]
tests/test_domains.py::test_get_non_partner_domains PASSED               [ 69%]
tests/test_domains.py::test_get_free_with_partner_domains PASSED         [ 69%]
tests/test_domains.py::test_get_premium_with_partner_domains PASSED      [ 69%]
tests/test_domains.py::test_get_partner_and_free_default_domain PASSED   [ 69%]
tests/test_domains.py::test_get_free_partner_and_premium_default_domain PASSED [ 69%]
tests/test_domains.py::test_get_free_partner_and_hidden_default_domain PASSED [ 69%]
tests/test_domains.py::test_get_free_partner_and_premium_partner PASSED  [ 70%]
tests/test_email_handler.py::test_should_ignore PASSED                   [ 70%]
tests/test_email_handler.py::test_is_automatic_out_of_office PASSED      [ 70%]
tests/test_email_handler.py::test_dmarc_forward_quarantine PASSED        [ 70%]
tests/test_email_handler.py::test_gmail_dmarc_softfail PASSED            [ 70%]
tests/test_email_handler.py::test_prevent_5xx_from_spf PASSED            [ 70%]
tests/test_email_handler.py::test_preserve_5xx_with_valid_spf PASSED     [ 70%]
tests/test_email_handler.py::test_preserve_5xx_with_no_header PASSED     [ 70%]
tests/test_email_handler.py::test_dmarc_reply_quarantine[DMARC_POLICY_QUARANTINE] PASSED [ 70%]
tests/test_email_handler.py::test_dmarc_reply_quarantine[DMARC_POLICY_REJECT] PASSED [ 71%]
tests/test_email_handler.py::test_dmarc_reply_quarantine[DMARC_POLICY_SOFTFAIL] PASSED [ 71%]
tests/test_email_handler.py::test_add_alias_to_header_if_needed PASSED   [ 71%]
tests/test_email_handler.py::test_append_alias_to_header_if_needed_existing_to PASSED [ 71%]
tests/test_email_handler.py::test_avoid_add_to_header_already_present PASSED [ 71%]
tests/test_email_handler.py::test_avoid_add_to_header_already_present_in_cc PASSED [ 71%]
tests/test_email_handler.py::test_email_sent_to_noreply PASSED           [ 71%]
tests/test_email_handler.py::test_email_sent_to_noreplies PASSED         [ 71%]
tests/test_email_handler.py::test_references_header PASSED               [ 72%]
tests/test_email_handler.py::test_replace_contacts_and_user_in_reply_phase PASSED [ 72%]
tests/test_email_handler.py::test_send_email_from_non_canonical_address_on_reply PASSED [ 72%]
tests/test_email_handler.py::test_send_email_from_non_canonical_matches_already_existing_user PASSED [ 72%]
tests/test_email_handler.py::test_break_loop_alias_as_mailbox PASSED     [ 72%]
tests/test_email_handler.py::test_preserve_headers PASSED                [ 72%]
tests/test_email_handler.py::test_not_send_to_pending_to_delete_users PASSED [ 72%]
tests/test_email_utils.py::test_get_email_domain_part PASSED             [ 72%]
tests/test_email_utils.py::test_email_belongs_to_alias_domains PASSED    [ 72%]
tests/test_email_utils.py::test_cannot_be_used_as_personal_email PASSED  [ 73%]
tests/test_email_utils.py::test_disabled_user_prevents_email_from_being_used_as_mailbox PASSED [ 73%]
tests/test_email_utils.py::test_disabled_user_with_secondary_mailbox_prevents_email_from_being_used_as_mailbox PASSED [ 73%]
tests/test_email_utils.py::test_mx_invalid_ip PASSED                     [ 73%]
tests/test_email_utils.py::test_delete_header PASSED                     [ 73%]
tests/test_email_utils.py::test_add_or_replace_header PASSED             [ 73%]
tests/test_email_utils.py::test_parse_full_address PASSED                [ 73%]
tests/test_email_utils.py::test_send_email_with_rate_control PASSED      [ 73%]
tests/test_email_utils.py::test_get_spam_from_header PASSED              [ 74%]
tests/test_email_utils.py::test_get_header_from_bounce PASSED            [ 74%]
tests/test_email_utils.py::test_is_valid_email PASSED                    [ 74%]
tests/test_email_utils.py::test_add_subject_prefix PASSED                [ 74%]
tests/test_email_utils.py::test_add_subject_prefix_with_no_header PASSED [ 74%]
tests/test_email_utils.py::test_add_header_plain_text PASSED             [ 74%]
tests/test_email_utils.py::test_add_header_html PASSED                   [ 74%]
tests/test_email_utils.py::test_add_header_multipart_alternative PASSED  [ 74%]
tests/test_email_utils.py::test_replace_no_encoding PASSED               [ 74%]
tests/test_email_utils.py::test_replace_base64_encoding PASSED           [ 75%]
tests/test_email_utils.py::test_replace_multipart_alternative PASSED     [ 75%]
tests/test_email_utils.py::test_replace_str PASSED                       [ 75%]
tests/test_email_utils.py::test_generate_reply_email PASSED              [ 75%]
tests/test_email_utils.py::test_generate_reply_email_with_default_reply_domain PASSED [ 75%]
tests/test_email_utils.py::test_generate_reply_email_include_sender_in_reverse_alias PASSED [ 75%]
tests/test_email_utils.py::test_normalize_reply_email PASSED             [ 75%]
tests/test_email_utils.py::test_get_encoding PASSED                      [ 75%]
tests/test_email_utils.py::test_encode_text PASSED                       [ 75%]
tests/test_email_utils.py::test_decode_text PASSED                       [ 76%]
tests/test_email_utils.py::test_should_disable PASSED                    [ 76%]
tests/test_email_utils.py::test_should_disable_bounces_every_day FAILED  [ 76%]
tests/test_email_utils.py::test_should_disable_bounces_account FAILED    [ 76%]
tests/test_email_utils.py::test_should_disable_bounce_consecutive_days FAILED [ 76%]
tests/test_email_utils.py::test_parse_id_from_bounce PASSED              [ 76%]
tests/test_email_utils.py::test_get_queue_id_esmtps PASSED               [ 76%]
tests/test_email_utils.py::test_get_queue_id_postfix PASSED              [ 76%]
tests/test_email_utils.py::test_get_queue_id_from_double_header PASSED   [ 77%]
tests/test_email_utils.py::test_should_ignore_bounce PASSED              [ 77%]
tests/test_email_utils.py::test_get_header_unicode PASSED                [ 77%]
tests/test_email_utils.py::test_get_orig_message_from_bounce PASSED      [ 77%]
tests/test_email_utils.py::test_get_mailbox_bounce_info PASSED           [ 77%]
tests/test_email_utils.py::test_is_invalid_mailbox_domain PASSED         [ 77%]
tests/test_email_utils.py::test_generate_verp_email[1] PASSED            [ 77%]
tests/test_email_utils.py::test_generate_verp_email[10] PASSED           [ 77%]
tests/test_email_utils.py::test_generate_verp_email[100] PASSED          [ 77%]
tests/test_email_utils.py::test_generate_verp_email[1000] PASSED         [ 78%]
tests/test_email_utils.py::test_generate_verp_email[10000] PASSED        [ 78%]
tests/test_email_utils.py::test_generate_verp_email_forward_reply_phase PASSED [ 78%]
tests/test_email_utils.py::test_add_header_multipart_with_invalid_part PASSED [ 78%]
tests/test_email_utils.py::test_sl_formataddr PASSED                     [ 78%]
tests/test_email_utils.py::test_add_header_to_invalid_multipart PASSED   [ 78%]
tests/test_extensions.py::test_rate_limit_limits_by_source_ip FAILED     [ 78%]
tests/test_extensions.py::test_rate_limit_limits_by_user_id FAILED       [ 78%]
tests/test_extensions.py::test_rate_limit_limits_by_user_id_ignoring_ip FAILED [ 79%]
tests/test_image_validation.py::test_non_image_file_returns_unknown PASSED [ 79%]
tests/test_image_validation.py::test_png_file_is_detected PASSED         [ 79%]
tests/test_image_validation.py::test_jpg_file_is_detected PASSED         [ 79%]
tests/test_image_validation.py::test_webp_file_is_detected PASSED        [ 79%]
tests/test_image_validation.py::test_svg_file_is_not_detected PASSED     [ 79%]
tests/test_jose_utils.py::test_encode_decode PASSED                      [ 79%]
tests/test_jose_utils.py::test_db_tear_down PASSED                       [ 79%]
tests/test_logging.py::test_flanker_logger_suppressed_by_default PASSED  [ 79%]
tests/test_logging.py::test_spf_logger_suppressed_by_default PASSED      [ 80%]
tests/test_logging.py::test_flanker_import_does_not_spam_logs PASSED     [ 80%]
tests/test_logging.py::test_log_level_from_environment PASSED            [ 80%]
tests/test_logging.py::test_silence_flanker_logs_env_var_disables_suppression PASSED [ 80%]
tests/test_logging.py::test_app_logger_exists PASSED                     [ 80%]
tests/test_logging.py::test_logger_has_custom_filters PASSED             [ 80%]
tests/test_logging.py::test_email_handler_filter_adds_message_id PASSED  [ 80%]
tests/test_logging.py::test_request_id_filter_without_flask_context PASSED [ 80%]
tests/test_mail_sender.py::test_mail_sender_save_to_mem PASSED           [ 80%]
tests/test_mail_sender.py::test_mail_sender_save_unsent_to_disk[close_on_connect_dummy_server] PASSED [ 81%]
tests/test_mail_sender.py::test_mail_sender_save_unsent_to_disk[closed_dummy_server] PASSED [ 81%]
tests/test_mail_sender.py::test_mail_sender_save_unsent_to_disk[inner0] PASSED [ 81%]
tests/test_mail_sender.py::test_mail_sender_save_unsent_to_disk[inner1] PASSED [ 81%]
tests/test_mail_sender.py::test_mail_sender_try_several_servers PASSED   [ 81%]
tests/test_mail_sender.py::test_mail_sender_try_backup_postfix PASSED    [ 81%]
tests/test_mail_sender.py::test_send_unsent_email_from_fs PASSED         [ 81%]
tests/test_mail_sender.py::test_failed_resend_does_not_delete_file PASSED [ 81%]
tests/test_mail_sender.py::test_ok_mail_does_not_generate_unsent_file PASSED [ 82%]
tests/test_mailbox_utils.py::test_free_user_cannot_add_mailbox PASSED    [ 82%]
tests/test_mailbox_utils.py::test_invalid_email PASSED                   [ 82%]
tests/test_mailbox_utils.py::test_already_used PASSED                    [ 82%]
tests/test_mailbox_utils.py::test_already_used_with_different_case PASSED [ 82%]
tests/test_mailbox_utils.py::test_create_mailbox PASSED                  [ 82%]
tests/test_mailbox_utils.py::test_create_mailbox_verified PASSED         [ 82%]
tests/test_mailbox_utils.py::test_create_mailbox_with_digits PASSED      [ 82%]
tests/test_mailbox_utils.py::test_create_mailbox_without_verification_email PASSED [ 82%]
tests/test_mailbox_utils.py::test_send_verification_email PASSED         [ 83%]
tests/test_mailbox_utils.py::test_send_verification_email_with_link PASSED [ 83%]
tests/test_mailbox_utils.py::test_delete_other_user_mailbox PASSED       [ 83%]
tests/test_mailbox_utils.py::test_delete_default_mailbox PASSED          [ 83%]
tests/test_mailbox_utils.py::test_transfer_to_same_mailbox PASSED        [ 83%]
tests/test_mailbox_utils.py::test_transfer_to_other_users_mailbox PASSED [ 83%]
tests/test_mailbox_utils.py::test_delete_with_no_transfer PASSED         [ 83%]
tests/test_mailbox_utils.py::test_delete_with_transfer PASSED            [ 83%]
tests/test_mailbox_utils.py::test_cannot_delete_with_transfer_to_unverified_mailbox PASSED [ 83%]
tests/test_mailbox_utils.py::test_verify_non_existing_mailbox PASSED     [ 84%]
tests/test_mailbox_utils.py::test_verify_already_verified_mailbox PASSED [ 84%]
tests/test_mailbox_utils.py::test_verify_other_users_mailbox PASSED      [ 84%]
tests/test_mailbox_utils.py::test_verify_other_users_already_verified_mailbox PASSED [ 84%]
tests/test_mailbox_utils.py::test_verify_fail PASSED                     [ 84%]
tests/test_mailbox_utils.py::test_verify_too_may PASSED                  [ 84%]
tests/test_mailbox_utils.py::test_verify_too_old_code PASSED             [ 84%]
tests/test_mailbox_utils.py::test_verify_ok PASSED                       [ 84%]
tests/test_mailbox_utils.py::test_verify_ok_for_mailbox_email_change PASSED [ 85%]
tests/test_mailbox_utils.py::test_perform_mailbox_email_change_invalid_id PASSED [ 85%]
tests/test_mailbox_utils.py::test_perform_mailbox_email_change_valid_id_not_new_email PASSED [ 85%]
tests/test_mailbox_utils.py::test_perform_mailbox_email_change_valid_id_email_already_used PASSED [ 85%]
tests/test_mailbox_utils.py::test_perform_mailbox_email_change_success PASSED [ 85%]
tests/test_mailbox_utils.py::test_get_mailbox_from_mail_from PASSED      [ 85%]
tests/test_mailbox_utils.py::test_get_mailbox_from_mail_from_for_canonical_email PASSED [ 85%]
tests/test_mailbox_utils.py::test_get_mailbox_from_mail_from_coming_from_header_if_domain_is_aligned PASSED [ 85%]
tests/test_mailbox_utils.py::test_get_mailbox_from_mail_from_coming_from_header_if_domain_is_not_aligned PASSED [ 85%]
tests/test_mailbox_utils.py::test_change_mailbox_address PASSED          [ 86%]
tests/test_mailbox_utils.py::test_change_mailbox_address_without_verification_email PASSED [ 86%]
tests/test_mailbox_utils.py::test_change_mailbox_address_with_code PASSED [ 86%]
tests/test_mailbox_utils.py::test_change_mailbox_verified_address PASSED [ 86%]
tests/test_mailbox_utils.py::test_change_mailbox_email_duplicate PASSED  [ 86%]
tests/test_mailbox_utils.py::test_change_mailbox_email_duplicate_in_another_mailbox PASSED [ 86%]
tests/test_mailbox_utils.py::test_change_mailbox_verified_email_clears_pending_email PASSED [ 86%]
tests/test_mailbox_utils.py::test_change_mailbox_verified_email_sets_mailbox_as_verified PASSED [ 86%]
tests/test_mailbox_utils.py::test_count_mailbox_aliases PASSED           [ 87%]
tests/test_mailbox_utils.py::test_admin_disable_mailbox_single PASSED    [ 87%]
tests/test_mailbox_utils.py::test_admin_disable_mailbox_multiple_users PASSED [ 87%]
tests/test_mailbox_utils.py::test_admin_reenable_mailbox_single PASSED   [ 87%]
tests/test_mailbox_utils.py::test_admin_reenable_mailbox_multiple_users PASSED [ 87%]
tests/test_mailbox_utils.py::test_admin_disable_reenable_without_admin_user PASSED [ 87%]
tests/test_message_utils.py::test_copy PASSED                            [ 87%]
tests/test_message_utils.py::test_to_bytes PASSED                        [ 87%]
tests/test_message_utils.py::test_base64_line_breaks PASSED              [ 87%]
tests/test_models.py::test_generate_email PASSED                         [ 88%]
tests/test_models.py::test_profile_picture_url PASSED                    [ 88%]
tests/test_models.py::test_suggested_emails_for_user_who_cannot_create_new_alias PASSED [ 88%]
tests/test_models.py::test_alias_create_random PASSED                    [ 88%]
tests/test_models.py::test_website_send_to PASSED                        [ 88%]
tests/test_models.py::test_new_addr_default_sender_format FAILED         [ 88%]
tests/test_models.py::test_new_addr_a_sender_format FAILED               [ 88%]
tests/test_models.py::test_new_addr_no_name_sender_format FAILED         [ 88%]
tests/test_models.py::test_new_addr_name_only_sender_format FAILED       [ 88%]
tests/test_models.py::test_new_addr_at_only_sender_format FAILED         [ 89%]
tests/test_models.py::test_new_addr_unicode FAILED                       [ 89%]
tests/test_models.py::test_mailbox_delete PASSED                         [ 89%]
tests/test_models.py::test_EnumE PASSED                                  [ 89%]
tests/test_models.py::test_can_create_new_alias_disabled_user PASSED     [ 89%]
tests/test_models.py::test_user_get_subscription_grace_period PASSED     [ 89%]
tests/test_models.py::test_create_contact_for_noreply PASSED             [ 89%]
tests/test_models.py::test_user_can_send_receive PASSED                  [ 89%]
tests/test_models.py::test_sync_event_dead_letter PASSED                 [ 90%]
tests/test_monitoring.py::test_monitoring_proc_count PASSED              [ 90%]
tests/test_oauth_models.py::test_get_scopes PASSED                       [ 90%]
tests/test_oauth_models.py::test_get_response_types PASSED               [ 90%]
tests/test_oauth_models.py::test_response_types_to_str PASSED            [ 90%]
tests/test_oauth_models.py::test_get_response_types_from_str PASSED      [ 90%]
tests/test_onboarding.py::test_extension_redirect_is_working FAILED      [ 90%]
tests/test_paddle_callback.py::test_failed_payments PASSED               [ 90%]
tests/test_paddle_utils.py::test_verify_incoming_request PASSED          [ 90%]
tests/test_pgp_utils.py::TestLegacyImplementation::test_load_public_key PASSED [ 91%]
tests/test_pgp_utils.py::TestLegacyImplementation::test_encrypt PASSED   [ 91%]
tests/test_pgp_utils.py::TestLegacyImplementation::test_encrypt_file_with_pgpy PASSED [ 91%]
tests/test_pgp_utils.py::TestLegacyImplementation::test_sign_data PASSED [ 91%]
tests/test_pgp_utils.py::TestLegacyImplementation::test_sign_data_with_pgpy PASSED [ 91%]
tests/test_pgp_utils.py::TestLegacyImplementation::test_load_public_key_and_check PASSED [ 91%]
tests/test_pgp_utils.py::TestRustImplementation::test_load_public_key PASSED [ 91%]
tests/test_pgp_utils.py::TestRustImplementation::test_encrypt PASSED     [ 91%]
tests/test_pgp_utils.py::TestRustImplementation::test_encrypt_file_with_pgpy PASSED [ 91%]
tests/test_pgp_utils.py::TestRustImplementation::test_sign_data PASSED   [ 92%]
tests/test_pgp_utils.py::TestRustImplementation::test_sign_data_bytes PASSED [ 92%]
tests/test_pgp_utils.py::TestRustImplementation::test_load_public_key_and_check PASSED [ 92%]
tests/test_pgp_utils.py::TestRustImplementation::test_create_pgp_context PASSED [ 92%]
tests/test_pgp_utils.py::TestContextReuse::test_multiple_operations_same_context PASSED [ 92%]
tests/test_pgp_utils.py::TestContextReuse::test_key_loaded_in_context_is_available PASSED [ 92%]
tests/test_pgp_utils.py::TestBothImplementations::test_load_and_encrypt[False] PASSED [ 92%]
tests/test_pgp_utils.py::TestBothImplementations::test_load_and_encrypt[True] PASSED [ 92%]
tests/test_pgp_utils.py::TestBothImplementations::test_sign[False] PASSED [ 93%]
tests/test_pgp_utils.py::TestBothImplementations::test_sign[True] PASSED [ 93%]
tests/test_prarallel_limiter.py::test_parallel_limiter FAILED            [ 93%]
tests/test_prarallel_limiter.py::test_too_many_requests FAILED           [ 93%]
tests/test_regex_utils.py::test_regex_match PASSED                       [ 93%]
tests/test_server.py::test_redirect_login_page FAILED                    [ 93%]
tests/test_server.py::test_coinbase_webhook FAILED                       [ 93%]
tests/test_server.py::test_handle_coinbase_event_new_subscription PASSED [ 93%]
tests/test_server.py::test_handle_coinbase_event_extend_subscription PASSED [ 93%]
tests/test_user_audit_log_utils.py::test_emit_alias_audit_log_for_random_data PASSED [ 94%]
tests/test_user_audit_log_utils.py::test_emit_audit_log_on_mailbox_creation PASSED [ 94%]
tests/test_utils.py::test_random_words PASSED                            [ 94%]
tests/test_utils.py::test_random_string PASSED                           [ 94%]
tests/test_utils.py::test_sanitize_url[None-None] PASSED                 [ 94%]
tests/test_utils.py::test_sanitize_url[-None] PASSED                     [ 94%]
tests/test_utils.py::test_sanitize_url[http://badhttp.com-None] PASSED   [ 94%]
tests/test_utils.py::test_sanitize_url[https://badhttps.com-None] PASSED [ 94%]
tests/test_utils.py::test_sanitize_url[/-/] PASSED                       [ 95%]
tests/test_utils.py::test_sanitize_url[/auth-/auth] PASSED               [ 95%]
tests/test_utils.py::test_sanitize_url[/some/path-/some/path] PASSED     [ 95%]
tests/test_utils.py::test_sanitize_url[//somewhere.net-None] PASSED      [ 95%]
tests/test_utils.py::test_sanitize_url[//\\\\evil.com-None] PASSED       [ 95%]
tests/test_utils.py::test_sanitize_url[http://test.simplelogin.local-http://test.simplelogin.local] PASSED [ 95%]
tests/test_utils.py::test_sanitize_url[https://test.simplelogin.local-https://test.simplelogin.local] PASSED [ 95%]
tests/test_utils.py::test_sanitize_url[https://test.simplelogin.local/sub-https://test.simplelogin.local/sub] PASSED [ 95%]
tests/test_utils.py::test_sanitize_url[test.simplelogin.local-None] PASSED [ 95%]
tests/test_utils.py::test_sanitize_url[//test.simplelogin.local-//test.simplelogin.local] PASSED [ 96%]
tests/test_utils.py::test_sanitize_url[https://google.com\\@test.simplelogin.local/haha-None] PASSED [ 96%]
tests/test_utils.py::test_parse_querystring PASSED                       [ 96%]
tests/test_utils.py::test_canonicalize_email[a@gmail.com-a@gmail.com] PASSED [ 96%]
tests/test_utils.py::test_canonicalize_email[a.b@gmail.com-ab@gmail.com] PASSED [ 96%]
tests/test_utils.py::test_canonicalize_email[a.b+c@gmail.com-ab@gmail.com] PASSED [ 96%]
tests/test_utils.py::test_canonicalize_email[a.b+c@other.com-a.b+c@other.com0] PASSED [ 96%]
tests/test_utils.py::test_canonicalize_email[a@protonmail.com-a@protonmail.com] PASSED [ 96%]
tests/test_utils.py::test_canonicalize_email[a.b@protonmail.com-ab@protonmail.com] PASSED [ 96%]
tests/test_utils.py::test_canonicalize_email[a.b+c@protonmail.com-ab@protonmail.com] PASSED [ 97%]
tests/test_utils.py::test_canonicalize_email[a.b+c@other.com-a.b+c@other.com1] PASSED [ 97%]
tests/test_utils.py::test_canonicalize_email[a@proton.me-a@proton.me] PASSED [ 97%]
tests/test_utils.py::test_canonicalize_email[a.b@proton.me-ab@proton.me] PASSED [ 97%]
tests/test_utils.py::test_canonicalize_email[a.b+c@proton.me-ab@proton.me] PASSED [ 97%]
tests/test_utils.py::test_canonicalize_email[a.b+c@other.com-a.b+c@other.com2] PASSED [ 97%]
tests/test_utils.py::test_canonicalize_email[a@pm.me-a@pm.me] PASSED     [ 97%]
tests/test_utils.py::test_canonicalize_email[a.b@pm.me-ab@pm.me] PASSED  [ 97%]
tests/test_utils.py::test_canonicalize_email[a.b+c@pm.me-ab@pm.me] PASSED [ 98%]
tests/test_utils.py::test_canonicalize_email[a.b+c@other.com-a.b+c@other.com3] PASSED [ 98%]
tests/user_settings/test_regenerate_user_alternative_id.py::test_regenerate_alternative_id_changes_id PASSED [ 98%]
tests/user_settings/test_regenerate_user_alternative_id.py::test_regenerate_alternative_id_updates_session PASSED [ 98%]
tests/user_settings/test_regenerate_user_alternative_id.py::test_regenerate_alternative_id_does_not_update_session_when_disabled PASSED [ 98%]
tests/user_settings/test_regenerate_user_alternative_id.py::test_regenerate_alternative_id_generates_valid_uuid PASSED [ 98%]
tests/user_settings/test_set_default_alias_domain.py::test_set_default_no_domain PASSED [ 98%]
tests/user_settings/test_set_default_alias_domain.py::test_set_premium_sl_domain_with_non_premium_user PASSED [ 98%]
tests/user_settings/test_set_default_alias_domain.py::test_set_hidden_sl_domain PASSED [ 98%]
tests/user_settings/test_set_default_alias_domain.py::test_set_sl_domain PASSED [ 99%]
tests/user_settings/test_set_default_alias_domain.py::test_set_sl_premium_domain PASSED [ 99%]
tests/user_settings/test_set_default_alias_domain.py::test_set_other_user_custom_domain PASSED [ 99%]
tests/user_settings/test_set_default_alias_domain.py::test_set_unverified_custom_domain PASSED [ 99%]
tests/user_settings/test_set_default_alias_domain.py::test_set_custom_domain PASSED [ 99%]
tests/user_settings/test_set_default_alias_domain.py::test_set_invalid_custom_domain PASSED [ 99%]
tests/user_settings/test_set_default_mailbox.py::test_set_default_mailbox PASSED [ 99%]
tests/user_settings/test_set_default_mailbox.py::test_cannot_set_unverified PASSED [ 99%]
tests/user_settings/test_set_default_mailbox.py::test_cannot_default_other_user_mailbox PASSED [100%]

=================================== FAILURES ===================================
_____________________ test_custom_domain_search_page_loads _____________________
.venv/lib/python3.12/site-packages/redis/connection.py:357: in connect
    sock = self.retry.call_with_retry(
.venv/lib/python3.12/site-packages/redis/retry.py:62: in call_with_retry
    return do()
           ^^^^
.venv/lib/python3.12/site-packages/redis/connection.py:358: in <lambda>
    lambda: self._connect(), lambda error: self.disconnect(error)
            ^^^^^^^^^^^^^^^
.venv/lib/python3.12/site-packages/redis/connection.py:730: in _connect
    raise err
.venv/lib/python3.12/site-packages/redis/connection.py:718: in _connect
    sock.connect(socket_address)
E   ConnectionRefusedError: [Errno 111] Connection refused

During handling of the above exception, another exception occurred:
tests/admin/test_custom_domain_search.py:62: in test_custom_domain_search_page_loads
    login_admin(flask_client)
tests/admin/test_custom_domain_search.py:31: in login_admin
    r = flask_client.post(
.venv/lib/python3.12/site-packages/werkzeug/test.py:1016: in post
    return self.open(*args, **kw)
           ^^^^^^^^^^^^^^^^^^^^^^
tests/conftest.py:60: in open
    return super().open(*args, **kwargs)
           ^^^^^^^^^^^^^^^^^^^^^^^^^^^^^
.venv/lib/python3.12/site-packages/flask/testing.py:222: in open
    return Client.open(
.venv/lib/python3.12/site-packages/werkzeug/test.py:970: in open
    response = self.run_wsgi_app(environ.copy(), buffered=buffered)
               ^^^^^^^^^^^^^^^^^^^^^^^^^^^^^^^^^^^^^^^^^^^^^^^^^^^^
.venv/lib/python3.12/site-packages/werkzeug/test.py:861: in run_wsgi_app
    rv = run_wsgi_app(self.application, environ, buffered=buffered)
         ^^^^^^^^^^^^^^^^^^^^^^^^^^^^^^^^^^^^^^^^^^^^^^^^^^^^^^^^^^
.venv/lib/python3.12/site-packages/werkzeug/test.py:1096: in run_wsgi_app
    app_rv = app(environ, start_response)
             ^^^^^^^^^^^^^^^^^^^^^^^^^^^^
.venv/lib/python3.12/site-packages/flask/app.py:2464: in __call__
    return self.wsgi_app(environ, start_response)
           ^^^^^^^^^^^^^^^^^^^^^^^^^^^^^^^^^^^^^^
.venv/lib/python3.12/site-packages/werkzeug/middleware/proxy_fix.py:169: in __call__
    return self.app(environ, start_response)
           ^^^^^^^^^^^^^^^^^^^^^^^^^^^^^^^^^
.venv/lib/python3.12/site-packages/flask/app.py:2450: in wsgi_app
    response = self.handle_exception(e)
               ^^^^^^^^^^^^^^^^^^^^^^^^
.venv/lib/python3.12/site-packages/flask_cors/extension.py:165: in wrapped_function
    return cors_after_request(app.make_response(f(*args, **kwargs)))
                                                ^^^^^^^^^^^^^^^^^^
.venv/lib/python3.12/site-packages/flask/app.py:1867: in handle_exception
    reraise(exc_type, exc_value, tb)
.venv/lib/python3.12/site-packages/flask/_compat.py:39: in reraise
    raise value
.venv/lib/python3.12/site-packages/flask/app.py:2447: in wsgi_app
    response = self.full_dispatch_request()
               ^^^^^^^^^^^^^^^^^^^^^^^^^^^^
.venv/lib/python3.12/site-packages/flask/app.py:1953: in full_dispatch_request
    return self.finalize_request(rv)
           ^^^^^^^^^^^^^^^^^^^^^^^^^
.venv/lib/python3.12/site-packages/flask/app.py:1970: in finalize_request
    response = self.process_response(response)
               ^^^^^^^^^^^^^^^^^^^^^^^^^^^^^^^
.venv/lib/python3.12/site-packages/flask/app.py:2269: in process_response
    self.session_interface.save_session(self, ctx.session, response)
app/session.py:97: in save_session
    self._redis_w.setex(
.venv/lib/python3.12/site-packages/redis/commands/core.py:2360: in setex
    return self.execute_command("SETEX", name, time, value)
           ^^^^^^^^^^^^^^^^^^^^^^^^^^^^^^^^^^^^^^^^^^^^^^^^
.venv/lib/python3.12/site-packages/redis/client.py:559: in execute_command
    return self._execute_command(*args, **options)
           ^^^^^^^^^^^^^^^^^^^^^^^^^^^^^^^^^^^^^^^
.venv/lib/python3.12/site-packages/redis/client.py:565: in _execute_command
    conn = self.connection or pool.get_connection(command_name, **options)
                              ^^^^^^^^^^^^^^^^^^^^^^^^^^^^^^^^^^^^^^^^^^^^
.venv/lib/python3.12/site-packages/redis/connection.py:1422: in get_connection
    connection.connect()
.venv/lib/python3.12/site-packages/redis/connection.py:363: in connect
    raise ConnectionError(self._error_message(e))
E   redis.exceptions.ConnectionError: Error 111 connecting to localhost:6379. Connection refused.
----------------------------- Captured stdout call -----------------------------
2026-02-09 12:28:29,677 - SL - INFO - 5326 - "/home/runner/work/simplelogin-app/simplelogin-app/app/events/event_dispatcher.py:62" - send_event() -  - Not sending events because webhook is not configured and allowed to be empty
____________________ test_custom_domain_search_empty_query _____________________
.venv/lib/python3.12/site-packages/redis/connection.py:357: in connect
    sock = self.retry.call_with_retry(
.venv/lib/python3.12/site-packages/redis/retry.py:62: in call_with_retry
    return do()
           ^^^^
.venv/lib/python3.12/site-packages/redis/connection.py:358: in <lambda>
    lambda: self._connect(), lambda error: self.disconnect(error)
            ^^^^^^^^^^^^^^^
.venv/lib/python3.12/site-packages/redis/connection.py:730: in _connect
    raise err
.venv/lib/python3.12/site-packages/redis/connection.py:718: in _connect
    sock.connect(socket_address)
E   ConnectionRefusedError: [Errno 111] Connection refused

During handling of the above exception, another exception occurred:
tests/admin/test_custom_domain_search.py:71: in test_custom_domain_search_empty_query
    login_admin(flask_client)
tests/admin/test_custom_domain_search.py:31: in login_admin
    r = flask_client.post(
.venv/lib/python3.12/site-packages/werkzeug/test.py:1016: in post
    return self.open(*args, **kw)
           ^^^^^^^^^^^^^^^^^^^^^^
tests/conftest.py:60: in open
    return super().open(*args, **kwargs)
           ^^^^^^^^^^^^^^^^^^^^^^^^^^^^^
.venv/lib/python3.12/site-packages/flask/testing.py:222: in open
    return Client.open(
.venv/lib/python3.12/site-packages/werkzeug/test.py:970: in open
    response = self.run_wsgi_app(environ.copy(), buffered=buffered)
               ^^^^^^^^^^^^^^^^^^^^^^^^^^^^^^^^^^^^^^^^^^^^^^^^^^^^
.venv/lib/python3.12/site-packages/werkzeug/test.py:861: in run_wsgi_app
    rv = run_wsgi_app(self.application, environ, buffered=buffered)
         ^^^^^^^^^^^^^^^^^^^^^^^^^^^^^^^^^^^^^^^^^^^^^^^^^^^^^^^^^^
.venv/lib/python3.12/site-packages/werkzeug/test.py:1096: in run_wsgi_app
    app_rv = app(environ, start_response)
             ^^^^^^^^^^^^^^^^^^^^^^^^^^^^
.venv/lib/python3.12/site-packages/flask/app.py:2464: in __call__
    return self.wsgi_app(environ, start_response)
           ^^^^^^^^^^^^^^^^^^^^^^^^^^^^^^^^^^^^^^
.venv/lib/python3.12/site-packages/werkzeug/middleware/proxy_fix.py:169: in __call__
    return self.app(environ, start_response)
           ^^^^^^^^^^^^^^^^^^^^^^^^^^^^^^^^^
.venv/lib/python3.12/site-packages/flask/app.py:2450: in wsgi_app
    response = self.handle_exception(e)
               ^^^^^^^^^^^^^^^^^^^^^^^^
.venv/lib/python3.12/site-packages/flask_cors/extension.py:165: in wrapped_function
    return cors_after_request(app.make_response(f(*args, **kwargs)))
                                                ^^^^^^^^^^^^^^^^^^
.venv/lib/python3.12/site-packages/flask/app.py:1867: in handle_exception
    reraise(exc_type, exc_value, tb)
.venv/lib/python3.12/site-packages/flask/_compat.py:39: in reraise
    raise value
.venv/lib/python3.12/site-packages/flask/app.py:2447: in wsgi_app
    response = self.full_dispatch_request()
               ^^^^^^^^^^^^^^^^^^^^^^^^^^^^
.venv/lib/python3.12/site-packages/flask/app.py:1953: in full_dispatch_request
    return self.finalize_request(rv)
           ^^^^^^^^^^^^^^^^^^^^^^^^^
.venv/lib/python3.12/site-packages/flask/app.py:1970: in finalize_request
    response = self.process_response(response)
               ^^^^^^^^^^^^^^^^^^^^^^^^^^^^^^^
.venv/lib/python3.12/site-packages/flask/app.py:2269: in process_response
    self.session_interface.save_session(self, ctx.session, response)
app/session.py:97: in save_session
    self._redis_w.setex(
.venv/lib/python3.12/site-packages/redis/commands/core.py:2360: in setex
    return self.execute_command("SETEX", name, time, value)
           ^^^^^^^^^^^^^^^^^^^^^^^^^^^^^^^^^^^^^^^^^^^^^^^^
.venv/lib/python3.12/site-packages/redis/client.py:559: in execute_command
    return self._execute_command(*args, **options)
           ^^^^^^^^^^^^^^^^^^^^^^^^^^^^^^^^^^^^^^^
.venv/lib/python3.12/site-packages/redis/client.py:565: in _execute_command
    conn = self.connection or pool.get_connection(command_name, **options)
                              ^^^^^^^^^^^^^^^^^^^^^^^^^^^^^^^^^^^^^^^^^^^^
.venv/lib/python3.12/site-packages/redis/connection.py:1422: in get_connection
    connection.connect()
.venv/lib/python3.12/site-packages/redis/connection.py:363: in connect
    raise ConnectionError(self._error_message(e))
E   redis.exceptions.ConnectionError: Error 111 connecting to localhost:6379. Connection refused.
----------------------------- Captured stdout call -----------------------------
2026-02-09 12:28:30,521 - SL - INFO - 5326 - "/home/runner/work/simplelogin-app/simplelogin-app/app/events/event_dispatcher.py:62" - send_event() -  - Not sending events because webhook is not configured and allowed to be empty
___________________ test_custom_domain_search_by_domain_name ___________________
.venv/lib/python3.12/site-packages/redis/connection.py:357: in connect
    sock = self.retry.call_with_retry(
.venv/lib/python3.12/site-packages/redis/retry.py:62: in call_with_retry
    return do()
           ^^^^
.venv/lib/python3.12/site-packages/redis/connection.py:358: in <lambda>
    lambda: self._connect(), lambda error: self.disconnect(error)
            ^^^^^^^^^^^^^^^
.venv/lib/python3.12/site-packages/redis/connection.py:730: in _connect
    raise err
.venv/lib/python3.12/site-packages/redis/connection.py:718: in _connect
    sock.connect(socket_address)
E   ConnectionRefusedError: [Errno 111] Connection refused

During handling of the above exception, another exception occurred:
tests/admin/test_custom_domain_search.py:85: in test_custom_domain_search_by_domain_name
    login_admin(flask_client)
tests/admin/test_custom_domain_search.py:31: in login_admin
    r = flask_client.post(
.venv/lib/python3.12/site-packages/werkzeug/test.py:1016: in post
    return self.open(*args, **kw)
           ^^^^^^^^^^^^^^^^^^^^^^
tests/conftest.py:60: in open
    return super().open(*args, **kwargs)
           ^^^^^^^^^^^^^^^^^^^^^^^^^^^^^
.venv/lib/python3.12/site-packages/flask/testing.py:222: in open
    return Client.open(
.venv/lib/python3.12/site-packages/werkzeug/test.py:970: in open
    response = self.run_wsgi_app(environ.copy(), buffered=buffered)
               ^^^^^^^^^^^^^^^^^^^^^^^^^^^^^^^^^^^^^^^^^^^^^^^^^^^^
.venv/lib/python3.12/site-packages/werkzeug/test.py:861: in run_wsgi_app
    rv = run_wsgi_app(self.application, environ, buffered=buffered)
         ^^^^^^^^^^^^^^^^^^^^^^^^^^^^^^^^^^^^^^^^^^^^^^^^^^^^^^^^^^
.venv/lib/python3.12/site-packages/werkzeug/test.py:1096: in run_wsgi_app
    app_rv = app(environ, start_response)
             ^^^^^^^^^^^^^^^^^^^^^^^^^^^^
.venv/lib/python3.12/site-packages/flask/app.py:2464: in __call__
    return self.wsgi_app(environ, start_response)
           ^^^^^^^^^^^^^^^^^^^^^^^^^^^^^^^^^^^^^^
.venv/lib/python3.12/site-packages/werkzeug/middleware/proxy_fix.py:169: in __call__
    return self.app(environ, start_response)
           ^^^^^^^^^^^^^^^^^^^^^^^^^^^^^^^^^
.venv/lib/python3.12/site-packages/flask/app.py:2450: in wsgi_app
    response = self.handle_exception(e)
               ^^^^^^^^^^^^^^^^^^^^^^^^
.venv/lib/python3.12/site-packages/flask_cors/extension.py:165: in wrapped_function
    return cors_after_request(app.make_response(f(*args, **kwargs)))
                                                ^^^^^^^^^^^^^^^^^^
.venv/lib/python3.12/site-packages/flask/app.py:1867: in handle_exception
    reraise(exc_type, exc_value, tb)
.venv/lib/python3.12/site-packages/flask/_compat.py:39: in reraise
    raise value
.venv/lib/python3.12/site-packages/flask/app.py:2447: in wsgi_app
    response = self.full_dispatch_request()
               ^^^^^^^^^^^^^^^^^^^^^^^^^^^^
.venv/lib/python3.12/site-packages/flask/app.py:1953: in full_dispatch_request
    return self.finalize_request(rv)
           ^^^^^^^^^^^^^^^^^^^^^^^^^
.venv/lib/python3.12/site-packages/flask/app.py:1970: in finalize_request
    response = self.process_response(response)
               ^^^^^^^^^^^^^^^^^^^^^^^^^^^^^^^
.venv/lib/python3.12/site-packages/flask/app.py:2269: in process_response
    self.session_interface.save_session(self, ctx.session, response)
app/session.py:97: in save_session
    self._redis_w.setex(
.venv/lib/python3.12/site-packages/redis/commands/core.py:2360: in setex
    return self.execute_command("SETEX", name, time, value)
           ^^^^^^^^^^^^^^^^^^^^^^^^^^^^^^^^^^^^^^^^^^^^^^^^
.venv/lib/python3.12/site-packages/redis/client.py:559: in execute_command
    return self._execute_command(*args, **options)
           ^^^^^^^^^^^^^^^^^^^^^^^^^^^^^^^^^^^^^^^
.venv/lib/python3.12/site-packages/redis/client.py:565: in _execute_command
    conn = self.connection or pool.get_connection(command_name, **options)
                              ^^^^^^^^^^^^^^^^^^^^^^^^^^^^^^^^^^^^^^^^^^^^
.venv/lib/python3.12/site-packages/redis/connection.py:1422: in get_connection
    connection.connect()
.venv/lib/python3.12/site-packages/redis/connection.py:363: in connect
    raise ConnectionError(self._error_message(e))
E   redis.exceptions.ConnectionError: Error 111 connecting to localhost:6379. Connection refused.
----------------------------- Captured stdout call -----------------------------
2026-02-09 12:28:31,211 - SL - INFO - 5326 - "/home/runner/work/simplelogin-app/simplelogin-app/app/events/event_dispatcher.py:62" - send_event() -  - Not sending events because webhook is not configured and allowed to be empty
___________________ test_custom_domain_search_by_user_email ____________________
.venv/lib/python3.12/site-packages/redis/connection.py:357: in connect
    sock = self.retry.call_with_retry(
.venv/lib/python3.12/site-packages/redis/retry.py:62: in call_with_retry
    return do()
           ^^^^
.venv/lib/python3.12/site-packages/redis/connection.py:358: in <lambda>
    lambda: self._connect(), lambda error: self.disconnect(error)
            ^^^^^^^^^^^^^^^
.venv/lib/python3.12/site-packages/redis/connection.py:730: in _connect
    raise err
.venv/lib/python3.12/site-packages/redis/connection.py:718: in _connect
    sock.connect(socket_address)
E   ConnectionRefusedError: [Errno 111] Connection refused

During handling of the above exception, another exception occurred:
tests/admin/test_custom_domain_search.py:107: in test_custom_domain_search_by_user_email
    login_admin(flask_client)
tests/admin/test_custom_domain_search.py:31: in login_admin
    r = flask_client.post(
.venv/lib/python3.12/site-packages/werkzeug/test.py:1016: in post
    return self.open(*args, **kw)
           ^^^^^^^^^^^^^^^^^^^^^^
tests/conftest.py:60: in open
    return super().open(*args, **kwargs)
           ^^^^^^^^^^^^^^^^^^^^^^^^^^^^^
.venv/lib/python3.12/site-packages/flask/testing.py:222: in open
    return Client.open(
.venv/lib/python3.12/site-packages/werkzeug/test.py:970: in open
    response = self.run_wsgi_app(environ.copy(), buffered=buffered)
               ^^^^^^^^^^^^^^^^^^^^^^^^^^^^^^^^^^^^^^^^^^^^^^^^^^^^
.venv/lib/python3.12/site-packages/werkzeug/test.py:861: in run_wsgi_app
    rv = run_wsgi_app(self.application, environ, buffered=buffered)
         ^^^^^^^^^^^^^^^^^^^^^^^^^^^^^^^^^^^^^^^^^^^^^^^^^^^^^^^^^^
.venv/lib/python3.12/site-packages/werkzeug/test.py:1096: in run_wsgi_app
    app_rv = app(environ, start_response)
             ^^^^^^^^^^^^^^^^^^^^^^^^^^^^
.venv/lib/python3.12/site-packages/flask/app.py:2464: in __call__
    return self.wsgi_app(environ, start_response)
           ^^^^^^^^^^^^^^^^^^^^^^^^^^^^^^^^^^^^^^
.venv/lib/python3.12/site-packages/werkzeug/middleware/proxy_fix.py:169: in __call__
    return self.app(environ, start_response)
           ^^^^^^^^^^^^^^^^^^^^^^^^^^^^^^^^^
.venv/lib/python3.12/site-packages/flask/app.py:2450: in wsgi_app
    response = self.handle_exception(e)
               ^^^^^^^^^^^^^^^^^^^^^^^^
.venv/lib/python3.12/site-packages/flask_cors/extension.py:165: in wrapped_function
    return cors_after_request(app.make_response(f(*args, **kwargs)))
                                                ^^^^^^^^^^^^^^^^^^
.venv/lib/python3.12/site-packages/flask/app.py:1867: in handle_exception
    reraise(exc_type, exc_value, tb)
.venv/lib/python3.12/site-packages/flask/_compat.py:39: in reraise
    raise value
.venv/lib/python3.12/site-packages/flask/app.py:2447: in wsgi_app
    response = self.full_dispatch_request()
               ^^^^^^^^^^^^^^^^^^^^^^^^^^^^
.venv/lib/python3.12/site-packages/flask/app.py:1953: in full_dispatch_request
    return self.finalize_request(rv)
           ^^^^^^^^^^^^^^^^^^^^^^^^^
.venv/lib/python3.12/site-packages/flask/app.py:1970: in finalize_request
    response = self.process_response(response)
               ^^^^^^^^^^^^^^^^^^^^^^^^^^^^^^^
.venv/lib/python3.12/site-packages/flask/app.py:2269: in process_response
    self.session_interface.save_session(self, ctx.session, response)
app/session.py:97: in save_session
    self._redis_w.setex(
.venv/lib/python3.12/site-packages/redis/commands/core.py:2360: in setex
    return self.execute_command("SETEX", name, time, value)
           ^^^^^^^^^^^^^^^^^^^^^^^^^^^^^^^^^^^^^^^^^^^^^^^^
.venv/lib/python3.12/site-packages/redis/client.py:559: in execute_command
    return self._execute_command(*args, **options)
           ^^^^^^^^^^^^^^^^^^^^^^^^^^^^^^^^^^^^^^^
.venv/lib/python3.12/site-packages/redis/client.py:565: in _execute_command
    conn = self.connection or pool.get_connection(command_name, **options)
                              ^^^^^^^^^^^^^^^^^^^^^^^^^^^^^^^^^^^^^^^^^^^^
.venv/lib/python3.12/site-packages/redis/connection.py:1422: in get_connection
    connection.connect()
.venv/lib/python3.12/site-packages/redis/connection.py:363: in connect
    raise ConnectionError(self._error_message(e))
E   redis.exceptions.ConnectionError: Error 111 connecting to localhost:6379. Connection refused.
----------------------------- Captured stdout call -----------------------------
2026-02-09 12:28:31,893 - SL - INFO - 5326 - "/home/runner/work/simplelogin-app/simplelogin-app/app/events/event_dispatcher.py:62" - send_event() -  - Not sending events because webhook is not configured and allowed to be empty
_____________________ test_custom_domain_search_by_user_id _____________________
.venv/lib/python3.12/site-packages/redis/connection.py:357: in connect
    sock = self.retry.call_with_retry(
.venv/lib/python3.12/site-packages/redis/retry.py:62: in call_with_retry
    return do()
           ^^^^
.venv/lib/python3.12/site-packages/redis/connection.py:358: in <lambda>
    lambda: self._connect(), lambda error: self.disconnect(error)
            ^^^^^^^^^^^^^^^
.venv/lib/python3.12/site-packages/redis/connection.py:730: in _connect
    raise err
.venv/lib/python3.12/site-packages/redis/connection.py:718: in _connect
    sock.connect(socket_address)
E   ConnectionRefusedError: [Errno 111] Connection refused

During handling of the above exception, another exception occurred:
tests/admin/test_custom_domain_search.py:126: in test_custom_domain_search_by_user_id
    login_admin(flask_client)
tests/admin/test_custom_domain_search.py:31: in login_admin
    r = flask_client.post(
.venv/lib/python3.12/site-packages/werkzeug/test.py:1016: in post
    return self.open(*args, **kw)
           ^^^^^^^^^^^^^^^^^^^^^^
tests/conftest.py:60: in open
    return super().open(*args, **kwargs)
           ^^^^^^^^^^^^^^^^^^^^^^^^^^^^^
.venv/lib/python3.12/site-packages/flask/testing.py:222: in open
    return Client.open(
.venv/lib/python3.12/site-packages/werkzeug/test.py:970: in open
    response = self.run_wsgi_app(environ.copy(), buffered=buffered)
               ^^^^^^^^^^^^^^^^^^^^^^^^^^^^^^^^^^^^^^^^^^^^^^^^^^^^
.venv/lib/python3.12/site-packages/werkzeug/test.py:861: in run_wsgi_app
    rv = run_wsgi_app(self.application, environ, buffered=buffered)
         ^^^^^^^^^^^^^^^^^^^^^^^^^^^^^^^^^^^^^^^^^^^^^^^^^^^^^^^^^^
.venv/lib/python3.12/site-packages/werkzeug/test.py:1096: in run_wsgi_app
    app_rv = app(environ, start_response)
             ^^^^^^^^^^^^^^^^^^^^^^^^^^^^
.venv/lib/python3.12/site-packages/flask/app.py:2464: in __call__
    return self.wsgi_app(environ, start_response)
           ^^^^^^^^^^^^^^^^^^^^^^^^^^^^^^^^^^^^^^
.venv/lib/python3.12/site-packages/werkzeug/middleware/proxy_fix.py:169: in __call__
    return self.app(environ, start_response)
           ^^^^^^^^^^^^^^^^^^^^^^^^^^^^^^^^^
.venv/lib/python3.12/site-packages/flask/app.py:2450: in wsgi_app
    response = self.handle_exception(e)
               ^^^^^^^^^^^^^^^^^^^^^^^^
.venv/lib/python3.12/site-packages/flask_cors/extension.py:165: in wrapped_function
    return cors_after_request(app.make_response(f(*args, **kwargs)))
                                                ^^^^^^^^^^^^^^^^^^
.venv/lib/python3.12/site-packages/flask/app.py:1867: in handle_exception
    reraise(exc_type, exc_value, tb)
.venv/lib/python3.12/site-packages/flask/_compat.py:39: in reraise
    raise value
.venv/lib/python3.12/site-packages/flask/app.py:2447: in wsgi_app
    response = self.full_dispatch_request()
               ^^^^^^^^^^^^^^^^^^^^^^^^^^^^
.venv/lib/python3.12/site-packages/flask/app.py:1953: in full_dispatch_request
    return self.finalize_request(rv)
           ^^^^^^^^^^^^^^^^^^^^^^^^^
.venv/lib/python3.12/site-packages/flask/app.py:1970: in finalize_request
    response = self.process_response(response)
               ^^^^^^^^^^^^^^^^^^^^^^^^^^^^^^^
.venv/lib/python3.12/site-packages/flask/app.py:2269: in process_response
    self.session_interface.save_session(self, ctx.session, response)
app/session.py:97: in save_session
    self._redis_w.setex(
.venv/lib/python3.12/site-packages/redis/commands/core.py:2360: in setex
    return self.execute_command("SETEX", name, time, value)
           ^^^^^^^^^^^^^^^^^^^^^^^^^^^^^^^^^^^^^^^^^^^^^^^^
.venv/lib/python3.12/site-packages/redis/client.py:559: in execute_command
    return self._execute_command(*args, **options)
           ^^^^^^^^^^^^^^^^^^^^^^^^^^^^^^^^^^^^^^^
.venv/lib/python3.12/site-packages/redis/client.py:565: in _execute_command
    conn = self.connection or pool.get_connection(command_name, **options)
                              ^^^^^^^^^^^^^^^^^^^^^^^^^^^^^^^^^^^^^^^^^^^^
.venv/lib/python3.12/site-packages/redis/connection.py:1422: in get_connection
    connection.connect()
.venv/lib/python3.12/site-packages/redis/connection.py:363: in connect
    raise ConnectionError(self._error_message(e))
E   redis.exceptions.ConnectionError: Error 111 connecting to localhost:6379. Connection refused.
----------------------------- Captured stdout call -----------------------------
2026-02-09 12:28:32,575 - SL - INFO - 5326 - "/home/runner/work/simplelogin-app/simplelogin-app/app/events/event_dispatcher.py:62" - send_event() -  - Not sending events because webhook is not configured and allowed to be empty
______________________ test_custom_domain_search_by_regex ______________________
.venv/lib/python3.12/site-packages/redis/connection.py:357: in connect
    sock = self.retry.call_with_retry(
.venv/lib/python3.12/site-packages/redis/retry.py:62: in call_with_retry
    return do()
           ^^^^
.venv/lib/python3.12/site-packages/redis/connection.py:358: in <lambda>
    lambda: self._connect(), lambda error: self.disconnect(error)
            ^^^^^^^^^^^^^^^
.venv/lib/python3.12/site-packages/redis/connection.py:730: in _connect
    raise err
.venv/lib/python3.12/site-packages/redis/connection.py:718: in _connect
    sock.connect(socket_address)
E   ConnectionRefusedError: [Errno 111] Connection refused

During handling of the above exception, another exception occurred:
tests/admin/test_custom_domain_search.py:143: in test_custom_domain_search_by_regex
    login_admin(flask_client)
tests/admin/test_custom_domain_search.py:31: in login_admin
    r = flask_client.post(
.venv/lib/python3.12/site-packages/werkzeug/test.py:1016: in post
    return self.open(*args, **kw)
           ^^^^^^^^^^^^^^^^^^^^^^
tests/conftest.py:60: in open
    return super().open(*args, **kwargs)
           ^^^^^^^^^^^^^^^^^^^^^^^^^^^^^
.venv/lib/python3.12/site-packages/flask/testing.py:222: in open
    return Client.open(
.venv/lib/python3.12/site-packages/werkzeug/test.py:970: in open
    response = self.run_wsgi_app(environ.copy(), buffered=buffered)
               ^^^^^^^^^^^^^^^^^^^^^^^^^^^^^^^^^^^^^^^^^^^^^^^^^^^^
.venv/lib/python3.12/site-packages/werkzeug/test.py:861: in run_wsgi_app
    rv = run_wsgi_app(self.application, environ, buffered=buffered)
         ^^^^^^^^^^^^^^^^^^^^^^^^^^^^^^^^^^^^^^^^^^^^^^^^^^^^^^^^^^
.venv/lib/python3.12/site-packages/werkzeug/test.py:1096: in run_wsgi_app
    app_rv = app(environ, start_response)
             ^^^^^^^^^^^^^^^^^^^^^^^^^^^^
.venv/lib/python3.12/site-packages/flask/app.py:2464: in __call__
    return self.wsgi_app(environ, start_response)
           ^^^^^^^^^^^^^^^^^^^^^^^^^^^^^^^^^^^^^^
.venv/lib/python3.12/site-packages/werkzeug/middleware/proxy_fix.py:169: in __call__
    return self.app(environ, start_response)
           ^^^^^^^^^^^^^^^^^^^^^^^^^^^^^^^^^
.venv/lib/python3.12/site-packages/flask/app.py:2450: in wsgi_app
    response = self.handle_exception(e)
               ^^^^^^^^^^^^^^^^^^^^^^^^
.venv/lib/python3.12/site-packages/flask_cors/extension.py:165: in wrapped_function
    return cors_after_request(app.make_response(f(*args, **kwargs)))
                                                ^^^^^^^^^^^^^^^^^^
.venv/lib/python3.12/site-packages/flask/app.py:1867: in handle_exception
    reraise(exc_type, exc_value, tb)
.venv/lib/python3.12/site-packages/flask/_compat.py:39: in reraise
    raise value
.venv/lib/python3.12/site-packages/flask/app.py:2447: in wsgi_app
    response = self.full_dispatch_request()
               ^^^^^^^^^^^^^^^^^^^^^^^^^^^^
.venv/lib/python3.12/site-packages/flask/app.py:1953: in full_dispatch_request
    return self.finalize_request(rv)
           ^^^^^^^^^^^^^^^^^^^^^^^^^
.venv/lib/python3.12/site-packages/flask/app.py:1970: in finalize_request
    response = self.process_response(response)
               ^^^^^^^^^^^^^^^^^^^^^^^^^^^^^^^
.venv/lib/python3.12/site-packages/flask/app.py:2269: in process_response
    self.session_interface.save_session(self, ctx.session, response)
app/session.py:97: in save_session
    self._redis_w.setex(
.venv/lib/python3.12/site-packages/redis/commands/core.py:2360: in setex
    return self.execute_command("SETEX", name, time, value)
           ^^^^^^^^^^^^^^^^^^^^^^^^^^^^^^^^^^^^^^^^^^^^^^^^
.venv/lib/python3.12/site-packages/redis/client.py:559: in execute_command
    return self._execute_command(*args, **options)
           ^^^^^^^^^^^^^^^^^^^^^^^^^^^^^^^^^^^^^^^
.venv/lib/python3.12/site-packages/redis/client.py:565: in _execute_command
    conn = self.connection or pool.get_connection(command_name, **options)
                              ^^^^^^^^^^^^^^^^^^^^^^^^^^^^^^^^^^^^^^^^^^^^
.venv/lib/python3.12/site-packages/redis/connection.py:1422: in get_connection
    connection.connect()
.venv/lib/python3.12/site-packages/redis/connection.py:363: in connect
    raise ConnectionError(self._error_message(e))
E   redis.exceptions.ConnectionError: Error 111 connecting to localhost:6379. Connection refused.
----------------------------- Captured stdout call -----------------------------
2026-02-09 12:28:33,255 - SL - INFO - 5326 - "/home/runner/work/simplelogin-app/simplelogin-app/app/events/event_dispatcher.py:62" - send_event() -  - Not sending events because webhook is not configured and allowed to be empty
_____________________ test_custom_domain_search_no_results _____________________
.venv/lib/python3.12/site-packages/redis/connection.py:357: in connect
    sock = self.retry.call_with_retry(
.venv/lib/python3.12/site-packages/redis/retry.py:62: in call_with_retry
    return do()
           ^^^^
.venv/lib/python3.12/site-packages/redis/connection.py:358: in <lambda>
    lambda: self._connect(), lambda error: self.disconnect(error)
            ^^^^^^^^^^^^^^^
.venv/lib/python3.12/site-packages/redis/connection.py:730: in _connect
    raise err
.venv/lib/python3.12/site-packages/redis/connection.py:718: in _connect
    sock.connect(socket_address)
E   ConnectionRefusedError: [Errno 111] Connection refused

During handling of the above exception, another exception occurred:
tests/admin/test_custom_domain_search.py:164: in test_custom_domain_search_no_results
    login_admin(flask_client)
tests/admin/test_custom_domain_search.py:31: in login_admin
    r = flask_client.post(
.venv/lib/python3.12/site-packages/werkzeug/test.py:1016: in post
    return self.open(*args, **kw)
           ^^^^^^^^^^^^^^^^^^^^^^
tests/conftest.py:60: in open
    return super().open(*args, **kwargs)
           ^^^^^^^^^^^^^^^^^^^^^^^^^^^^^
.venv/lib/python3.12/site-packages/flask/testing.py:222: in open
    return Client.open(
.venv/lib/python3.12/site-packages/werkzeug/test.py:970: in open
    response = self.run_wsgi_app(environ.copy(), buffered=buffered)
               ^^^^^^^^^^^^^^^^^^^^^^^^^^^^^^^^^^^^^^^^^^^^^^^^^^^^
.venv/lib/python3.12/site-packages/werkzeug/test.py:861: in run_wsgi_app
    rv = run_wsgi_app(self.application, environ, buffered=buffered)
         ^^^^^^^^^^^^^^^^^^^^^^^^^^^^^^^^^^^^^^^^^^^^^^^^^^^^^^^^^^
.venv/lib/python3.12/site-packages/werkzeug/test.py:1096: in run_wsgi_app
    app_rv = app(environ, start_response)
             ^^^^^^^^^^^^^^^^^^^^^^^^^^^^
.venv/lib/python3.12/site-packages/flask/app.py:2464: in __call__
    return self.wsgi_app(environ, start_response)
           ^^^^^^^^^^^^^^^^^^^^^^^^^^^^^^^^^^^^^^
.venv/lib/python3.12/site-packages/werkzeug/middleware/proxy_fix.py:169: in __call__
    return self.app(environ, start_response)
           ^^^^^^^^^^^^^^^^^^^^^^^^^^^^^^^^^
.venv/lib/python3.12/site-packages/flask/app.py:2450: in wsgi_app
    response = self.handle_exception(e)
               ^^^^^^^^^^^^^^^^^^^^^^^^
.venv/lib/python3.12/site-packages/flask_cors/extension.py:165: in wrapped_function
    return cors_after_request(app.make_response(f(*args, **kwargs)))
                                                ^^^^^^^^^^^^^^^^^^
.venv/lib/python3.12/site-packages/flask/app.py:1867: in handle_exception
    reraise(exc_type, exc_value, tb)
.venv/lib/python3.12/site-packages/flask/_compat.py:39: in reraise
    raise value
.venv/lib/python3.12/site-packages/flask/app.py:2447: in wsgi_app
    response = self.full_dispatch_request()
               ^^^^^^^^^^^^^^^^^^^^^^^^^^^^
.venv/lib/python3.12/site-packages/flask/app.py:1953: in full_dispatch_request
    return self.finalize_request(rv)
           ^^^^^^^^^^^^^^^^^^^^^^^^^
.venv/lib/python3.12/site-packages/flask/app.py:1970: in finalize_request
    response = self.process_response(response)
               ^^^^^^^^^^^^^^^^^^^^^^^^^^^^^^^
.venv/lib/python3.12/site-packages/flask/app.py:2269: in process_response
    self.session_interface.save_session(self, ctx.session, response)
app/session.py:97: in save_session
    self._redis_w.setex(
.venv/lib/python3.12/site-packages/redis/commands/core.py:2360: in setex
    return self.execute_command("SETEX", name, time, value)
           ^^^^^^^^^^^^^^^^^^^^^^^^^^^^^^^^^^^^^^^^^^^^^^^^
.venv/lib/python3.12/site-packages/redis/client.py:559: in execute_command
    return self._execute_command(*args, **options)
           ^^^^^^^^^^^^^^^^^^^^^^^^^^^^^^^^^^^^^^^
.venv/lib/python3.12/site-packages/redis/client.py:565: in _execute_command
    conn = self.connection or pool.get_connection(command_name, **options)
                              ^^^^^^^^^^^^^^^^^^^^^^^^^^^^^^^^^^^^^^^^^^^^
.venv/lib/python3.12/site-packages/redis/connection.py:1422: in get_connection
    connection.connect()
.venv/lib/python3.12/site-packages/redis/connection.py:363: in connect
    raise ConnectionError(self._error_message(e))
E   redis.exceptions.ConnectionError: Error 111 connecting to localhost:6379. Connection refused.
----------------------------- Captured stdout call -----------------------------
2026-02-09 12:28:34,045 - SL - INFO - 5326 - "/home/runner/work/simplelogin-app/simplelogin-app/app/events/event_dispatcher.py:62" - send_event() -  - Not sending events because webhook is not configured and allowed to be empty
______________ test_custom_domain_shows_user_link_to_email_search ______________
.venv/lib/python3.12/site-packages/redis/connection.py:357: in connect
    sock = self.retry.call_with_retry(
.venv/lib/python3.12/site-packages/redis/retry.py:62: in call_with_retry
    return do()
           ^^^^
.venv/lib/python3.12/site-packages/redis/connection.py:358: in <lambda>
    lambda: self._connect(), lambda error: self.disconnect(error)
            ^^^^^^^^^^^^^^^
.venv/lib/python3.12/site-packages/redis/connection.py:730: in _connect
    raise err
.venv/lib/python3.12/site-packages/redis/connection.py:718: in _connect
    sock.connect(socket_address)
E   ConnectionRefusedError: [Errno 111] Connection refused

During handling of the above exception, another exception occurred:
tests/admin/test_custom_domain_search.py:181: in test_custom_domain_shows_user_link_to_email_search
    login_admin(flask_client)
tests/admin/test_custom_domain_search.py:31: in login_admin
    r = flask_client.post(
.venv/lib/python3.12/site-packages/werkzeug/test.py:1016: in post
    return self.open(*args, **kw)
           ^^^^^^^^^^^^^^^^^^^^^^
tests/conftest.py:60: in open
    return super().open(*args, **kwargs)
           ^^^^^^^^^^^^^^^^^^^^^^^^^^^^^
.venv/lib/python3.12/site-packages/flask/testing.py:222: in open
    return Client.open(
.venv/lib/python3.12/site-packages/werkzeug/test.py:970: in open
    response = self.run_wsgi_app(environ.copy(), buffered=buffered)
               ^^^^^^^^^^^^^^^^^^^^^^^^^^^^^^^^^^^^^^^^^^^^^^^^^^^^
.venv/lib/python3.12/site-packages/werkzeug/test.py:861: in run_wsgi_app
    rv = run_wsgi_app(self.application, environ, buffered=buffered)
         ^^^^^^^^^^^^^^^^^^^^^^^^^^^^^^^^^^^^^^^^^^^^^^^^^^^^^^^^^^
.venv/lib/python3.12/site-packages/werkzeug/test.py:1096: in run_wsgi_app
    app_rv = app(environ, start_response)
             ^^^^^^^^^^^^^^^^^^^^^^^^^^^^
.venv/lib/python3.12/site-packages/flask/app.py:2464: in __call__
    return self.wsgi_app(environ, start_response)
           ^^^^^^^^^^^^^^^^^^^^^^^^^^^^^^^^^^^^^^
.venv/lib/python3.12/site-packages/werkzeug/middleware/proxy_fix.py:169: in __call__
    return self.app(environ, start_response)
           ^^^^^^^^^^^^^^^^^^^^^^^^^^^^^^^^^
.venv/lib/python3.12/site-packages/flask/app.py:2450: in wsgi_app
    response = self.handle_exception(e)
               ^^^^^^^^^^^^^^^^^^^^^^^^
.venv/lib/python3.12/site-packages/flask_cors/extension.py:165: in wrapped_function
    return cors_after_request(app.make_response(f(*args, **kwargs)))
                                                ^^^^^^^^^^^^^^^^^^
.venv/lib/python3.12/site-packages/flask/app.py:1867: in handle_exception
    reraise(exc_type, exc_value, tb)
.venv/lib/python3.12/site-packages/flask/_compat.py:39: in reraise
    raise value
.venv/lib/python3.12/site-packages/flask/app.py:2447: in wsgi_app
    response = self.full_dispatch_request()
               ^^^^^^^^^^^^^^^^^^^^^^^^^^^^
.venv/lib/python3.12/site-packages/flask/app.py:1953: in full_dispatch_request
    return self.finalize_request(rv)
           ^^^^^^^^^^^^^^^^^^^^^^^^^
.venv/lib/python3.12/site-packages/flask/app.py:1970: in finalize_request
    response = self.process_response(response)
               ^^^^^^^^^^^^^^^^^^^^^^^^^^^^^^^
.venv/lib/python3.12/site-packages/flask/app.py:2269: in process_response
    self.session_interface.save_session(self, ctx.session, response)
app/session.py:97: in save_session
    self._redis_w.setex(
.venv/lib/python3.12/site-packages/redis/commands/core.py:2360: in setex
    return self.execute_command("SETEX", name, time, value)
           ^^^^^^^^^^^^^^^^^^^^^^^^^^^^^^^^^^^^^^^^^^^^^^^^
.venv/lib/python3.12/site-packages/redis/client.py:559: in execute_command
    return self._execute_command(*args, **options)
           ^^^^^^^^^^^^^^^^^^^^^^^^^^^^^^^^^^^^^^^
.venv/lib/python3.12/site-packages/redis/client.py:565: in _execute_command
    conn = self.connection or pool.get_connection(command_name, **options)
                              ^^^^^^^^^^^^^^^^^^^^^^^^^^^^^^^^^^^^^^^^^^^^
.venv/lib/python3.12/site-packages/redis/connection.py:1422: in get_connection
    connection.connect()
.venv/lib/python3.12/site-packages/redis/connection.py:363: in connect
    raise ConnectionError(self._error_message(e))
E   redis.exceptions.ConnectionError: Error 111 connecting to localhost:6379. Connection refused.
----------------------------- Captured stdout call -----------------------------
2026-02-09 12:28:34,727 - SL - INFO - 5326 - "/home/runner/work/simplelogin-app/simplelogin-app/app/events/event_dispatcher.py:62" - send_event() -  - Not sending events because webhook is not configured and allowed to be empty
_________________ test_custom_domain_shows_verification_status _________________
.venv/lib/python3.12/site-packages/redis/connection.py:357: in connect
    sock = self.retry.call_with_retry(
.venv/lib/python3.12/site-packages/redis/retry.py:62: in call_with_retry
    return do()
           ^^^^
.venv/lib/python3.12/site-packages/redis/connection.py:358: in <lambda>
    lambda: self._connect(), lambda error: self.disconnect(error)
            ^^^^^^^^^^^^^^^
.venv/lib/python3.12/site-packages/redis/connection.py:730: in _connect
    raise err
.venv/lib/python3.12/site-packages/redis/connection.py:718: in _connect
    sock.connect(socket_address)
E   ConnectionRefusedError: [Errno 111] Connection refused

During handling of the above exception, another exception occurred:
tests/admin/test_custom_domain_search.py:199: in test_custom_domain_shows_verification_status
    login_admin(flask_client)
tests/admin/test_custom_domain_search.py:31: in login_admin
    r = flask_client.post(
.venv/lib/python3.12/site-packages/werkzeug/test.py:1016: in post
    return self.open(*args, **kw)
           ^^^^^^^^^^^^^^^^^^^^^^
tests/conftest.py:60: in open
    return super().open(*args, **kwargs)
           ^^^^^^^^^^^^^^^^^^^^^^^^^^^^^
.venv/lib/python3.12/site-packages/flask/testing.py:222: in open
    return Client.open(
.venv/lib/python3.12/site-packages/werkzeug/test.py:970: in open
    response = self.run_wsgi_app(environ.copy(), buffered=buffered)
               ^^^^^^^^^^^^^^^^^^^^^^^^^^^^^^^^^^^^^^^^^^^^^^^^^^^^
.venv/lib/python3.12/site-packages/werkzeug/test.py:861: in run_wsgi_app
    rv = run_wsgi_app(self.application, environ, buffered=buffered)
         ^^^^^^^^^^^^^^^^^^^^^^^^^^^^^^^^^^^^^^^^^^^^^^^^^^^^^^^^^^
.venv/lib/python3.12/site-packages/werkzeug/test.py:1096: in run_wsgi_app
    app_rv = app(environ, start_response)
             ^^^^^^^^^^^^^^^^^^^^^^^^^^^^
.venv/lib/python3.12/site-packages/flask/app.py:2464: in __call__
    return self.wsgi_app(environ, start_response)
           ^^^^^^^^^^^^^^^^^^^^^^^^^^^^^^^^^^^^^^
.venv/lib/python3.12/site-packages/werkzeug/middleware/proxy_fix.py:169: in __call__
    return self.app(environ, start_response)
           ^^^^^^^^^^^^^^^^^^^^^^^^^^^^^^^^^
.venv/lib/python3.12/site-packages/flask/app.py:2450: in wsgi_app
    response = self.handle_exception(e)
               ^^^^^^^^^^^^^^^^^^^^^^^^
.venv/lib/python3.12/site-packages/flask_cors/extension.py:165: in wrapped_function
    return cors_after_request(app.make_response(f(*args, **kwargs)))
                                                ^^^^^^^^^^^^^^^^^^
.venv/lib/python3.12/site-packages/flask/app.py:1867: in handle_exception
    reraise(exc_type, exc_value, tb)
.venv/lib/python3.12/site-packages/flask/_compat.py:39: in reraise
    raise value
.venv/lib/python3.12/site-packages/flask/app.py:2447: in wsgi_app
    response = self.full_dispatch_request()
               ^^^^^^^^^^^^^^^^^^^^^^^^^^^^
.venv/lib/python3.12/site-packages/flask/app.py:1953: in full_dispatch_request
    return self.finalize_request(rv)
           ^^^^^^^^^^^^^^^^^^^^^^^^^
.venv/lib/python3.12/site-packages/flask/app.py:1970: in finalize_request
    response = self.process_response(response)
               ^^^^^^^^^^^^^^^^^^^^^^^^^^^^^^^
.venv/lib/python3.12/site-packages/flask/app.py:2269: in process_response
    self.session_interface.save_session(self, ctx.session, response)
app/session.py:97: in save_session
    self._redis_w.setex(
.venv/lib/python3.12/site-packages/redis/commands/core.py:2360: in setex
    return self.execute_command("SETEX", name, time, value)
           ^^^^^^^^^^^^^^^^^^^^^^^^^^^^^^^^^^^^^^^^^^^^^^^^
.venv/lib/python3.12/site-packages/redis/client.py:559: in execute_command
    return self._execute_command(*args, **options)
           ^^^^^^^^^^^^^^^^^^^^^^^^^^^^^^^^^^^^^^^
.venv/lib/python3.12/site-packages/redis/client.py:565: in _execute_command
    conn = self.connection or pool.get_connection(command_name, **options)
                              ^^^^^^^^^^^^^^^^^^^^^^^^^^^^^^^^^^^^^^^^^^^^
.venv/lib/python3.12/site-packages/redis/connection.py:1422: in get_connection
    connection.connect()
.venv/lib/python3.12/site-packages/redis/connection.py:363: in connect
    raise ConnectionError(self._error_message(e))
E   redis.exceptions.ConnectionError: Error 111 connecting to localhost:6379. Connection refused.
----------------------------- Captured stdout call -----------------------------
2026-02-09 12:28:35,408 - SL - INFO - 5326 - "/home/runner/work/simplelogin-app/simplelogin-app/app/events/event_dispatcher.py:62" - send_event() -  - Not sending events because webhook is not configured and allowed to be empty
_____________________ test_custom_domain_shows_domain_info _____________________
.venv/lib/python3.12/site-packages/redis/connection.py:357: in connect
    sock = self.retry.call_with_retry(
.venv/lib/python3.12/site-packages/redis/retry.py:62: in call_with_retry
    return do()
           ^^^^
.venv/lib/python3.12/site-packages/redis/connection.py:358: in <lambda>
    lambda: self._connect(), lambda error: self.disconnect(error)
            ^^^^^^^^^^^^^^^
.venv/lib/python3.12/site-packages/redis/connection.py:730: in _connect
    raise err
.venv/lib/python3.12/site-packages/redis/connection.py:718: in _connect
    sock.connect(socket_address)
E   ConnectionRefusedError: [Errno 111] Connection refused

During handling of the above exception, another exception occurred:
tests/admin/test_custom_domain_search.py:226: in test_custom_domain_shows_domain_info
    login_admin(flask_client)
tests/admin/test_custom_domain_search.py:31: in login_admin
    r = flask_client.post(
.venv/lib/python3.12/site-packages/werkzeug/test.py:1016: in post
    return self.open(*args, **kw)
           ^^^^^^^^^^^^^^^^^^^^^^
tests/conftest.py:60: in open
    return super().open(*args, **kwargs)
           ^^^^^^^^^^^^^^^^^^^^^^^^^^^^^
.venv/lib/python3.12/site-packages/flask/testing.py:222: in open
    return Client.open(
.venv/lib/python3.12/site-packages/werkzeug/test.py:970: in open
    response = self.run_wsgi_app(environ.copy(), buffered=buffered)
               ^^^^^^^^^^^^^^^^^^^^^^^^^^^^^^^^^^^^^^^^^^^^^^^^^^^^
.venv/lib/python3.12/site-packages/werkzeug/test.py:861: in run_wsgi_app
    rv = run_wsgi_app(self.application, environ, buffered=buffered)
         ^^^^^^^^^^^^^^^^^^^^^^^^^^^^^^^^^^^^^^^^^^^^^^^^^^^^^^^^^^
.venv/lib/python3.12/site-packages/werkzeug/test.py:1096: in run_wsgi_app
    app_rv = app(environ, start_response)
             ^^^^^^^^^^^^^^^^^^^^^^^^^^^^
.venv/lib/python3.12/site-packages/flask/app.py:2464: in __call__
    return self.wsgi_app(environ, start_response)
           ^^^^^^^^^^^^^^^^^^^^^^^^^^^^^^^^^^^^^^
.venv/lib/python3.12/site-packages/werkzeug/middleware/proxy_fix.py:169: in __call__
    return self.app(environ, start_response)
           ^^^^^^^^^^^^^^^^^^^^^^^^^^^^^^^^^
.venv/lib/python3.12/site-packages/flask/app.py:2450: in wsgi_app
    response = self.handle_exception(e)
               ^^^^^^^^^^^^^^^^^^^^^^^^
.venv/lib/python3.12/site-packages/flask_cors/extension.py:165: in wrapped_function
    return cors_after_request(app.make_response(f(*args, **kwargs)))
                                                ^^^^^^^^^^^^^^^^^^
.venv/lib/python3.12/site-packages/flask/app.py:1867: in handle_exception
    reraise(exc_type, exc_value, tb)
.venv/lib/python3.12/site-packages/flask/_compat.py:39: in reraise
    raise value
.venv/lib/python3.12/site-packages/flask/app.py:2447: in wsgi_app
    response = self.full_dispatch_request()
               ^^^^^^^^^^^^^^^^^^^^^^^^^^^^
.venv/lib/python3.12/site-packages/flask/app.py:1953: in full_dispatch_request
    return self.finalize_request(rv)
           ^^^^^^^^^^^^^^^^^^^^^^^^^
.venv/lib/python3.12/site-packages/flask/app.py:1970: in finalize_request
    response = self.process_response(response)
               ^^^^^^^^^^^^^^^^^^^^^^^^^^^^^^^
.venv/lib/python3.12/site-packages/flask/app.py:2269: in process_response
    self.session_interface.save_session(self, ctx.session, response)
app/session.py:97: in save_session
    self._redis_w.setex(
.venv/lib/python3.12/site-packages/redis/commands/core.py:2360: in setex
    return self.execute_command("SETEX", name, time, value)
           ^^^^^^^^^^^^^^^^^^^^^^^^^^^^^^^^^^^^^^^^^^^^^^^^
.venv/lib/python3.12/site-packages/redis/client.py:559: in execute_command
    return self._execute_command(*args, **options)
           ^^^^^^^^^^^^^^^^^^^^^^^^^^^^^^^^^^^^^^^
.venv/lib/python3.12/site-packages/redis/client.py:565: in _execute_command
    conn = self.connection or pool.get_connection(command_name, **options)
                              ^^^^^^^^^^^^^^^^^^^^^^^^^^^^^^^^^^^^^^^^^^^^
.venv/lib/python3.12/site-packages/redis/connection.py:1422: in get_connection
    connection.connect()
.venv/lib/python3.12/site-packages/redis/connection.py:363: in connect
    raise ConnectionError(self._error_message(e))
E   redis.exceptions.ConnectionError: Error 111 connecting to localhost:6379. Connection refused.
----------------------------- Captured stdout call -----------------------------
2026-02-09 12:28:36,090 - SL - INFO - 5326 - "/home/runner/work/simplelogin-app/simplelogin-app/app/events/event_dispatcher.py:62" - send_event() -  - Not sending events because webhook is not configured and allowed to be empty
___________________ test_custom_domain_search_requires_admin ___________________
.venv/lib/python3.12/site-packages/redis/connection.py:357: in connect
    sock = self.retry.call_with_retry(
.venv/lib/python3.12/site-packages/redis/retry.py:62: in call_with_retry
    return do()
           ^^^^
.venv/lib/python3.12/site-packages/redis/connection.py:358: in <lambda>
    lambda: self._connect(), lambda error: self.disconnect(error)
            ^^^^^^^^^^^^^^^
.venv/lib/python3.12/site-packages/redis/connection.py:730: in _connect
    raise err
.venv/lib/python3.12/site-packages/redis/connection.py:718: in _connect
    sock.connect(socket_address)
E   ConnectionRefusedError: [Errno 111] Connection refused

During handling of the above exception, another exception occurred:
tests/admin/test_custom_domain_search.py:257: in test_custom_domain_search_requires_admin
    flask_client.post(
.venv/lib/python3.12/site-packages/werkzeug/test.py:1016: in post
    return self.open(*args, **kw)
           ^^^^^^^^^^^^^^^^^^^^^^
tests/conftest.py:60: in open
    return super().open(*args, **kwargs)
           ^^^^^^^^^^^^^^^^^^^^^^^^^^^^^
.venv/lib/python3.12/site-packages/flask/testing.py:222: in open
    return Client.open(
.venv/lib/python3.12/site-packages/werkzeug/test.py:970: in open
    response = self.run_wsgi_app(environ.copy(), buffered=buffered)
               ^^^^^^^^^^^^^^^^^^^^^^^^^^^^^^^^^^^^^^^^^^^^^^^^^^^^
.venv/lib/python3.12/site-packages/werkzeug/test.py:861: in run_wsgi_app
    rv = run_wsgi_app(self.application, environ, buffered=buffered)
         ^^^^^^^^^^^^^^^^^^^^^^^^^^^^^^^^^^^^^^^^^^^^^^^^^^^^^^^^^^
.venv/lib/python3.12/site-packages/werkzeug/test.py:1096: in run_wsgi_app
    app_rv = app(environ, start_response)
             ^^^^^^^^^^^^^^^^^^^^^^^^^^^^
.venv/lib/python3.12/site-packages/flask/app.py:2464: in __call__
    return self.wsgi_app(environ, start_response)
           ^^^^^^^^^^^^^^^^^^^^^^^^^^^^^^^^^^^^^^
.venv/lib/python3.12/site-packages/werkzeug/middleware/proxy_fix.py:169: in __call__
    return self.app(environ, start_response)
           ^^^^^^^^^^^^^^^^^^^^^^^^^^^^^^^^^
.venv/lib/python3.12/site-packages/flask/app.py:2450: in wsgi_app
    response = self.handle_exception(e)
               ^^^^^^^^^^^^^^^^^^^^^^^^
.venv/lib/python3.12/site-packages/flask_cors/extension.py:165: in wrapped_function
    return cors_after_request(app.make_response(f(*args, **kwargs)))
                                                ^^^^^^^^^^^^^^^^^^
.venv/lib/python3.12/site-packages/flask/app.py:1867: in handle_exception
    reraise(exc_type, exc_value, tb)
.venv/lib/python3.12/site-packages/flask/_compat.py:39: in reraise
    raise value
.venv/lib/python3.12/site-packages/flask/app.py:2447: in wsgi_app
    response = self.full_dispatch_request()
               ^^^^^^^^^^^^^^^^^^^^^^^^^^^^
.venv/lib/python3.12/site-packages/flask/app.py:1953: in full_dispatch_request
    return self.finalize_request(rv)
           ^^^^^^^^^^^^^^^^^^^^^^^^^
.venv/lib/python3.12/site-packages/flask/app.py:1970: in finalize_request
    response = self.process_response(response)
               ^^^^^^^^^^^^^^^^^^^^^^^^^^^^^^^
.venv/lib/python3.12/site-packages/flask/app.py:2269: in process_response
    self.session_interface.save_session(self, ctx.session, response)
app/session.py:97: in save_session
    self._redis_w.setex(
.venv/lib/python3.12/site-packages/redis/commands/core.py:2360: in setex
    return self.execute_command("SETEX", name, time, value)
           ^^^^^^^^^^^^^^^^^^^^^^^^^^^^^^^^^^^^^^^^^^^^^^^^
.venv/lib/python3.12/site-packages/redis/client.py:559: in execute_command
    return self._execute_command(*args, **options)
           ^^^^^^^^^^^^^^^^^^^^^^^^^^^^^^^^^^^^^^^
.venv/lib/python3.12/site-packages/redis/client.py:565: in _execute_command
    conn = self.connection or pool.get_connection(command_name, **options)
                              ^^^^^^^^^^^^^^^^^^^^^^^^^^^^^^^^^^^^^^^^^^^^
.venv/lib/python3.12/site-packages/redis/connection.py:1422: in get_connection
    connection.connect()
.venv/lib/python3.12/site-packages/redis/connection.py:363: in connect
    raise ConnectionError(self._error_message(e))
E   redis.exceptions.ConnectionError: Error 111 connecting to localhost:6379. Connection refused.
----------------------------- Captured stdout call -----------------------------
2026-02-09 12:28:36,774 - SL - INFO - 5326 - "/home/runner/work/simplelogin-app/simplelogin-app/app/events/event_dispatcher.py:62" - send_event() -  - Not sending events because webhook is not configured and allowed to be empty
___________________ test_custom_domain_search_requires_login ___________________
.venv/lib/python3.12/site-packages/redis/connection.py:357: in connect
    sock = self.retry.call_with_retry(
.venv/lib/python3.12/site-packages/redis/retry.py:62: in call_with_retry
    return do()
           ^^^^
.venv/lib/python3.12/site-packages/redis/connection.py:358: in <lambda>
    lambda: self._connect(), lambda error: self.disconnect(error)
            ^^^^^^^^^^^^^^^
.venv/lib/python3.12/site-packages/redis/connection.py:730: in _connect
    raise err
.venv/lib/python3.12/site-packages/redis/connection.py:718: in _connect
    sock.connect(socket_address)
E   ConnectionRefusedError: [Errno 111] Connection refused

During handling of the above exception, another exception occurred:
tests/admin/test_custom_domain_search.py:269: in test_custom_domain_search_requires_login
    r = flask_client.get(
.venv/lib/python3.12/site-packages/werkzeug/test.py:1006: in get
    return self.open(*args, **kw)
           ^^^^^^^^^^^^^^^^^^^^^^
tests/conftest.py:60: in open
    return super().open(*args, **kwargs)
           ^^^^^^^^^^^^^^^^^^^^^^^^^^^^^
.venv/lib/python3.12/site-packages/flask/testing.py:222: in open
    return Client.open(
.venv/lib/python3.12/site-packages/werkzeug/test.py:970: in open
    response = self.run_wsgi_app(environ.copy(), buffered=buffered)
               ^^^^^^^^^^^^^^^^^^^^^^^^^^^^^^^^^^^^^^^^^^^^^^^^^^^^
.venv/lib/python3.12/site-packages/werkzeug/test.py:861: in run_wsgi_app
    rv = run_wsgi_app(self.application, environ, buffered=buffered)
         ^^^^^^^^^^^^^^^^^^^^^^^^^^^^^^^^^^^^^^^^^^^^^^^^^^^^^^^^^^
.venv/lib/python3.12/site-packages/werkzeug/test.py:1096: in run_wsgi_app
    app_rv = app(environ, start_response)
             ^^^^^^^^^^^^^^^^^^^^^^^^^^^^
.venv/lib/python3.12/site-packages/flask/app.py:2464: in __call__
    return self.wsgi_app(environ, start_response)
           ^^^^^^^^^^^^^^^^^^^^^^^^^^^^^^^^^^^^^^
.venv/lib/python3.12/site-packages/werkzeug/middleware/proxy_fix.py:169: in __call__
    return self.app(environ, start_response)
           ^^^^^^^^^^^^^^^^^^^^^^^^^^^^^^^^^
.venv/lib/python3.12/site-packages/flask/app.py:2450: in wsgi_app
    response = self.handle_exception(e)
               ^^^^^^^^^^^^^^^^^^^^^^^^
.venv/lib/python3.12/site-packages/flask_cors/extension.py:165: in wrapped_function
    return cors_after_request(app.make_response(f(*args, **kwargs)))
                                                ^^^^^^^^^^^^^^^^^^
.venv/lib/python3.12/site-packages/flask/app.py:1867: in handle_exception
    reraise(exc_type, exc_value, tb)
.venv/lib/python3.12/site-packages/flask/_compat.py:39: in reraise
    raise value
.venv/lib/python3.12/site-packages/flask/app.py:2447: in wsgi_app
    response = self.full_dispatch_request()
               ^^^^^^^^^^^^^^^^^^^^^^^^^^^^
.venv/lib/python3.12/site-packages/flask/app.py:1953: in full_dispatch_request
    return self.finalize_request(rv)
           ^^^^^^^^^^^^^^^^^^^^^^^^^
.venv/lib/python3.12/site-packages/flask/app.py:1970: in finalize_request
    response = self.process_response(response)
               ^^^^^^^^^^^^^^^^^^^^^^^^^^^^^^^
.venv/lib/python3.12/site-packages/flask/app.py:2269: in process_response
    self.session_interface.save_session(self, ctx.session, response)
app/session.py:97: in save_session
    self._redis_w.setex(
.venv/lib/python3.12/site-packages/redis/commands/core.py:2360: in setex
    return self.execute_command("SETEX", name, time, value)
           ^^^^^^^^^^^^^^^^^^^^^^^^^^^^^^^^^^^^^^^^^^^^^^^^
.venv/lib/python3.12/site-packages/redis/client.py:559: in execute_command
    return self._execute_command(*args, **options)
           ^^^^^^^^^^^^^^^^^^^^^^^^^^^^^^^^^^^^^^^
.venv/lib/python3.12/site-packages/redis/client.py:565: in _execute_command
    conn = self.connection or pool.get_connection(command_name, **options)
                              ^^^^^^^^^^^^^^^^^^^^^^^^^^^^^^^^^^^^^^^^^^^^
.venv/lib/python3.12/site-packages/redis/connection.py:1422: in get_connection
    connection.connect()
.venv/lib/python3.12/site-packages/redis/connection.py:363: in connect
    raise ConnectionError(self._error_message(e))
E   redis.exceptions.ConnectionError: Error 111 connecting to localhost:6379. Connection refused.
________________ test_custom_domain_search_user_without_domains ________________
.venv/lib/python3.12/site-packages/redis/connection.py:357: in connect
    sock = self.retry.call_with_retry(
.venv/lib/python3.12/site-packages/redis/retry.py:62: in call_with_retry
    return do()
           ^^^^
.venv/lib/python3.12/site-packages/redis/connection.py:358: in <lambda>
    lambda: self._connect(), lambda error: self.disconnect(error)
            ^^^^^^^^^^^^^^^
.venv/lib/python3.12/site-packages/redis/connection.py:730: in _connect
    raise err
.venv/lib/python3.12/site-packages/redis/connection.py:718: in _connect
    sock.connect(socket_address)
E   ConnectionRefusedError: [Errno 111] Connection refused

During handling of the above exception, another exception occurred:
tests/admin/test_custom_domain_search.py:283: in test_custom_domain_search_user_without_domains
    login_admin(flask_client)
tests/admin/test_custom_domain_search.py:31: in login_admin
    r = flask_client.post(
.venv/lib/python3.12/site-packages/werkzeug/test.py:1016: in post
    return self.open(*args, **kw)
           ^^^^^^^^^^^^^^^^^^^^^^
tests/conftest.py:60: in open
    return super().open(*args, **kwargs)
           ^^^^^^^^^^^^^^^^^^^^^^^^^^^^^
.venv/lib/python3.12/site-packages/flask/testing.py:222: in open
    return Client.open(
.venv/lib/python3.12/site-packages/werkzeug/test.py:970: in open
    response = self.run_wsgi_app(environ.copy(), buffered=buffered)
               ^^^^^^^^^^^^^^^^^^^^^^^^^^^^^^^^^^^^^^^^^^^^^^^^^^^^
.venv/lib/python3.12/site-packages/werkzeug/test.py:861: in run_wsgi_app
    rv = run_wsgi_app(self.application, environ, buffered=buffered)
         ^^^^^^^^^^^^^^^^^^^^^^^^^^^^^^^^^^^^^^^^^^^^^^^^^^^^^^^^^^
.venv/lib/python3.12/site-packages/werkzeug/test.py:1096: in run_wsgi_app
    app_rv = app(environ, start_response)
             ^^^^^^^^^^^^^^^^^^^^^^^^^^^^
.venv/lib/python3.12/site-packages/flask/app.py:2464: in __call__
    return self.wsgi_app(environ, start_response)
           ^^^^^^^^^^^^^^^^^^^^^^^^^^^^^^^^^^^^^^
.venv/lib/python3.12/site-packages/werkzeug/middleware/proxy_fix.py:169: in __call__
    return self.app(environ, start_response)
           ^^^^^^^^^^^^^^^^^^^^^^^^^^^^^^^^^
.venv/lib/python3.12/site-packages/flask/app.py:2450: in wsgi_app
    response = self.handle_exception(e)
               ^^^^^^^^^^^^^^^^^^^^^^^^
.venv/lib/python3.12/site-packages/flask_cors/extension.py:165: in wrapped_function
    return cors_after_request(app.make_response(f(*args, **kwargs)))
                                                ^^^^^^^^^^^^^^^^^^
.venv/lib/python3.12/site-packages/flask/app.py:1867: in handle_exception
    reraise(exc_type, exc_value, tb)
.venv/lib/python3.12/site-packages/flask/_compat.py:39: in reraise
    raise value
.venv/lib/python3.12/site-packages/flask/app.py:2447: in wsgi_app
    response = self.full_dispatch_request()
               ^^^^^^^^^^^^^^^^^^^^^^^^^^^^
.venv/lib/python3.12/site-packages/flask/app.py:1953: in full_dispatch_request
    return self.finalize_request(rv)
           ^^^^^^^^^^^^^^^^^^^^^^^^^
.venv/lib/python3.12/site-packages/flask/app.py:1970: in finalize_request
    response = self.process_response(response)
               ^^^^^^^^^^^^^^^^^^^^^^^^^^^^^^^
.venv/lib/python3.12/site-packages/flask/app.py:2269: in process_response
    self.session_interface.save_session(self, ctx.session, response)
app/session.py:97: in save_session
    self._redis_w.setex(
.venv/lib/python3.12/site-packages/redis/commands/core.py:2360: in setex
    return self.execute_command("SETEX", name, time, value)
           ^^^^^^^^^^^^^^^^^^^^^^^^^^^^^^^^^^^^^^^^^^^^^^^^
.venv/lib/python3.12/site-packages/redis/client.py:559: in execute_command
    return self._execute_command(*args, **options)
           ^^^^^^^^^^^^^^^^^^^^^^^^^^^^^^^^^^^^^^^
.venv/lib/python3.12/site-packages/redis/client.py:565: in _execute_command
    conn = self.connection or pool.get_connection(command_name, **options)
                              ^^^^^^^^^^^^^^^^^^^^^^^^^^^^^^^^^^^^^^^^^^^^
.venv/lib/python3.12/site-packages/redis/connection.py:1422: in get_connection
    connection.connect()
.venv/lib/python3.12/site-packages/redis/connection.py:363: in connect
    raise ConnectionError(self._error_message(e))
E   redis.exceptions.ConnectionError: Error 111 connecting to localhost:6379. Connection refused.
----------------------------- Captured stdout call -----------------------------
2026-02-09 12:28:37,650 - SL - INFO - 5326 - "/home/runner/work/simplelogin-app/simplelogin-app/app/events/event_dispatcher.py:62" - send_event() -  - Not sending events because webhook is not configured and allowed to be empty
_________________________ test_email_search_page_loads _________________________
.venv/lib/python3.12/site-packages/redis/connection.py:357: in connect
    sock = self.retry.call_with_retry(
.venv/lib/python3.12/site-packages/redis/retry.py:62: in call_with_retry
    return do()
           ^^^^
.venv/lib/python3.12/site-packages/redis/connection.py:358: in <lambda>
    lambda: self._connect(), lambda error: self.disconnect(error)
            ^^^^^^^^^^^^^^^
.venv/lib/python3.12/site-packages/redis/connection.py:730: in _connect
    raise err
.venv/lib/python3.12/site-packages/redis/connection.py:718: in _connect
    sock.connect(socket_address)
E   ConnectionRefusedError: [Errno 111] Connection refused

During handling of the above exception, another exception occurred:
tests/admin/test_email_search.py:57: in test_email_search_page_loads
    login_admin(flask_client)
tests/admin/test_email_search.py:41: in login_admin
    r = flask_client.post(
.venv/lib/python3.12/site-packages/werkzeug/test.py:1016: in post
    return self.open(*args, **kw)
           ^^^^^^^^^^^^^^^^^^^^^^
tests/conftest.py:60: in open
    return super().open(*args, **kwargs)
           ^^^^^^^^^^^^^^^^^^^^^^^^^^^^^
.venv/lib/python3.12/site-packages/flask/testing.py:222: in open
    return Client.open(
.venv/lib/python3.12/site-packages/werkzeug/test.py:970: in open
    response = self.run_wsgi_app(environ.copy(), buffered=buffered)
               ^^^^^^^^^^^^^^^^^^^^^^^^^^^^^^^^^^^^^^^^^^^^^^^^^^^^
.venv/lib/python3.12/site-packages/werkzeug/test.py:861: in run_wsgi_app
    rv = run_wsgi_app(self.application, environ, buffered=buffered)
         ^^^^^^^^^^^^^^^^^^^^^^^^^^^^^^^^^^^^^^^^^^^^^^^^^^^^^^^^^^
.venv/lib/python3.12/site-packages/werkzeug/test.py:1096: in run_wsgi_app
    app_rv = app(environ, start_response)
             ^^^^^^^^^^^^^^^^^^^^^^^^^^^^
.venv/lib/python3.12/site-packages/flask/app.py:2464: in __call__
    return self.wsgi_app(environ, start_response)
           ^^^^^^^^^^^^^^^^^^^^^^^^^^^^^^^^^^^^^^
.venv/lib/python3.12/site-packages/werkzeug/middleware/proxy_fix.py:169: in __call__
    return self.app(environ, start_response)
           ^^^^^^^^^^^^^^^^^^^^^^^^^^^^^^^^^
.venv/lib/python3.12/site-packages/flask/app.py:2450: in wsgi_app
    response = self.handle_exception(e)
               ^^^^^^^^^^^^^^^^^^^^^^^^
.venv/lib/python3.12/site-packages/flask_cors/extension.py:165: in wrapped_function
    return cors_after_request(app.make_response(f(*args, **kwargs)))
                                                ^^^^^^^^^^^^^^^^^^
.venv/lib/python3.12/site-packages/flask/app.py:1867: in handle_exception
    reraise(exc_type, exc_value, tb)
.venv/lib/python3.12/site-packages/flask/_compat.py:39: in reraise
    raise value
.venv/lib/python3.12/site-packages/flask/app.py:2447: in wsgi_app
    response = self.full_dispatch_request()
               ^^^^^^^^^^^^^^^^^^^^^^^^^^^^
.venv/lib/python3.12/site-packages/flask/app.py:1953: in full_dispatch_request
    return self.finalize_request(rv)
           ^^^^^^^^^^^^^^^^^^^^^^^^^
.venv/lib/python3.12/site-packages/flask/app.py:1970: in finalize_request
    response = self.process_response(response)
               ^^^^^^^^^^^^^^^^^^^^^^^^^^^^^^^
.venv/lib/python3.12/site-packages/flask/app.py:2269: in process_response
    self.session_interface.save_session(self, ctx.session, response)
app/session.py:97: in save_session
    self._redis_w.setex(
.venv/lib/python3.12/site-packages/redis/commands/core.py:2360: in setex
    return self.execute_command("SETEX", name, time, value)
           ^^^^^^^^^^^^^^^^^^^^^^^^^^^^^^^^^^^^^^^^^^^^^^^^
.venv/lib/python3.12/site-packages/redis/client.py:559: in execute_command
    return self._execute_command(*args, **options)
           ^^^^^^^^^^^^^^^^^^^^^^^^^^^^^^^^^^^^^^^
.venv/lib/python3.12/site-packages/redis/client.py:565: in _execute_command
    conn = self.connection or pool.get_connection(command_name, **options)
                              ^^^^^^^^^^^^^^^^^^^^^^^^^^^^^^^^^^^^^^^^^^^^
.venv/lib/python3.12/site-packages/redis/connection.py:1422: in get_connection
    connection.connect()
.venv/lib/python3.12/site-packages/redis/connection.py:363: in connect
    raise ConnectionError(self._error_message(e))
E   redis.exceptions.ConnectionError: Error 111 connecting to localhost:6379. Connection refused.
----------------------------- Captured stdout call -----------------------------
2026-02-09 12:28:38,342 - SL - INFO - 5326 - "/home/runner/work/simplelogin-app/simplelogin-app/app/events/event_dispatcher.py:62" - send_event() -  - Not sending events because webhook is not configured and allowed to be empty
________________________ test_email_search_empty_query _________________________
.venv/lib/python3.12/site-packages/redis/connection.py:357: in connect
    sock = self.retry.call_with_retry(
.venv/lib/python3.12/site-packages/redis/retry.py:62: in call_with_retry
    return do()
           ^^^^
.venv/lib/python3.12/site-packages/redis/connection.py:358: in <lambda>
    lambda: self._connect(), lambda error: self.disconnect(error)
            ^^^^^^^^^^^^^^^
.venv/lib/python3.12/site-packages/redis/connection.py:730: in _connect
    raise err
.venv/lib/python3.12/site-packages/redis/connection.py:718: in _connect
    sock.connect(socket_address)
E   ConnectionRefusedError: [Errno 111] Connection refused

During handling of the above exception, another exception occurred:
tests/admin/test_email_search.py:66: in test_email_search_empty_query
    login_admin(flask_client)
tests/admin/test_email_search.py:41: in login_admin
    r = flask_client.post(
.venv/lib/python3.12/site-packages/werkzeug/test.py:1016: in post
    return self.open(*args, **kw)
           ^^^^^^^^^^^^^^^^^^^^^^
tests/conftest.py:60: in open
    return super().open(*args, **kwargs)
           ^^^^^^^^^^^^^^^^^^^^^^^^^^^^^
.venv/lib/python3.12/site-packages/flask/testing.py:222: in open
    return Client.open(
.venv/lib/python3.12/site-packages/werkzeug/test.py:970: in open
    response = self.run_wsgi_app(environ.copy(), buffered=buffered)
               ^^^^^^^^^^^^^^^^^^^^^^^^^^^^^^^^^^^^^^^^^^^^^^^^^^^^
.venv/lib/python3.12/site-packages/werkzeug/test.py:861: in run_wsgi_app
    rv = run_wsgi_app(self.application, environ, buffered=buffered)
         ^^^^^^^^^^^^^^^^^^^^^^^^^^^^^^^^^^^^^^^^^^^^^^^^^^^^^^^^^^
.venv/lib/python3.12/site-packages/werkzeug/test.py:1096: in run_wsgi_app
    app_rv = app(environ, start_response)
             ^^^^^^^^^^^^^^^^^^^^^^^^^^^^
.venv/lib/python3.12/site-packages/flask/app.py:2464: in __call__
    return self.wsgi_app(environ, start_response)
           ^^^^^^^^^^^^^^^^^^^^^^^^^^^^^^^^^^^^^^
.venv/lib/python3.12/site-packages/werkzeug/middleware/proxy_fix.py:169: in __call__
    return self.app(environ, start_response)
           ^^^^^^^^^^^^^^^^^^^^^^^^^^^^^^^^^
.venv/lib/python3.12/site-packages/flask/app.py:2450: in wsgi_app
    response = self.handle_exception(e)
               ^^^^^^^^^^^^^^^^^^^^^^^^
.venv/lib/python3.12/site-packages/flask_cors/extension.py:165: in wrapped_function
    return cors_after_request(app.make_response(f(*args, **kwargs)))
                                                ^^^^^^^^^^^^^^^^^^
.venv/lib/python3.12/site-packages/flask/app.py:1867: in handle_exception
    reraise(exc_type, exc_value, tb)
.venv/lib/python3.12/site-packages/flask/_compat.py:39: in reraise
    raise value
.venv/lib/python3.12/site-packages/flask/app.py:2447: in wsgi_app
    response = self.full_dispatch_request()
               ^^^^^^^^^^^^^^^^^^^^^^^^^^^^
.venv/lib/python3.12/site-packages/flask/app.py:1953: in full_dispatch_request
    return self.finalize_request(rv)
           ^^^^^^^^^^^^^^^^^^^^^^^^^
.venv/lib/python3.12/site-packages/flask/app.py:1970: in finalize_request
    response = self.process_response(response)
               ^^^^^^^^^^^^^^^^^^^^^^^^^^^^^^^
.venv/lib/python3.12/site-packages/flask/app.py:2269: in process_response
    self.session_interface.save_session(self, ctx.session, response)
app/session.py:97: in save_session
    self._redis_w.setex(
.venv/lib/python3.12/site-packages/redis/commands/core.py:2360: in setex
    return self.execute_command("SETEX", name, time, value)
           ^^^^^^^^^^^^^^^^^^^^^^^^^^^^^^^^^^^^^^^^^^^^^^^^
.venv/lib/python3.12/site-packages/redis/client.py:559: in execute_command
    return self._execute_command(*args, **options)
           ^^^^^^^^^^^^^^^^^^^^^^^^^^^^^^^^^^^^^^^
.venv/lib/python3.12/site-packages/redis/client.py:565: in _execute_command
    conn = self.connection or pool.get_connection(command_name, **options)
                              ^^^^^^^^^^^^^^^^^^^^^^^^^^^^^^^^^^^^^^^^^^^^
.venv/lib/python3.12/site-packages/redis/connection.py:1422: in get_connection
    connection.connect()
.venv/lib/python3.12/site-packages/redis/connection.py:363: in connect
    raise ConnectionError(self._error_message(e))
E   redis.exceptions.ConnectionError: Error 111 connecting to localhost:6379. Connection refused.
----------------------------- Captured stdout call -----------------------------
2026-02-09 12:28:39,035 - SL - INFO - 5326 - "/home/runner/work/simplelogin-app/simplelogin-app/app/events/event_dispatcher.py:62" - send_event() -  - Not sending events because webhook is not configured and allowed to be empty
_______________________ test_email_search_user_by_email ________________________
.venv/lib/python3.12/site-packages/redis/connection.py:357: in connect
    sock = self.retry.call_with_retry(
.venv/lib/python3.12/site-packages/redis/retry.py:62: in call_with_retry
    return do()
           ^^^^
.venv/lib/python3.12/site-packages/redis/connection.py:358: in <lambda>
    lambda: self._connect(), lambda error: self.disconnect(error)
            ^^^^^^^^^^^^^^^
.venv/lib/python3.12/site-packages/redis/connection.py:730: in _connect
    raise err
.venv/lib/python3.12/site-packages/redis/connection.py:718: in _connect
    sock.connect(socket_address)
E   ConnectionRefusedError: [Errno 111] Connection refused

During handling of the above exception, another exception occurred:
tests/admin/test_email_search.py:75: in test_email_search_user_by_email
    login_admin(flask_client)
tests/admin/test_email_search.py:41: in login_admin
    r = flask_client.post(
.venv/lib/python3.12/site-packages/werkzeug/test.py:1016: in post
    return self.open(*args, **kw)
           ^^^^^^^^^^^^^^^^^^^^^^
tests/conftest.py:60: in open
    return super().open(*args, **kwargs)
           ^^^^^^^^^^^^^^^^^^^^^^^^^^^^^
.venv/lib/python3.12/site-packages/flask/testing.py:222: in open
    return Client.open(
.venv/lib/python3.12/site-packages/werkzeug/test.py:970: in open
    response = self.run_wsgi_app(environ.copy(), buffered=buffered)
               ^^^^^^^^^^^^^^^^^^^^^^^^^^^^^^^^^^^^^^^^^^^^^^^^^^^^
.venv/lib/python3.12/site-packages/werkzeug/test.py:861: in run_wsgi_app
    rv = run_wsgi_app(self.application, environ, buffered=buffered)
         ^^^^^^^^^^^^^^^^^^^^^^^^^^^^^^^^^^^^^^^^^^^^^^^^^^^^^^^^^^
.venv/lib/python3.12/site-packages/werkzeug/test.py:1096: in run_wsgi_app
    app_rv = app(environ, start_response)
             ^^^^^^^^^^^^^^^^^^^^^^^^^^^^
.venv/lib/python3.12/site-packages/flask/app.py:2464: in __call__
    return self.wsgi_app(environ, start_response)
           ^^^^^^^^^^^^^^^^^^^^^^^^^^^^^^^^^^^^^^
.venv/lib/python3.12/site-packages/werkzeug/middleware/proxy_fix.py:169: in __call__
    return self.app(environ, start_response)
           ^^^^^^^^^^^^^^^^^^^^^^^^^^^^^^^^^
.venv/lib/python3.12/site-packages/flask/app.py:2450: in wsgi_app
    response = self.handle_exception(e)
               ^^^^^^^^^^^^^^^^^^^^^^^^
.venv/lib/python3.12/site-packages/flask_cors/extension.py:165: in wrapped_function
    return cors_after_request(app.make_response(f(*args, **kwargs)))
                                                ^^^^^^^^^^^^^^^^^^
.venv/lib/python3.12/site-packages/flask/app.py:1867: in handle_exception
    reraise(exc_type, exc_value, tb)
.venv/lib/python3.12/site-packages/flask/_compat.py:39: in reraise
    raise value
.venv/lib/python3.12/site-packages/flask/app.py:2447: in wsgi_app
    response = self.full_dispatch_request()
               ^^^^^^^^^^^^^^^^^^^^^^^^^^^^
.venv/lib/python3.12/site-packages/flask/app.py:1953: in full_dispatch_request
    return self.finalize_request(rv)
           ^^^^^^^^^^^^^^^^^^^^^^^^^
.venv/lib/python3.12/site-packages/flask/app.py:1970: in finalize_request
    response = self.process_response(response)
               ^^^^^^^^^^^^^^^^^^^^^^^^^^^^^^^
.venv/lib/python3.12/site-packages/flask/app.py:2269: in process_response
    self.session_interface.save_session(self, ctx.session, response)
app/session.py:97: in save_session
    self._redis_w.setex(
.venv/lib/python3.12/site-packages/redis/commands/core.py:2360: in setex
    return self.execute_command("SETEX", name, time, value)
           ^^^^^^^^^^^^^^^^^^^^^^^^^^^^^^^^^^^^^^^^^^^^^^^^
.venv/lib/python3.12/site-packages/redis/client.py:559: in execute_command
    return self._execute_command(*args, **options)
           ^^^^^^^^^^^^^^^^^^^^^^^^^^^^^^^^^^^^^^^
.venv/lib/python3.12/site-packages/redis/client.py:565: in _execute_command
    conn = self.connection or pool.get_connection(command_name, **options)
                              ^^^^^^^^^^^^^^^^^^^^^^^^^^^^^^^^^^^^^^^^^^^^
.venv/lib/python3.12/site-packages/redis/connection.py:1422: in get_connection
    connection.connect()
.venv/lib/python3.12/site-packages/redis/connection.py:363: in connect
    raise ConnectionError(self._error_message(e))
E   redis.exceptions.ConnectionError: Error 111 connecting to localhost:6379. Connection refused.
----------------------------- Captured stdout call -----------------------------
2026-02-09 12:28:39,727 - SL - INFO - 5326 - "/home/runner/work/simplelogin-app/simplelogin-app/app/events/event_dispatcher.py:62" - send_event() -  - Not sending events because webhook is not configured and allowed to be empty
_________________________ test_email_search_user_by_id _________________________
.venv/lib/python3.12/site-packages/redis/connection.py:357: in connect
    sock = self.retry.call_with_retry(
.venv/lib/python3.12/site-packages/redis/retry.py:62: in call_with_retry
    return do()
           ^^^^
.venv/lib/python3.12/site-packages/redis/connection.py:358: in <lambda>
    lambda: self._connect(), lambda error: self.disconnect(error)
            ^^^^^^^^^^^^^^^
.venv/lib/python3.12/site-packages/redis/connection.py:730: in _connect
    raise err
.venv/lib/python3.12/site-packages/redis/connection.py:718: in _connect
    sock.connect(socket_address)
E   ConnectionRefusedError: [Errno 111] Connection refused

During handling of the above exception, another exception occurred:
tests/admin/test_email_search.py:92: in test_email_search_user_by_id
    login_admin(flask_client)
tests/admin/test_email_search.py:41: in login_admin
    r = flask_client.post(
.venv/lib/python3.12/site-packages/werkzeug/test.py:1016: in post
    return self.open(*args, **kw)
           ^^^^^^^^^^^^^^^^^^^^^^
tests/conftest.py:60: in open
    return super().open(*args, **kwargs)
           ^^^^^^^^^^^^^^^^^^^^^^^^^^^^^
.venv/lib/python3.12/site-packages/flask/testing.py:222: in open
    return Client.open(
.venv/lib/python3.12/site-packages/werkzeug/test.py:970: in open
    response = self.run_wsgi_app(environ.copy(), buffered=buffered)
               ^^^^^^^^^^^^^^^^^^^^^^^^^^^^^^^^^^^^^^^^^^^^^^^^^^^^
.venv/lib/python3.12/site-packages/werkzeug/test.py:861: in run_wsgi_app
    rv = run_wsgi_app(self.application, environ, buffered=buffered)
         ^^^^^^^^^^^^^^^^^^^^^^^^^^^^^^^^^^^^^^^^^^^^^^^^^^^^^^^^^^
.venv/lib/python3.12/site-packages/werkzeug/test.py:1096: in run_wsgi_app
    app_rv = app(environ, start_response)
             ^^^^^^^^^^^^^^^^^^^^^^^^^^^^
.venv/lib/python3.12/site-packages/flask/app.py:2464: in __call__
    return self.wsgi_app(environ, start_response)
           ^^^^^^^^^^^^^^^^^^^^^^^^^^^^^^^^^^^^^^
.venv/lib/python3.12/site-packages/werkzeug/middleware/proxy_fix.py:169: in __call__
    return self.app(environ, start_response)
           ^^^^^^^^^^^^^^^^^^^^^^^^^^^^^^^^^
.venv/lib/python3.12/site-packages/flask/app.py:2450: in wsgi_app
    response = self.handle_exception(e)
               ^^^^^^^^^^^^^^^^^^^^^^^^
.venv/lib/python3.12/site-packages/flask_cors/extension.py:165: in wrapped_function
    return cors_after_request(app.make_response(f(*args, **kwargs)))
                                                ^^^^^^^^^^^^^^^^^^
.venv/lib/python3.12/site-packages/flask/app.py:1867: in handle_exception
    reraise(exc_type, exc_value, tb)
.venv/lib/python3.12/site-packages/flask/_compat.py:39: in reraise
    raise value
.venv/lib/python3.12/site-packages/flask/app.py:2447: in wsgi_app
    response = self.full_dispatch_request()
               ^^^^^^^^^^^^^^^^^^^^^^^^^^^^
.venv/lib/python3.12/site-packages/flask/app.py:1953: in full_dispatch_request
    return self.finalize_request(rv)
           ^^^^^^^^^^^^^^^^^^^^^^^^^
.venv/lib/python3.12/site-packages/flask/app.py:1970: in finalize_request
    response = self.process_response(response)
               ^^^^^^^^^^^^^^^^^^^^^^^^^^^^^^^
.venv/lib/python3.12/site-packages/flask/app.py:2269: in process_response
    self.session_interface.save_session(self, ctx.session, response)
app/session.py:97: in save_session
    self._redis_w.setex(
.venv/lib/python3.12/site-packages/redis/commands/core.py:2360: in setex
    return self.execute_command("SETEX", name, time, value)
           ^^^^^^^^^^^^^^^^^^^^^^^^^^^^^^^^^^^^^^^^^^^^^^^^
.venv/lib/python3.12/site-packages/redis/client.py:559: in execute_command
    return self._execute_command(*args, **options)
           ^^^^^^^^^^^^^^^^^^^^^^^^^^^^^^^^^^^^^^^
.venv/lib/python3.12/site-packages/redis/client.py:565: in _execute_command
    conn = self.connection or pool.get_connection(command_name, **options)
                              ^^^^^^^^^^^^^^^^^^^^^^^^^^^^^^^^^^^^^^^^^^^^
.venv/lib/python3.12/site-packages/redis/connection.py:1422: in get_connection
    connection.connect()
.venv/lib/python3.12/site-packages/redis/connection.py:363: in connect
    raise ConnectionError(self._error_message(e))
E   redis.exceptions.ConnectionError: Error 111 connecting to localhost:6379. Connection refused.
----------------------------- Captured stdout call -----------------------------
2026-02-09 12:28:40,410 - SL - INFO - 5326 - "/home/runner/work/simplelogin-app/simplelogin-app/app/events/event_dispatcher.py:62" - send_event() -  - Not sending events because webhook is not configured and allowed to be empty
_______________________ test_email_search_user_by_regex ________________________
.venv/lib/python3.12/site-packages/redis/connection.py:357: in connect
    sock = self.retry.call_with_retry(
.venv/lib/python3.12/site-packages/redis/retry.py:62: in call_with_retry
    return do()
           ^^^^
.venv/lib/python3.12/site-packages/redis/connection.py:358: in <lambda>
    lambda: self._connect(), lambda error: self.disconnect(error)
            ^^^^^^^^^^^^^^^
.venv/lib/python3.12/site-packages/redis/connection.py:730: in _connect
    raise err
.venv/lib/python3.12/site-packages/redis/connection.py:718: in _connect
    sock.connect(socket_address)
E   ConnectionRefusedError: [Errno 111] Connection refused

During handling of the above exception, another exception occurred:
tests/admin/test_email_search.py:108: in test_email_search_user_by_regex
    login_admin(flask_client)
tests/admin/test_email_search.py:41: in login_admin
    r = flask_client.post(
.venv/lib/python3.12/site-packages/werkzeug/test.py:1016: in post
    return self.open(*args, **kw)
           ^^^^^^^^^^^^^^^^^^^^^^
tests/conftest.py:60: in open
    return super().open(*args, **kwargs)
           ^^^^^^^^^^^^^^^^^^^^^^^^^^^^^
.venv/lib/python3.12/site-packages/flask/testing.py:222: in open
    return Client.open(
.venv/lib/python3.12/site-packages/werkzeug/test.py:970: in open
    response = self.run_wsgi_app(environ.copy(), buffered=buffered)
               ^^^^^^^^^^^^^^^^^^^^^^^^^^^^^^^^^^^^^^^^^^^^^^^^^^^^
.venv/lib/python3.12/site-packages/werkzeug/test.py:861: in run_wsgi_app
    rv = run_wsgi_app(self.application, environ, buffered=buffered)
         ^^^^^^^^^^^^^^^^^^^^^^^^^^^^^^^^^^^^^^^^^^^^^^^^^^^^^^^^^^
.venv/lib/python3.12/site-packages/werkzeug/test.py:1096: in run_wsgi_app
    app_rv = app(environ, start_response)
             ^^^^^^^^^^^^^^^^^^^^^^^^^^^^
.venv/lib/python3.12/site-packages/flask/app.py:2464: in __call__
    return self.wsgi_app(environ, start_response)
           ^^^^^^^^^^^^^^^^^^^^^^^^^^^^^^^^^^^^^^
.venv/lib/python3.12/site-packages/werkzeug/middleware/proxy_fix.py:169: in __call__
    return self.app(environ, start_response)
           ^^^^^^^^^^^^^^^^^^^^^^^^^^^^^^^^^
.venv/lib/python3.12/site-packages/flask/app.py:2450: in wsgi_app
    response = self.handle_exception(e)
               ^^^^^^^^^^^^^^^^^^^^^^^^
.venv/lib/python3.12/site-packages/flask_cors/extension.py:165: in wrapped_function
    return cors_after_request(app.make_response(f(*args, **kwargs)))
                                                ^^^^^^^^^^^^^^^^^^
.venv/lib/python3.12/site-packages/flask/app.py:1867: in handle_exception
    reraise(exc_type, exc_value, tb)
.venv/lib/python3.12/site-packages/flask/_compat.py:39: in reraise
    raise value
.venv/lib/python3.12/site-packages/flask/app.py:2447: in wsgi_app
    response = self.full_dispatch_request()
               ^^^^^^^^^^^^^^^^^^^^^^^^^^^^
.venv/lib/python3.12/site-packages/flask/app.py:1953: in full_dispatch_request
    return self.finalize_request(rv)
           ^^^^^^^^^^^^^^^^^^^^^^^^^
.venv/lib/python3.12/site-packages/flask/app.py:1970: in finalize_request
    response = self.process_response(response)
               ^^^^^^^^^^^^^^^^^^^^^^^^^^^^^^^
.venv/lib/python3.12/site-packages/flask/app.py:2269: in process_response
    self.session_interface.save_session(self, ctx.session, response)
app/session.py:97: in save_session
    self._redis_w.setex(
.venv/lib/python3.12/site-packages/redis/commands/core.py:2360: in setex
    return self.execute_command("SETEX", name, time, value)
           ^^^^^^^^^^^^^^^^^^^^^^^^^^^^^^^^^^^^^^^^^^^^^^^^
.venv/lib/python3.12/site-packages/redis/client.py:559: in execute_command
    return self._execute_command(*args, **options)
           ^^^^^^^^^^^^^^^^^^^^^^^^^^^^^^^^^^^^^^^
.venv/lib/python3.12/site-packages/redis/client.py:565: in _execute_command
    conn = self.connection or pool.get_connection(command_name, **options)
                              ^^^^^^^^^^^^^^^^^^^^^^^^^^^^^^^^^^^^^^^^^^^^
.venv/lib/python3.12/site-packages/redis/connection.py:1422: in get_connection
    connection.connect()
.venv/lib/python3.12/site-packages/redis/connection.py:363: in connect
    raise ConnectionError(self._error_message(e))
E   redis.exceptions.ConnectionError: Error 111 connecting to localhost:6379. Connection refused.
----------------------------- Captured stdout call -----------------------------
2026-02-09 12:28:41,097 - SL - INFO - 5326 - "/home/runner/work/simplelogin-app/simplelogin-app/app/events/event_dispatcher.py:62" - send_event() -  - Not sending events because webhook is not configured and allowed to be empty
__________________________ test_email_search_mailbox ___________________________
.venv/lib/python3.12/site-packages/redis/connection.py:357: in connect
    sock = self.retry.call_with_retry(
.venv/lib/python3.12/site-packages/redis/retry.py:62: in call_with_retry
    return do()
           ^^^^
.venv/lib/python3.12/site-packages/redis/connection.py:358: in <lambda>
    lambda: self._connect(), lambda error: self.disconnect(error)
            ^^^^^^^^^^^^^^^
.venv/lib/python3.12/site-packages/redis/connection.py:730: in _connect
    raise err
.venv/lib/python3.12/site-packages/redis/connection.py:718: in _connect
    sock.connect(socket_address)
E   ConnectionRefusedError: [Errno 111] Connection refused

During handling of the above exception, another exception occurred:
tests/admin/test_email_search.py:126: in test_email_search_mailbox
    login_admin(flask_client)
tests/admin/test_email_search.py:41: in login_admin
    r = flask_client.post(
.venv/lib/python3.12/site-packages/werkzeug/test.py:1016: in post
    return self.open(*args, **kw)
           ^^^^^^^^^^^^^^^^^^^^^^
tests/conftest.py:60: in open
    return super().open(*args, **kwargs)
           ^^^^^^^^^^^^^^^^^^^^^^^^^^^^^
.venv/lib/python3.12/site-packages/flask/testing.py:222: in open
    return Client.open(
.venv/lib/python3.12/site-packages/werkzeug/test.py:970: in open
    response = self.run_wsgi_app(environ.copy(), buffered=buffered)
               ^^^^^^^^^^^^^^^^^^^^^^^^^^^^^^^^^^^^^^^^^^^^^^^^^^^^
.venv/lib/python3.12/site-packages/werkzeug/test.py:861: in run_wsgi_app
    rv = run_wsgi_app(self.application, environ, buffered=buffered)
         ^^^^^^^^^^^^^^^^^^^^^^^^^^^^^^^^^^^^^^^^^^^^^^^^^^^^^^^^^^
.venv/lib/python3.12/site-packages/werkzeug/test.py:1096: in run_wsgi_app
    app_rv = app(environ, start_response)
             ^^^^^^^^^^^^^^^^^^^^^^^^^^^^
.venv/lib/python3.12/site-packages/flask/app.py:2464: in __call__
    return self.wsgi_app(environ, start_response)
           ^^^^^^^^^^^^^^^^^^^^^^^^^^^^^^^^^^^^^^
.venv/lib/python3.12/site-packages/werkzeug/middleware/proxy_fix.py:169: in __call__
    return self.app(environ, start_response)
           ^^^^^^^^^^^^^^^^^^^^^^^^^^^^^^^^^
.venv/lib/python3.12/site-packages/flask/app.py:2450: in wsgi_app
    response = self.handle_exception(e)
               ^^^^^^^^^^^^^^^^^^^^^^^^
.venv/lib/python3.12/site-packages/flask_cors/extension.py:165: in wrapped_function
    return cors_after_request(app.make_response(f(*args, **kwargs)))
                                                ^^^^^^^^^^^^^^^^^^
.venv/lib/python3.12/site-packages/flask/app.py:1867: in handle_exception
    reraise(exc_type, exc_value, tb)
.venv/lib/python3.12/site-packages/flask/_compat.py:39: in reraise
    raise value
.venv/lib/python3.12/site-packages/flask/app.py:2447: in wsgi_app
    response = self.full_dispatch_request()
               ^^^^^^^^^^^^^^^^^^^^^^^^^^^^
.venv/lib/python3.12/site-packages/flask/app.py:1953: in full_dispatch_request
    return self.finalize_request(rv)
           ^^^^^^^^^^^^^^^^^^^^^^^^^
.venv/lib/python3.12/site-packages/flask/app.py:1970: in finalize_request
    response = self.process_response(response)
               ^^^^^^^^^^^^^^^^^^^^^^^^^^^^^^^
.venv/lib/python3.12/site-packages/flask/app.py:2269: in process_response
    self.session_interface.save_session(self, ctx.session, response)
app/session.py:97: in save_session
    self._redis_w.setex(
.venv/lib/python3.12/site-packages/redis/commands/core.py:2360: in setex
    return self.execute_command("SETEX", name, time, value)
           ^^^^^^^^^^^^^^^^^^^^^^^^^^^^^^^^^^^^^^^^^^^^^^^^
.venv/lib/python3.12/site-packages/redis/client.py:559: in execute_command
    return self._execute_command(*args, **options)
           ^^^^^^^^^^^^^^^^^^^^^^^^^^^^^^^^^^^^^^^
.venv/lib/python3.12/site-packages/redis/client.py:565: in _execute_command
    conn = self.connection or pool.get_connection(command_name, **options)
                              ^^^^^^^^^^^^^^^^^^^^^^^^^^^^^^^^^^^^^^^^^^^^
.venv/lib/python3.12/site-packages/redis/connection.py:1422: in get_connection
    connection.connect()
.venv/lib/python3.12/site-packages/redis/connection.py:363: in connect
    raise ConnectionError(self._error_message(e))
E   redis.exceptions.ConnectionError: Error 111 connecting to localhost:6379. Connection refused.
----------------------------- Captured stdout call -----------------------------
2026-02-09 12:28:41,898 - SL - INFO - 5326 - "/home/runner/work/simplelogin-app/simplelogin-app/app/events/event_dispatcher.py:62" - send_event() -  - Not sending events because webhook is not configured and allowed to be empty
________________________ test_email_search_partner_user ________________________
.venv/lib/python3.12/site-packages/redis/connection.py:357: in connect
    sock = self.retry.call_with_retry(
.venv/lib/python3.12/site-packages/redis/retry.py:62: in call_with_retry
    return do()
           ^^^^
.venv/lib/python3.12/site-packages/redis/connection.py:358: in <lambda>
    lambda: self._connect(), lambda error: self.disconnect(error)
            ^^^^^^^^^^^^^^^
.venv/lib/python3.12/site-packages/redis/connection.py:730: in _connect
    raise err
.venv/lib/python3.12/site-packages/redis/connection.py:718: in _connect
    sock.connect(socket_address)
E   ConnectionRefusedError: [Errno 111] Connection refused

During handling of the above exception, another exception occurred:
tests/admin/test_email_search.py:151: in test_email_search_partner_user
    login_admin(flask_client)
tests/admin/test_email_search.py:41: in login_admin
    r = flask_client.post(
.venv/lib/python3.12/site-packages/werkzeug/test.py:1016: in post
    return self.open(*args, **kw)
           ^^^^^^^^^^^^^^^^^^^^^^
tests/conftest.py:60: in open
    return super().open(*args, **kwargs)
           ^^^^^^^^^^^^^^^^^^^^^^^^^^^^^
.venv/lib/python3.12/site-packages/flask/testing.py:222: in open
    return Client.open(
.venv/lib/python3.12/site-packages/werkzeug/test.py:970: in open
    response = self.run_wsgi_app(environ.copy(), buffered=buffered)
               ^^^^^^^^^^^^^^^^^^^^^^^^^^^^^^^^^^^^^^^^^^^^^^^^^^^^
.venv/lib/python3.12/site-packages/werkzeug/test.py:861: in run_wsgi_app
    rv = run_wsgi_app(self.application, environ, buffered=buffered)
         ^^^^^^^^^^^^^^^^^^^^^^^^^^^^^^^^^^^^^^^^^^^^^^^^^^^^^^^^^^
.venv/lib/python3.12/site-packages/werkzeug/test.py:1096: in run_wsgi_app
    app_rv = app(environ, start_response)
             ^^^^^^^^^^^^^^^^^^^^^^^^^^^^
.venv/lib/python3.12/site-packages/flask/app.py:2464: in __call__
    return self.wsgi_app(environ, start_response)
           ^^^^^^^^^^^^^^^^^^^^^^^^^^^^^^^^^^^^^^
.venv/lib/python3.12/site-packages/werkzeug/middleware/proxy_fix.py:169: in __call__
    return self.app(environ, start_response)
           ^^^^^^^^^^^^^^^^^^^^^^^^^^^^^^^^^
.venv/lib/python3.12/site-packages/flask/app.py:2450: in wsgi_app
    response = self.handle_exception(e)
               ^^^^^^^^^^^^^^^^^^^^^^^^
.venv/lib/python3.12/site-packages/flask_cors/extension.py:165: in wrapped_function
    return cors_after_request(app.make_response(f(*args, **kwargs)))
                                                ^^^^^^^^^^^^^^^^^^
.venv/lib/python3.12/site-packages/flask/app.py:1867: in handle_exception
    reraise(exc_type, exc_value, tb)
.venv/lib/python3.12/site-packages/flask/_compat.py:39: in reraise
    raise value
.venv/lib/python3.12/site-packages/flask/app.py:2447: in wsgi_app
    response = self.full_dispatch_request()
               ^^^^^^^^^^^^^^^^^^^^^^^^^^^^
.venv/lib/python3.12/site-packages/flask/app.py:1953: in full_dispatch_request
    return self.finalize_request(rv)
           ^^^^^^^^^^^^^^^^^^^^^^^^^
.venv/lib/python3.12/site-packages/flask/app.py:1970: in finalize_request
    response = self.process_response(response)
               ^^^^^^^^^^^^^^^^^^^^^^^^^^^^^^^
.venv/lib/python3.12/site-packages/flask/app.py:2269: in process_response
    self.session_interface.save_session(self, ctx.session, response)
app/session.py:97: in save_session
    self._redis_w.setex(
.venv/lib/python3.12/site-packages/redis/commands/core.py:2360: in setex
    return self.execute_command("SETEX", name, time, value)
           ^^^^^^^^^^^^^^^^^^^^^^^^^^^^^^^^^^^^^^^^^^^^^^^^
.venv/lib/python3.12/site-packages/redis/client.py:559: in execute_command
    return self._execute_command(*args, **options)
           ^^^^^^^^^^^^^^^^^^^^^^^^^^^^^^^^^^^^^^^
.venv/lib/python3.12/site-packages/redis/client.py:565: in _execute_command
    conn = self.connection or pool.get_connection(command_name, **options)
                              ^^^^^^^^^^^^^^^^^^^^^^^^^^^^^^^^^^^^^^^^^^^^
.venv/lib/python3.12/site-packages/redis/connection.py:1422: in get_connection
    connection.connect()
.venv/lib/python3.12/site-packages/redis/connection.py:363: in connect
    raise ConnectionError(self._error_message(e))
E   redis.exceptions.ConnectionError: Error 111 connecting to localhost:6379. Connection refused.
----------------------------- Captured stdout call -----------------------------
2026-02-09 12:28:42,589 - SL - INFO - 5326 - "/home/runner/work/simplelogin-app/simplelogin-app/app/events/event_dispatcher.py:62" - send_event() -  - Not sending events because webhook is not configured and allowed to be empty
_________________________ test_email_search_no_results _________________________
.venv/lib/python3.12/site-packages/redis/connection.py:357: in connect
    sock = self.retry.call_with_retry(
.venv/lib/python3.12/site-packages/redis/retry.py:62: in call_with_retry
    return do()
           ^^^^
.venv/lib/python3.12/site-packages/redis/connection.py:358: in <lambda>
    lambda: self._connect(), lambda error: self.disconnect(error)
            ^^^^^^^^^^^^^^^
.venv/lib/python3.12/site-packages/redis/connection.py:730: in _connect
    raise err
.venv/lib/python3.12/site-packages/redis/connection.py:718: in _connect
    sock.connect(socket_address)
E   ConnectionRefusedError: [Errno 111] Connection refused

During handling of the above exception, another exception occurred:
tests/admin/test_email_search.py:175: in test_email_search_no_results
    login_admin(flask_client)
tests/admin/test_email_search.py:41: in login_admin
    r = flask_client.post(
.venv/lib/python3.12/site-packages/werkzeug/test.py:1016: in post
    return self.open(*args, **kw)
           ^^^^^^^^^^^^^^^^^^^^^^
tests/conftest.py:60: in open
    return super().open(*args, **kwargs)
           ^^^^^^^^^^^^^^^^^^^^^^^^^^^^^
.venv/lib/python3.12/site-packages/flask/testing.py:222: in open
    return Client.open(
.venv/lib/python3.12/site-packages/werkzeug/test.py:970: in open
    response = self.run_wsgi_app(environ.copy(), buffered=buffered)
               ^^^^^^^^^^^^^^^^^^^^^^^^^^^^^^^^^^^^^^^^^^^^^^^^^^^^
.venv/lib/python3.12/site-packages/werkzeug/test.py:861: in run_wsgi_app
    rv = run_wsgi_app(self.application, environ, buffered=buffered)
         ^^^^^^^^^^^^^^^^^^^^^^^^^^^^^^^^^^^^^^^^^^^^^^^^^^^^^^^^^^
.venv/lib/python3.12/site-packages/werkzeug/test.py:1096: in run_wsgi_app
    app_rv = app(environ, start_response)
             ^^^^^^^^^^^^^^^^^^^^^^^^^^^^
.venv/lib/python3.12/site-packages/flask/app.py:2464: in __call__
    return self.wsgi_app(environ, start_response)
           ^^^^^^^^^^^^^^^^^^^^^^^^^^^^^^^^^^^^^^
.venv/lib/python3.12/site-packages/werkzeug/middleware/proxy_fix.py:169: in __call__
    return self.app(environ, start_response)
           ^^^^^^^^^^^^^^^^^^^^^^^^^^^^^^^^^
.venv/lib/python3.12/site-packages/flask/app.py:2450: in wsgi_app
    response = self.handle_exception(e)
               ^^^^^^^^^^^^^^^^^^^^^^^^
.venv/lib/python3.12/site-packages/flask_cors/extension.py:165: in wrapped_function
    return cors_after_request(app.make_response(f(*args, **kwargs)))
                                                ^^^^^^^^^^^^^^^^^^
.venv/lib/python3.12/site-packages/flask/app.py:1867: in handle_exception
    reraise(exc_type, exc_value, tb)
.venv/lib/python3.12/site-packages/flask/_compat.py:39: in reraise
    raise value
.venv/lib/python3.12/site-packages/flask/app.py:2447: in wsgi_app
    response = self.full_dispatch_request()
               ^^^^^^^^^^^^^^^^^^^^^^^^^^^^
.venv/lib/python3.12/site-packages/flask/app.py:1953: in full_dispatch_request
    return self.finalize_request(rv)
           ^^^^^^^^^^^^^^^^^^^^^^^^^
.venv/lib/python3.12/site-packages/flask/app.py:1970: in finalize_request
    response = self.process_response(response)
               ^^^^^^^^^^^^^^^^^^^^^^^^^^^^^^^
.venv/lib/python3.12/site-packages/flask/app.py:2269: in process_response
    self.session_interface.save_session(self, ctx.session, response)
app/session.py:97: in save_session
    self._redis_w.setex(
.venv/lib/python3.12/site-packages/redis/commands/core.py:2360: in setex
    return self.execute_command("SETEX", name, time, value)
           ^^^^^^^^^^^^^^^^^^^^^^^^^^^^^^^^^^^^^^^^^^^^^^^^
.venv/lib/python3.12/site-packages/redis/client.py:559: in execute_command
    return self._execute_command(*args, **options)
           ^^^^^^^^^^^^^^^^^^^^^^^^^^^^^^^^^^^^^^^
.venv/lib/python3.12/site-packages/redis/client.py:565: in _execute_command
    conn = self.connection or pool.get_connection(command_name, **options)
                              ^^^^^^^^^^^^^^^^^^^^^^^^^^^^^^^^^^^^^^^^^^^^
.venv/lib/python3.12/site-packages/redis/connection.py:1422: in get_connection
    connection.connect()
.venv/lib/python3.12/site-packages/redis/connection.py:363: in connect
    raise ConnectionError(self._error_message(e))
E   redis.exceptions.ConnectionError: Error 111 connecting to localhost:6379. Connection refused.
----------------------------- Captured stdout call -----------------------------
2026-02-09 12:28:43,276 - SL - INFO - 5326 - "/home/runner/work/simplelogin-app/simplelogin-app/app/events/event_dispatcher.py:62" - send_event() -  - Not sending events because webhook is not configured and allowed to be empty
___________________ test_email_search_user_with_subscription ___________________
.venv/lib/python3.12/site-packages/redis/connection.py:357: in connect
    sock = self.retry.call_with_retry(
.venv/lib/python3.12/site-packages/redis/retry.py:62: in call_with_retry
    return do()
           ^^^^
.venv/lib/python3.12/site-packages/redis/connection.py:358: in <lambda>
    lambda: self._connect(), lambda error: self.disconnect(error)
            ^^^^^^^^^^^^^^^
.venv/lib/python3.12/site-packages/redis/connection.py:730: in _connect
    raise err
.venv/lib/python3.12/site-packages/redis/connection.py:718: in _connect
    sock.connect(socket_address)
E   ConnectionRefusedError: [Errno 111] Connection refused

During handling of the above exception, another exception occurred:
tests/admin/test_email_search.py:187: in test_email_search_user_with_subscription
    login_admin(flask_client)
tests/admin/test_email_search.py:41: in login_admin
    r = flask_client.post(
.venv/lib/python3.12/site-packages/werkzeug/test.py:1016: in post
    return self.open(*args, **kw)
           ^^^^^^^^^^^^^^^^^^^^^^
tests/conftest.py:60: in open
    return super().open(*args, **kwargs)
           ^^^^^^^^^^^^^^^^^^^^^^^^^^^^^
.venv/lib/python3.12/site-packages/flask/testing.py:222: in open
    return Client.open(
.venv/lib/python3.12/site-packages/werkzeug/test.py:970: in open
    response = self.run_wsgi_app(environ.copy(), buffered=buffered)
               ^^^^^^^^^^^^^^^^^^^^^^^^^^^^^^^^^^^^^^^^^^^^^^^^^^^^
.venv/lib/python3.12/site-packages/werkzeug/test.py:861: in run_wsgi_app
    rv = run_wsgi_app(self.application, environ, buffered=buffered)
         ^^^^^^^^^^^^^^^^^^^^^^^^^^^^^^^^^^^^^^^^^^^^^^^^^^^^^^^^^^
.venv/lib/python3.12/site-packages/werkzeug/test.py:1096: in run_wsgi_app
    app_rv = app(environ, start_response)
             ^^^^^^^^^^^^^^^^^^^^^^^^^^^^
.venv/lib/python3.12/site-packages/flask/app.py:2464: in __call__
    return self.wsgi_app(environ, start_response)
           ^^^^^^^^^^^^^^^^^^^^^^^^^^^^^^^^^^^^^^
.venv/lib/python3.12/site-packages/werkzeug/middleware/proxy_fix.py:169: in __call__
    return self.app(environ, start_response)
           ^^^^^^^^^^^^^^^^^^^^^^^^^^^^^^^^^
.venv/lib/python3.12/site-packages/flask/app.py:2450: in wsgi_app
    response = self.handle_exception(e)
               ^^^^^^^^^^^^^^^^^^^^^^^^
.venv/lib/python3.12/site-packages/flask_cors/extension.py:165: in wrapped_function
    return cors_after_request(app.make_response(f(*args, **kwargs)))
                                                ^^^^^^^^^^^^^^^^^^
.venv/lib/python3.12/site-packages/flask/app.py:1867: in handle_exception
    reraise(exc_type, exc_value, tb)
.venv/lib/python3.12/site-packages/flask/_compat.py:39: in reraise
    raise value
.venv/lib/python3.12/site-packages/flask/app.py:2447: in wsgi_app
    response = self.full_dispatch_request()
               ^^^^^^^^^^^^^^^^^^^^^^^^^^^^
.venv/lib/python3.12/site-packages/flask/app.py:1953: in full_dispatch_request
    return self.finalize_request(rv)
           ^^^^^^^^^^^^^^^^^^^^^^^^^
.venv/lib/python3.12/site-packages/flask/app.py:1970: in finalize_request
    response = self.process_response(response)
               ^^^^^^^^^^^^^^^^^^^^^^^^^^^^^^^
.venv/lib/python3.12/site-packages/flask/app.py:2269: in process_response
    self.session_interface.save_session(self, ctx.session, response)
app/session.py:97: in save_session
    self._redis_w.setex(
.venv/lib/python3.12/site-packages/redis/commands/core.py:2360: in setex
    return self.execute_command("SETEX", name, time, value)
           ^^^^^^^^^^^^^^^^^^^^^^^^^^^^^^^^^^^^^^^^^^^^^^^^
.venv/lib/python3.12/site-packages/redis/client.py:559: in execute_command
    return self._execute_command(*args, **options)
           ^^^^^^^^^^^^^^^^^^^^^^^^^^^^^^^^^^^^^^^
.venv/lib/python3.12/site-packages/redis/client.py:565: in _execute_command
    conn = self.connection or pool.get_connection(command_name, **options)
                              ^^^^^^^^^^^^^^^^^^^^^^^^^^^^^^^^^^^^^^^^^^^^
.venv/lib/python3.12/site-packages/redis/connection.py:1422: in get_connection
    connection.connect()
.venv/lib/python3.12/site-packages/redis/connection.py:363: in connect
    raise ConnectionError(self._error_message(e))
E   redis.exceptions.ConnectionError: Error 111 connecting to localhost:6379. Connection refused.
----------------------------- Captured stdout call -----------------------------
2026-02-09 12:28:43,976 - SL - INFO - 5326 - "/home/runner/work/simplelogin-app/simplelogin-app/app/events/event_dispatcher.py:62" - send_event() -  - Not sending events because webhook is not configured and allowed to be empty
____________________ test_email_search_user_with_audit_logs ____________________
.venv/lib/python3.12/site-packages/redis/connection.py:357: in connect
    sock = self.retry.call_with_retry(
.venv/lib/python3.12/site-packages/redis/retry.py:62: in call_with_retry
    return do()
           ^^^^
.venv/lib/python3.12/site-packages/redis/connection.py:358: in <lambda>
    lambda: self._connect(), lambda error: self.disconnect(error)
            ^^^^^^^^^^^^^^^
.venv/lib/python3.12/site-packages/redis/connection.py:730: in _connect
    raise err
.venv/lib/python3.12/site-packages/redis/connection.py:718: in _connect
    sock.connect(socket_address)
E   ConnectionRefusedError: [Errno 111] Connection refused

During handling of the above exception, another exception occurred:
tests/admin/test_email_search.py:210: in test_email_search_user_with_audit_logs
    login_admin(flask_client)
tests/admin/test_email_search.py:41: in login_admin
    r = flask_client.post(
.venv/lib/python3.12/site-packages/werkzeug/test.py:1016: in post
    return self.open(*args, **kw)
           ^^^^^^^^^^^^^^^^^^^^^^
tests/conftest.py:60: in open
    return super().open(*args, **kwargs)
           ^^^^^^^^^^^^^^^^^^^^^^^^^^^^^
.venv/lib/python3.12/site-packages/flask/testing.py:222: in open
    return Client.open(
.venv/lib/python3.12/site-packages/werkzeug/test.py:970: in open
    response = self.run_wsgi_app(environ.copy(), buffered=buffered)
               ^^^^^^^^^^^^^^^^^^^^^^^^^^^^^^^^^^^^^^^^^^^^^^^^^^^^
.venv/lib/python3.12/site-packages/werkzeug/test.py:861: in run_wsgi_app
    rv = run_wsgi_app(self.application, environ, buffered=buffered)
         ^^^^^^^^^^^^^^^^^^^^^^^^^^^^^^^^^^^^^^^^^^^^^^^^^^^^^^^^^^
.venv/lib/python3.12/site-packages/werkzeug/test.py:1096: in run_wsgi_app
    app_rv = app(environ, start_response)
             ^^^^^^^^^^^^^^^^^^^^^^^^^^^^
.venv/lib/python3.12/site-packages/flask/app.py:2464: in __call__
    return self.wsgi_app(environ, start_response)
           ^^^^^^^^^^^^^^^^^^^^^^^^^^^^^^^^^^^^^^
.venv/lib/python3.12/site-packages/werkzeug/middleware/proxy_fix.py:169: in __call__
    return self.app(environ, start_response)
           ^^^^^^^^^^^^^^^^^^^^^^^^^^^^^^^^^
.venv/lib/python3.12/site-packages/flask/app.py:2450: in wsgi_app
    response = self.handle_exception(e)
               ^^^^^^^^^^^^^^^^^^^^^^^^
.venv/lib/python3.12/site-packages/flask_cors/extension.py:165: in wrapped_function
    return cors_after_request(app.make_response(f(*args, **kwargs)))
                                                ^^^^^^^^^^^^^^^^^^
.venv/lib/python3.12/site-packages/flask/app.py:1867: in handle_exception
    reraise(exc_type, exc_value, tb)
.venv/lib/python3.12/site-packages/flask/_compat.py:39: in reraise
    raise value
.venv/lib/python3.12/site-packages/flask/app.py:2447: in wsgi_app
    response = self.full_dispatch_request()
               ^^^^^^^^^^^^^^^^^^^^^^^^^^^^
.venv/lib/python3.12/site-packages/flask/app.py:1953: in full_dispatch_request
    return self.finalize_request(rv)
           ^^^^^^^^^^^^^^^^^^^^^^^^^
.venv/lib/python3.12/site-packages/flask/app.py:1970: in finalize_request
    response = self.process_response(response)
               ^^^^^^^^^^^^^^^^^^^^^^^^^^^^^^^
.venv/lib/python3.12/site-packages/flask/app.py:2269: in process_response
    self.session_interface.save_session(self, ctx.session, response)
app/session.py:97: in save_session
    self._redis_w.setex(
.venv/lib/python3.12/site-packages/redis/commands/core.py:2360: in setex
    return self.execute_command("SETEX", name, time, value)
           ^^^^^^^^^^^^^^^^^^^^^^^^^^^^^^^^^^^^^^^^^^^^^^^^
.venv/lib/python3.12/site-packages/redis/client.py:559: in execute_command
    return self._execute_command(*args, **options)
           ^^^^^^^^^^^^^^^^^^^^^^^^^^^^^^^^^^^^^^^
.venv/lib/python3.12/site-packages/redis/client.py:565: in _execute_command
    conn = self.connection or pool.get_connection(command_name, **options)
                              ^^^^^^^^^^^^^^^^^^^^^^^^^^^^^^^^^^^^^^^^^^^^
.venv/lib/python3.12/site-packages/redis/connection.py:1422: in get_connection
    connection.connect()
.venv/lib/python3.12/site-packages/redis/connection.py:363: in connect
    raise ConnectionError(self._error_message(e))
E   redis.exceptions.ConnectionError: Error 111 connecting to localhost:6379. Connection refused.
----------------------------- Captured stdout call -----------------------------
2026-02-09 12:28:44,665 - SL - INFO - 5326 - "/home/runner/work/simplelogin-app/simplelogin-app/app/events/event_dispatcher.py:62" - send_event() -  - Not sending events because webhook is not configured and allowed to be empty
____________________ test_email_search_user_with_abuse_logs ____________________
.venv/lib/python3.12/site-packages/redis/connection.py:357: in connect
    sock = self.retry.call_with_retry(
.venv/lib/python3.12/site-packages/redis/retry.py:62: in call_with_retry
    return do()
           ^^^^
.venv/lib/python3.12/site-packages/redis/connection.py:358: in <lambda>
    lambda: self._connect(), lambda error: self.disconnect(error)
            ^^^^^^^^^^^^^^^
.venv/lib/python3.12/site-packages/redis/connection.py:730: in _connect
    raise err
.venv/lib/python3.12/site-packages/redis/connection.py:718: in _connect
    sock.connect(socket_address)
E   ConnectionRefusedError: [Errno 111] Connection refused

During handling of the above exception, another exception occurred:
tests/admin/test_email_search.py:234: in test_email_search_user_with_abuse_logs
    login_admin(flask_client)
tests/admin/test_email_search.py:41: in login_admin
    r = flask_client.post(
.venv/lib/python3.12/site-packages/werkzeug/test.py:1016: in post
    return self.open(*args, **kw)
           ^^^^^^^^^^^^^^^^^^^^^^
tests/conftest.py:60: in open
    return super().open(*args, **kwargs)
           ^^^^^^^^^^^^^^^^^^^^^^^^^^^^^
.venv/lib/python3.12/site-packages/flask/testing.py:222: in open
    return Client.open(
.venv/lib/python3.12/site-packages/werkzeug/test.py:970: in open
    response = self.run_wsgi_app(environ.copy(), buffered=buffered)
               ^^^^^^^^^^^^^^^^^^^^^^^^^^^^^^^^^^^^^^^^^^^^^^^^^^^^
.venv/lib/python3.12/site-packages/werkzeug/test.py:861: in run_wsgi_app
    rv = run_wsgi_app(self.application, environ, buffered=buffered)
         ^^^^^^^^^^^^^^^^^^^^^^^^^^^^^^^^^^^^^^^^^^^^^^^^^^^^^^^^^^
.venv/lib/python3.12/site-packages/werkzeug/test.py:1096: in run_wsgi_app
    app_rv = app(environ, start_response)
             ^^^^^^^^^^^^^^^^^^^^^^^^^^^^
.venv/lib/python3.12/site-packages/flask/app.py:2464: in __call__
    return self.wsgi_app(environ, start_response)
           ^^^^^^^^^^^^^^^^^^^^^^^^^^^^^^^^^^^^^^
.venv/lib/python3.12/site-packages/werkzeug/middleware/proxy_fix.py:169: in __call__
    return self.app(environ, start_response)
           ^^^^^^^^^^^^^^^^^^^^^^^^^^^^^^^^^
.venv/lib/python3.12/site-packages/flask/app.py:2450: in wsgi_app
    response = self.handle_exception(e)
               ^^^^^^^^^^^^^^^^^^^^^^^^
.venv/lib/python3.12/site-packages/flask_cors/extension.py:165: in wrapped_function
    return cors_after_request(app.make_response(f(*args, **kwargs)))
                                                ^^^^^^^^^^^^^^^^^^
.venv/lib/python3.12/site-packages/flask/app.py:1867: in handle_exception
    reraise(exc_type, exc_value, tb)
.venv/lib/python3.12/site-packages/flask/_compat.py:39: in reraise
    raise value
.venv/lib/python3.12/site-packages/flask/app.py:2447: in wsgi_app
    response = self.full_dispatch_request()
               ^^^^^^^^^^^^^^^^^^^^^^^^^^^^
.venv/lib/python3.12/site-packages/flask/app.py:1953: in full_dispatch_request
    return self.finalize_request(rv)
           ^^^^^^^^^^^^^^^^^^^^^^^^^
.venv/lib/python3.12/site-packages/flask/app.py:1970: in finalize_request
    response = self.process_response(response)
               ^^^^^^^^^^^^^^^^^^^^^^^^^^^^^^^
.venv/lib/python3.12/site-packages/flask/app.py:2269: in process_response
    self.session_interface.save_session(self, ctx.session, response)
app/session.py:97: in save_session
    self._redis_w.setex(
.venv/lib/python3.12/site-packages/redis/commands/core.py:2360: in setex
    return self.execute_command("SETEX", name, time, value)
           ^^^^^^^^^^^^^^^^^^^^^^^^^^^^^^^^^^^^^^^^^^^^^^^^
.venv/lib/python3.12/site-packages/redis/client.py:559: in execute_command
    return self._execute_command(*args, **options)
           ^^^^^^^^^^^^^^^^^^^^^^^^^^^^^^^^^^^^^^^
.venv/lib/python3.12/site-packages/redis/client.py:565: in _execute_command
    conn = self.connection or pool.get_connection(command_name, **options)
                              ^^^^^^^^^^^^^^^^^^^^^^^^^^^^^^^^^^^^^^^^^^^^
.venv/lib/python3.12/site-packages/redis/connection.py:1422: in get_connection
    connection.connect()
.venv/lib/python3.12/site-packages/redis/connection.py:363: in connect
    raise ConnectionError(self._error_message(e))
E   redis.exceptions.ConnectionError: Error 111 connecting to localhost:6379. Connection refused.
----------------------------- Captured stdout call -----------------------------
2026-02-09 12:28:45,355 - SL - INFO - 5326 - "/home/runner/work/simplelogin-app/simplelogin-app/app/events/event_dispatcher.py:62" - send_event() -  - Not sending events because webhook is not configured and allowed to be empty
_________________________ test_alias_search_page_loads _________________________
.venv/lib/python3.12/site-packages/redis/connection.py:357: in connect
    sock = self.retry.call_with_retry(
.venv/lib/python3.12/site-packages/redis/retry.py:62: in call_with_retry
    return do()
           ^^^^
.venv/lib/python3.12/site-packages/redis/connection.py:358: in <lambda>
    lambda: self._connect(), lambda error: self.disconnect(error)
            ^^^^^^^^^^^^^^^
.venv/lib/python3.12/site-packages/redis/connection.py:730: in _connect
    raise err
.venv/lib/python3.12/site-packages/redis/connection.py:718: in _connect
    sock.connect(socket_address)
E   ConnectionRefusedError: [Errno 111] Connection refused

During handling of the above exception, another exception occurred:
tests/admin/test_email_search.py:262: in test_alias_search_page_loads
    login_admin(flask_client)
tests/admin/test_email_search.py:41: in login_admin
    r = flask_client.post(
.venv/lib/python3.12/site-packages/werkzeug/test.py:1016: in post
    return self.open(*args, **kw)
           ^^^^^^^^^^^^^^^^^^^^^^
tests/conftest.py:60: in open
    return super().open(*args, **kwargs)
           ^^^^^^^^^^^^^^^^^^^^^^^^^^^^^
.venv/lib/python3.12/site-packages/flask/testing.py:222: in open
    return Client.open(
.venv/lib/python3.12/site-packages/werkzeug/test.py:970: in open
    response = self.run_wsgi_app(environ.copy(), buffered=buffered)
               ^^^^^^^^^^^^^^^^^^^^^^^^^^^^^^^^^^^^^^^^^^^^^^^^^^^^
.venv/lib/python3.12/site-packages/werkzeug/test.py:861: in run_wsgi_app
    rv = run_wsgi_app(self.application, environ, buffered=buffered)
         ^^^^^^^^^^^^^^^^^^^^^^^^^^^^^^^^^^^^^^^^^^^^^^^^^^^^^^^^^^
.venv/lib/python3.12/site-packages/werkzeug/test.py:1096: in run_wsgi_app
    app_rv = app(environ, start_response)
             ^^^^^^^^^^^^^^^^^^^^^^^^^^^^
.venv/lib/python3.12/site-packages/flask/app.py:2464: in __call__
    return self.wsgi_app(environ, start_response)
           ^^^^^^^^^^^^^^^^^^^^^^^^^^^^^^^^^^^^^^
.venv/lib/python3.12/site-packages/werkzeug/middleware/proxy_fix.py:169: in __call__
    return self.app(environ, start_response)
           ^^^^^^^^^^^^^^^^^^^^^^^^^^^^^^^^^
.venv/lib/python3.12/site-packages/flask/app.py:2450: in wsgi_app
    response = self.handle_exception(e)
               ^^^^^^^^^^^^^^^^^^^^^^^^
.venv/lib/python3.12/site-packages/flask_cors/extension.py:165: in wrapped_function
    return cors_after_request(app.make_response(f(*args, **kwargs)))
                                                ^^^^^^^^^^^^^^^^^^
.venv/lib/python3.12/site-packages/flask/app.py:1867: in handle_exception
    reraise(exc_type, exc_value, tb)
.venv/lib/python3.12/site-packages/flask/_compat.py:39: in reraise
    raise value
.venv/lib/python3.12/site-packages/flask/app.py:2447: in wsgi_app
    response = self.full_dispatch_request()
               ^^^^^^^^^^^^^^^^^^^^^^^^^^^^
.venv/lib/python3.12/site-packages/flask/app.py:1953: in full_dispatch_request
    return self.finalize_request(rv)
           ^^^^^^^^^^^^^^^^^^^^^^^^^
.venv/lib/python3.12/site-packages/flask/app.py:1970: in finalize_request
    response = self.process_response(response)
               ^^^^^^^^^^^^^^^^^^^^^^^^^^^^^^^
.venv/lib/python3.12/site-packages/flask/app.py:2269: in process_response
    self.session_interface.save_session(self, ctx.session, response)
app/session.py:97: in save_session
    self._redis_w.setex(
.venv/lib/python3.12/site-packages/redis/commands/core.py:2360: in setex
    return self.execute_command("SETEX", name, time, value)
           ^^^^^^^^^^^^^^^^^^^^^^^^^^^^^^^^^^^^^^^^^^^^^^^^
.venv/lib/python3.12/site-packages/redis/client.py:559: in execute_command
    return self._execute_command(*args, **options)
           ^^^^^^^^^^^^^^^^^^^^^^^^^^^^^^^^^^^^^^^
.venv/lib/python3.12/site-packages/redis/client.py:565: in _execute_command
    conn = self.connection or pool.get_connection(command_name, **options)
                              ^^^^^^^^^^^^^^^^^^^^^^^^^^^^^^^^^^^^^^^^^^^^
.venv/lib/python3.12/site-packages/redis/connection.py:1422: in get_connection
    connection.connect()
.venv/lib/python3.12/site-packages/redis/connection.py:363: in connect
    raise ConnectionError(self._error_message(e))
E   redis.exceptions.ConnectionError: Error 111 connecting to localhost:6379. Connection refused.
----------------------------- Captured stdout call -----------------------------
2026-02-09 12:28:46,063 - SL - INFO - 5326 - "/home/runner/work/simplelogin-app/simplelogin-app/app/events/event_dispatcher.py:62" - send_event() -  - Not sending events because webhook is not configured and allowed to be empty
__________________________ test_alias_search_by_email __________________________
.venv/lib/python3.12/site-packages/redis/connection.py:357: in connect
    sock = self.retry.call_with_retry(
.venv/lib/python3.12/site-packages/redis/retry.py:62: in call_with_retry
    return do()
           ^^^^
.venv/lib/python3.12/site-packages/redis/connection.py:358: in <lambda>
    lambda: self._connect(), lambda error: self.disconnect(error)
            ^^^^^^^^^^^^^^^
.venv/lib/python3.12/site-packages/redis/connection.py:730: in _connect
    raise err
.venv/lib/python3.12/site-packages/redis/connection.py:718: in _connect
    sock.connect(socket_address)
E   ConnectionRefusedError: [Errno 111] Connection refused

During handling of the above exception, another exception occurred:
tests/admin/test_email_search.py:273: in test_alias_search_by_email
    login_admin(flask_client)
tests/admin/test_email_search.py:41: in login_admin
    r = flask_client.post(
.venv/lib/python3.12/site-packages/werkzeug/test.py:1016: in post
    return self.open(*args, **kw)
           ^^^^^^^^^^^^^^^^^^^^^^
tests/conftest.py:60: in open
    return super().open(*args, **kwargs)
           ^^^^^^^^^^^^^^^^^^^^^^^^^^^^^
.venv/lib/python3.12/site-packages/flask/testing.py:222: in open
    return Client.open(
.venv/lib/python3.12/site-packages/werkzeug/test.py:970: in open
    response = self.run_wsgi_app(environ.copy(), buffered=buffered)
               ^^^^^^^^^^^^^^^^^^^^^^^^^^^^^^^^^^^^^^^^^^^^^^^^^^^^
.venv/lib/python3.12/site-packages/werkzeug/test.py:861: in run_wsgi_app
    rv = run_wsgi_app(self.application, environ, buffered=buffered)
         ^^^^^^^^^^^^^^^^^^^^^^^^^^^^^^^^^^^^^^^^^^^^^^^^^^^^^^^^^^
.venv/lib/python3.12/site-packages/werkzeug/test.py:1096: in run_wsgi_app
    app_rv = app(environ, start_response)
             ^^^^^^^^^^^^^^^^^^^^^^^^^^^^
.venv/lib/python3.12/site-packages/flask/app.py:2464: in __call__
    return self.wsgi_app(environ, start_response)
           ^^^^^^^^^^^^^^^^^^^^^^^^^^^^^^^^^^^^^^
.venv/lib/python3.12/site-packages/werkzeug/middleware/proxy_fix.py:169: in __call__
    return self.app(environ, start_response)
           ^^^^^^^^^^^^^^^^^^^^^^^^^^^^^^^^^
.venv/lib/python3.12/site-packages/flask/app.py:2450: in wsgi_app
    response = self.handle_exception(e)
               ^^^^^^^^^^^^^^^^^^^^^^^^
.venv/lib/python3.12/site-packages/flask_cors/extension.py:165: in wrapped_function
    return cors_after_request(app.make_response(f(*args, **kwargs)))
                                                ^^^^^^^^^^^^^^^^^^
.venv/lib/python3.12/site-packages/flask/app.py:1867: in handle_exception
    reraise(exc_type, exc_value, tb)
.venv/lib/python3.12/site-packages/flask/_compat.py:39: in reraise
    raise value
.venv/lib/python3.12/site-packages/flask/app.py:2447: in wsgi_app
    response = self.full_dispatch_request()
               ^^^^^^^^^^^^^^^^^^^^^^^^^^^^
.venv/lib/python3.12/site-packages/flask/app.py:1953: in full_dispatch_request
    return self.finalize_request(rv)
           ^^^^^^^^^^^^^^^^^^^^^^^^^
.venv/lib/python3.12/site-packages/flask/app.py:1970: in finalize_request
    response = self.process_response(response)
               ^^^^^^^^^^^^^^^^^^^^^^^^^^^^^^^
.venv/lib/python3.12/site-packages/flask/app.py:2269: in process_response
    self.session_interface.save_session(self, ctx.session, response)
app/session.py:97: in save_session
    self._redis_w.setex(
.venv/lib/python3.12/site-packages/redis/commands/core.py:2360: in setex
    return self.execute_command("SETEX", name, time, value)
           ^^^^^^^^^^^^^^^^^^^^^^^^^^^^^^^^^^^^^^^^^^^^^^^^
.venv/lib/python3.12/site-packages/redis/client.py:559: in execute_command
    return self._execute_command(*args, **options)
           ^^^^^^^^^^^^^^^^^^^^^^^^^^^^^^^^^^^^^^^
.venv/lib/python3.12/site-packages/redis/client.py:565: in _execute_command
    conn = self.connection or pool.get_connection(command_name, **options)
                              ^^^^^^^^^^^^^^^^^^^^^^^^^^^^^^^^^^^^^^^^^^^^
.venv/lib/python3.12/site-packages/redis/connection.py:1422: in get_connection
    connection.connect()
.venv/lib/python3.12/site-packages/redis/connection.py:363: in connect
    raise ConnectionError(self._error_message(e))
E   redis.exceptions.ConnectionError: Error 111 connecting to localhost:6379. Connection refused.
----------------------------- Captured stdout call -----------------------------
2026-02-09 12:28:46,759 - SL - INFO - 5326 - "/home/runner/work/simplelogin-app/simplelogin-app/app/events/event_dispatcher.py:62" - send_event() -  - Not sending events because webhook is not configured and allowed to be empty
______________________ test_alias_search_no_regex_support ______________________
.venv/lib/python3.12/site-packages/redis/connection.py:357: in connect
    sock = self.retry.call_with_retry(
.venv/lib/python3.12/site-packages/redis/retry.py:62: in call_with_retry
    return do()
           ^^^^
.venv/lib/python3.12/site-packages/redis/connection.py:358: in <lambda>
    lambda: self._connect(), lambda error: self.disconnect(error)
            ^^^^^^^^^^^^^^^
.venv/lib/python3.12/site-packages/redis/connection.py:730: in _connect
    raise err
.venv/lib/python3.12/site-packages/redis/connection.py:718: in _connect
    sock.connect(socket_address)
E   ConnectionRefusedError: [Errno 111] Connection refused

During handling of the above exception, another exception occurred:
tests/admin/test_email_search.py:297: in test_alias_search_no_regex_support
    login_admin(flask_client)
tests/admin/test_email_search.py:41: in login_admin
    r = flask_client.post(
.venv/lib/python3.12/site-packages/werkzeug/test.py:1016: in post
    return self.open(*args, **kw)
           ^^^^^^^^^^^^^^^^^^^^^^
tests/conftest.py:60: in open
    return super().open(*args, **kwargs)
           ^^^^^^^^^^^^^^^^^^^^^^^^^^^^^
.venv/lib/python3.12/site-packages/flask/testing.py:222: in open
    return Client.open(
.venv/lib/python3.12/site-packages/werkzeug/test.py:970: in open
    response = self.run_wsgi_app(environ.copy(), buffered=buffered)
               ^^^^^^^^^^^^^^^^^^^^^^^^^^^^^^^^^^^^^^^^^^^^^^^^^^^^
.venv/lib/python3.12/site-packages/werkzeug/test.py:861: in run_wsgi_app
    rv = run_wsgi_app(self.application, environ, buffered=buffered)
         ^^^^^^^^^^^^^^^^^^^^^^^^^^^^^^^^^^^^^^^^^^^^^^^^^^^^^^^^^^
.venv/lib/python3.12/site-packages/werkzeug/test.py:1096: in run_wsgi_app
    app_rv = app(environ, start_response)
             ^^^^^^^^^^^^^^^^^^^^^^^^^^^^
.venv/lib/python3.12/site-packages/flask/app.py:2464: in __call__
    return self.wsgi_app(environ, start_response)
           ^^^^^^^^^^^^^^^^^^^^^^^^^^^^^^^^^^^^^^
.venv/lib/python3.12/site-packages/werkzeug/middleware/proxy_fix.py:169: in __call__
    return self.app(environ, start_response)
           ^^^^^^^^^^^^^^^^^^^^^^^^^^^^^^^^^
.venv/lib/python3.12/site-packages/flask/app.py:2450: in wsgi_app
    response = self.handle_exception(e)
               ^^^^^^^^^^^^^^^^^^^^^^^^
.venv/lib/python3.12/site-packages/flask_cors/extension.py:165: in wrapped_function
    return cors_after_request(app.make_response(f(*args, **kwargs)))
                                                ^^^^^^^^^^^^^^^^^^
.venv/lib/python3.12/site-packages/flask/app.py:1867: in handle_exception
    reraise(exc_type, exc_value, tb)
.venv/lib/python3.12/site-packages/flask/_compat.py:39: in reraise
    raise value
.venv/lib/python3.12/site-packages/flask/app.py:2447: in wsgi_app
    response = self.full_dispatch_request()
               ^^^^^^^^^^^^^^^^^^^^^^^^^^^^
.venv/lib/python3.12/site-packages/flask/app.py:1953: in full_dispatch_request
    return self.finalize_request(rv)
           ^^^^^^^^^^^^^^^^^^^^^^^^^
.venv/lib/python3.12/site-packages/flask/app.py:1970: in finalize_request
    response = self.process_response(response)
               ^^^^^^^^^^^^^^^^^^^^^^^^^^^^^^^
.venv/lib/python3.12/site-packages/flask/app.py:2269: in process_response
    self.session_interface.save_session(self, ctx.session, response)
app/session.py:97: in save_session
    self._redis_w.setex(
.venv/lib/python3.12/site-packages/redis/commands/core.py:2360: in setex
    return self.execute_command("SETEX", name, time, value)
           ^^^^^^^^^^^^^^^^^^^^^^^^^^^^^^^^^^^^^^^^^^^^^^^^
.venv/lib/python3.12/site-packages/redis/client.py:559: in execute_command
    return self._execute_command(*args, **options)
           ^^^^^^^^^^^^^^^^^^^^^^^^^^^^^^^^^^^^^^^
.venv/lib/python3.12/site-packages/redis/client.py:565: in _execute_command
    conn = self.connection or pool.get_connection(command_name, **options)
                              ^^^^^^^^^^^^^^^^^^^^^^^^^^^^^^^^^^^^^^^^^^^^
.venv/lib/python3.12/site-packages/redis/connection.py:1422: in get_connection
    connection.connect()
.venv/lib/python3.12/site-packages/redis/connection.py:363: in connect
    raise ConnectionError(self._error_message(e))
E   redis.exceptions.ConnectionError: Error 111 connecting to localhost:6379. Connection refused.
----------------------------- Captured stdout call -----------------------------
2026-02-09 12:28:47,471 - SL - INFO - 5326 - "/home/runner/work/simplelogin-app/simplelogin-app/app/events/event_dispatcher.py:62" - send_event() -  - Not sending events because webhook is not configured and allowed to be empty
_______________________ test_alias_search_deleted_alias ________________________
.venv/lib/python3.12/site-packages/redis/connection.py:357: in connect
    sock = self.retry.call_with_retry(
.venv/lib/python3.12/site-packages/redis/retry.py:62: in call_with_retry
    return do()
           ^^^^
.venv/lib/python3.12/site-packages/redis/connection.py:358: in <lambda>
    lambda: self._connect(), lambda error: self.disconnect(error)
            ^^^^^^^^^^^^^^^
.venv/lib/python3.12/site-packages/redis/connection.py:730: in _connect
    raise err
.venv/lib/python3.12/site-packages/redis/connection.py:718: in _connect
    sock.connect(socket_address)
E   ConnectionRefusedError: [Errno 111] Connection refused

During handling of the above exception, another exception occurred:
tests/admin/test_email_search.py:328: in test_alias_search_deleted_alias
    login_admin(flask_client)
tests/admin/test_email_search.py:41: in login_admin
    r = flask_client.post(
.venv/lib/python3.12/site-packages/werkzeug/test.py:1016: in post
    return self.open(*args, **kw)
           ^^^^^^^^^^^^^^^^^^^^^^
tests/conftest.py:60: in open
    return super().open(*args, **kwargs)
           ^^^^^^^^^^^^^^^^^^^^^^^^^^^^^
.venv/lib/python3.12/site-packages/flask/testing.py:222: in open
    return Client.open(
.venv/lib/python3.12/site-packages/werkzeug/test.py:970: in open
    response = self.run_wsgi_app(environ.copy(), buffered=buffered)
               ^^^^^^^^^^^^^^^^^^^^^^^^^^^^^^^^^^^^^^^^^^^^^^^^^^^^
.venv/lib/python3.12/site-packages/werkzeug/test.py:861: in run_wsgi_app
    rv = run_wsgi_app(self.application, environ, buffered=buffered)
         ^^^^^^^^^^^^^^^^^^^^^^^^^^^^^^^^^^^^^^^^^^^^^^^^^^^^^^^^^^
.venv/lib/python3.12/site-packages/werkzeug/test.py:1096: in run_wsgi_app
    app_rv = app(environ, start_response)
             ^^^^^^^^^^^^^^^^^^^^^^^^^^^^
.venv/lib/python3.12/site-packages/flask/app.py:2464: in __call__
    return self.wsgi_app(environ, start_response)
           ^^^^^^^^^^^^^^^^^^^^^^^^^^^^^^^^^^^^^^
.venv/lib/python3.12/site-packages/werkzeug/middleware/proxy_fix.py:169: in __call__
    return self.app(environ, start_response)
           ^^^^^^^^^^^^^^^^^^^^^^^^^^^^^^^^^
.venv/lib/python3.12/site-packages/flask/app.py:2450: in wsgi_app
    response = self.handle_exception(e)
               ^^^^^^^^^^^^^^^^^^^^^^^^
.venv/lib/python3.12/site-packages/flask_cors/extension.py:165: in wrapped_function
    return cors_after_request(app.make_response(f(*args, **kwargs)))
                                                ^^^^^^^^^^^^^^^^^^
.venv/lib/python3.12/site-packages/flask/app.py:1867: in handle_exception
    reraise(exc_type, exc_value, tb)
.venv/lib/python3.12/site-packages/flask/_compat.py:39: in reraise
    raise value
.venv/lib/python3.12/site-packages/flask/app.py:2447: in wsgi_app
    response = self.full_dispatch_request()
               ^^^^^^^^^^^^^^^^^^^^^^^^^^^^
.venv/lib/python3.12/site-packages/flask/app.py:1953: in full_dispatch_request
    return self.finalize_request(rv)
           ^^^^^^^^^^^^^^^^^^^^^^^^^
.venv/lib/python3.12/site-packages/flask/app.py:1970: in finalize_request
    response = self.process_response(response)
               ^^^^^^^^^^^^^^^^^^^^^^^^^^^^^^^
.venv/lib/python3.12/site-packages/flask/app.py:2269: in process_response
    self.session_interface.save_session(self, ctx.session, response)
app/session.py:97: in save_session
    self._redis_w.setex(
.venv/lib/python3.12/site-packages/redis/commands/core.py:2360: in setex
    return self.execute_command("SETEX", name, time, value)
           ^^^^^^^^^^^^^^^^^^^^^^^^^^^^^^^^^^^^^^^^^^^^^^^^
.venv/lib/python3.12/site-packages/redis/client.py:559: in execute_command
    return self._execute_command(*args, **options)
           ^^^^^^^^^^^^^^^^^^^^^^^^^^^^^^^^^^^^^^^
.venv/lib/python3.12/site-packages/redis/client.py:565: in _execute_command
    conn = self.connection or pool.get_connection(command_name, **options)
                              ^^^^^^^^^^^^^^^^^^^^^^^^^^^^^^^^^^^^^^^^^^^^
.venv/lib/python3.12/site-packages/redis/connection.py:1422: in get_connection
    connection.connect()
.venv/lib/python3.12/site-packages/redis/connection.py:363: in connect
    raise ConnectionError(self._error_message(e))
E   redis.exceptions.ConnectionError: Error 111 connecting to localhost:6379. Connection refused.
----------------------------- Captured stdout call -----------------------------
2026-02-09 12:28:48,160 - SL - INFO - 5326 - "/home/runner/work/simplelogin-app/simplelogin-app/app/events/event_dispatcher.py:62" - send_event() -  - Not sending events because webhook is not configured and allowed to be empty
_________________________ test_alias_search_no_results _________________________
.venv/lib/python3.12/site-packages/redis/connection.py:357: in connect
    sock = self.retry.call_with_retry(
.venv/lib/python3.12/site-packages/redis/retry.py:62: in call_with_retry
    return do()
           ^^^^
.venv/lib/python3.12/site-packages/redis/connection.py:358: in <lambda>
    lambda: self._connect(), lambda error: self.disconnect(error)
            ^^^^^^^^^^^^^^^
.venv/lib/python3.12/site-packages/redis/connection.py:730: in _connect
    raise err
.venv/lib/python3.12/site-packages/redis/connection.py:718: in _connect
    sock.connect(socket_address)
E   ConnectionRefusedError: [Errno 111] Connection refused

During handling of the above exception, another exception occurred:
tests/admin/test_email_search.py:358: in test_alias_search_no_results
    login_admin(flask_client)
tests/admin/test_email_search.py:41: in login_admin
    r = flask_client.post(
.venv/lib/python3.12/site-packages/werkzeug/test.py:1016: in post
    return self.open(*args, **kw)
           ^^^^^^^^^^^^^^^^^^^^^^
tests/conftest.py:60: in open
    return super().open(*args, **kwargs)
           ^^^^^^^^^^^^^^^^^^^^^^^^^^^^^
.venv/lib/python3.12/site-packages/flask/testing.py:222: in open
    return Client.open(
.venv/lib/python3.12/site-packages/werkzeug/test.py:970: in open
    response = self.run_wsgi_app(environ.copy(), buffered=buffered)
               ^^^^^^^^^^^^^^^^^^^^^^^^^^^^^^^^^^^^^^^^^^^^^^^^^^^^
.venv/lib/python3.12/site-packages/werkzeug/test.py:861: in run_wsgi_app
    rv = run_wsgi_app(self.application, environ, buffered=buffered)
         ^^^^^^^^^^^^^^^^^^^^^^^^^^^^^^^^^^^^^^^^^^^^^^^^^^^^^^^^^^
.venv/lib/python3.12/site-packages/werkzeug/test.py:1096: in run_wsgi_app
    app_rv = app(environ, start_response)
             ^^^^^^^^^^^^^^^^^^^^^^^^^^^^
.venv/lib/python3.12/site-packages/flask/app.py:2464: in __call__
    return self.wsgi_app(environ, start_response)
           ^^^^^^^^^^^^^^^^^^^^^^^^^^^^^^^^^^^^^^
.venv/lib/python3.12/site-packages/werkzeug/middleware/proxy_fix.py:169: in __call__
    return self.app(environ, start_response)
           ^^^^^^^^^^^^^^^^^^^^^^^^^^^^^^^^^
.venv/lib/python3.12/site-packages/flask/app.py:2450: in wsgi_app
    response = self.handle_exception(e)
               ^^^^^^^^^^^^^^^^^^^^^^^^
.venv/lib/python3.12/site-packages/flask_cors/extension.py:165: in wrapped_function
    return cors_after_request(app.make_response(f(*args, **kwargs)))
                                                ^^^^^^^^^^^^^^^^^^
.venv/lib/python3.12/site-packages/flask/app.py:1867: in handle_exception
    reraise(exc_type, exc_value, tb)
.venv/lib/python3.12/site-packages/flask/_compat.py:39: in reraise
    raise value
.venv/lib/python3.12/site-packages/flask/app.py:2447: in wsgi_app
    response = self.full_dispatch_request()
               ^^^^^^^^^^^^^^^^^^^^^^^^^^^^
.venv/lib/python3.12/site-packages/flask/app.py:1953: in full_dispatch_request
    return self.finalize_request(rv)
           ^^^^^^^^^^^^^^^^^^^^^^^^^
.venv/lib/python3.12/site-packages/flask/app.py:1970: in finalize_request
    response = self.process_response(response)
               ^^^^^^^^^^^^^^^^^^^^^^^^^^^^^^^
.venv/lib/python3.12/site-packages/flask/app.py:2269: in process_response
    self.session_interface.save_session(self, ctx.session, response)
app/session.py:97: in save_session
    self._redis_w.setex(
.venv/lib/python3.12/site-packages/redis/commands/core.py:2360: in setex
    return self.execute_command("SETEX", name, time, value)
           ^^^^^^^^^^^^^^^^^^^^^^^^^^^^^^^^^^^^^^^^^^^^^^^^
.venv/lib/python3.12/site-packages/redis/client.py:559: in execute_command
    return self._execute_command(*args, **options)
           ^^^^^^^^^^^^^^^^^^^^^^^^^^^^^^^^^^^^^^^
.venv/lib/python3.12/site-packages/redis/client.py:565: in _execute_command
    conn = self.connection or pool.get_connection(command_name, **options)
                              ^^^^^^^^^^^^^^^^^^^^^^^^^^^^^^^^^^^^^^^^^^^^
.venv/lib/python3.12/site-packages/redis/connection.py:1422: in get_connection
    connection.connect()
.venv/lib/python3.12/site-packages/redis/connection.py:363: in connect
    raise ConnectionError(self._error_message(e))
E   redis.exceptions.ConnectionError: Error 111 connecting to localhost:6379. Connection refused.
----------------------------- Captured stdout call -----------------------------
2026-02-09 12:28:48,854 - SL - INFO - 5326 - "/home/runner/work/simplelogin-app/simplelogin-app/app/events/event_dispatcher.py:62" - send_event() -  - Not sending events because webhook is not configured and allowed to be empty
_______________________ test_email_search_requires_admin _______________________
.venv/lib/python3.12/site-packages/redis/connection.py:357: in connect
    sock = self.retry.call_with_retry(
.venv/lib/python3.12/site-packages/redis/retry.py:62: in call_with_retry
    return do()
           ^^^^
.venv/lib/python3.12/site-packages/redis/connection.py:358: in <lambda>
    lambda: self._connect(), lambda error: self.disconnect(error)
            ^^^^^^^^^^^^^^^
.venv/lib/python3.12/site-packages/redis/connection.py:730: in _connect
    raise err
.venv/lib/python3.12/site-packages/redis/connection.py:718: in _connect
    sock.connect(socket_address)
E   ConnectionRefusedError: [Errno 111] Connection refused

During handling of the above exception, another exception occurred:
tests/admin/test_email_search.py:377: in test_email_search_requires_admin
    flask_client.post(
.venv/lib/python3.12/site-packages/werkzeug/test.py:1016: in post
    return self.open(*args, **kw)
           ^^^^^^^^^^^^^^^^^^^^^^
tests/conftest.py:60: in open
    return super().open(*args, **kwargs)
           ^^^^^^^^^^^^^^^^^^^^^^^^^^^^^
.venv/lib/python3.12/site-packages/flask/testing.py:222: in open
    return Client.open(
.venv/lib/python3.12/site-packages/werkzeug/test.py:970: in open
    response = self.run_wsgi_app(environ.copy(), buffered=buffered)
               ^^^^^^^^^^^^^^^^^^^^^^^^^^^^^^^^^^^^^^^^^^^^^^^^^^^^
.venv/lib/python3.12/site-packages/werkzeug/test.py:861: in run_wsgi_app
    rv = run_wsgi_app(self.application, environ, buffered=buffered)
         ^^^^^^^^^^^^^^^^^^^^^^^^^^^^^^^^^^^^^^^^^^^^^^^^^^^^^^^^^^
.venv/lib/python3.12/site-packages/werkzeug/test.py:1096: in run_wsgi_app
    app_rv = app(environ, start_response)
             ^^^^^^^^^^^^^^^^^^^^^^^^^^^^
.venv/lib/python3.12/site-packages/flask/app.py:2464: in __call__
    return self.wsgi_app(environ, start_response)
           ^^^^^^^^^^^^^^^^^^^^^^^^^^^^^^^^^^^^^^
.venv/lib/python3.12/site-packages/werkzeug/middleware/proxy_fix.py:169: in __call__
    return self.app(environ, start_response)
           ^^^^^^^^^^^^^^^^^^^^^^^^^^^^^^^^^
.venv/lib/python3.12/site-packages/flask/app.py:2450: in wsgi_app
    response = self.handle_exception(e)
               ^^^^^^^^^^^^^^^^^^^^^^^^
.venv/lib/python3.12/site-packages/flask_cors/extension.py:165: in wrapped_function
    return cors_after_request(app.make_response(f(*args, **kwargs)))
                                                ^^^^^^^^^^^^^^^^^^
.venv/lib/python3.12/site-packages/flask/app.py:1867: in handle_exception
    reraise(exc_type, exc_value, tb)
.venv/lib/python3.12/site-packages/flask/_compat.py:39: in reraise
    raise value
.venv/lib/python3.12/site-packages/flask/app.py:2447: in wsgi_app
    response = self.full_dispatch_request()
               ^^^^^^^^^^^^^^^^^^^^^^^^^^^^
.venv/lib/python3.12/site-packages/flask/app.py:1953: in full_dispatch_request
    return self.finalize_request(rv)
           ^^^^^^^^^^^^^^^^^^^^^^^^^
.venv/lib/python3.12/site-packages/flask/app.py:1970: in finalize_request
    response = self.process_response(response)
               ^^^^^^^^^^^^^^^^^^^^^^^^^^^^^^^
.venv/lib/python3.12/site-packages/flask/app.py:2269: in process_response
    self.session_interface.save_session(self, ctx.session, response)
app/session.py:97: in save_session
    self._redis_w.setex(
.venv/lib/python3.12/site-packages/redis/commands/core.py:2360: in setex
    return self.execute_command("SETEX", name, time, value)
           ^^^^^^^^^^^^^^^^^^^^^^^^^^^^^^^^^^^^^^^^^^^^^^^^
.venv/lib/python3.12/site-packages/redis/client.py:559: in execute_command
    return self._execute_command(*args, **options)
           ^^^^^^^^^^^^^^^^^^^^^^^^^^^^^^^^^^^^^^^
.venv/lib/python3.12/site-packages/redis/client.py:565: in _execute_command
    conn = self.connection or pool.get_connection(command_name, **options)
                              ^^^^^^^^^^^^^^^^^^^^^^^^^^^^^^^^^^^^^^^^^^^^
.venv/lib/python3.12/site-packages/redis/connection.py:1422: in get_connection
    connection.connect()
.venv/lib/python3.12/site-packages/redis/connection.py:363: in connect
    raise ConnectionError(self._error_message(e))
E   redis.exceptions.ConnectionError: Error 111 connecting to localhost:6379. Connection refused.
----------------------------- Captured stdout call -----------------------------
2026-02-09 12:28:49,541 - SL - INFO - 5326 - "/home/runner/work/simplelogin-app/simplelogin-app/app/events/event_dispatcher.py:62" - send_event() -  - Not sending events because webhook is not configured and allowed to be empty
_______________________ test_email_search_requires_login _______________________
.venv/lib/python3.12/site-packages/redis/connection.py:357: in connect
    sock = self.retry.call_with_retry(
.venv/lib/python3.12/site-packages/redis/retry.py:62: in call_with_retry
    return do()
           ^^^^
.venv/lib/python3.12/site-packages/redis/connection.py:358: in <lambda>
    lambda: self._connect(), lambda error: self.disconnect(error)
            ^^^^^^^^^^^^^^^
.venv/lib/python3.12/site-packages/redis/connection.py:730: in _connect
    raise err
.venv/lib/python3.12/site-packages/redis/connection.py:718: in _connect
    sock.connect(socket_address)
E   ConnectionRefusedError: [Errno 111] Connection refused

During handling of the above exception, another exception occurred:
tests/admin/test_email_search.py:393: in test_email_search_requires_login
    r = flask_client.get(
.venv/lib/python3.12/site-packages/werkzeug/test.py:1006: in get
    return self.open(*args, **kw)
           ^^^^^^^^^^^^^^^^^^^^^^
tests/conftest.py:60: in open
    return super().open(*args, **kwargs)
           ^^^^^^^^^^^^^^^^^^^^^^^^^^^^^
.venv/lib/python3.12/site-packages/flask/testing.py:222: in open
    return Client.open(
.venv/lib/python3.12/site-packages/werkzeug/test.py:970: in open
    response = self.run_wsgi_app(environ.copy(), buffered=buffered)
               ^^^^^^^^^^^^^^^^^^^^^^^^^^^^^^^^^^^^^^^^^^^^^^^^^^^^
.venv/lib/python3.12/site-packages/werkzeug/test.py:861: in run_wsgi_app
    rv = run_wsgi_app(self.application, environ, buffered=buffered)
         ^^^^^^^^^^^^^^^^^^^^^^^^^^^^^^^^^^^^^^^^^^^^^^^^^^^^^^^^^^
.venv/lib/python3.12/site-packages/werkzeug/test.py:1096: in run_wsgi_app
    app_rv = app(environ, start_response)
             ^^^^^^^^^^^^^^^^^^^^^^^^^^^^
.venv/lib/python3.12/site-packages/flask/app.py:2464: in __call__
    return self.wsgi_app(environ, start_response)
           ^^^^^^^^^^^^^^^^^^^^^^^^^^^^^^^^^^^^^^
.venv/lib/python3.12/site-packages/werkzeug/middleware/proxy_fix.py:169: in __call__
    return self.app(environ, start_response)
           ^^^^^^^^^^^^^^^^^^^^^^^^^^^^^^^^^
.venv/lib/python3.12/site-packages/flask/app.py:2450: in wsgi_app
    response = self.handle_exception(e)
               ^^^^^^^^^^^^^^^^^^^^^^^^
.venv/lib/python3.12/site-packages/flask_cors/extension.py:165: in wrapped_function
    return cors_after_request(app.make_response(f(*args, **kwargs)))
                                                ^^^^^^^^^^^^^^^^^^
.venv/lib/python3.12/site-packages/flask/app.py:1867: in handle_exception
    reraise(exc_type, exc_value, tb)
.venv/lib/python3.12/site-packages/flask/_compat.py:39: in reraise
    raise value
.venv/lib/python3.12/site-packages/flask/app.py:2447: in wsgi_app
    response = self.full_dispatch_request()
               ^^^^^^^^^^^^^^^^^^^^^^^^^^^^
.venv/lib/python3.12/site-packages/flask/app.py:1953: in full_dispatch_request
    return self.finalize_request(rv)
           ^^^^^^^^^^^^^^^^^^^^^^^^^
.venv/lib/python3.12/site-packages/flask/app.py:1970: in finalize_request
    response = self.process_response(response)
               ^^^^^^^^^^^^^^^^^^^^^^^^^^^^^^^
.venv/lib/python3.12/site-packages/flask/app.py:2269: in process_response
    self.session_interface.save_session(self, ctx.session, response)
app/session.py:97: in save_session
    self._redis_w.setex(
.venv/lib/python3.12/site-packages/redis/commands/core.py:2360: in setex
    return self.execute_command("SETEX", name, time, value)
           ^^^^^^^^^^^^^^^^^^^^^^^^^^^^^^^^^^^^^^^^^^^^^^^^
.venv/lib/python3.12/site-packages/redis/client.py:559: in execute_command
    return self._execute_command(*args, **options)
           ^^^^^^^^^^^^^^^^^^^^^^^^^^^^^^^^^^^^^^^
.venv/lib/python3.12/site-packages/redis/client.py:565: in _execute_command
    conn = self.connection or pool.get_connection(command_name, **options)
                              ^^^^^^^^^^^^^^^^^^^^^^^^^^^^^^^^^^^^^^^^^^^^
.venv/lib/python3.12/site-packages/redis/connection.py:1422: in get_connection
    connection.connect()
.venv/lib/python3.12/site-packages/redis/connection.py:363: in connect
    raise ConnectionError(self._error_message(e))
E   redis.exceptions.ConnectionError: Error 111 connecting to localhost:6379. Connection refused.
______________________ test_search_type_defaults_to_email ______________________
.venv/lib/python3.12/site-packages/redis/connection.py:357: in connect
    sock = self.retry.call_with_retry(
.venv/lib/python3.12/site-packages/redis/retry.py:62: in call_with_retry
    return do()
           ^^^^
.venv/lib/python3.12/site-packages/redis/connection.py:358: in <lambda>
    lambda: self._connect(), lambda error: self.disconnect(error)
            ^^^^^^^^^^^^^^^
.venv/lib/python3.12/site-packages/redis/connection.py:730: in _connect
    raise err
.venv/lib/python3.12/site-packages/redis/connection.py:718: in _connect
    sock.connect(socket_address)
E   ConnectionRefusedError: [Errno 111] Connection refused

During handling of the above exception, another exception occurred:
tests/admin/test_email_search.py:408: in test_search_type_defaults_to_email
    login_admin(flask_client)
tests/admin/test_email_search.py:41: in login_admin
    r = flask_client.post(
.venv/lib/python3.12/site-packages/werkzeug/test.py:1016: in post
    return self.open(*args, **kw)
           ^^^^^^^^^^^^^^^^^^^^^^
tests/conftest.py:60: in open
    return super().open(*args, **kwargs)
           ^^^^^^^^^^^^^^^^^^^^^^^^^^^^^
.venv/lib/python3.12/site-packages/flask/testing.py:222: in open
    return Client.open(
.venv/lib/python3.12/site-packages/werkzeug/test.py:970: in open
    response = self.run_wsgi_app(environ.copy(), buffered=buffered)
               ^^^^^^^^^^^^^^^^^^^^^^^^^^^^^^^^^^^^^^^^^^^^^^^^^^^^
.venv/lib/python3.12/site-packages/werkzeug/test.py:861: in run_wsgi_app
    rv = run_wsgi_app(self.application, environ, buffered=buffered)
         ^^^^^^^^^^^^^^^^^^^^^^^^^^^^^^^^^^^^^^^^^^^^^^^^^^^^^^^^^^
.venv/lib/python3.12/site-packages/werkzeug/test.py:1096: in run_wsgi_app
    app_rv = app(environ, start_response)
             ^^^^^^^^^^^^^^^^^^^^^^^^^^^^
.venv/lib/python3.12/site-packages/flask/app.py:2464: in __call__
    return self.wsgi_app(environ, start_response)
           ^^^^^^^^^^^^^^^^^^^^^^^^^^^^^^^^^^^^^^
.venv/lib/python3.12/site-packages/werkzeug/middleware/proxy_fix.py:169: in __call__
    return self.app(environ, start_response)
           ^^^^^^^^^^^^^^^^^^^^^^^^^^^^^^^^^
.venv/lib/python3.12/site-packages/flask/app.py:2450: in wsgi_app
    response = self.handle_exception(e)
               ^^^^^^^^^^^^^^^^^^^^^^^^
.venv/lib/python3.12/site-packages/flask_cors/extension.py:165: in wrapped_function
    return cors_after_request(app.make_response(f(*args, **kwargs)))
                                                ^^^^^^^^^^^^^^^^^^
.venv/lib/python3.12/site-packages/flask/app.py:1867: in handle_exception
    reraise(exc_type, exc_value, tb)
.venv/lib/python3.12/site-packages/flask/_compat.py:39: in reraise
    raise value
.venv/lib/python3.12/site-packages/flask/app.py:2447: in wsgi_app
    response = self.full_dispatch_request()
               ^^^^^^^^^^^^^^^^^^^^^^^^^^^^
.venv/lib/python3.12/site-packages/flask/app.py:1953: in full_dispatch_request
    return self.finalize_request(rv)
           ^^^^^^^^^^^^^^^^^^^^^^^^^
.venv/lib/python3.12/site-packages/flask/app.py:1970: in finalize_request
    response = self.process_response(response)
               ^^^^^^^^^^^^^^^^^^^^^^^^^^^^^^^
.venv/lib/python3.12/site-packages/flask/app.py:2269: in process_response
    self.session_interface.save_session(self, ctx.session, response)
app/session.py:97: in save_session
    self._redis_w.setex(
.venv/lib/python3.12/site-packages/redis/commands/core.py:2360: in setex
    return self.execute_command("SETEX", name, time, value)
           ^^^^^^^^^^^^^^^^^^^^^^^^^^^^^^^^^^^^^^^^^^^^^^^^
.venv/lib/python3.12/site-packages/redis/client.py:559: in execute_command
    return self._execute_command(*args, **options)
           ^^^^^^^^^^^^^^^^^^^^^^^^^^^^^^^^^^^^^^^
.venv/lib/python3.12/site-packages/redis/client.py:565: in _execute_command
    conn = self.connection or pool.get_connection(command_name, **options)
                              ^^^^^^^^^^^^^^^^^^^^^^^^^^^^^^^^^^^^^^^^^^^^
.venv/lib/python3.12/site-packages/redis/connection.py:1422: in get_connection
    connection.connect()
.venv/lib/python3.12/site-packages/redis/connection.py:363: in connect
    raise ConnectionError(self._error_message(e))
E   redis.exceptions.ConnectionError: Error 111 connecting to localhost:6379. Connection refused.
----------------------------- Captured stdout call -----------------------------
2026-02-09 12:28:50,541 - SL - INFO - 5326 - "/home/runner/work/simplelogin-app/simplelogin-app/app/events/event_dispatcher.py:62" - send_event() -  - Not sending events because webhook is not configured and allowed to be empty
__________________ test_search_type_preserves_alias_selection __________________
.venv/lib/python3.12/site-packages/redis/connection.py:357: in connect
    sock = self.retry.call_with_retry(
.venv/lib/python3.12/site-packages/redis/retry.py:62: in call_with_retry
    return do()
           ^^^^
.venv/lib/python3.12/site-packages/redis/connection.py:358: in <lambda>
    lambda: self._connect(), lambda error: self.disconnect(error)
            ^^^^^^^^^^^^^^^
.venv/lib/python3.12/site-packages/redis/connection.py:730: in _connect
    raise err
.venv/lib/python3.12/site-packages/redis/connection.py:718: in _connect
    sock.connect(socket_address)
E   ConnectionRefusedError: [Errno 111] Connection refused

During handling of the above exception, another exception occurred:
tests/admin/test_email_search.py:418: in test_search_type_preserves_alias_selection
    login_admin(flask_client)
tests/admin/test_email_search.py:41: in login_admin
    r = flask_client.post(
.venv/lib/python3.12/site-packages/werkzeug/test.py:1016: in post
    return self.open(*args, **kw)
           ^^^^^^^^^^^^^^^^^^^^^^
tests/conftest.py:60: in open
    return super().open(*args, **kwargs)
           ^^^^^^^^^^^^^^^^^^^^^^^^^^^^^
.venv/lib/python3.12/site-packages/flask/testing.py:222: in open
    return Client.open(
.venv/lib/python3.12/site-packages/werkzeug/test.py:970: in open
    response = self.run_wsgi_app(environ.copy(), buffered=buffered)
               ^^^^^^^^^^^^^^^^^^^^^^^^^^^^^^^^^^^^^^^^^^^^^^^^^^^^
.venv/lib/python3.12/site-packages/werkzeug/test.py:861: in run_wsgi_app
    rv = run_wsgi_app(self.application, environ, buffered=buffered)
         ^^^^^^^^^^^^^^^^^^^^^^^^^^^^^^^^^^^^^^^^^^^^^^^^^^^^^^^^^^
.venv/lib/python3.12/site-packages/werkzeug/test.py:1096: in run_wsgi_app
    app_rv = app(environ, start_response)
             ^^^^^^^^^^^^^^^^^^^^^^^^^^^^
.venv/lib/python3.12/site-packages/flask/app.py:2464: in __call__
    return self.wsgi_app(environ, start_response)
           ^^^^^^^^^^^^^^^^^^^^^^^^^^^^^^^^^^^^^^
.venv/lib/python3.12/site-packages/werkzeug/middleware/proxy_fix.py:169: in __call__
    return self.app(environ, start_response)
           ^^^^^^^^^^^^^^^^^^^^^^^^^^^^^^^^^
.venv/lib/python3.12/site-packages/flask/app.py:2450: in wsgi_app
    response = self.handle_exception(e)
               ^^^^^^^^^^^^^^^^^^^^^^^^
.venv/lib/python3.12/site-packages/flask_cors/extension.py:165: in wrapped_function
    return cors_after_request(app.make_response(f(*args, **kwargs)))
                                                ^^^^^^^^^^^^^^^^^^
.venv/lib/python3.12/site-packages/flask/app.py:1867: in handle_exception
    reraise(exc_type, exc_value, tb)
.venv/lib/python3.12/site-packages/flask/_compat.py:39: in reraise
    raise value
.venv/lib/python3.12/site-packages/flask/app.py:2447: in wsgi_app
    response = self.full_dispatch_request()
               ^^^^^^^^^^^^^^^^^^^^^^^^^^^^
.venv/lib/python3.12/site-packages/flask/app.py:1953: in full_dispatch_request
    return self.finalize_request(rv)
           ^^^^^^^^^^^^^^^^^^^^^^^^^
.venv/lib/python3.12/site-packages/flask/app.py:1970: in finalize_request
    response = self.process_response(response)
               ^^^^^^^^^^^^^^^^^^^^^^^^^^^^^^^
.venv/lib/python3.12/site-packages/flask/app.py:2269: in process_response
    self.session_interface.save_session(self, ctx.session, response)
app/session.py:97: in save_session
    self._redis_w.setex(
.venv/lib/python3.12/site-packages/redis/commands/core.py:2360: in setex
    return self.execute_command("SETEX", name, time, value)
           ^^^^^^^^^^^^^^^^^^^^^^^^^^^^^^^^^^^^^^^^^^^^^^^^
.venv/lib/python3.12/site-packages/redis/client.py:559: in execute_command
    return self._execute_command(*args, **options)
           ^^^^^^^^^^^^^^^^^^^^^^^^^^^^^^^^^^^^^^^
.venv/lib/python3.12/site-packages/redis/client.py:565: in _execute_command
    conn = self.connection or pool.get_connection(command_name, **options)
                              ^^^^^^^^^^^^^^^^^^^^^^^^^^^^^^^^^^^^^^^^^^^^
.venv/lib/python3.12/site-packages/redis/connection.py:1422: in get_connection
    connection.connect()
.venv/lib/python3.12/site-packages/redis/connection.py:363: in connect
    raise ConnectionError(self._error_message(e))
E   redis.exceptions.ConnectionError: Error 111 connecting to localhost:6379. Connection refused.
----------------------------- Captured stdout call -----------------------------
2026-02-09 12:28:51,232 - SL - INFO - 5326 - "/home/runner/work/simplelogin-app/simplelogin-app/app/events/event_dispatcher.py:62" - send_event() -  - Not sending events because webhook is not configured and allowed to be empty
______________________ test_mark_abuser_button_displayed _______________________
.venv/lib/python3.12/site-packages/redis/connection.py:357: in connect
    sock = self.retry.call_with_retry(
.venv/lib/python3.12/site-packages/redis/retry.py:62: in call_with_retry
    return do()
           ^^^^
.venv/lib/python3.12/site-packages/redis/connection.py:358: in <lambda>
    lambda: self._connect(), lambda error: self.disconnect(error)
            ^^^^^^^^^^^^^^^
.venv/lib/python3.12/site-packages/redis/connection.py:730: in _connect
    raise err
.venv/lib/python3.12/site-packages/redis/connection.py:718: in _connect
    sock.connect(socket_address)
E   ConnectionRefusedError: [Errno 111] Connection refused

During handling of the above exception, another exception occurred:
tests/admin/test_email_search.py:436: in test_mark_abuser_button_displayed
    login_admin(flask_client)
tests/admin/test_email_search.py:41: in login_admin
    r = flask_client.post(
.venv/lib/python3.12/site-packages/werkzeug/test.py:1016: in post
    return self.open(*args, **kw)
           ^^^^^^^^^^^^^^^^^^^^^^
tests/conftest.py:60: in open
    return super().open(*args, **kwargs)
           ^^^^^^^^^^^^^^^^^^^^^^^^^^^^^
.venv/lib/python3.12/site-packages/flask/testing.py:222: in open
    return Client.open(
.venv/lib/python3.12/site-packages/werkzeug/test.py:970: in open
    response = self.run_wsgi_app(environ.copy(), buffered=buffered)
               ^^^^^^^^^^^^^^^^^^^^^^^^^^^^^^^^^^^^^^^^^^^^^^^^^^^^
.venv/lib/python3.12/site-packages/werkzeug/test.py:861: in run_wsgi_app
    rv = run_wsgi_app(self.application, environ, buffered=buffered)
         ^^^^^^^^^^^^^^^^^^^^^^^^^^^^^^^^^^^^^^^^^^^^^^^^^^^^^^^^^^
.venv/lib/python3.12/site-packages/werkzeug/test.py:1096: in run_wsgi_app
    app_rv = app(environ, start_response)
             ^^^^^^^^^^^^^^^^^^^^^^^^^^^^
.venv/lib/python3.12/site-packages/flask/app.py:2464: in __call__
    return self.wsgi_app(environ, start_response)
           ^^^^^^^^^^^^^^^^^^^^^^^^^^^^^^^^^^^^^^
.venv/lib/python3.12/site-packages/werkzeug/middleware/proxy_fix.py:169: in __call__
    return self.app(environ, start_response)
           ^^^^^^^^^^^^^^^^^^^^^^^^^^^^^^^^^
.venv/lib/python3.12/site-packages/flask/app.py:2450: in wsgi_app
    response = self.handle_exception(e)
               ^^^^^^^^^^^^^^^^^^^^^^^^
.venv/lib/python3.12/site-packages/flask_cors/extension.py:165: in wrapped_function
    return cors_after_request(app.make_response(f(*args, **kwargs)))
                                                ^^^^^^^^^^^^^^^^^^
.venv/lib/python3.12/site-packages/flask/app.py:1867: in handle_exception
    reraise(exc_type, exc_value, tb)
.venv/lib/python3.12/site-packages/flask/_compat.py:39: in reraise
    raise value
.venv/lib/python3.12/site-packages/flask/app.py:2447: in wsgi_app
    response = self.full_dispatch_request()
               ^^^^^^^^^^^^^^^^^^^^^^^^^^^^
.venv/lib/python3.12/site-packages/flask/app.py:1953: in full_dispatch_request
    return self.finalize_request(rv)
           ^^^^^^^^^^^^^^^^^^^^^^^^^
.venv/lib/python3.12/site-packages/flask/app.py:1970: in finalize_request
    response = self.process_response(response)
               ^^^^^^^^^^^^^^^^^^^^^^^^^^^^^^^
.venv/lib/python3.12/site-packages/flask/app.py:2269: in process_response
    self.session_interface.save_session(self, ctx.session, response)
app/session.py:97: in save_session
    self._redis_w.setex(
.venv/lib/python3.12/site-packages/redis/commands/core.py:2360: in setex
    return self.execute_command("SETEX", name, time, value)
           ^^^^^^^^^^^^^^^^^^^^^^^^^^^^^^^^^^^^^^^^^^^^^^^^
.venv/lib/python3.12/site-packages/redis/client.py:559: in execute_command
    return self._execute_command(*args, **options)
           ^^^^^^^^^^^^^^^^^^^^^^^^^^^^^^^^^^^^^^^
.venv/lib/python3.12/site-packages/redis/client.py:565: in _execute_command
    conn = self.connection or pool.get_connection(command_name, **options)
                              ^^^^^^^^^^^^^^^^^^^^^^^^^^^^^^^^^^^^^^^^^^^^
.venv/lib/python3.12/site-packages/redis/connection.py:1422: in get_connection
    connection.connect()
.venv/lib/python3.12/site-packages/redis/connection.py:363: in connect
    raise ConnectionError(self._error_message(e))
E   redis.exceptions.ConnectionError: Error 111 connecting to localhost:6379. Connection refused.
----------------------------- Captured stdout call -----------------------------
2026-02-09 12:28:51,919 - SL - INFO - 5326 - "/home/runner/work/simplelogin-app/simplelogin-app/app/events/event_dispatcher.py:62" - send_event() -  - Not sending events because webhook is not configured and allowed to be empty
_____________________ test_unmark_abuser_button_displayed ______________________
.venv/lib/python3.12/site-packages/redis/connection.py:357: in connect
    sock = self.retry.call_with_retry(
.venv/lib/python3.12/site-packages/redis/retry.py:62: in call_with_retry
    return do()
           ^^^^
.venv/lib/python3.12/site-packages/redis/connection.py:358: in <lambda>
    lambda: self._connect(), lambda error: self.disconnect(error)
            ^^^^^^^^^^^^^^^
.venv/lib/python3.12/site-packages/redis/connection.py:730: in _connect
    raise err
.venv/lib/python3.12/site-packages/redis/connection.py:718: in _connect
    sock.connect(socket_address)
E   ConnectionRefusedError: [Errno 111] Connection refused

During handling of the above exception, another exception occurred:
tests/admin/test_email_search.py:454: in test_unmark_abuser_button_displayed
    login_admin(flask_client)
tests/admin/test_email_search.py:41: in login_admin
    r = flask_client.post(
.venv/lib/python3.12/site-packages/werkzeug/test.py:1016: in post
    return self.open(*args, **kw)
           ^^^^^^^^^^^^^^^^^^^^^^
tests/conftest.py:60: in open
    return super().open(*args, **kwargs)
           ^^^^^^^^^^^^^^^^^^^^^^^^^^^^^
.venv/lib/python3.12/site-packages/flask/testing.py:222: in open
    return Client.open(
.venv/lib/python3.12/site-packages/werkzeug/test.py:970: in open
    response = self.run_wsgi_app(environ.copy(), buffered=buffered)
               ^^^^^^^^^^^^^^^^^^^^^^^^^^^^^^^^^^^^^^^^^^^^^^^^^^^^
.venv/lib/python3.12/site-packages/werkzeug/test.py:861: in run_wsgi_app
    rv = run_wsgi_app(self.application, environ, buffered=buffered)
         ^^^^^^^^^^^^^^^^^^^^^^^^^^^^^^^^^^^^^^^^^^^^^^^^^^^^^^^^^^
.venv/lib/python3.12/site-packages/werkzeug/test.py:1096: in run_wsgi_app
    app_rv = app(environ, start_response)
             ^^^^^^^^^^^^^^^^^^^^^^^^^^^^
.venv/lib/python3.12/site-packages/flask/app.py:2464: in __call__
    return self.wsgi_app(environ, start_response)
           ^^^^^^^^^^^^^^^^^^^^^^^^^^^^^^^^^^^^^^
.venv/lib/python3.12/site-packages/werkzeug/middleware/proxy_fix.py:169: in __call__
    return self.app(environ, start_response)
           ^^^^^^^^^^^^^^^^^^^^^^^^^^^^^^^^^
.venv/lib/python3.12/site-packages/flask/app.py:2450: in wsgi_app
    response = self.handle_exception(e)
               ^^^^^^^^^^^^^^^^^^^^^^^^
.venv/lib/python3.12/site-packages/flask_cors/extension.py:165: in wrapped_function
    return cors_after_request(app.make_response(f(*args, **kwargs)))
                                                ^^^^^^^^^^^^^^^^^^
.venv/lib/python3.12/site-packages/flask/app.py:1867: in handle_exception
    reraise(exc_type, exc_value, tb)
.venv/lib/python3.12/site-packages/flask/_compat.py:39: in reraise
    raise value
.venv/lib/python3.12/site-packages/flask/app.py:2447: in wsgi_app
    response = self.full_dispatch_request()
               ^^^^^^^^^^^^^^^^^^^^^^^^^^^^
.venv/lib/python3.12/site-packages/flask/app.py:1953: in full_dispatch_request
    return self.finalize_request(rv)
           ^^^^^^^^^^^^^^^^^^^^^^^^^
.venv/lib/python3.12/site-packages/flask/app.py:1970: in finalize_request
    response = self.process_response(response)
               ^^^^^^^^^^^^^^^^^^^^^^^^^^^^^^^
.venv/lib/python3.12/site-packages/flask/app.py:2269: in process_response
    self.session_interface.save_session(self, ctx.session, response)
app/session.py:97: in save_session
    self._redis_w.setex(
.venv/lib/python3.12/site-packages/redis/commands/core.py:2360: in setex
    return self.execute_command("SETEX", name, time, value)
           ^^^^^^^^^^^^^^^^^^^^^^^^^^^^^^^^^^^^^^^^^^^^^^^^
.venv/lib/python3.12/site-packages/redis/client.py:559: in execute_command
    return self._execute_command(*args, **options)
           ^^^^^^^^^^^^^^^^^^^^^^^^^^^^^^^^^^^^^^^
.venv/lib/python3.12/site-packages/redis/client.py:565: in _execute_command
    conn = self.connection or pool.get_connection(command_name, **options)
                              ^^^^^^^^^^^^^^^^^^^^^^^^^^^^^^^^^^^^^^^^^^^^
.venv/lib/python3.12/site-packages/redis/connection.py:1422: in get_connection
    connection.connect()
.venv/lib/python3.12/site-packages/redis/connection.py:363: in connect
    raise ConnectionError(self._error_message(e))
E   redis.exceptions.ConnectionError: Error 111 connecting to localhost:6379. Connection refused.
----------------------------- Captured stdout call -----------------------------
2026-02-09 12:28:52,608 - SL - INFO - 5326 - "/home/runner/work/simplelogin-app/simplelogin-app/app/events/event_dispatcher.py:62" - send_event() -  - Not sending events because webhook is not configured and allowed to be empty
___________________________ test_mark_abuser_success ___________________________
.venv/lib/python3.12/site-packages/redis/connection.py:357: in connect
    sock = self.retry.call_with_retry(
.venv/lib/python3.12/site-packages/redis/retry.py:62: in call_with_retry
    return do()
           ^^^^
.venv/lib/python3.12/site-packages/redis/connection.py:358: in <lambda>
    lambda: self._connect(), lambda error: self.disconnect(error)
            ^^^^^^^^^^^^^^^
.venv/lib/python3.12/site-packages/redis/connection.py:730: in _connect
    raise err
.venv/lib/python3.12/site-packages/redis/connection.py:718: in _connect
    sock.connect(socket_address)
E   ConnectionRefusedError: [Errno 111] Connection refused

During handling of the above exception, another exception occurred:
tests/admin/test_email_search.py:473: in test_mark_abuser_success
    login_admin(flask_client)
tests/admin/test_email_search.py:41: in login_admin
    r = flask_client.post(
.venv/lib/python3.12/site-packages/werkzeug/test.py:1016: in post
    return self.open(*args, **kw)
           ^^^^^^^^^^^^^^^^^^^^^^
tests/conftest.py:60: in open
    return super().open(*args, **kwargs)
           ^^^^^^^^^^^^^^^^^^^^^^^^^^^^^
.venv/lib/python3.12/site-packages/flask/testing.py:222: in open
    return Client.open(
.venv/lib/python3.12/site-packages/werkzeug/test.py:970: in open
    response = self.run_wsgi_app(environ.copy(), buffered=buffered)
               ^^^^^^^^^^^^^^^^^^^^^^^^^^^^^^^^^^^^^^^^^^^^^^^^^^^^
.venv/lib/python3.12/site-packages/werkzeug/test.py:861: in run_wsgi_app
    rv = run_wsgi_app(self.application, environ, buffered=buffered)
         ^^^^^^^^^^^^^^^^^^^^^^^^^^^^^^^^^^^^^^^^^^^^^^^^^^^^^^^^^^
.venv/lib/python3.12/site-packages/werkzeug/test.py:1096: in run_wsgi_app
    app_rv = app(environ, start_response)
             ^^^^^^^^^^^^^^^^^^^^^^^^^^^^
.venv/lib/python3.12/site-packages/flask/app.py:2464: in __call__
    return self.wsgi_app(environ, start_response)
           ^^^^^^^^^^^^^^^^^^^^^^^^^^^^^^^^^^^^^^
.venv/lib/python3.12/site-packages/werkzeug/middleware/proxy_fix.py:169: in __call__
    return self.app(environ, start_response)
           ^^^^^^^^^^^^^^^^^^^^^^^^^^^^^^^^^
.venv/lib/python3.12/site-packages/flask/app.py:2450: in wsgi_app
    response = self.handle_exception(e)
               ^^^^^^^^^^^^^^^^^^^^^^^^
.venv/lib/python3.12/site-packages/flask_cors/extension.py:165: in wrapped_function
    return cors_after_request(app.make_response(f(*args, **kwargs)))
                                                ^^^^^^^^^^^^^^^^^^
.venv/lib/python3.12/site-packages/flask/app.py:1867: in handle_exception
    reraise(exc_type, exc_value, tb)
.venv/lib/python3.12/site-packages/flask/_compat.py:39: in reraise
    raise value
.venv/lib/python3.12/site-packages/flask/app.py:2447: in wsgi_app
    response = self.full_dispatch_request()
               ^^^^^^^^^^^^^^^^^^^^^^^^^^^^
.venv/lib/python3.12/site-packages/flask/app.py:1953: in full_dispatch_request
    return self.finalize_request(rv)
           ^^^^^^^^^^^^^^^^^^^^^^^^^
.venv/lib/python3.12/site-packages/flask/app.py:1970: in finalize_request
    response = self.process_response(response)
               ^^^^^^^^^^^^^^^^^^^^^^^^^^^^^^^
.venv/lib/python3.12/site-packages/flask/app.py:2269: in process_response
    self.session_interface.save_session(self, ctx.session, response)
app/session.py:97: in save_session
    self._redis_w.setex(
.venv/lib/python3.12/site-packages/redis/commands/core.py:2360: in setex
    return self.execute_command("SETEX", name, time, value)
           ^^^^^^^^^^^^^^^^^^^^^^^^^^^^^^^^^^^^^^^^^^^^^^^^
.venv/lib/python3.12/site-packages/redis/client.py:559: in execute_command
    return self._execute_command(*args, **options)
           ^^^^^^^^^^^^^^^^^^^^^^^^^^^^^^^^^^^^^^^
.venv/lib/python3.12/site-packages/redis/client.py:565: in _execute_command
    conn = self.connection or pool.get_connection(command_name, **options)
                              ^^^^^^^^^^^^^^^^^^^^^^^^^^^^^^^^^^^^^^^^^^^^
.venv/lib/python3.12/site-packages/redis/connection.py:1422: in get_connection
    connection.connect()
.venv/lib/python3.12/site-packages/redis/connection.py:363: in connect
    raise ConnectionError(self._error_message(e))
E   redis.exceptions.ConnectionError: Error 111 connecting to localhost:6379. Connection refused.
----------------------------- Captured stdout call -----------------------------
2026-02-09 12:28:53,299 - SL - INFO - 5326 - "/home/runner/work/simplelogin-app/simplelogin-app/app/events/event_dispatcher.py:62" - send_event() -  - Not sending events because webhook is not configured and allowed to be empty
________________________ test_mark_abuser_requires_note ________________________
.venv/lib/python3.12/site-packages/redis/connection.py:357: in connect
    sock = self.retry.call_with_retry(
.venv/lib/python3.12/site-packages/redis/retry.py:62: in call_with_retry
    return do()
           ^^^^
.venv/lib/python3.12/site-packages/redis/connection.py:358: in <lambda>
    lambda: self._connect(), lambda error: self.disconnect(error)
            ^^^^^^^^^^^^^^^
.venv/lib/python3.12/site-packages/redis/connection.py:730: in _connect
    raise err
.venv/lib/python3.12/site-packages/redis/connection.py:718: in _connect
    sock.connect(socket_address)
E   ConnectionRefusedError: [Errno 111] Connection refused

During handling of the above exception, another exception occurred:
tests/admin/test_email_search.py:503: in test_mark_abuser_requires_note
    login_admin(flask_client)
tests/admin/test_email_search.py:41: in login_admin
    r = flask_client.post(
.venv/lib/python3.12/site-packages/werkzeug/test.py:1016: in post
    return self.open(*args, **kw)
           ^^^^^^^^^^^^^^^^^^^^^^
tests/conftest.py:60: in open
    return super().open(*args, **kwargs)
           ^^^^^^^^^^^^^^^^^^^^^^^^^^^^^
.venv/lib/python3.12/site-packages/flask/testing.py:222: in open
    return Client.open(
.venv/lib/python3.12/site-packages/werkzeug/test.py:970: in open
    response = self.run_wsgi_app(environ.copy(), buffered=buffered)
               ^^^^^^^^^^^^^^^^^^^^^^^^^^^^^^^^^^^^^^^^^^^^^^^^^^^^
.venv/lib/python3.12/site-packages/werkzeug/test.py:861: in run_wsgi_app
    rv = run_wsgi_app(self.application, environ, buffered=buffered)
         ^^^^^^^^^^^^^^^^^^^^^^^^^^^^^^^^^^^^^^^^^^^^^^^^^^^^^^^^^^
.venv/lib/python3.12/site-packages/werkzeug/test.py:1096: in run_wsgi_app
    app_rv = app(environ, start_response)
             ^^^^^^^^^^^^^^^^^^^^^^^^^^^^
.venv/lib/python3.12/site-packages/flask/app.py:2464: in __call__
    return self.wsgi_app(environ, start_response)
           ^^^^^^^^^^^^^^^^^^^^^^^^^^^^^^^^^^^^^^
.venv/lib/python3.12/site-packages/werkzeug/middleware/proxy_fix.py:169: in __call__
    return self.app(environ, start_response)
           ^^^^^^^^^^^^^^^^^^^^^^^^^^^^^^^^^
.venv/lib/python3.12/site-packages/flask/app.py:2450: in wsgi_app
    response = self.handle_exception(e)
               ^^^^^^^^^^^^^^^^^^^^^^^^
.venv/lib/python3.12/site-packages/flask_cors/extension.py:165: in wrapped_function
    return cors_after_request(app.make_response(f(*args, **kwargs)))
                                                ^^^^^^^^^^^^^^^^^^
.venv/lib/python3.12/site-packages/flask/app.py:1867: in handle_exception
    reraise(exc_type, exc_value, tb)
.venv/lib/python3.12/site-packages/flask/_compat.py:39: in reraise
    raise value
.venv/lib/python3.12/site-packages/flask/app.py:2447: in wsgi_app
    response = self.full_dispatch_request()
               ^^^^^^^^^^^^^^^^^^^^^^^^^^^^
.venv/lib/python3.12/site-packages/flask/app.py:1953: in full_dispatch_request
    return self.finalize_request(rv)
           ^^^^^^^^^^^^^^^^^^^^^^^^^
.venv/lib/python3.12/site-packages/flask/app.py:1970: in finalize_request
    response = self.process_response(response)
               ^^^^^^^^^^^^^^^^^^^^^^^^^^^^^^^
.venv/lib/python3.12/site-packages/flask/app.py:2269: in process_response
    self.session_interface.save_session(self, ctx.session, response)
app/session.py:97: in save_session
    self._redis_w.setex(
.venv/lib/python3.12/site-packages/redis/commands/core.py:2360: in setex
    return self.execute_command("SETEX", name, time, value)
           ^^^^^^^^^^^^^^^^^^^^^^^^^^^^^^^^^^^^^^^^^^^^^^^^
.venv/lib/python3.12/site-packages/redis/client.py:559: in execute_command
    return self._execute_command(*args, **options)
           ^^^^^^^^^^^^^^^^^^^^^^^^^^^^^^^^^^^^^^^
.venv/lib/python3.12/site-packages/redis/client.py:565: in _execute_command
    conn = self.connection or pool.get_connection(command_name, **options)
                              ^^^^^^^^^^^^^^^^^^^^^^^^^^^^^^^^^^^^^^^^^^^^
.venv/lib/python3.12/site-packages/redis/connection.py:1422: in get_connection
    connection.connect()
.venv/lib/python3.12/site-packages/redis/connection.py:363: in connect
    raise ConnectionError(self._error_message(e))
E   redis.exceptions.ConnectionError: Error 111 connecting to localhost:6379. Connection refused.
----------------------------- Captured stdout call -----------------------------
2026-02-09 12:28:53,990 - SL - INFO - 5326 - "/home/runner/work/simplelogin-app/simplelogin-app/app/events/event_dispatcher.py:62" - send_event() -  - Not sending events because webhook is not configured and allowed to be empty
__________________________ test_unmark_abuser_success __________________________
.venv/lib/python3.12/site-packages/redis/connection.py:357: in connect
    sock = self.retry.call_with_retry(
.venv/lib/python3.12/site-packages/redis/retry.py:62: in call_with_retry
    return do()
           ^^^^
.venv/lib/python3.12/site-packages/redis/connection.py:358: in <lambda>
    lambda: self._connect(), lambda error: self.disconnect(error)
            ^^^^^^^^^^^^^^^
.venv/lib/python3.12/site-packages/redis/connection.py:730: in _connect
    raise err
.venv/lib/python3.12/site-packages/redis/connection.py:718: in _connect
    sock.connect(socket_address)
E   ConnectionRefusedError: [Errno 111] Connection refused

During handling of the above exception, another exception occurred:
tests/admin/test_email_search.py:524: in test_unmark_abuser_success
    login_admin(flask_client)
tests/admin/test_email_search.py:41: in login_admin
    r = flask_client.post(
.venv/lib/python3.12/site-packages/werkzeug/test.py:1016: in post
    return self.open(*args, **kw)
           ^^^^^^^^^^^^^^^^^^^^^^
tests/conftest.py:60: in open
    return super().open(*args, **kwargs)
           ^^^^^^^^^^^^^^^^^^^^^^^^^^^^^
.venv/lib/python3.12/site-packages/flask/testing.py:222: in open
    return Client.open(
.venv/lib/python3.12/site-packages/werkzeug/test.py:970: in open
    response = self.run_wsgi_app(environ.copy(), buffered=buffered)
               ^^^^^^^^^^^^^^^^^^^^^^^^^^^^^^^^^^^^^^^^^^^^^^^^^^^^
.venv/lib/python3.12/site-packages/werkzeug/test.py:861: in run_wsgi_app
    rv = run_wsgi_app(self.application, environ, buffered=buffered)
         ^^^^^^^^^^^^^^^^^^^^^^^^^^^^^^^^^^^^^^^^^^^^^^^^^^^^^^^^^^
.venv/lib/python3.12/site-packages/werkzeug/test.py:1096: in run_wsgi_app
    app_rv = app(environ, start_response)
             ^^^^^^^^^^^^^^^^^^^^^^^^^^^^
.venv/lib/python3.12/site-packages/flask/app.py:2464: in __call__
    return self.wsgi_app(environ, start_response)
           ^^^^^^^^^^^^^^^^^^^^^^^^^^^^^^^^^^^^^^
.venv/lib/python3.12/site-packages/werkzeug/middleware/proxy_fix.py:169: in __call__
    return self.app(environ, start_response)
           ^^^^^^^^^^^^^^^^^^^^^^^^^^^^^^^^^
.venv/lib/python3.12/site-packages/flask/app.py:2450: in wsgi_app
    response = self.handle_exception(e)
               ^^^^^^^^^^^^^^^^^^^^^^^^
.venv/lib/python3.12/site-packages/flask_cors/extension.py:165: in wrapped_function
    return cors_after_request(app.make_response(f(*args, **kwargs)))
                                                ^^^^^^^^^^^^^^^^^^
.venv/lib/python3.12/site-packages/flask/app.py:1867: in handle_exception
    reraise(exc_type, exc_value, tb)
.venv/lib/python3.12/site-packages/flask/_compat.py:39: in reraise
    raise value
.venv/lib/python3.12/site-packages/flask/app.py:2447: in wsgi_app
    response = self.full_dispatch_request()
               ^^^^^^^^^^^^^^^^^^^^^^^^^^^^
.venv/lib/python3.12/site-packages/flask/app.py:1953: in full_dispatch_request
    return self.finalize_request(rv)
           ^^^^^^^^^^^^^^^^^^^^^^^^^
.venv/lib/python3.12/site-packages/flask/app.py:1970: in finalize_request
    response = self.process_response(response)
               ^^^^^^^^^^^^^^^^^^^^^^^^^^^^^^^
.venv/lib/python3.12/site-packages/flask/app.py:2269: in process_response
    self.session_interface.save_session(self, ctx.session, response)
app/session.py:97: in save_session
    self._redis_w.setex(
.venv/lib/python3.12/site-packages/redis/commands/core.py:2360: in setex
    return self.execute_command("SETEX", name, time, value)
           ^^^^^^^^^^^^^^^^^^^^^^^^^^^^^^^^^^^^^^^^^^^^^^^^
.venv/lib/python3.12/site-packages/redis/client.py:559: in execute_command
    return self._execute_command(*args, **options)
           ^^^^^^^^^^^^^^^^^^^^^^^^^^^^^^^^^^^^^^^
.venv/lib/python3.12/site-packages/redis/client.py:565: in _execute_command
    conn = self.connection or pool.get_connection(command_name, **options)
                              ^^^^^^^^^^^^^^^^^^^^^^^^^^^^^^^^^^^^^^^^^^^^
.venv/lib/python3.12/site-packages/redis/connection.py:1422: in get_connection
    connection.connect()
.venv/lib/python3.12/site-packages/redis/connection.py:363: in connect
    raise ConnectionError(self._error_message(e))
E   redis.exceptions.ConnectionError: Error 111 connecting to localhost:6379. Connection refused.
----------------------------- Captured stdout call -----------------------------
2026-02-09 12:28:54,681 - SL - INFO - 5326 - "/home/runner/work/simplelogin-app/simplelogin-app/app/events/event_dispatcher.py:62" - send_event() -  - Not sending events because webhook is not configured and allowed to be empty
_______________________ test_unmark_abuser_requires_note _______________________
.venv/lib/python3.12/site-packages/redis/connection.py:357: in connect
    sock = self.retry.call_with_retry(
.venv/lib/python3.12/site-packages/redis/retry.py:62: in call_with_retry
    return do()
           ^^^^
.venv/lib/python3.12/site-packages/redis/connection.py:358: in <lambda>
    lambda: self._connect(), lambda error: self.disconnect(error)
            ^^^^^^^^^^^^^^^
.venv/lib/python3.12/site-packages/redis/connection.py:730: in _connect
    raise err
.venv/lib/python3.12/site-packages/redis/connection.py:718: in _connect
    sock.connect(socket_address)
E   ConnectionRefusedError: [Errno 111] Connection refused

During handling of the above exception, another exception occurred:
tests/admin/test_email_search.py:559: in test_unmark_abuser_requires_note
    login_admin(flask_client)
tests/admin/test_email_search.py:41: in login_admin
    r = flask_client.post(
.venv/lib/python3.12/site-packages/werkzeug/test.py:1016: in post
    return self.open(*args, **kw)
           ^^^^^^^^^^^^^^^^^^^^^^
tests/conftest.py:60: in open
    return super().open(*args, **kwargs)
           ^^^^^^^^^^^^^^^^^^^^^^^^^^^^^
.venv/lib/python3.12/site-packages/flask/testing.py:222: in open
    return Client.open(
.venv/lib/python3.12/site-packages/werkzeug/test.py:970: in open
    response = self.run_wsgi_app(environ.copy(), buffered=buffered)
               ^^^^^^^^^^^^^^^^^^^^^^^^^^^^^^^^^^^^^^^^^^^^^^^^^^^^
.venv/lib/python3.12/site-packages/werkzeug/test.py:861: in run_wsgi_app
    rv = run_wsgi_app(self.application, environ, buffered=buffered)
         ^^^^^^^^^^^^^^^^^^^^^^^^^^^^^^^^^^^^^^^^^^^^^^^^^^^^^^^^^^
.venv/lib/python3.12/site-packages/werkzeug/test.py:1096: in run_wsgi_app
    app_rv = app(environ, start_response)
             ^^^^^^^^^^^^^^^^^^^^^^^^^^^^
.venv/lib/python3.12/site-packages/flask/app.py:2464: in __call__
    return self.wsgi_app(environ, start_response)
           ^^^^^^^^^^^^^^^^^^^^^^^^^^^^^^^^^^^^^^
.venv/lib/python3.12/site-packages/werkzeug/middleware/proxy_fix.py:169: in __call__
    return self.app(environ, start_response)
           ^^^^^^^^^^^^^^^^^^^^^^^^^^^^^^^^^
.venv/lib/python3.12/site-packages/flask/app.py:2450: in wsgi_app
    response = self.handle_exception(e)
               ^^^^^^^^^^^^^^^^^^^^^^^^
.venv/lib/python3.12/site-packages/flask_cors/extension.py:165: in wrapped_function
    return cors_after_request(app.make_response(f(*args, **kwargs)))
                                                ^^^^^^^^^^^^^^^^^^
.venv/lib/python3.12/site-packages/flask/app.py:1867: in handle_exception
    reraise(exc_type, exc_value, tb)
.venv/lib/python3.12/site-packages/flask/_compat.py:39: in reraise
    raise value
.venv/lib/python3.12/site-packages/flask/app.py:2447: in wsgi_app
    response = self.full_dispatch_request()
               ^^^^^^^^^^^^^^^^^^^^^^^^^^^^
.venv/lib/python3.12/site-packages/flask/app.py:1953: in full_dispatch_request
    return self.finalize_request(rv)
           ^^^^^^^^^^^^^^^^^^^^^^^^^
.venv/lib/python3.12/site-packages/flask/app.py:1970: in finalize_request
    response = self.process_response(response)
               ^^^^^^^^^^^^^^^^^^^^^^^^^^^^^^^
.venv/lib/python3.12/site-packages/flask/app.py:2269: in process_response
    self.session_interface.save_session(self, ctx.session, response)
app/session.py:97: in save_session
    self._redis_w.setex(
.venv/lib/python3.12/site-packages/redis/commands/core.py:2360: in setex
    return self.execute_command("SETEX", name, time, value)
           ^^^^^^^^^^^^^^^^^^^^^^^^^^^^^^^^^^^^^^^^^^^^^^^^
.venv/lib/python3.12/site-packages/redis/client.py:559: in execute_command
    return self._execute_command(*args, **options)
           ^^^^^^^^^^^^^^^^^^^^^^^^^^^^^^^^^^^^^^^
.venv/lib/python3.12/site-packages/redis/client.py:565: in _execute_command
    conn = self.connection or pool.get_connection(command_name, **options)
                              ^^^^^^^^^^^^^^^^^^^^^^^^^^^^^^^^^^^^^^^^^^^^
.venv/lib/python3.12/site-packages/redis/connection.py:1422: in get_connection
    connection.connect()
.venv/lib/python3.12/site-packages/redis/connection.py:363: in connect
    raise ConnectionError(self._error_message(e))
E   redis.exceptions.ConnectionError: Error 111 connecting to localhost:6379. Connection refused.
----------------------------- Captured stdout call -----------------------------
2026-02-09 12:28:55,373 - SL - INFO - 5326 - "/home/runner/work/simplelogin-app/simplelogin-app/app/events/event_dispatcher.py:62" - send_event() -  - Not sending events because webhook is not configured and allowed to be empty
____________________ test_email_search_shows_custom_domains ____________________
.venv/lib/python3.12/site-packages/redis/connection.py:357: in connect
    sock = self.retry.call_with_retry(
.venv/lib/python3.12/site-packages/redis/retry.py:62: in call_with_retry
    return do()
           ^^^^
.venv/lib/python3.12/site-packages/redis/connection.py:358: in <lambda>
    lambda: self._connect(), lambda error: self.disconnect(error)
            ^^^^^^^^^^^^^^^
.venv/lib/python3.12/site-packages/redis/connection.py:730: in _connect
    raise err
.venv/lib/python3.12/site-packages/redis/connection.py:718: in _connect
    sock.connect(socket_address)
E   ConnectionRefusedError: [Errno 111] Connection refused

During handling of the above exception, another exception occurred:
tests/admin/test_email_search.py:588: in test_email_search_shows_custom_domains
    login_admin(flask_client)
tests/admin/test_email_search.py:41: in login_admin
    r = flask_client.post(
.venv/lib/python3.12/site-packages/werkzeug/test.py:1016: in post
    return self.open(*args, **kw)
           ^^^^^^^^^^^^^^^^^^^^^^
tests/conftest.py:60: in open
    return super().open(*args, **kwargs)
           ^^^^^^^^^^^^^^^^^^^^^^^^^^^^^
.venv/lib/python3.12/site-packages/flask/testing.py:222: in open
    return Client.open(
.venv/lib/python3.12/site-packages/werkzeug/test.py:970: in open
    response = self.run_wsgi_app(environ.copy(), buffered=buffered)
               ^^^^^^^^^^^^^^^^^^^^^^^^^^^^^^^^^^^^^^^^^^^^^^^^^^^^
.venv/lib/python3.12/site-packages/werkzeug/test.py:861: in run_wsgi_app
    rv = run_wsgi_app(self.application, environ, buffered=buffered)
         ^^^^^^^^^^^^^^^^^^^^^^^^^^^^^^^^^^^^^^^^^^^^^^^^^^^^^^^^^^
.venv/lib/python3.12/site-packages/werkzeug/test.py:1096: in run_wsgi_app
    app_rv = app(environ, start_response)
             ^^^^^^^^^^^^^^^^^^^^^^^^^^^^
.venv/lib/python3.12/site-packages/flask/app.py:2464: in __call__
    return self.wsgi_app(environ, start_response)
           ^^^^^^^^^^^^^^^^^^^^^^^^^^^^^^^^^^^^^^
.venv/lib/python3.12/site-packages/werkzeug/middleware/proxy_fix.py:169: in __call__
    return self.app(environ, start_response)
           ^^^^^^^^^^^^^^^^^^^^^^^^^^^^^^^^^
.venv/lib/python3.12/site-packages/flask/app.py:2450: in wsgi_app
    response = self.handle_exception(e)
               ^^^^^^^^^^^^^^^^^^^^^^^^
.venv/lib/python3.12/site-packages/flask_cors/extension.py:165: in wrapped_function
    return cors_after_request(app.make_response(f(*args, **kwargs)))
                                                ^^^^^^^^^^^^^^^^^^
.venv/lib/python3.12/site-packages/flask/app.py:1867: in handle_exception
    reraise(exc_type, exc_value, tb)
.venv/lib/python3.12/site-packages/flask/_compat.py:39: in reraise
    raise value
.venv/lib/python3.12/site-packages/flask/app.py:2447: in wsgi_app
    response = self.full_dispatch_request()
               ^^^^^^^^^^^^^^^^^^^^^^^^^^^^
.venv/lib/python3.12/site-packages/flask/app.py:1953: in full_dispatch_request
    return self.finalize_request(rv)
           ^^^^^^^^^^^^^^^^^^^^^^^^^
.venv/lib/python3.12/site-packages/flask/app.py:1970: in finalize_request
    response = self.process_response(response)
               ^^^^^^^^^^^^^^^^^^^^^^^^^^^^^^^
.venv/lib/python3.12/site-packages/flask/app.py:2269: in process_response
    self.session_interface.save_session(self, ctx.session, response)
app/session.py:97: in save_session
    self._redis_w.setex(
.venv/lib/python3.12/site-packages/redis/commands/core.py:2360: in setex
    return self.execute_command("SETEX", name, time, value)
           ^^^^^^^^^^^^^^^^^^^^^^^^^^^^^^^^^^^^^^^^^^^^^^^^
.venv/lib/python3.12/site-packages/redis/client.py:559: in execute_command
    return self._execute_command(*args, **options)
           ^^^^^^^^^^^^^^^^^^^^^^^^^^^^^^^^^^^^^^^
.venv/lib/python3.12/site-packages/redis/client.py:565: in _execute_command
    conn = self.connection or pool.get_connection(command_name, **options)
                              ^^^^^^^^^^^^^^^^^^^^^^^^^^^^^^^^^^^^^^^^^^^^
.venv/lib/python3.12/site-packages/redis/connection.py:1422: in get_connection
    connection.connect()
.venv/lib/python3.12/site-packages/redis/connection.py:363: in connect
    raise ConnectionError(self._error_message(e))
E   redis.exceptions.ConnectionError: Error 111 connecting to localhost:6379. Connection refused.
----------------------------- Captured stdout call -----------------------------
2026-02-09 12:28:56,078 - SL - INFO - 5326 - "/home/runner/work/simplelogin-app/simplelogin-app/app/events/event_dispatcher.py:62" - send_event() -  - Not sending events because webhook is not configured and allowed to be empty
_________________ test_email_search_shows_domain_alias_counts __________________
.venv/lib/python3.12/site-packages/redis/connection.py:357: in connect
    sock = self.retry.call_with_retry(
.venv/lib/python3.12/site-packages/redis/retry.py:62: in call_with_retry
    return do()
           ^^^^
.venv/lib/python3.12/site-packages/redis/connection.py:358: in <lambda>
    lambda: self._connect(), lambda error: self.disconnect(error)
            ^^^^^^^^^^^^^^^
.venv/lib/python3.12/site-packages/redis/connection.py:730: in _connect
    raise err
.venv/lib/python3.12/site-packages/redis/connection.py:718: in _connect
    sock.connect(socket_address)
E   ConnectionRefusedError: [Errno 111] Connection refused

During handling of the above exception, another exception occurred:
tests/admin/test_email_search.py:619: in test_email_search_shows_domain_alias_counts
    login_admin(flask_client)
tests/admin/test_email_search.py:41: in login_admin
    r = flask_client.post(
.venv/lib/python3.12/site-packages/werkzeug/test.py:1016: in post
    return self.open(*args, **kw)
           ^^^^^^^^^^^^^^^^^^^^^^
tests/conftest.py:60: in open
    return super().open(*args, **kwargs)
           ^^^^^^^^^^^^^^^^^^^^^^^^^^^^^
.venv/lib/python3.12/site-packages/flask/testing.py:222: in open
    return Client.open(
.venv/lib/python3.12/site-packages/werkzeug/test.py:970: in open
    response = self.run_wsgi_app(environ.copy(), buffered=buffered)
               ^^^^^^^^^^^^^^^^^^^^^^^^^^^^^^^^^^^^^^^^^^^^^^^^^^^^
.venv/lib/python3.12/site-packages/werkzeug/test.py:861: in run_wsgi_app
    rv = run_wsgi_app(self.application, environ, buffered=buffered)
         ^^^^^^^^^^^^^^^^^^^^^^^^^^^^^^^^^^^^^^^^^^^^^^^^^^^^^^^^^^
.venv/lib/python3.12/site-packages/werkzeug/test.py:1096: in run_wsgi_app
    app_rv = app(environ, start_response)
             ^^^^^^^^^^^^^^^^^^^^^^^^^^^^
.venv/lib/python3.12/site-packages/flask/app.py:2464: in __call__
    return self.wsgi_app(environ, start_response)
           ^^^^^^^^^^^^^^^^^^^^^^^^^^^^^^^^^^^^^^
.venv/lib/python3.12/site-packages/werkzeug/middleware/proxy_fix.py:169: in __call__
    return self.app(environ, start_response)
           ^^^^^^^^^^^^^^^^^^^^^^^^^^^^^^^^^
.venv/lib/python3.12/site-packages/flask/app.py:2450: in wsgi_app
    response = self.handle_exception(e)
               ^^^^^^^^^^^^^^^^^^^^^^^^
.venv/lib/python3.12/site-packages/flask_cors/extension.py:165: in wrapped_function
    return cors_after_request(app.make_response(f(*args, **kwargs)))
                                                ^^^^^^^^^^^^^^^^^^
.venv/lib/python3.12/site-packages/flask/app.py:1867: in handle_exception
    reraise(exc_type, exc_value, tb)
.venv/lib/python3.12/site-packages/flask/_compat.py:39: in reraise
    raise value
.venv/lib/python3.12/site-packages/flask/app.py:2447: in wsgi_app
    response = self.full_dispatch_request()
               ^^^^^^^^^^^^^^^^^^^^^^^^^^^^
.venv/lib/python3.12/site-packages/flask/app.py:1953: in full_dispatch_request
    return self.finalize_request(rv)
           ^^^^^^^^^^^^^^^^^^^^^^^^^
.venv/lib/python3.12/site-packages/flask/app.py:1970: in finalize_request
    response = self.process_response(response)
               ^^^^^^^^^^^^^^^^^^^^^^^^^^^^^^^
.venv/lib/python3.12/site-packages/flask/app.py:2269: in process_response
    self.session_interface.save_session(self, ctx.session, response)
app/session.py:97: in save_session
    self._redis_w.setex(
.venv/lib/python3.12/site-packages/redis/commands/core.py:2360: in setex
    return self.execute_command("SETEX", name, time, value)
           ^^^^^^^^^^^^^^^^^^^^^^^^^^^^^^^^^^^^^^^^^^^^^^^^
.venv/lib/python3.12/site-packages/redis/client.py:559: in execute_command
    return self._execute_command(*args, **options)
           ^^^^^^^^^^^^^^^^^^^^^^^^^^^^^^^^^^^^^^^
.venv/lib/python3.12/site-packages/redis/client.py:565: in _execute_command
    conn = self.connection or pool.get_connection(command_name, **options)
                              ^^^^^^^^^^^^^^^^^^^^^^^^^^^^^^^^^^^^^^^^^^^^
.venv/lib/python3.12/site-packages/redis/connection.py:1422: in get_connection
    connection.connect()
.venv/lib/python3.12/site-packages/redis/connection.py:363: in connect
    raise ConnectionError(self._error_message(e))
E   redis.exceptions.ConnectionError: Error 111 connecting to localhost:6379. Connection refused.
----------------------------- Captured stdout call -----------------------------
2026-02-09 12:28:56,772 - SL - INFO - 5326 - "/home/runner/work/simplelogin-app/simplelogin-app/app/events/event_dispatcher.py:62" - send_event() -  - Not sending events because webhook is not configured and allowed to be empty
__________________ test_get_aliases_error_without_pagination ___________________
.venv/lib/python3.12/site-packages/redis/connection.py:357: in connect
    sock = self.retry.call_with_retry(
.venv/lib/python3.12/site-packages/redis/retry.py:62: in call_with_retry
    return do()
           ^^^^
.venv/lib/python3.12/site-packages/redis/connection.py:358: in <lambda>
    lambda: self._connect(), lambda error: self.disconnect(error)
            ^^^^^^^^^^^^^^^
.venv/lib/python3.12/site-packages/redis/connection.py:730: in _connect
    raise err
.venv/lib/python3.12/site-packages/redis/connection.py:718: in _connect
    sock.connect(socket_address)
E   ConnectionRefusedError: [Errno 111] Connection refused

During handling of the above exception, another exception occurred:
tests/api/test_alias.py:25: in test_get_aliases_error_without_pagination
    r = flask_client.get(
.venv/lib/python3.12/site-packages/werkzeug/test.py:1006: in get
    return self.open(*args, **kw)
           ^^^^^^^^^^^^^^^^^^^^^^
tests/conftest.py:60: in open
    return super().open(*args, **kwargs)
           ^^^^^^^^^^^^^^^^^^^^^^^^^^^^^
.venv/lib/python3.12/site-packages/flask/testing.py:222: in open
    return Client.open(
.venv/lib/python3.12/site-packages/werkzeug/test.py:970: in open
    response = self.run_wsgi_app(environ.copy(), buffered=buffered)
               ^^^^^^^^^^^^^^^^^^^^^^^^^^^^^^^^^^^^^^^^^^^^^^^^^^^^
.venv/lib/python3.12/site-packages/werkzeug/test.py:861: in run_wsgi_app
    rv = run_wsgi_app(self.application, environ, buffered=buffered)
         ^^^^^^^^^^^^^^^^^^^^^^^^^^^^^^^^^^^^^^^^^^^^^^^^^^^^^^^^^^
.venv/lib/python3.12/site-packages/werkzeug/test.py:1096: in run_wsgi_app
    app_rv = app(environ, start_response)
             ^^^^^^^^^^^^^^^^^^^^^^^^^^^^
.venv/lib/python3.12/site-packages/flask/app.py:2464: in __call__
    return self.wsgi_app(environ, start_response)
           ^^^^^^^^^^^^^^^^^^^^^^^^^^^^^^^^^^^^^^
.venv/lib/python3.12/site-packages/werkzeug/middleware/proxy_fix.py:169: in __call__
    return self.app(environ, start_response)
           ^^^^^^^^^^^^^^^^^^^^^^^^^^^^^^^^^
.venv/lib/python3.12/site-packages/flask/app.py:2450: in wsgi_app
    response = self.handle_exception(e)
               ^^^^^^^^^^^^^^^^^^^^^^^^
.venv/lib/python3.12/site-packages/flask_cors/extension.py:165: in wrapped_function
    return cors_after_request(app.make_response(f(*args, **kwargs)))
                                                ^^^^^^^^^^^^^^^^^^
.venv/lib/python3.12/site-packages/flask/app.py:1867: in handle_exception
    reraise(exc_type, exc_value, tb)
.venv/lib/python3.12/site-packages/flask/_compat.py:39: in reraise
    raise value
.venv/lib/python3.12/site-packages/flask/app.py:2447: in wsgi_app
    response = self.full_dispatch_request()
               ^^^^^^^^^^^^^^^^^^^^^^^^^^^^
.venv/lib/python3.12/site-packages/flask/app.py:1953: in full_dispatch_request
    return self.finalize_request(rv)
           ^^^^^^^^^^^^^^^^^^^^^^^^^
.venv/lib/python3.12/site-packages/flask/app.py:1970: in finalize_request
    response = self.process_response(response)
               ^^^^^^^^^^^^^^^^^^^^^^^^^^^^^^^
.venv/lib/python3.12/site-packages/flask/app.py:2269: in process_response
    self.session_interface.save_session(self, ctx.session, response)
app/session.py:97: in save_session
    self._redis_w.setex(
.venv/lib/python3.12/site-packages/redis/commands/core.py:2360: in setex
    return self.execute_command("SETEX", name, time, value)
           ^^^^^^^^^^^^^^^^^^^^^^^^^^^^^^^^^^^^^^^^^^^^^^^^
.venv/lib/python3.12/site-packages/redis/client.py:559: in execute_command
    return self._execute_command(*args, **options)
           ^^^^^^^^^^^^^^^^^^^^^^^^^^^^^^^^^^^^^^^
.venv/lib/python3.12/site-packages/redis/client.py:565: in _execute_command
    conn = self.connection or pool.get_connection(command_name, **options)
                              ^^^^^^^^^^^^^^^^^^^^^^^^^^^^^^^^^^^^^^^^^^^^
.venv/lib/python3.12/site-packages/redis/connection.py:1422: in get_connection
    connection.connect()
.venv/lib/python3.12/site-packages/redis/connection.py:363: in connect
    raise ConnectionError(self._error_message(e))
E   redis.exceptions.ConnectionError: Error 111 connecting to localhost:6379. Connection refused.
----------------------------- Captured stdout call -----------------------------
2026-02-09 12:28:57,458 - SL - INFO - 5326 - "/home/runner/work/simplelogin-app/simplelogin-app/app/events/event_dispatcher.py:62" - send_event() -  - Not sending events because webhook is not configured and allowed to be empty
_______________________ test_get_aliases_with_pagination _______________________
.venv/lib/python3.12/site-packages/redis/connection.py:357: in connect
    sock = self.retry.call_with_retry(
.venv/lib/python3.12/site-packages/redis/retry.py:62: in call_with_retry
    return do()
           ^^^^
.venv/lib/python3.12/site-packages/redis/connection.py:358: in <lambda>
    lambda: self._connect(), lambda error: self.disconnect(error)
            ^^^^^^^^^^^^^^^
.venv/lib/python3.12/site-packages/redis/connection.py:730: in _connect
    raise err
.venv/lib/python3.12/site-packages/redis/connection.py:718: in _connect
    sock.connect(socket_address)
E   ConnectionRefusedError: [Errno 111] Connection refused

During handling of the above exception, another exception occurred:
tests/api/test_alias.py:42: in test_get_aliases_with_pagination
    r = flask_client.get(
.venv/lib/python3.12/site-packages/werkzeug/test.py:1006: in get
    return self.open(*args, **kw)
           ^^^^^^^^^^^^^^^^^^^^^^
tests/conftest.py:60: in open
    return super().open(*args, **kwargs)
           ^^^^^^^^^^^^^^^^^^^^^^^^^^^^^
.venv/lib/python3.12/site-packages/flask/testing.py:222: in open
    return Client.open(
.venv/lib/python3.12/site-packages/werkzeug/test.py:970: in open
    response = self.run_wsgi_app(environ.copy(), buffered=buffered)
               ^^^^^^^^^^^^^^^^^^^^^^^^^^^^^^^^^^^^^^^^^^^^^^^^^^^^
.venv/lib/python3.12/site-packages/werkzeug/test.py:861: in run_wsgi_app
    rv = run_wsgi_app(self.application, environ, buffered=buffered)
         ^^^^^^^^^^^^^^^^^^^^^^^^^^^^^^^^^^^^^^^^^^^^^^^^^^^^^^^^^^
.venv/lib/python3.12/site-packages/werkzeug/test.py:1096: in run_wsgi_app
    app_rv = app(environ, start_response)
             ^^^^^^^^^^^^^^^^^^^^^^^^^^^^
.venv/lib/python3.12/site-packages/flask/app.py:2464: in __call__
    return self.wsgi_app(environ, start_response)
           ^^^^^^^^^^^^^^^^^^^^^^^^^^^^^^^^^^^^^^
.venv/lib/python3.12/site-packages/werkzeug/middleware/proxy_fix.py:169: in __call__
    return self.app(environ, start_response)
           ^^^^^^^^^^^^^^^^^^^^^^^^^^^^^^^^^
.venv/lib/python3.12/site-packages/flask/app.py:2450: in wsgi_app
    response = self.handle_exception(e)
               ^^^^^^^^^^^^^^^^^^^^^^^^
.venv/lib/python3.12/site-packages/flask_cors/extension.py:165: in wrapped_function
    return cors_after_request(app.make_response(f(*args, **kwargs)))
                                                ^^^^^^^^^^^^^^^^^^
.venv/lib/python3.12/site-packages/flask/app.py:1867: in handle_exception
    reraise(exc_type, exc_value, tb)
.venv/lib/python3.12/site-packages/flask/_compat.py:39: in reraise
    raise value
.venv/lib/python3.12/site-packages/flask/app.py:2447: in wsgi_app
    response = self.full_dispatch_request()
               ^^^^^^^^^^^^^^^^^^^^^^^^^^^^
.venv/lib/python3.12/site-packages/flask/app.py:1953: in full_dispatch_request
    return self.finalize_request(rv)
           ^^^^^^^^^^^^^^^^^^^^^^^^^
.venv/lib/python3.12/site-packages/flask/app.py:1970: in finalize_request
    response = self.process_response(response)
               ^^^^^^^^^^^^^^^^^^^^^^^^^^^^^^^
.venv/lib/python3.12/site-packages/flask/app.py:2269: in process_response
    self.session_interface.save_session(self, ctx.session, response)
app/session.py:97: in save_session
    self._redis_w.setex(
.venv/lib/python3.12/site-packages/redis/commands/core.py:2360: in setex
    return self.execute_command("SETEX", name, time, value)
           ^^^^^^^^^^^^^^^^^^^^^^^^^^^^^^^^^^^^^^^^^^^^^^^^
.venv/lib/python3.12/site-packages/redis/client.py:559: in execute_command
    return self._execute_command(*args, **options)
           ^^^^^^^^^^^^^^^^^^^^^^^^^^^^^^^^^^^^^^^
.venv/lib/python3.12/site-packages/redis/client.py:565: in _execute_command
    conn = self.connection or pool.get_connection(command_name, **options)
                              ^^^^^^^^^^^^^^^^^^^^^^^^^^^^^^^^^^^^^^^^^^^^
.venv/lib/python3.12/site-packages/redis/connection.py:1422: in get_connection
    connection.connect()
.venv/lib/python3.12/site-packages/redis/connection.py:363: in connect
    raise ConnectionError(self._error_message(e))
E   redis.exceptions.ConnectionError: Error 111 connecting to localhost:6379. Connection refused.
----------------------------- Captured stdout call -----------------------------
2026-02-09 12:28:58,030 - SL - INFO - 5326 - "/home/runner/work/simplelogin-app/simplelogin-app/app/events/event_dispatcher.py:62" - send_event() -  - Not sending events because webhook is not configured and allowed to be empty
2026-02-09 12:28:58,051 - SL - INFO - 5326 - "/home/runner/work/simplelogin-app/simplelogin-app/app/events/event_dispatcher.py:62" - send_event() -  - Not sending events because webhook is not configured and allowed to be empty
2026-02-09 12:28:58,068 - SL - INFO - 5326 - "/home/runner/work/simplelogin-app/simplelogin-app/app/events/event_dispatcher.py:62" - send_event() -  - Not sending events because webhook is not configured and allowed to be empty
2026-02-09 12:28:58,084 - SL - INFO - 5326 - "/home/runner/work/simplelogin-app/simplelogin-app/app/events/event_dispatcher.py:62" - send_event() -  - Not sending events because webhook is not configured and allowed to be empty
2026-02-09 12:28:58,100 - SL - INFO - 5326 - "/home/runner/work/simplelogin-app/simplelogin-app/app/events/event_dispatcher.py:62" - send_event() -  - Not sending events because webhook is not configured and allowed to be empty
2026-02-09 12:28:58,116 - SL - INFO - 5326 - "/home/runner/work/simplelogin-app/simplelogin-app/app/events/event_dispatcher.py:62" - send_event() -  - Not sending events because webhook is not configured and allowed to be empty
2026-02-09 12:28:58,133 - SL - INFO - 5326 - "/home/runner/work/simplelogin-app/simplelogin-app/app/events/event_dispatcher.py:62" - send_event() -  - Not sending events because webhook is not configured and allowed to be empty
2026-02-09 12:28:58,149 - SL - INFO - 5326 - "/home/runner/work/simplelogin-app/simplelogin-app/app/events/event_dispatcher.py:62" - send_event() -  - Not sending events because webhook is not configured and allowed to be empty
2026-02-09 12:28:58,165 - SL - INFO - 5326 - "/home/runner/work/simplelogin-app/simplelogin-app/app/events/event_dispatcher.py:62" - send_event() -  - Not sending events because webhook is not configured and allowed to be empty
2026-02-09 12:28:58,181 - SL - INFO - 5326 - "/home/runner/work/simplelogin-app/simplelogin-app/app/events/event_dispatcher.py:62" - send_event() -  - Not sending events because webhook is not configured and allowed to be empty
2026-02-09 12:28:58,199 - SL - INFO - 5326 - "/home/runner/work/simplelogin-app/simplelogin-app/app/events/event_dispatcher.py:62" - send_event() -  - Not sending events because webhook is not configured and allowed to be empty
2026-02-09 12:28:58,215 - SL - INFO - 5326 - "/home/runner/work/simplelogin-app/simplelogin-app/app/events/event_dispatcher.py:62" - send_event() -  - Not sending events because webhook is not configured and allowed to be empty
2026-02-09 12:28:58,233 - SL - INFO - 5326 - "/home/runner/work/simplelogin-app/simplelogin-app/app/events/event_dispatcher.py:62" - send_event() -  - Not sending events because webhook is not configured and allowed to be empty
2026-02-09 12:28:58,250 - SL - INFO - 5326 - "/home/runner/work/simplelogin-app/simplelogin-app/app/events/event_dispatcher.py:62" - send_event() -  - Not sending events because webhook is not configured and allowed to be empty
2026-02-09 12:28:58,267 - SL - INFO - 5326 - "/home/runner/work/simplelogin-app/simplelogin-app/app/events/event_dispatcher.py:62" - send_event() -  - Not sending events because webhook is not configured and allowed to be empty
2026-02-09 12:28:58,284 - SL - INFO - 5326 - "/home/runner/work/simplelogin-app/simplelogin-app/app/events/event_dispatcher.py:62" - send_event() -  - Not sending events because webhook is not configured and allowed to be empty
2026-02-09 12:28:58,300 - SL - INFO - 5326 - "/home/runner/work/simplelogin-app/simplelogin-app/app/events/event_dispatcher.py:62" - send_event() -  - Not sending events because webhook is not configured and allowed to be empty
2026-02-09 12:28:58,316 - SL - INFO - 5326 - "/home/runner/work/simplelogin-app/simplelogin-app/app/events/event_dispatcher.py:62" - send_event() -  - Not sending events because webhook is not configured and allowed to be empty
2026-02-09 12:28:58,332 - SL - INFO - 5326 - "/home/runner/work/simplelogin-app/simplelogin-app/app/events/event_dispatcher.py:62" - send_event() -  - Not sending events because webhook is not configured and allowed to be empty
2026-02-09 12:28:58,348 - SL - INFO - 5326 - "/home/runner/work/simplelogin-app/simplelogin-app/app/events/event_dispatcher.py:62" - send_event() -  - Not sending events because webhook is not configured and allowed to be empty
2026-02-09 12:28:58,364 - SL - INFO - 5326 - "/home/runner/work/simplelogin-app/simplelogin-app/app/events/event_dispatcher.py:62" - send_event() -  - Not sending events because webhook is not configured and allowed to be empty
2026-02-09 12:28:58,382 - SL - INFO - 5326 - "/home/runner/work/simplelogin-app/simplelogin-app/app/events/event_dispatcher.py:62" - send_event() -  - Not sending events because webhook is not configured and allowed to be empty
____________________________ test_get_aliases_query ____________________________
.venv/lib/python3.12/site-packages/redis/connection.py:357: in connect
    sock = self.retry.call_with_retry(
.venv/lib/python3.12/site-packages/redis/retry.py:62: in call_with_retry
    return do()
           ^^^^
.venv/lib/python3.12/site-packages/redis/connection.py:358: in <lambda>
    lambda: self._connect(), lambda error: self.disconnect(error)
            ^^^^^^^^^^^^^^^
.venv/lib/python3.12/site-packages/redis/connection.py:730: in _connect
    raise err
.venv/lib/python3.12/site-packages/redis/connection.py:718: in _connect
    sock.connect(socket_address)
E   ConnectionRefusedError: [Errno 111] Connection refused

During handling of the above exception, another exception occurred:
tests/api/test_alias.py:79: in test_get_aliases_query
    r = flask_client.get(
.venv/lib/python3.12/site-packages/werkzeug/test.py:1006: in get
    return self.open(*args, **kw)
           ^^^^^^^^^^^^^^^^^^^^^^
tests/conftest.py:60: in open
    return super().open(*args, **kwargs)
           ^^^^^^^^^^^^^^^^^^^^^^^^^^^^^
.venv/lib/python3.12/site-packages/flask/testing.py:222: in open
    return Client.open(
.venv/lib/python3.12/site-packages/werkzeug/test.py:970: in open
    response = self.run_wsgi_app(environ.copy(), buffered=buffered)
               ^^^^^^^^^^^^^^^^^^^^^^^^^^^^^^^^^^^^^^^^^^^^^^^^^^^^
.venv/lib/python3.12/site-packages/werkzeug/test.py:861: in run_wsgi_app
    rv = run_wsgi_app(self.application, environ, buffered=buffered)
         ^^^^^^^^^^^^^^^^^^^^^^^^^^^^^^^^^^^^^^^^^^^^^^^^^^^^^^^^^^
.venv/lib/python3.12/site-packages/werkzeug/test.py:1096: in run_wsgi_app
    app_rv = app(environ, start_response)
             ^^^^^^^^^^^^^^^^^^^^^^^^^^^^
.venv/lib/python3.12/site-packages/flask/app.py:2464: in __call__
    return self.wsgi_app(environ, start_response)
           ^^^^^^^^^^^^^^^^^^^^^^^^^^^^^^^^^^^^^^
.venv/lib/python3.12/site-packages/werkzeug/middleware/proxy_fix.py:169: in __call__
    return self.app(environ, start_response)
           ^^^^^^^^^^^^^^^^^^^^^^^^^^^^^^^^^
.venv/lib/python3.12/site-packages/flask/app.py:2450: in wsgi_app
    response = self.handle_exception(e)
               ^^^^^^^^^^^^^^^^^^^^^^^^
.venv/lib/python3.12/site-packages/flask_cors/extension.py:165: in wrapped_function
    return cors_after_request(app.make_response(f(*args, **kwargs)))
                                                ^^^^^^^^^^^^^^^^^^
.venv/lib/python3.12/site-packages/flask/app.py:1867: in handle_exception
    reraise(exc_type, exc_value, tb)
.venv/lib/python3.12/site-packages/flask/_compat.py:39: in reraise
    raise value
.venv/lib/python3.12/site-packages/flask/app.py:2447: in wsgi_app
    response = self.full_dispatch_request()
               ^^^^^^^^^^^^^^^^^^^^^^^^^^^^
.venv/lib/python3.12/site-packages/flask/app.py:1953: in full_dispatch_request
    return self.finalize_request(rv)
           ^^^^^^^^^^^^^^^^^^^^^^^^^
.venv/lib/python3.12/site-packages/flask/app.py:1970: in finalize_request
    response = self.process_response(response)
               ^^^^^^^^^^^^^^^^^^^^^^^^^^^^^^^
.venv/lib/python3.12/site-packages/flask/app.py:2269: in process_response
    self.session_interface.save_session(self, ctx.session, response)
app/session.py:97: in save_session
    self._redis_w.setex(
.venv/lib/python3.12/site-packages/redis/commands/core.py:2360: in setex
    return self.execute_command("SETEX", name, time, value)
           ^^^^^^^^^^^^^^^^^^^^^^^^^^^^^^^^^^^^^^^^^^^^^^^^
.venv/lib/python3.12/site-packages/redis/client.py:559: in execute_command
    return self._execute_command(*args, **options)
           ^^^^^^^^^^^^^^^^^^^^^^^^^^^^^^^^^^^^^^^
.venv/lib/python3.12/site-packages/redis/client.py:565: in _execute_command
    conn = self.connection or pool.get_connection(command_name, **options)
                              ^^^^^^^^^^^^^^^^^^^^^^^^^^^^^^^^^^^^^^^^^^^^
.venv/lib/python3.12/site-packages/redis/connection.py:1422: in get_connection
    connection.connect()
.venv/lib/python3.12/site-packages/redis/connection.py:363: in connect
    raise ConnectionError(self._error_message(e))
E   redis.exceptions.ConnectionError: Error 111 connecting to localhost:6379. Connection refused.
----------------------------- Captured stdout call -----------------------------
2026-02-09 12:28:58,884 - SL - INFO - 5326 - "/home/runner/work/simplelogin-app/simplelogin-app/app/events/event_dispatcher.py:62" - send_event() -  - Not sending events because webhook is not configured and allowed to be empty
2026-02-09 12:28:58,906 - SL - INFO - 5326 - "/home/runner/work/simplelogin-app/simplelogin-app/app/events/event_dispatcher.py:62" - send_event() -  - Not sending events because webhook is not configured and allowed to be empty
2026-02-09 12:28:58,922 - SL - INFO - 5326 - "/home/runner/work/simplelogin-app/simplelogin-app/app/events/event_dispatcher.py:62" - send_event() -  - Not sending events because webhook is not configured and allowed to be empty
_____________________________ test_get_aliases_v2 ______________________________
.venv/lib/python3.12/site-packages/redis/connection.py:357: in connect
    sock = self.retry.call_with_retry(
.venv/lib/python3.12/site-packages/redis/retry.py:62: in call_with_retry
    return do()
           ^^^^
.venv/lib/python3.12/site-packages/redis/connection.py:358: in <lambda>
    lambda: self._connect(), lambda error: self.disconnect(error)
            ^^^^^^^^^^^^^^^
.venv/lib/python3.12/site-packages/redis/connection.py:730: in _connect
    raise err
.venv/lib/python3.12/site-packages/redis/connection.py:718: in _connect
    sock.connect(socket_address)
E   ConnectionRefusedError: [Errno 111] Connection refused

During handling of the above exception, another exception occurred:
tests/api/test_alias.py:96: in test_get_aliases_v2
    user = login(flask_client)
           ^^^^^^^^^^^^^^^^^^^
tests/utils.py:57: in login
    r = flask_client.post(
.venv/lib/python3.12/site-packages/werkzeug/test.py:1016: in post
    return self.open(*args, **kw)
           ^^^^^^^^^^^^^^^^^^^^^^
tests/conftest.py:60: in open
    return super().open(*args, **kwargs)
           ^^^^^^^^^^^^^^^^^^^^^^^^^^^^^
.venv/lib/python3.12/site-packages/flask/testing.py:222: in open
    return Client.open(
.venv/lib/python3.12/site-packages/werkzeug/test.py:970: in open
    response = self.run_wsgi_app(environ.copy(), buffered=buffered)
               ^^^^^^^^^^^^^^^^^^^^^^^^^^^^^^^^^^^^^^^^^^^^^^^^^^^^
.venv/lib/python3.12/site-packages/werkzeug/test.py:861: in run_wsgi_app
    rv = run_wsgi_app(self.application, environ, buffered=buffered)
         ^^^^^^^^^^^^^^^^^^^^^^^^^^^^^^^^^^^^^^^^^^^^^^^^^^^^^^^^^^
.venv/lib/python3.12/site-packages/werkzeug/test.py:1096: in run_wsgi_app
    app_rv = app(environ, start_response)
             ^^^^^^^^^^^^^^^^^^^^^^^^^^^^
.venv/lib/python3.12/site-packages/flask/app.py:2464: in __call__
    return self.wsgi_app(environ, start_response)
           ^^^^^^^^^^^^^^^^^^^^^^^^^^^^^^^^^^^^^^
.venv/lib/python3.12/site-packages/werkzeug/middleware/proxy_fix.py:169: in __call__
    return self.app(environ, start_response)
           ^^^^^^^^^^^^^^^^^^^^^^^^^^^^^^^^^
.venv/lib/python3.12/site-packages/flask/app.py:2450: in wsgi_app
    response = self.handle_exception(e)
               ^^^^^^^^^^^^^^^^^^^^^^^^
.venv/lib/python3.12/site-packages/flask_cors/extension.py:165: in wrapped_function
    return cors_after_request(app.make_response(f(*args, **kwargs)))
                                                ^^^^^^^^^^^^^^^^^^
.venv/lib/python3.12/site-packages/flask/app.py:1867: in handle_exception
    reraise(exc_type, exc_value, tb)
.venv/lib/python3.12/site-packages/flask/_compat.py:39: in reraise
    raise value
.venv/lib/python3.12/site-packages/flask/app.py:2447: in wsgi_app
    response = self.full_dispatch_request()
               ^^^^^^^^^^^^^^^^^^^^^^^^^^^^
.venv/lib/python3.12/site-packages/flask/app.py:1953: in full_dispatch_request
    return self.finalize_request(rv)
           ^^^^^^^^^^^^^^^^^^^^^^^^^
.venv/lib/python3.12/site-packages/flask/app.py:1970: in finalize_request
    response = self.process_response(response)
               ^^^^^^^^^^^^^^^^^^^^^^^^^^^^^^^
.venv/lib/python3.12/site-packages/flask/app.py:2269: in process_response
    self.session_interface.save_session(self, ctx.session, response)
app/session.py:97: in save_session
    self._redis_w.setex(
.venv/lib/python3.12/site-packages/redis/commands/core.py:2360: in setex
    return self.execute_command("SETEX", name, time, value)
           ^^^^^^^^^^^^^^^^^^^^^^^^^^^^^^^^^^^^^^^^^^^^^^^^
.venv/lib/python3.12/site-packages/redis/client.py:559: in execute_command
    return self._execute_command(*args, **options)
           ^^^^^^^^^^^^^^^^^^^^^^^^^^^^^^^^^^^^^^^
.venv/lib/python3.12/site-packages/redis/client.py:565: in _execute_command
    conn = self.connection or pool.get_connection(command_name, **options)
                              ^^^^^^^^^^^^^^^^^^^^^^^^^^^^^^^^^^^^^^^^^^^^
.venv/lib/python3.12/site-packages/redis/connection.py:1422: in get_connection
    connection.connect()
.venv/lib/python3.12/site-packages/redis/connection.py:363: in connect
    raise ConnectionError(self._error_message(e))
E   redis.exceptions.ConnectionError: Error 111 connecting to localhost:6379. Connection refused.
----------------------------- Captured stdout call -----------------------------
2026-02-09 12:28:59,390 - SL - INFO - 5326 - "/home/runner/work/simplelogin-app/simplelogin-app/app/events/event_dispatcher.py:62" - send_event() -  - Not sending events because webhook is not configured and allowed to be empty
__________________________ test_get_pinned_aliases_v2 __________________________
.venv/lib/python3.12/site-packages/redis/connection.py:357: in connect
    sock = self.retry.call_with_retry(
.venv/lib/python3.12/site-packages/redis/retry.py:62: in call_with_retry
    return do()
           ^^^^
.venv/lib/python3.12/site-packages/redis/connection.py:358: in <lambda>
    lambda: self._connect(), lambda error: self.disconnect(error)
            ^^^^^^^^^^^^^^^
.venv/lib/python3.12/site-packages/redis/connection.py:730: in _connect
    raise err
.venv/lib/python3.12/site-packages/redis/connection.py:718: in _connect
    sock.connect(socket_address)
E   ConnectionRefusedError: [Errno 111] Connection refused

During handling of the above exception, another exception occurred:
tests/api/test_alias.py:164: in test_get_pinned_aliases_v2
    user = login(flask_client)
           ^^^^^^^^^^^^^^^^^^^
tests/utils.py:57: in login
    r = flask_client.post(
.venv/lib/python3.12/site-packages/werkzeug/test.py:1016: in post
    return self.open(*args, **kw)
           ^^^^^^^^^^^^^^^^^^^^^^
tests/conftest.py:60: in open
    return super().open(*args, **kwargs)
           ^^^^^^^^^^^^^^^^^^^^^^^^^^^^^
.venv/lib/python3.12/site-packages/flask/testing.py:222: in open
    return Client.open(
.venv/lib/python3.12/site-packages/werkzeug/test.py:970: in open
    response = self.run_wsgi_app(environ.copy(), buffered=buffered)
               ^^^^^^^^^^^^^^^^^^^^^^^^^^^^^^^^^^^^^^^^^^^^^^^^^^^^
.venv/lib/python3.12/site-packages/werkzeug/test.py:861: in run_wsgi_app
    rv = run_wsgi_app(self.application, environ, buffered=buffered)
         ^^^^^^^^^^^^^^^^^^^^^^^^^^^^^^^^^^^^^^^^^^^^^^^^^^^^^^^^^^
.venv/lib/python3.12/site-packages/werkzeug/test.py:1096: in run_wsgi_app
    app_rv = app(environ, start_response)
             ^^^^^^^^^^^^^^^^^^^^^^^^^^^^
.venv/lib/python3.12/site-packages/flask/app.py:2464: in __call__
    return self.wsgi_app(environ, start_response)
           ^^^^^^^^^^^^^^^^^^^^^^^^^^^^^^^^^^^^^^
.venv/lib/python3.12/site-packages/werkzeug/middleware/proxy_fix.py:169: in __call__
    return self.app(environ, start_response)
           ^^^^^^^^^^^^^^^^^^^^^^^^^^^^^^^^^
.venv/lib/python3.12/site-packages/flask/app.py:2450: in wsgi_app
    response = self.handle_exception(e)
               ^^^^^^^^^^^^^^^^^^^^^^^^
.venv/lib/python3.12/site-packages/flask_cors/extension.py:165: in wrapped_function
    return cors_after_request(app.make_response(f(*args, **kwargs)))
                                                ^^^^^^^^^^^^^^^^^^
.venv/lib/python3.12/site-packages/flask/app.py:1867: in handle_exception
    reraise(exc_type, exc_value, tb)
.venv/lib/python3.12/site-packages/flask/_compat.py:39: in reraise
    raise value
.venv/lib/python3.12/site-packages/flask/app.py:2447: in wsgi_app
    response = self.full_dispatch_request()
               ^^^^^^^^^^^^^^^^^^^^^^^^^^^^
.venv/lib/python3.12/site-packages/flask/app.py:1953: in full_dispatch_request
    return self.finalize_request(rv)
           ^^^^^^^^^^^^^^^^^^^^^^^^^
.venv/lib/python3.12/site-packages/flask/app.py:1970: in finalize_request
    response = self.process_response(response)
               ^^^^^^^^^^^^^^^^^^^^^^^^^^^^^^^
.venv/lib/python3.12/site-packages/flask/app.py:2269: in process_response
    self.session_interface.save_session(self, ctx.session, response)
app/session.py:97: in save_session
    self._redis_w.setex(
.venv/lib/python3.12/site-packages/redis/commands/core.py:2360: in setex
    return self.execute_command("SETEX", name, time, value)
           ^^^^^^^^^^^^^^^^^^^^^^^^^^^^^^^^^^^^^^^^^^^^^^^^
.venv/lib/python3.12/site-packages/redis/client.py:559: in execute_command
    return self._execute_command(*args, **options)
           ^^^^^^^^^^^^^^^^^^^^^^^^^^^^^^^^^^^^^^^
.venv/lib/python3.12/site-packages/redis/client.py:565: in _execute_command
    conn = self.connection or pool.get_connection(command_name, **options)
                              ^^^^^^^^^^^^^^^^^^^^^^^^^^^^^^^^^^^^^^^^^^^^
.venv/lib/python3.12/site-packages/redis/connection.py:1422: in get_connection
    connection.connect()
.venv/lib/python3.12/site-packages/redis/connection.py:363: in connect
    raise ConnectionError(self._error_message(e))
E   redis.exceptions.ConnectionError: Error 111 connecting to localhost:6379. Connection refused.
----------------------------- Captured stdout call -----------------------------
2026-02-09 12:29:00,077 - SL - INFO - 5326 - "/home/runner/work/simplelogin-app/simplelogin-app/app/events/event_dispatcher.py:62" - send_event() -  - Not sending events because webhook is not configured and allowed to be empty
_________________________ test_get_disabled_aliases_v2 _________________________
.venv/lib/python3.12/site-packages/redis/connection.py:357: in connect
    sock = self.retry.call_with_retry(
.venv/lib/python3.12/site-packages/redis/retry.py:62: in call_with_retry
    return do()
           ^^^^
.venv/lib/python3.12/site-packages/redis/connection.py:358: in <lambda>
    lambda: self._connect(), lambda error: self.disconnect(error)
            ^^^^^^^^^^^^^^^
.venv/lib/python3.12/site-packages/redis/connection.py:730: in _connect
    raise err
.venv/lib/python3.12/site-packages/redis/connection.py:718: in _connect
    sock.connect(socket_address)
E   ConnectionRefusedError: [Errno 111] Connection refused

During handling of the above exception, another exception occurred:
tests/api/test_alias.py:183: in test_get_disabled_aliases_v2
    user = login(flask_client)
           ^^^^^^^^^^^^^^^^^^^
tests/utils.py:57: in login
    r = flask_client.post(
.venv/lib/python3.12/site-packages/werkzeug/test.py:1016: in post
    return self.open(*args, **kw)
           ^^^^^^^^^^^^^^^^^^^^^^
tests/conftest.py:60: in open
    return super().open(*args, **kwargs)
           ^^^^^^^^^^^^^^^^^^^^^^^^^^^^^
.venv/lib/python3.12/site-packages/flask/testing.py:222: in open
    return Client.open(
.venv/lib/python3.12/site-packages/werkzeug/test.py:970: in open
    response = self.run_wsgi_app(environ.copy(), buffered=buffered)
               ^^^^^^^^^^^^^^^^^^^^^^^^^^^^^^^^^^^^^^^^^^^^^^^^^^^^
.venv/lib/python3.12/site-packages/werkzeug/test.py:861: in run_wsgi_app
    rv = run_wsgi_app(self.application, environ, buffered=buffered)
         ^^^^^^^^^^^^^^^^^^^^^^^^^^^^^^^^^^^^^^^^^^^^^^^^^^^^^^^^^^
.venv/lib/python3.12/site-packages/werkzeug/test.py:1096: in run_wsgi_app
    app_rv = app(environ, start_response)
             ^^^^^^^^^^^^^^^^^^^^^^^^^^^^
.venv/lib/python3.12/site-packages/flask/app.py:2464: in __call__
    return self.wsgi_app(environ, start_response)
           ^^^^^^^^^^^^^^^^^^^^^^^^^^^^^^^^^^^^^^
.venv/lib/python3.12/site-packages/werkzeug/middleware/proxy_fix.py:169: in __call__
    return self.app(environ, start_response)
           ^^^^^^^^^^^^^^^^^^^^^^^^^^^^^^^^^
.venv/lib/python3.12/site-packages/flask/app.py:2450: in wsgi_app
    response = self.handle_exception(e)
               ^^^^^^^^^^^^^^^^^^^^^^^^
.venv/lib/python3.12/site-packages/flask_cors/extension.py:165: in wrapped_function
    return cors_after_request(app.make_response(f(*args, **kwargs)))
                                                ^^^^^^^^^^^^^^^^^^
.venv/lib/python3.12/site-packages/flask/app.py:1867: in handle_exception
    reraise(exc_type, exc_value, tb)
.venv/lib/python3.12/site-packages/flask/_compat.py:39: in reraise
    raise value
.venv/lib/python3.12/site-packages/flask/app.py:2447: in wsgi_app
    response = self.full_dispatch_request()
               ^^^^^^^^^^^^^^^^^^^^^^^^^^^^
.venv/lib/python3.12/site-packages/flask/app.py:1953: in full_dispatch_request
    return self.finalize_request(rv)
           ^^^^^^^^^^^^^^^^^^^^^^^^^
.venv/lib/python3.12/site-packages/flask/app.py:1970: in finalize_request
    response = self.process_response(response)
               ^^^^^^^^^^^^^^^^^^^^^^^^^^^^^^^
.venv/lib/python3.12/site-packages/flask/app.py:2269: in process_response
    self.session_interface.save_session(self, ctx.session, response)
app/session.py:97: in save_session
    self._redis_w.setex(
.venv/lib/python3.12/site-packages/redis/commands/core.py:2360: in setex
    return self.execute_command("SETEX", name, time, value)
           ^^^^^^^^^^^^^^^^^^^^^^^^^^^^^^^^^^^^^^^^^^^^^^^^
.venv/lib/python3.12/site-packages/redis/client.py:559: in execute_command
    return self._execute_command(*args, **options)
           ^^^^^^^^^^^^^^^^^^^^^^^^^^^^^^^^^^^^^^^
.venv/lib/python3.12/site-packages/redis/client.py:565: in _execute_command
    conn = self.connection or pool.get_connection(command_name, **options)
                              ^^^^^^^^^^^^^^^^^^^^^^^^^^^^^^^^^^^^^^^^^^^^
.venv/lib/python3.12/site-packages/redis/connection.py:1422: in get_connection
    connection.connect()
.venv/lib/python3.12/site-packages/redis/connection.py:363: in connect
    raise ConnectionError(self._error_message(e))
E   redis.exceptions.ConnectionError: Error 111 connecting to localhost:6379. Connection refused.
----------------------------- Captured stdout call -----------------------------
2026-02-09 12:29:00,765 - SL - INFO - 5326 - "/home/runner/work/simplelogin-app/simplelogin-app/app/events/event_dispatcher.py:62" - send_event() -  - Not sending events because webhook is not configured and allowed to be empty
_________________________ test_get_enabled_aliases_v2 __________________________
.venv/lib/python3.12/site-packages/redis/connection.py:357: in connect
    sock = self.retry.call_with_retry(
.venv/lib/python3.12/site-packages/redis/retry.py:62: in call_with_retry
    return do()
           ^^^^
.venv/lib/python3.12/site-packages/redis/connection.py:358: in <lambda>
    lambda: self._connect(), lambda error: self.disconnect(error)
            ^^^^^^^^^^^^^^^
.venv/lib/python3.12/site-packages/redis/connection.py:730: in _connect
    raise err
.venv/lib/python3.12/site-packages/redis/connection.py:718: in _connect
    sock.connect(socket_address)
E   ConnectionRefusedError: [Errno 111] Connection refused

During handling of the above exception, another exception occurred:
tests/api/test_alias.py:202: in test_get_enabled_aliases_v2
    user = login(flask_client)
           ^^^^^^^^^^^^^^^^^^^
tests/utils.py:57: in login
    r = flask_client.post(
.venv/lib/python3.12/site-packages/werkzeug/test.py:1016: in post
    return self.open(*args, **kw)
           ^^^^^^^^^^^^^^^^^^^^^^
tests/conftest.py:60: in open
    return super().open(*args, **kwargs)
           ^^^^^^^^^^^^^^^^^^^^^^^^^^^^^
.venv/lib/python3.12/site-packages/flask/testing.py:222: in open
    return Client.open(
.venv/lib/python3.12/site-packages/werkzeug/test.py:970: in open
    response = self.run_wsgi_app(environ.copy(), buffered=buffered)
               ^^^^^^^^^^^^^^^^^^^^^^^^^^^^^^^^^^^^^^^^^^^^^^^^^^^^
.venv/lib/python3.12/site-packages/werkzeug/test.py:861: in run_wsgi_app
    rv = run_wsgi_app(self.application, environ, buffered=buffered)
         ^^^^^^^^^^^^^^^^^^^^^^^^^^^^^^^^^^^^^^^^^^^^^^^^^^^^^^^^^^
.venv/lib/python3.12/site-packages/werkzeug/test.py:1096: in run_wsgi_app
    app_rv = app(environ, start_response)
             ^^^^^^^^^^^^^^^^^^^^^^^^^^^^
.venv/lib/python3.12/site-packages/flask/app.py:2464: in __call__
    return self.wsgi_app(environ, start_response)
           ^^^^^^^^^^^^^^^^^^^^^^^^^^^^^^^^^^^^^^
.venv/lib/python3.12/site-packages/werkzeug/middleware/proxy_fix.py:169: in __call__
    return self.app(environ, start_response)
           ^^^^^^^^^^^^^^^^^^^^^^^^^^^^^^^^^
.venv/lib/python3.12/site-packages/flask/app.py:2450: in wsgi_app
    response = self.handle_exception(e)
               ^^^^^^^^^^^^^^^^^^^^^^^^
.venv/lib/python3.12/site-packages/flask_cors/extension.py:165: in wrapped_function
    return cors_after_request(app.make_response(f(*args, **kwargs)))
                                                ^^^^^^^^^^^^^^^^^^
.venv/lib/python3.12/site-packages/flask/app.py:1867: in handle_exception
    reraise(exc_type, exc_value, tb)
.venv/lib/python3.12/site-packages/flask/_compat.py:39: in reraise
    raise value
.venv/lib/python3.12/site-packages/flask/app.py:2447: in wsgi_app
    response = self.full_dispatch_request()
               ^^^^^^^^^^^^^^^^^^^^^^^^^^^^
.venv/lib/python3.12/site-packages/flask/app.py:1953: in full_dispatch_request
    return self.finalize_request(rv)
           ^^^^^^^^^^^^^^^^^^^^^^^^^
.venv/lib/python3.12/site-packages/flask/app.py:1970: in finalize_request
    response = self.process_response(response)
               ^^^^^^^^^^^^^^^^^^^^^^^^^^^^^^^
.venv/lib/python3.12/site-packages/flask/app.py:2269: in process_response
    self.session_interface.save_session(self, ctx.session, response)
app/session.py:97: in save_session
    self._redis_w.setex(
.venv/lib/python3.12/site-packages/redis/commands/core.py:2360: in setex
    return self.execute_command("SETEX", name, time, value)
           ^^^^^^^^^^^^^^^^^^^^^^^^^^^^^^^^^^^^^^^^^^^^^^^^
.venv/lib/python3.12/site-packages/redis/client.py:559: in execute_command
    return self._execute_command(*args, **options)
           ^^^^^^^^^^^^^^^^^^^^^^^^^^^^^^^^^^^^^^^
.venv/lib/python3.12/site-packages/redis/client.py:565: in _execute_command
    conn = self.connection or pool.get_connection(command_name, **options)
                              ^^^^^^^^^^^^^^^^^^^^^^^^^^^^^^^^^^^^^^^^^^^^
.venv/lib/python3.12/site-packages/redis/connection.py:1422: in get_connection
    connection.connect()
.venv/lib/python3.12/site-packages/redis/connection.py:363: in connect
    raise ConnectionError(self._error_message(e))
E   redis.exceptions.ConnectionError: Error 111 connecting to localhost:6379. Connection refused.
----------------------------- Captured stdout call -----------------------------
2026-02-09 12:29:01,454 - SL - INFO - 5326 - "/home/runner/work/simplelogin-app/simplelogin-app/app/events/event_dispatcher.py:62" - send_event() -  - Not sending events because webhook is not configured and allowed to be empty
______________________________ test_delete_alias _______________________________
.venv/lib/python3.12/site-packages/redis/connection.py:357: in connect
    sock = self.retry.call_with_retry(
.venv/lib/python3.12/site-packages/redis/retry.py:62: in call_with_retry
    return do()
           ^^^^
.venv/lib/python3.12/site-packages/redis/connection.py:358: in <lambda>
    lambda: self._connect(), lambda error: self.disconnect(error)
            ^^^^^^^^^^^^^^^
.venv/lib/python3.12/site-packages/redis/connection.py:730: in _connect
    raise err
.venv/lib/python3.12/site-packages/redis/connection.py:718: in _connect
    sock.connect(socket_address)
E   ConnectionRefusedError: [Errno 111] Connection refused

During handling of the above exception, another exception occurred:
tests/api/test_alias.py:221: in test_delete_alias
    user = login(flask_client)
           ^^^^^^^^^^^^^^^^^^^
tests/utils.py:57: in login
    r = flask_client.post(
.venv/lib/python3.12/site-packages/werkzeug/test.py:1016: in post
    return self.open(*args, **kw)
           ^^^^^^^^^^^^^^^^^^^^^^
tests/conftest.py:60: in open
    return super().open(*args, **kwargs)
           ^^^^^^^^^^^^^^^^^^^^^^^^^^^^^
.venv/lib/python3.12/site-packages/flask/testing.py:222: in open
    return Client.open(
.venv/lib/python3.12/site-packages/werkzeug/test.py:970: in open
    response = self.run_wsgi_app(environ.copy(), buffered=buffered)
               ^^^^^^^^^^^^^^^^^^^^^^^^^^^^^^^^^^^^^^^^^^^^^^^^^^^^
.venv/lib/python3.12/site-packages/werkzeug/test.py:861: in run_wsgi_app
    rv = run_wsgi_app(self.application, environ, buffered=buffered)
         ^^^^^^^^^^^^^^^^^^^^^^^^^^^^^^^^^^^^^^^^^^^^^^^^^^^^^^^^^^
.venv/lib/python3.12/site-packages/werkzeug/test.py:1096: in run_wsgi_app
    app_rv = app(environ, start_response)
             ^^^^^^^^^^^^^^^^^^^^^^^^^^^^
.venv/lib/python3.12/site-packages/flask/app.py:2464: in __call__
    return self.wsgi_app(environ, start_response)
           ^^^^^^^^^^^^^^^^^^^^^^^^^^^^^^^^^^^^^^
.venv/lib/python3.12/site-packages/werkzeug/middleware/proxy_fix.py:169: in __call__
    return self.app(environ, start_response)
           ^^^^^^^^^^^^^^^^^^^^^^^^^^^^^^^^^
.venv/lib/python3.12/site-packages/flask/app.py:2450: in wsgi_app
    response = self.handle_exception(e)
               ^^^^^^^^^^^^^^^^^^^^^^^^
.venv/lib/python3.12/site-packages/flask_cors/extension.py:165: in wrapped_function
    return cors_after_request(app.make_response(f(*args, **kwargs)))
                                                ^^^^^^^^^^^^^^^^^^
.venv/lib/python3.12/site-packages/flask/app.py:1867: in handle_exception
    reraise(exc_type, exc_value, tb)
.venv/lib/python3.12/site-packages/flask/_compat.py:39: in reraise
    raise value
.venv/lib/python3.12/site-packages/flask/app.py:2447: in wsgi_app
    response = self.full_dispatch_request()
               ^^^^^^^^^^^^^^^^^^^^^^^^^^^^
.venv/lib/python3.12/site-packages/flask/app.py:1953: in full_dispatch_request
    return self.finalize_request(rv)
           ^^^^^^^^^^^^^^^^^^^^^^^^^
.venv/lib/python3.12/site-packages/flask/app.py:1970: in finalize_request
    response = self.process_response(response)
               ^^^^^^^^^^^^^^^^^^^^^^^^^^^^^^^
.venv/lib/python3.12/site-packages/flask/app.py:2269: in process_response
    self.session_interface.save_session(self, ctx.session, response)
app/session.py:97: in save_session
    self._redis_w.setex(
.venv/lib/python3.12/site-packages/redis/commands/core.py:2360: in setex
    return self.execute_command("SETEX", name, time, value)
           ^^^^^^^^^^^^^^^^^^^^^^^^^^^^^^^^^^^^^^^^^^^^^^^^
.venv/lib/python3.12/site-packages/redis/client.py:559: in execute_command
    return self._execute_command(*args, **options)
           ^^^^^^^^^^^^^^^^^^^^^^^^^^^^^^^^^^^^^^^
.venv/lib/python3.12/site-packages/redis/client.py:565: in _execute_command
    conn = self.connection or pool.get_connection(command_name, **options)
                              ^^^^^^^^^^^^^^^^^^^^^^^^^^^^^^^^^^^^^^^^^^^^
.venv/lib/python3.12/site-packages/redis/connection.py:1422: in get_connection
    connection.connect()
.venv/lib/python3.12/site-packages/redis/connection.py:363: in connect
    raise ConnectionError(self._error_message(e))
E   redis.exceptions.ConnectionError: Error 111 connecting to localhost:6379. Connection refused.
----------------------------- Captured stdout call -----------------------------
2026-02-09 12:29:02,145 - SL - INFO - 5326 - "/home/runner/work/simplelogin-app/simplelogin-app/app/events/event_dispatcher.py:62" - send_event() -  - Not sending events because webhook is not configured and allowed to be empty
______________________________ test_toggle_alias _______________________________
.venv/lib/python3.12/site-packages/redis/connection.py:357: in connect
    sock = self.retry.call_with_retry(
.venv/lib/python3.12/site-packages/redis/retry.py:62: in call_with_retry
    return do()
           ^^^^
.venv/lib/python3.12/site-packages/redis/connection.py:358: in <lambda>
    lambda: self._connect(), lambda error: self.disconnect(error)
            ^^^^^^^^^^^^^^^
.venv/lib/python3.12/site-packages/redis/connection.py:730: in _connect
    raise err
.venv/lib/python3.12/site-packages/redis/connection.py:718: in _connect
    sock.connect(socket_address)
E   ConnectionRefusedError: [Errno 111] Connection refused

During handling of the above exception, another exception occurred:
tests/api/test_alias.py:240: in test_toggle_alias
    r = flask_client.post(
.venv/lib/python3.12/site-packages/werkzeug/test.py:1016: in post
    return self.open(*args, **kw)
           ^^^^^^^^^^^^^^^^^^^^^^
tests/conftest.py:60: in open
    return super().open(*args, **kwargs)
           ^^^^^^^^^^^^^^^^^^^^^^^^^^^^^
.venv/lib/python3.12/site-packages/flask/testing.py:222: in open
    return Client.open(
.venv/lib/python3.12/site-packages/werkzeug/test.py:970: in open
    response = self.run_wsgi_app(environ.copy(), buffered=buffered)
               ^^^^^^^^^^^^^^^^^^^^^^^^^^^^^^^^^^^^^^^^^^^^^^^^^^^^
.venv/lib/python3.12/site-packages/werkzeug/test.py:861: in run_wsgi_app
    rv = run_wsgi_app(self.application, environ, buffered=buffered)
         ^^^^^^^^^^^^^^^^^^^^^^^^^^^^^^^^^^^^^^^^^^^^^^^^^^^^^^^^^^
.venv/lib/python3.12/site-packages/werkzeug/test.py:1096: in run_wsgi_app
    app_rv = app(environ, start_response)
             ^^^^^^^^^^^^^^^^^^^^^^^^^^^^
.venv/lib/python3.12/site-packages/flask/app.py:2464: in __call__
    return self.wsgi_app(environ, start_response)
           ^^^^^^^^^^^^^^^^^^^^^^^^^^^^^^^^^^^^^^
.venv/lib/python3.12/site-packages/werkzeug/middleware/proxy_fix.py:169: in __call__
    return self.app(environ, start_response)
           ^^^^^^^^^^^^^^^^^^^^^^^^^^^^^^^^^
.venv/lib/python3.12/site-packages/flask/app.py:2450: in wsgi_app
    response = self.handle_exception(e)
               ^^^^^^^^^^^^^^^^^^^^^^^^
.venv/lib/python3.12/site-packages/flask_cors/extension.py:165: in wrapped_function
    return cors_after_request(app.make_response(f(*args, **kwargs)))
                                                ^^^^^^^^^^^^^^^^^^
.venv/lib/python3.12/site-packages/flask/app.py:1867: in handle_exception
    reraise(exc_type, exc_value, tb)
.venv/lib/python3.12/site-packages/flask/_compat.py:39: in reraise
    raise value
.venv/lib/python3.12/site-packages/flask/app.py:2447: in wsgi_app
    response = self.full_dispatch_request()
               ^^^^^^^^^^^^^^^^^^^^^^^^^^^^
.venv/lib/python3.12/site-packages/flask/app.py:1953: in full_dispatch_request
    return self.finalize_request(rv)
           ^^^^^^^^^^^^^^^^^^^^^^^^^
.venv/lib/python3.12/site-packages/flask/app.py:1970: in finalize_request
    response = self.process_response(response)
               ^^^^^^^^^^^^^^^^^^^^^^^^^^^^^^^
.venv/lib/python3.12/site-packages/flask/app.py:2269: in process_response
    self.session_interface.save_session(self, ctx.session, response)
app/session.py:97: in save_session
    self._redis_w.setex(
.venv/lib/python3.12/site-packages/redis/commands/core.py:2360: in setex
    return self.execute_command("SETEX", name, time, value)
           ^^^^^^^^^^^^^^^^^^^^^^^^^^^^^^^^^^^^^^^^^^^^^^^^
.venv/lib/python3.12/site-packages/redis/client.py:559: in execute_command
    return self._execute_command(*args, **options)
           ^^^^^^^^^^^^^^^^^^^^^^^^^^^^^^^^^^^^^^^
.venv/lib/python3.12/site-packages/redis/client.py:565: in _execute_command
    conn = self.connection or pool.get_connection(command_name, **options)
                              ^^^^^^^^^^^^^^^^^^^^^^^^^^^^^^^^^^^^^^^^^^^^
.venv/lib/python3.12/site-packages/redis/connection.py:1422: in get_connection
    connection.connect()
.venv/lib/python3.12/site-packages/redis/connection.py:363: in connect
    raise ConnectionError(self._error_message(e))
E   redis.exceptions.ConnectionError: Error 111 connecting to localhost:6379. Connection refused.
----------------------------- Captured stdout call -----------------------------
2026-02-09 12:29:02,833 - SL - INFO - 5326 - "/home/runner/work/simplelogin-app/simplelogin-app/app/events/event_dispatcher.py:62" - send_event() -  - Not sending events because webhook is not configured and allowed to be empty
2026-02-09 12:29:02,855 - SL - INFO - 5326 - "/home/runner/work/simplelogin-app/simplelogin-app/app/events/event_dispatcher.py:62" - send_event() -  - Not sending events because webhook is not configured and allowed to be empty
2026-02-09 12:29:02,862 - SL - INFO - 5326 - 2x9GYF8e - "/home/runner/work/simplelogin-app/simplelogin-app/app/alias_utils.py:514" - change_alias_status() -  - Changing alias <Alias 99 incurs_diffed843@sl.lan> enabled to False
2026-02-09 12:29:02,862 - SL - INFO - 5326 - 2x9GYF8e - "/home/runner/work/simplelogin-app/simplelogin-app/app/events/event_dispatcher.py:62" - send_event() -  - Not sending events because webhook is not configured and allowed to be empty
2026-02-09 12:29:02,863 - SL - INFO - 5326 - 2x9GYF8e - "/home/runner/work/simplelogin-app/simplelogin-app/app/api/views/alias.py:200" - toggle_alias() -  - User <User 68 Test User user_f4sknk8y5e@mailbox.lan> changed alias <Alias 99 incurs_diffed843@sl.lan> enabled status to False
____________________________ test_alias_activities _____________________________
.venv/lib/python3.12/site-packages/redis/connection.py:357: in connect
    sock = self.retry.call_with_retry(
.venv/lib/python3.12/site-packages/redis/retry.py:62: in call_with_retry
    return do()
           ^^^^
.venv/lib/python3.12/site-packages/redis/connection.py:358: in <lambda>
    lambda: self._connect(), lambda error: self.disconnect(error)
            ^^^^^^^^^^^^^^^
.venv/lib/python3.12/site-packages/redis/connection.py:730: in _connect
    raise err
.venv/lib/python3.12/site-packages/redis/connection.py:718: in _connect
    sock.connect(socket_address)
E   ConnectionRefusedError: [Errno 111] Connection refused

During handling of the above exception, another exception occurred:
tests/api/test_alias.py:280: in test_alias_activities
    r = flask_client.get(
.venv/lib/python3.12/site-packages/werkzeug/test.py:1006: in get
    return self.open(*args, **kw)
           ^^^^^^^^^^^^^^^^^^^^^^
tests/conftest.py:60: in open
    return super().open(*args, **kwargs)
           ^^^^^^^^^^^^^^^^^^^^^^^^^^^^^
.venv/lib/python3.12/site-packages/flask/testing.py:222: in open
    return Client.open(
.venv/lib/python3.12/site-packages/werkzeug/test.py:970: in open
    response = self.run_wsgi_app(environ.copy(), buffered=buffered)
               ^^^^^^^^^^^^^^^^^^^^^^^^^^^^^^^^^^^^^^^^^^^^^^^^^^^^
.venv/lib/python3.12/site-packages/werkzeug/test.py:861: in run_wsgi_app
    rv = run_wsgi_app(self.application, environ, buffered=buffered)
         ^^^^^^^^^^^^^^^^^^^^^^^^^^^^^^^^^^^^^^^^^^^^^^^^^^^^^^^^^^
.venv/lib/python3.12/site-packages/werkzeug/test.py:1096: in run_wsgi_app
    app_rv = app(environ, start_response)
             ^^^^^^^^^^^^^^^^^^^^^^^^^^^^
.venv/lib/python3.12/site-packages/flask/app.py:2464: in __call__
    return self.wsgi_app(environ, start_response)
           ^^^^^^^^^^^^^^^^^^^^^^^^^^^^^^^^^^^^^^
.venv/lib/python3.12/site-packages/werkzeug/middleware/proxy_fix.py:169: in __call__
    return self.app(environ, start_response)
           ^^^^^^^^^^^^^^^^^^^^^^^^^^^^^^^^^
.venv/lib/python3.12/site-packages/flask/app.py:2450: in wsgi_app
    response = self.handle_exception(e)
               ^^^^^^^^^^^^^^^^^^^^^^^^
.venv/lib/python3.12/site-packages/flask_cors/extension.py:165: in wrapped_function
    return cors_after_request(app.make_response(f(*args, **kwargs)))
                                                ^^^^^^^^^^^^^^^^^^
.venv/lib/python3.12/site-packages/flask/app.py:1867: in handle_exception
    reraise(exc_type, exc_value, tb)
.venv/lib/python3.12/site-packages/flask/_compat.py:39: in reraise
    raise value
.venv/lib/python3.12/site-packages/flask/app.py:2447: in wsgi_app
    response = self.full_dispatch_request()
               ^^^^^^^^^^^^^^^^^^^^^^^^^^^^
.venv/lib/python3.12/site-packages/flask/app.py:1953: in full_dispatch_request
    return self.finalize_request(rv)
           ^^^^^^^^^^^^^^^^^^^^^^^^^
.venv/lib/python3.12/site-packages/flask/app.py:1970: in finalize_request
    response = self.process_response(response)
               ^^^^^^^^^^^^^^^^^^^^^^^^^^^^^^^
.venv/lib/python3.12/site-packages/flask/app.py:2269: in process_response
    self.session_interface.save_session(self, ctx.session, response)
app/session.py:97: in save_session
    self._redis_w.setex(
.venv/lib/python3.12/site-packages/redis/commands/core.py:2360: in setex
    return self.execute_command("SETEX", name, time, value)
           ^^^^^^^^^^^^^^^^^^^^^^^^^^^^^^^^^^^^^^^^^^^^^^^^
.venv/lib/python3.12/site-packages/redis/client.py:559: in execute_command
    return self._execute_command(*args, **options)
           ^^^^^^^^^^^^^^^^^^^^^^^^^^^^^^^^^^^^^^^
.venv/lib/python3.12/site-packages/redis/client.py:565: in _execute_command
    conn = self.connection or pool.get_connection(command_name, **options)
                              ^^^^^^^^^^^^^^^^^^^^^^^^^^^^^^^^^^^^^^^^^^^^
.venv/lib/python3.12/site-packages/redis/connection.py:1422: in get_connection
    connection.connect()
.venv/lib/python3.12/site-packages/redis/connection.py:363: in connect
    raise ConnectionError(self._error_message(e))
E   redis.exceptions.ConnectionError: Error 111 connecting to localhost:6379. Connection refused.
----------------------------- Captured stdout call -----------------------------
2026-02-09 12:29:03,450 - SL - INFO - 5326 - "/home/runner/work/simplelogin-app/simplelogin-app/app/events/event_dispatcher.py:62" - send_event() -  - Not sending events because webhook is not configured and allowed to be empty
2026-02-09 12:29:03,471 - SL - INFO - 5326 - "/home/runner/work/simplelogin-app/simplelogin-app/app/events/event_dispatcher.py:62" - send_event() -  - Not sending events because webhook is not configured and allowed to be empty
______________________________ test_update_alias _______________________________
.venv/lib/python3.12/site-packages/redis/connection.py:357: in connect
    sock = self.retry.call_with_retry(
.venv/lib/python3.12/site-packages/redis/retry.py:62: in call_with_retry
    return do()
           ^^^^
.venv/lib/python3.12/site-packages/redis/connection.py:358: in <lambda>
    lambda: self._connect(), lambda error: self.disconnect(error)
            ^^^^^^^^^^^^^^^
.venv/lib/python3.12/site-packages/redis/connection.py:730: in _connect
    raise err
.venv/lib/python3.12/site-packages/redis/connection.py:718: in _connect
    sock.connect(socket_address)
E   ConnectionRefusedError: [Errno 111] Connection refused

During handling of the above exception, another exception occurred:
tests/api/test_alias.py:309: in test_update_alias
    r = flask_client.put(
.venv/lib/python3.12/site-packages/werkzeug/test.py:1026: in put
    return self.open(*args, **kw)
           ^^^^^^^^^^^^^^^^^^^^^^
tests/conftest.py:60: in open
    return super().open(*args, **kwargs)
           ^^^^^^^^^^^^^^^^^^^^^^^^^^^^^
.venv/lib/python3.12/site-packages/flask/testing.py:222: in open
    return Client.open(
.venv/lib/python3.12/site-packages/werkzeug/test.py:970: in open
    response = self.run_wsgi_app(environ.copy(), buffered=buffered)
               ^^^^^^^^^^^^^^^^^^^^^^^^^^^^^^^^^^^^^^^^^^^^^^^^^^^^
.venv/lib/python3.12/site-packages/werkzeug/test.py:861: in run_wsgi_app
    rv = run_wsgi_app(self.application, environ, buffered=buffered)
         ^^^^^^^^^^^^^^^^^^^^^^^^^^^^^^^^^^^^^^^^^^^^^^^^^^^^^^^^^^
.venv/lib/python3.12/site-packages/werkzeug/test.py:1096: in run_wsgi_app
    app_rv = app(environ, start_response)
             ^^^^^^^^^^^^^^^^^^^^^^^^^^^^
.venv/lib/python3.12/site-packages/flask/app.py:2464: in __call__
    return self.wsgi_app(environ, start_response)
           ^^^^^^^^^^^^^^^^^^^^^^^^^^^^^^^^^^^^^^
.venv/lib/python3.12/site-packages/werkzeug/middleware/proxy_fix.py:169: in __call__
    return self.app(environ, start_response)
           ^^^^^^^^^^^^^^^^^^^^^^^^^^^^^^^^^
.venv/lib/python3.12/site-packages/flask/app.py:2450: in wsgi_app
    response = self.handle_exception(e)
               ^^^^^^^^^^^^^^^^^^^^^^^^
.venv/lib/python3.12/site-packages/flask_cors/extension.py:165: in wrapped_function
    return cors_after_request(app.make_response(f(*args, **kwargs)))
                                                ^^^^^^^^^^^^^^^^^^
.venv/lib/python3.12/site-packages/flask/app.py:1867: in handle_exception
    reraise(exc_type, exc_value, tb)
.venv/lib/python3.12/site-packages/flask/_compat.py:39: in reraise
    raise value
.venv/lib/python3.12/site-packages/flask/app.py:2447: in wsgi_app
    response = self.full_dispatch_request()
               ^^^^^^^^^^^^^^^^^^^^^^^^^^^^
.venv/lib/python3.12/site-packages/flask/app.py:1953: in full_dispatch_request
    return self.finalize_request(rv)
           ^^^^^^^^^^^^^^^^^^^^^^^^^
.venv/lib/python3.12/site-packages/flask/app.py:1970: in finalize_request
    response = self.process_response(response)
               ^^^^^^^^^^^^^^^^^^^^^^^^^^^^^^^
.venv/lib/python3.12/site-packages/flask/app.py:2269: in process_response
    self.session_interface.save_session(self, ctx.session, response)
app/session.py:97: in save_session
    self._redis_w.setex(
.venv/lib/python3.12/site-packages/redis/commands/core.py:2360: in setex
    return self.execute_command("SETEX", name, time, value)
           ^^^^^^^^^^^^^^^^^^^^^^^^^^^^^^^^^^^^^^^^^^^^^^^^
.venv/lib/python3.12/site-packages/redis/client.py:559: in execute_command
    return self._execute_command(*args, **options)
           ^^^^^^^^^^^^^^^^^^^^^^^^^^^^^^^^^^^^^^^
.venv/lib/python3.12/site-packages/redis/client.py:565: in _execute_command
    conn = self.connection or pool.get_connection(command_name, **options)
                              ^^^^^^^^^^^^^^^^^^^^^^^^^^^^^^^^^^^^^^^^^^^^
.venv/lib/python3.12/site-packages/redis/connection.py:1422: in get_connection
    connection.connect()
.venv/lib/python3.12/site-packages/redis/connection.py:363: in connect
    raise ConnectionError(self._error_message(e))
E   redis.exceptions.ConnectionError: Error 111 connecting to localhost:6379. Connection refused.
----------------------------- Captured stdout call -----------------------------
2026-02-09 12:29:03,962 - SL - INFO - 5326 - "/home/runner/work/simplelogin-app/simplelogin-app/app/events/event_dispatcher.py:62" - send_event() -  - Not sending events because webhook is not configured and allowed to be empty
2026-02-09 12:29:03,985 - SL - INFO - 5326 - "/home/runner/work/simplelogin-app/simplelogin-app/app/events/event_dispatcher.py:62" - send_event() -  - Not sending events because webhook is not configured and allowed to be empty
2026-02-09 12:29:03,993 - SL - INFO - 5326 - 6txI+csu - "/home/runner/work/simplelogin-app/simplelogin-app/app/alias_utils.py:536" - change_alias_note() -  - Changing alias <Alias 103 fifths_savoys379@sl.lan> note.
2026-02-09 12:29:03,993 - SL - INFO - 5326 - 6txI+csu - "/home/runner/work/simplelogin-app/simplelogin-app/app/events/event_dispatcher.py:62" - send_event() -  - Not sending events because webhook is not configured and allowed to be empty
__________________________ test_update_alias_mailbox ___________________________
.venv/lib/python3.12/site-packages/redis/connection.py:357: in connect
    sock = self.retry.call_with_retry(
.venv/lib/python3.12/site-packages/redis/retry.py:62: in call_with_retry
    return do()
           ^^^^
.venv/lib/python3.12/site-packages/redis/connection.py:358: in <lambda>
    lambda: self._connect(), lambda error: self.disconnect(error)
            ^^^^^^^^^^^^^^^
.venv/lib/python3.12/site-packages/redis/connection.py:730: in _connect
    raise err
.venv/lib/python3.12/site-packages/redis/connection.py:718: in _connect
    sock.connect(socket_address)
E   ConnectionRefusedError: [Errno 111] Connection refused

During handling of the above exception, another exception occurred:
tests/api/test_alias.py:326: in test_update_alias_mailbox
    r = flask_client.put(
.venv/lib/python3.12/site-packages/werkzeug/test.py:1026: in put
    return self.open(*args, **kw)
           ^^^^^^^^^^^^^^^^^^^^^^
tests/conftest.py:60: in open
    return super().open(*args, **kwargs)
           ^^^^^^^^^^^^^^^^^^^^^^^^^^^^^
.venv/lib/python3.12/site-packages/flask/testing.py:222: in open
    return Client.open(
.venv/lib/python3.12/site-packages/werkzeug/test.py:970: in open
    response = self.run_wsgi_app(environ.copy(), buffered=buffered)
               ^^^^^^^^^^^^^^^^^^^^^^^^^^^^^^^^^^^^^^^^^^^^^^^^^^^^
.venv/lib/python3.12/site-packages/werkzeug/test.py:861: in run_wsgi_app
    rv = run_wsgi_app(self.application, environ, buffered=buffered)
         ^^^^^^^^^^^^^^^^^^^^^^^^^^^^^^^^^^^^^^^^^^^^^^^^^^^^^^^^^^
.venv/lib/python3.12/site-packages/werkzeug/test.py:1096: in run_wsgi_app
    app_rv = app(environ, start_response)
             ^^^^^^^^^^^^^^^^^^^^^^^^^^^^
.venv/lib/python3.12/site-packages/flask/app.py:2464: in __call__
    return self.wsgi_app(environ, start_response)
           ^^^^^^^^^^^^^^^^^^^^^^^^^^^^^^^^^^^^^^
.venv/lib/python3.12/site-packages/werkzeug/middleware/proxy_fix.py:169: in __call__
    return self.app(environ, start_response)
           ^^^^^^^^^^^^^^^^^^^^^^^^^^^^^^^^^
.venv/lib/python3.12/site-packages/flask/app.py:2450: in wsgi_app
    response = self.handle_exception(e)
               ^^^^^^^^^^^^^^^^^^^^^^^^
.venv/lib/python3.12/site-packages/flask_cors/extension.py:165: in wrapped_function
    return cors_after_request(app.make_response(f(*args, **kwargs)))
                                                ^^^^^^^^^^^^^^^^^^
.venv/lib/python3.12/site-packages/flask/app.py:1867: in handle_exception
    reraise(exc_type, exc_value, tb)
.venv/lib/python3.12/site-packages/flask/_compat.py:39: in reraise
    raise value
.venv/lib/python3.12/site-packages/flask/app.py:2447: in wsgi_app
    response = self.full_dispatch_request()
               ^^^^^^^^^^^^^^^^^^^^^^^^^^^^
.venv/lib/python3.12/site-packages/flask/app.py:1953: in full_dispatch_request
    return self.finalize_request(rv)
           ^^^^^^^^^^^^^^^^^^^^^^^^^
.venv/lib/python3.12/site-packages/flask/app.py:1970: in finalize_request
    response = self.process_response(response)
               ^^^^^^^^^^^^^^^^^^^^^^^^^^^^^^^
.venv/lib/python3.12/site-packages/flask/app.py:2269: in process_response
    self.session_interface.save_session(self, ctx.session, response)
app/session.py:97: in save_session
    self._redis_w.setex(
.venv/lib/python3.12/site-packages/redis/commands/core.py:2360: in setex
    return self.execute_command("SETEX", name, time, value)
           ^^^^^^^^^^^^^^^^^^^^^^^^^^^^^^^^^^^^^^^^^^^^^^^^
.venv/lib/python3.12/site-packages/redis/client.py:559: in execute_command
    return self._execute_command(*args, **options)
           ^^^^^^^^^^^^^^^^^^^^^^^^^^^^^^^^^^^^^^^
.venv/lib/python3.12/site-packages/redis/client.py:565: in _execute_command
    conn = self.connection or pool.get_connection(command_name, **options)
                              ^^^^^^^^^^^^^^^^^^^^^^^^^^^^^^^^^^^^^^^^^^^^
.venv/lib/python3.12/site-packages/redis/connection.py:1422: in get_connection
    connection.connect()
.venv/lib/python3.12/site-packages/redis/connection.py:363: in connect
    raise ConnectionError(self._error_message(e))
E   redis.exceptions.ConnectionError: Error 111 connecting to localhost:6379. Connection refused.
----------------------------- Captured stdout call -----------------------------
2026-02-09 12:29:04,452 - SL - INFO - 5326 - "/home/runner/work/simplelogin-app/simplelogin-app/app/events/event_dispatcher.py:62" - send_event() -  - Not sending events because webhook is not configured and allowed to be empty
2026-02-09 12:29:04,476 - SL - INFO - 5326 - "/home/runner/work/simplelogin-app/simplelogin-app/app/events/event_dispatcher.py:62" - send_event() -  - Not sending events because webhook is not configured and allowed to be empty
____________________________ test_update_alias_name ____________________________
.venv/lib/python3.12/site-packages/redis/connection.py:357: in connect
    sock = self.retry.call_with_retry(
.venv/lib/python3.12/site-packages/redis/retry.py:62: in call_with_retry
    return do()
           ^^^^
.venv/lib/python3.12/site-packages/redis/connection.py:358: in <lambda>
    lambda: self._connect(), lambda error: self.disconnect(error)
            ^^^^^^^^^^^^^^^
.venv/lib/python3.12/site-packages/redis/connection.py:730: in _connect
    raise err
.venv/lib/python3.12/site-packages/redis/connection.py:718: in _connect
    sock.connect(socket_address)
E   ConnectionRefusedError: [Errno 111] Connection refused

During handling of the above exception, another exception occurred:
tests/api/test_alias.py:349: in test_update_alias_name
    r = flask_client.put(
.venv/lib/python3.12/site-packages/werkzeug/test.py:1026: in put
    return self.open(*args, **kw)
           ^^^^^^^^^^^^^^^^^^^^^^
tests/conftest.py:60: in open
    return super().open(*args, **kwargs)
           ^^^^^^^^^^^^^^^^^^^^^^^^^^^^^
.venv/lib/python3.12/site-packages/flask/testing.py:222: in open
    return Client.open(
.venv/lib/python3.12/site-packages/werkzeug/test.py:970: in open
    response = self.run_wsgi_app(environ.copy(), buffered=buffered)
               ^^^^^^^^^^^^^^^^^^^^^^^^^^^^^^^^^^^^^^^^^^^^^^^^^^^^
.venv/lib/python3.12/site-packages/werkzeug/test.py:861: in run_wsgi_app
    rv = run_wsgi_app(self.application, environ, buffered=buffered)
         ^^^^^^^^^^^^^^^^^^^^^^^^^^^^^^^^^^^^^^^^^^^^^^^^^^^^^^^^^^
.venv/lib/python3.12/site-packages/werkzeug/test.py:1096: in run_wsgi_app
    app_rv = app(environ, start_response)
             ^^^^^^^^^^^^^^^^^^^^^^^^^^^^
.venv/lib/python3.12/site-packages/flask/app.py:2464: in __call__
    return self.wsgi_app(environ, start_response)
           ^^^^^^^^^^^^^^^^^^^^^^^^^^^^^^^^^^^^^^
.venv/lib/python3.12/site-packages/werkzeug/middleware/proxy_fix.py:169: in __call__
    return self.app(environ, start_response)
           ^^^^^^^^^^^^^^^^^^^^^^^^^^^^^^^^^
.venv/lib/python3.12/site-packages/flask/app.py:2450: in wsgi_app
    response = self.handle_exception(e)
               ^^^^^^^^^^^^^^^^^^^^^^^^
.venv/lib/python3.12/site-packages/flask_cors/extension.py:165: in wrapped_function
    return cors_after_request(app.make_response(f(*args, **kwargs)))
                                                ^^^^^^^^^^^^^^^^^^
.venv/lib/python3.12/site-packages/flask/app.py:1867: in handle_exception
    reraise(exc_type, exc_value, tb)
.venv/lib/python3.12/site-packages/flask/_compat.py:39: in reraise
    raise value
.venv/lib/python3.12/site-packages/flask/app.py:2447: in wsgi_app
    response = self.full_dispatch_request()
               ^^^^^^^^^^^^^^^^^^^^^^^^^^^^
.venv/lib/python3.12/site-packages/flask/app.py:1953: in full_dispatch_request
    return self.finalize_request(rv)
           ^^^^^^^^^^^^^^^^^^^^^^^^^
.venv/lib/python3.12/site-packages/flask/app.py:1970: in finalize_request
    response = self.process_response(response)
               ^^^^^^^^^^^^^^^^^^^^^^^^^^^^^^^
.venv/lib/python3.12/site-packages/flask/app.py:2269: in process_response
    self.session_interface.save_session(self, ctx.session, response)
app/session.py:97: in save_session
    self._redis_w.setex(
.venv/lib/python3.12/site-packages/redis/commands/core.py:2360: in setex
    return self.execute_command("SETEX", name, time, value)
           ^^^^^^^^^^^^^^^^^^^^^^^^^^^^^^^^^^^^^^^^^^^^^^^^
.venv/lib/python3.12/site-packages/redis/client.py:559: in execute_command
    return self._execute_command(*args, **options)
           ^^^^^^^^^^^^^^^^^^^^^^^^^^^^^^^^^^^^^^^
.venv/lib/python3.12/site-packages/redis/client.py:565: in _execute_command
    conn = self.connection or pool.get_connection(command_name, **options)
                              ^^^^^^^^^^^^^^^^^^^^^^^^^^^^^^^^^^^^^^^^^^^^
.venv/lib/python3.12/site-packages/redis/connection.py:1422: in get_connection
    connection.connect()
.venv/lib/python3.12/site-packages/redis/connection.py:363: in connect
    raise ConnectionError(self._error_message(e))
E   redis.exceptions.ConnectionError: Error 111 connecting to localhost:6379. Connection refused.
----------------------------- Captured stdout call -----------------------------
2026-02-09 12:29:04,944 - SL - INFO - 5326 - "/home/runner/work/simplelogin-app/simplelogin-app/app/events/event_dispatcher.py:62" - send_event() -  - Not sending events because webhook is not configured and allowed to be empty
2026-02-09 12:29:04,966 - SL - INFO - 5326 - "/home/runner/work/simplelogin-app/simplelogin-app/app/events/event_dispatcher.py:62" - send_event() -  - Not sending events because webhook is not configured and allowed to be empty
_________________________ test_update_alias_mailboxes __________________________
.venv/lib/python3.12/site-packages/redis/connection.py:357: in connect
    sock = self.retry.call_with_retry(
.venv/lib/python3.12/site-packages/redis/retry.py:62: in call_with_retry
    return do()
           ^^^^
.venv/lib/python3.12/site-packages/redis/connection.py:358: in <lambda>
    lambda: self._connect(), lambda error: self.disconnect(error)
            ^^^^^^^^^^^^^^^
.venv/lib/python3.12/site-packages/redis/connection.py:730: in _connect
    raise err
.venv/lib/python3.12/site-packages/redis/connection.py:718: in _connect
    sock.connect(socket_address)
E   ConnectionRefusedError: [Errno 111] Connection refused

During handling of the above exception, another exception occurred:
tests/api/test_alias.py:378: in test_update_alias_mailboxes
    r = flask_client.put(
.venv/lib/python3.12/site-packages/werkzeug/test.py:1026: in put
    return self.open(*args, **kw)
           ^^^^^^^^^^^^^^^^^^^^^^
tests/conftest.py:60: in open
    return super().open(*args, **kwargs)
           ^^^^^^^^^^^^^^^^^^^^^^^^^^^^^
.venv/lib/python3.12/site-packages/flask/testing.py:222: in open
    return Client.open(
.venv/lib/python3.12/site-packages/werkzeug/test.py:970: in open
    response = self.run_wsgi_app(environ.copy(), buffered=buffered)
               ^^^^^^^^^^^^^^^^^^^^^^^^^^^^^^^^^^^^^^^^^^^^^^^^^^^^
.venv/lib/python3.12/site-packages/werkzeug/test.py:861: in run_wsgi_app
    rv = run_wsgi_app(self.application, environ, buffered=buffered)
         ^^^^^^^^^^^^^^^^^^^^^^^^^^^^^^^^^^^^^^^^^^^^^^^^^^^^^^^^^^
.venv/lib/python3.12/site-packages/werkzeug/test.py:1096: in run_wsgi_app
    app_rv = app(environ, start_response)
             ^^^^^^^^^^^^^^^^^^^^^^^^^^^^
.venv/lib/python3.12/site-packages/flask/app.py:2464: in __call__
    return self.wsgi_app(environ, start_response)
           ^^^^^^^^^^^^^^^^^^^^^^^^^^^^^^^^^^^^^^
.venv/lib/python3.12/site-packages/werkzeug/middleware/proxy_fix.py:169: in __call__
    return self.app(environ, start_response)
           ^^^^^^^^^^^^^^^^^^^^^^^^^^^^^^^^^
.venv/lib/python3.12/site-packages/flask/app.py:2450: in wsgi_app
    response = self.handle_exception(e)
               ^^^^^^^^^^^^^^^^^^^^^^^^
.venv/lib/python3.12/site-packages/flask_cors/extension.py:165: in wrapped_function
    return cors_after_request(app.make_response(f(*args, **kwargs)))
                                                ^^^^^^^^^^^^^^^^^^
.venv/lib/python3.12/site-packages/flask/app.py:1867: in handle_exception
    reraise(exc_type, exc_value, tb)
.venv/lib/python3.12/site-packages/flask/_compat.py:39: in reraise
    raise value
.venv/lib/python3.12/site-packages/flask/app.py:2447: in wsgi_app
    response = self.full_dispatch_request()
               ^^^^^^^^^^^^^^^^^^^^^^^^^^^^
.venv/lib/python3.12/site-packages/flask/app.py:1953: in full_dispatch_request
    return self.finalize_request(rv)
           ^^^^^^^^^^^^^^^^^^^^^^^^^
.venv/lib/python3.12/site-packages/flask/app.py:1970: in finalize_request
    response = self.process_response(response)
               ^^^^^^^^^^^^^^^^^^^^^^^^^^^^^^^
.venv/lib/python3.12/site-packages/flask/app.py:2269: in process_response
    self.session_interface.save_session(self, ctx.session, response)
app/session.py:97: in save_session
    self._redis_w.setex(
.venv/lib/python3.12/site-packages/redis/commands/core.py:2360: in setex
    return self.execute_command("SETEX", name, time, value)
           ^^^^^^^^^^^^^^^^^^^^^^^^^^^^^^^^^^^^^^^^^^^^^^^^
.venv/lib/python3.12/site-packages/redis/client.py:559: in execute_command
    return self._execute_command(*args, **options)
           ^^^^^^^^^^^^^^^^^^^^^^^^^^^^^^^^^^^^^^^
.venv/lib/python3.12/site-packages/redis/client.py:565: in _execute_command
    conn = self.connection or pool.get_connection(command_name, **options)
                              ^^^^^^^^^^^^^^^^^^^^^^^^^^^^^^^^^^^^^^^^^^^^
.venv/lib/python3.12/site-packages/redis/connection.py:1422: in get_connection
    connection.connect()
.venv/lib/python3.12/site-packages/redis/connection.py:363: in connect
    raise ConnectionError(self._error_message(e))
E   redis.exceptions.ConnectionError: Error 111 connecting to localhost:6379. Connection refused.
----------------------------- Captured stdout call -----------------------------
2026-02-09 12:29:05,430 - SL - INFO - 5326 - "/home/runner/work/simplelogin-app/simplelogin-app/app/events/event_dispatcher.py:62" - send_event() -  - Not sending events because webhook is not configured and allowed to be empty
2026-02-09 12:29:05,452 - SL - INFO - 5326 - "/home/runner/work/simplelogin-app/simplelogin-app/app/events/event_dispatcher.py:62" - send_event() -  - Not sending events because webhook is not configured and allowed to be empty
___________________________ test_update_disable_pgp ____________________________
.venv/lib/python3.12/site-packages/redis/connection.py:357: in connect
    sock = self.retry.call_with_retry(
.venv/lib/python3.12/site-packages/redis/retry.py:62: in call_with_retry
    return do()
           ^^^^
.venv/lib/python3.12/site-packages/redis/connection.py:358: in <lambda>
    lambda: self._connect(), lambda error: self.disconnect(error)
            ^^^^^^^^^^^^^^^
.venv/lib/python3.12/site-packages/redis/connection.py:730: in _connect
    raise err
.venv/lib/python3.12/site-packages/redis/connection.py:718: in _connect
    sock.connect(socket_address)
E   ConnectionRefusedError: [Errno 111] Connection refused

During handling of the above exception, another exception occurred:
tests/api/test_alias.py:406: in test_update_disable_pgp
    r = flask_client.put(
.venv/lib/python3.12/site-packages/werkzeug/test.py:1026: in put
    return self.open(*args, **kw)
           ^^^^^^^^^^^^^^^^^^^^^^
tests/conftest.py:60: in open
    return super().open(*args, **kwargs)
           ^^^^^^^^^^^^^^^^^^^^^^^^^^^^^
.venv/lib/python3.12/site-packages/flask/testing.py:222: in open
    return Client.open(
.venv/lib/python3.12/site-packages/werkzeug/test.py:970: in open
    response = self.run_wsgi_app(environ.copy(), buffered=buffered)
               ^^^^^^^^^^^^^^^^^^^^^^^^^^^^^^^^^^^^^^^^^^^^^^^^^^^^
.venv/lib/python3.12/site-packages/werkzeug/test.py:861: in run_wsgi_app
    rv = run_wsgi_app(self.application, environ, buffered=buffered)
         ^^^^^^^^^^^^^^^^^^^^^^^^^^^^^^^^^^^^^^^^^^^^^^^^^^^^^^^^^^
.venv/lib/python3.12/site-packages/werkzeug/test.py:1096: in run_wsgi_app
    app_rv = app(environ, start_response)
             ^^^^^^^^^^^^^^^^^^^^^^^^^^^^
.venv/lib/python3.12/site-packages/flask/app.py:2464: in __call__
    return self.wsgi_app(environ, start_response)
           ^^^^^^^^^^^^^^^^^^^^^^^^^^^^^^^^^^^^^^
.venv/lib/python3.12/site-packages/werkzeug/middleware/proxy_fix.py:169: in __call__
    return self.app(environ, start_response)
           ^^^^^^^^^^^^^^^^^^^^^^^^^^^^^^^^^
.venv/lib/python3.12/site-packages/flask/app.py:2450: in wsgi_app
    response = self.handle_exception(e)
               ^^^^^^^^^^^^^^^^^^^^^^^^
.venv/lib/python3.12/site-packages/flask_cors/extension.py:165: in wrapped_function
    return cors_after_request(app.make_response(f(*args, **kwargs)))
                                                ^^^^^^^^^^^^^^^^^^
.venv/lib/python3.12/site-packages/flask/app.py:1867: in handle_exception
    reraise(exc_type, exc_value, tb)
.venv/lib/python3.12/site-packages/flask/_compat.py:39: in reraise
    raise value
.venv/lib/python3.12/site-packages/flask/app.py:2447: in wsgi_app
    response = self.full_dispatch_request()
               ^^^^^^^^^^^^^^^^^^^^^^^^^^^^
.venv/lib/python3.12/site-packages/flask/app.py:1953: in full_dispatch_request
    return self.finalize_request(rv)
           ^^^^^^^^^^^^^^^^^^^^^^^^^
.venv/lib/python3.12/site-packages/flask/app.py:1970: in finalize_request
    response = self.process_response(response)
               ^^^^^^^^^^^^^^^^^^^^^^^^^^^^^^^
.venv/lib/python3.12/site-packages/flask/app.py:2269: in process_response
    self.session_interface.save_session(self, ctx.session, response)
app/session.py:97: in save_session
    self._redis_w.setex(
.venv/lib/python3.12/site-packages/redis/commands/core.py:2360: in setex
    return self.execute_command("SETEX", name, time, value)
           ^^^^^^^^^^^^^^^^^^^^^^^^^^^^^^^^^^^^^^^^^^^^^^^^
.venv/lib/python3.12/site-packages/redis/client.py:559: in execute_command
    return self._execute_command(*args, **options)
           ^^^^^^^^^^^^^^^^^^^^^^^^^^^^^^^^^^^^^^^
.venv/lib/python3.12/site-packages/redis/client.py:565: in _execute_command
    conn = self.connection or pool.get_connection(command_name, **options)
                              ^^^^^^^^^^^^^^^^^^^^^^^^^^^^^^^^^^^^^^^^^^^^
.venv/lib/python3.12/site-packages/redis/connection.py:1422: in get_connection
    connection.connect()
.venv/lib/python3.12/site-packages/redis/connection.py:363: in connect
    raise ConnectionError(self._error_message(e))
E   redis.exceptions.ConnectionError: Error 111 connecting to localhost:6379. Connection refused.
----------------------------- Captured stdout call -----------------------------
2026-02-09 12:29:05,920 - SL - INFO - 5326 - "/home/runner/work/simplelogin-app/simplelogin-app/app/events/event_dispatcher.py:62" - send_event() -  - Not sending events because webhook is not configured and allowed to be empty
2026-02-09 12:29:05,942 - SL - INFO - 5326 - "/home/runner/work/simplelogin-app/simplelogin-app/app/events/event_dispatcher.py:62" - send_event() -  - Not sending events because webhook is not configured and allowed to be empty
______________________________ test_update_pinned ______________________________
.venv/lib/python3.12/site-packages/redis/connection.py:357: in connect
    sock = self.retry.call_with_retry(
.venv/lib/python3.12/site-packages/redis/retry.py:62: in call_with_retry
    return do()
           ^^^^
.venv/lib/python3.12/site-packages/redis/connection.py:358: in <lambda>
    lambda: self._connect(), lambda error: self.disconnect(error)
            ^^^^^^^^^^^^^^^
.venv/lib/python3.12/site-packages/redis/connection.py:730: in _connect
    raise err
.venv/lib/python3.12/site-packages/redis/connection.py:718: in _connect
    sock.connect(socket_address)
E   ConnectionRefusedError: [Errno 111] Connection refused

During handling of the above exception, another exception occurred:
tests/api/test_alias.py:418: in test_update_pinned
    user = login(flask_client)
           ^^^^^^^^^^^^^^^^^^^
tests/utils.py:57: in login
    r = flask_client.post(
.venv/lib/python3.12/site-packages/werkzeug/test.py:1016: in post
    return self.open(*args, **kw)
           ^^^^^^^^^^^^^^^^^^^^^^
tests/conftest.py:60: in open
    return super().open(*args, **kwargs)
           ^^^^^^^^^^^^^^^^^^^^^^^^^^^^^
.venv/lib/python3.12/site-packages/flask/testing.py:222: in open
    return Client.open(
.venv/lib/python3.12/site-packages/werkzeug/test.py:970: in open
    response = self.run_wsgi_app(environ.copy(), buffered=buffered)
               ^^^^^^^^^^^^^^^^^^^^^^^^^^^^^^^^^^^^^^^^^^^^^^^^^^^^
.venv/lib/python3.12/site-packages/werkzeug/test.py:861: in run_wsgi_app
    rv = run_wsgi_app(self.application, environ, buffered=buffered)
         ^^^^^^^^^^^^^^^^^^^^^^^^^^^^^^^^^^^^^^^^^^^^^^^^^^^^^^^^^^
.venv/lib/python3.12/site-packages/werkzeug/test.py:1096: in run_wsgi_app
    app_rv = app(environ, start_response)
             ^^^^^^^^^^^^^^^^^^^^^^^^^^^^
.venv/lib/python3.12/site-packages/flask/app.py:2464: in __call__
    return self.wsgi_app(environ, start_response)
           ^^^^^^^^^^^^^^^^^^^^^^^^^^^^^^^^^^^^^^
.venv/lib/python3.12/site-packages/werkzeug/middleware/proxy_fix.py:169: in __call__
    return self.app(environ, start_response)
           ^^^^^^^^^^^^^^^^^^^^^^^^^^^^^^^^^
.venv/lib/python3.12/site-packages/flask/app.py:2450: in wsgi_app
    response = self.handle_exception(e)
               ^^^^^^^^^^^^^^^^^^^^^^^^
.venv/lib/python3.12/site-packages/flask_cors/extension.py:165: in wrapped_function
    return cors_after_request(app.make_response(f(*args, **kwargs)))
                                                ^^^^^^^^^^^^^^^^^^
.venv/lib/python3.12/site-packages/flask/app.py:1867: in handle_exception
    reraise(exc_type, exc_value, tb)
.venv/lib/python3.12/site-packages/flask/_compat.py:39: in reraise
    raise value
.venv/lib/python3.12/site-packages/flask/app.py:2447: in wsgi_app
    response = self.full_dispatch_request()
               ^^^^^^^^^^^^^^^^^^^^^^^^^^^^
.venv/lib/python3.12/site-packages/flask/app.py:1953: in full_dispatch_request
    return self.finalize_request(rv)
           ^^^^^^^^^^^^^^^^^^^^^^^^^
.venv/lib/python3.12/site-packages/flask/app.py:1970: in finalize_request
    response = self.process_response(response)
               ^^^^^^^^^^^^^^^^^^^^^^^^^^^^^^^
.venv/lib/python3.12/site-packages/flask/app.py:2269: in process_response
    self.session_interface.save_session(self, ctx.session, response)
app/session.py:97: in save_session
    self._redis_w.setex(
.venv/lib/python3.12/site-packages/redis/commands/core.py:2360: in setex
    return self.execute_command("SETEX", name, time, value)
           ^^^^^^^^^^^^^^^^^^^^^^^^^^^^^^^^^^^^^^^^^^^^^^^^
.venv/lib/python3.12/site-packages/redis/client.py:559: in execute_command
    return self._execute_command(*args, **options)
           ^^^^^^^^^^^^^^^^^^^^^^^^^^^^^^^^^^^^^^^
.venv/lib/python3.12/site-packages/redis/client.py:565: in _execute_command
    conn = self.connection or pool.get_connection(command_name, **options)
                              ^^^^^^^^^^^^^^^^^^^^^^^^^^^^^^^^^^^^^^^^^^^^
.venv/lib/python3.12/site-packages/redis/connection.py:1422: in get_connection
    connection.connect()
.venv/lib/python3.12/site-packages/redis/connection.py:363: in connect
    raise ConnectionError(self._error_message(e))
E   redis.exceptions.ConnectionError: Error 111 connecting to localhost:6379. Connection refused.
----------------------------- Captured stdout call -----------------------------
2026-02-09 12:29:06,404 - SL - INFO - 5326 - "/home/runner/work/simplelogin-app/simplelogin-app/app/events/event_dispatcher.py:62" - send_event() -  - Not sending events because webhook is not configured and allowed to be empty
_____________________________ test_alias_contacts ______________________________
.venv/lib/python3.12/site-packages/redis/connection.py:357: in connect
    sock = self.retry.call_with_retry(
.venv/lib/python3.12/site-packages/redis/retry.py:62: in call_with_retry
    return do()
           ^^^^
.venv/lib/python3.12/site-packages/redis/connection.py:358: in <lambda>
    lambda: self._connect(), lambda error: self.disconnect(error)
            ^^^^^^^^^^^^^^^
.venv/lib/python3.12/site-packages/redis/connection.py:730: in _connect
    raise err
.venv/lib/python3.12/site-packages/redis/connection.py:718: in _connect
    sock.connect(socket_address)
E   ConnectionRefusedError: [Errno 111] Connection refused

During handling of the above exception, another exception occurred:
tests/api/test_alias.py:433: in test_alias_contacts
    user = login(flask_client)
           ^^^^^^^^^^^^^^^^^^^
tests/utils.py:57: in login
    r = flask_client.post(
.venv/lib/python3.12/site-packages/werkzeug/test.py:1016: in post
    return self.open(*args, **kw)
           ^^^^^^^^^^^^^^^^^^^^^^
tests/conftest.py:60: in open
    return super().open(*args, **kwargs)
           ^^^^^^^^^^^^^^^^^^^^^^^^^^^^^
.venv/lib/python3.12/site-packages/flask/testing.py:222: in open
    return Client.open(
.venv/lib/python3.12/site-packages/werkzeug/test.py:970: in open
    response = self.run_wsgi_app(environ.copy(), buffered=buffered)
               ^^^^^^^^^^^^^^^^^^^^^^^^^^^^^^^^^^^^^^^^^^^^^^^^^^^^
.venv/lib/python3.12/site-packages/werkzeug/test.py:861: in run_wsgi_app
    rv = run_wsgi_app(self.application, environ, buffered=buffered)
         ^^^^^^^^^^^^^^^^^^^^^^^^^^^^^^^^^^^^^^^^^^^^^^^^^^^^^^^^^^
.venv/lib/python3.12/site-packages/werkzeug/test.py:1096: in run_wsgi_app
    app_rv = app(environ, start_response)
             ^^^^^^^^^^^^^^^^^^^^^^^^^^^^
.venv/lib/python3.12/site-packages/flask/app.py:2464: in __call__
    return self.wsgi_app(environ, start_response)
           ^^^^^^^^^^^^^^^^^^^^^^^^^^^^^^^^^^^^^^
.venv/lib/python3.12/site-packages/werkzeug/middleware/proxy_fix.py:169: in __call__
    return self.app(environ, start_response)
           ^^^^^^^^^^^^^^^^^^^^^^^^^^^^^^^^^
.venv/lib/python3.12/site-packages/flask/app.py:2450: in wsgi_app
    response = self.handle_exception(e)
               ^^^^^^^^^^^^^^^^^^^^^^^^
.venv/lib/python3.12/site-packages/flask_cors/extension.py:165: in wrapped_function
    return cors_after_request(app.make_response(f(*args, **kwargs)))
                                                ^^^^^^^^^^^^^^^^^^
.venv/lib/python3.12/site-packages/flask/app.py:1867: in handle_exception
    reraise(exc_type, exc_value, tb)
.venv/lib/python3.12/site-packages/flask/_compat.py:39: in reraise
    raise value
.venv/lib/python3.12/site-packages/flask/app.py:2447: in wsgi_app
    response = self.full_dispatch_request()
               ^^^^^^^^^^^^^^^^^^^^^^^^^^^^
.venv/lib/python3.12/site-packages/flask/app.py:1953: in full_dispatch_request
    return self.finalize_request(rv)
           ^^^^^^^^^^^^^^^^^^^^^^^^^
.venv/lib/python3.12/site-packages/flask/app.py:1970: in finalize_request
    response = self.process_response(response)
               ^^^^^^^^^^^^^^^^^^^^^^^^^^^^^^^
.venv/lib/python3.12/site-packages/flask/app.py:2269: in process_response
    self.session_interface.save_session(self, ctx.session, response)
app/session.py:97: in save_session
    self._redis_w.setex(
.venv/lib/python3.12/site-packages/redis/commands/core.py:2360: in setex
    return self.execute_command("SETEX", name, time, value)
           ^^^^^^^^^^^^^^^^^^^^^^^^^^^^^^^^^^^^^^^^^^^^^^^^
.venv/lib/python3.12/site-packages/redis/client.py:559: in execute_command
    return self._execute_command(*args, **options)
           ^^^^^^^^^^^^^^^^^^^^^^^^^^^^^^^^^^^^^^^
.venv/lib/python3.12/site-packages/redis/client.py:565: in _execute_command
    conn = self.connection or pool.get_connection(command_name, **options)
                              ^^^^^^^^^^^^^^^^^^^^^^^^^^^^^^^^^^^^^^^^^^^^
.venv/lib/python3.12/site-packages/redis/connection.py:1422: in get_connection
    connection.connect()
.venv/lib/python3.12/site-packages/redis/connection.py:363: in connect
    raise ConnectionError(self._error_message(e))
E   redis.exceptions.ConnectionError: Error 111 connecting to localhost:6379. Connection refused.
----------------------------- Captured stdout call -----------------------------
2026-02-09 12:29:07,093 - SL - INFO - 5326 - "/home/runner/work/simplelogin-app/simplelogin-app/app/events/event_dispatcher.py:62" - send_event() -  - Not sending events because webhook is not configured and allowed to be empty
__________________________ test_create_contact_route ___________________________
.venv/lib/python3.12/site-packages/redis/connection.py:357: in connect
    sock = self.retry.call_with_retry(
.venv/lib/python3.12/site-packages/redis/retry.py:62: in call_with_retry
    return do()
           ^^^^
.venv/lib/python3.12/site-packages/redis/connection.py:358: in <lambda>
    lambda: self._connect(), lambda error: self.disconnect(error)
            ^^^^^^^^^^^^^^^
.venv/lib/python3.12/site-packages/redis/connection.py:730: in _connect
    raise err
.venv/lib/python3.12/site-packages/redis/connection.py:718: in _connect
    sock.connect(socket_address)
E   ConnectionRefusedError: [Errno 111] Connection refused

During handling of the above exception, another exception occurred:
tests/api/test_alias.py:481: in test_create_contact_route
    r = flask_client.post(
.venv/lib/python3.12/site-packages/werkzeug/test.py:1016: in post
    return self.open(*args, **kw)
           ^^^^^^^^^^^^^^^^^^^^^^
tests/conftest.py:60: in open
    return super().open(*args, **kwargs)
           ^^^^^^^^^^^^^^^^^^^^^^^^^^^^^
.venv/lib/python3.12/site-packages/flask/testing.py:222: in open
    return Client.open(
.venv/lib/python3.12/site-packages/werkzeug/test.py:970: in open
    response = self.run_wsgi_app(environ.copy(), buffered=buffered)
               ^^^^^^^^^^^^^^^^^^^^^^^^^^^^^^^^^^^^^^^^^^^^^^^^^^^^
.venv/lib/python3.12/site-packages/werkzeug/test.py:861: in run_wsgi_app
    rv = run_wsgi_app(self.application, environ, buffered=buffered)
         ^^^^^^^^^^^^^^^^^^^^^^^^^^^^^^^^^^^^^^^^^^^^^^^^^^^^^^^^^^
.venv/lib/python3.12/site-packages/werkzeug/test.py:1096: in run_wsgi_app
    app_rv = app(environ, start_response)
             ^^^^^^^^^^^^^^^^^^^^^^^^^^^^
.venv/lib/python3.12/site-packages/flask/app.py:2464: in __call__
    return self.wsgi_app(environ, start_response)
           ^^^^^^^^^^^^^^^^^^^^^^^^^^^^^^^^^^^^^^
.venv/lib/python3.12/site-packages/werkzeug/middleware/proxy_fix.py:169: in __call__
    return self.app(environ, start_response)
           ^^^^^^^^^^^^^^^^^^^^^^^^^^^^^^^^^
.venv/lib/python3.12/site-packages/flask/app.py:2450: in wsgi_app
    response = self.handle_exception(e)
               ^^^^^^^^^^^^^^^^^^^^^^^^
.venv/lib/python3.12/site-packages/flask_cors/extension.py:165: in wrapped_function
    return cors_after_request(app.make_response(f(*args, **kwargs)))
                                                ^^^^^^^^^^^^^^^^^^
.venv/lib/python3.12/site-packages/flask/app.py:1867: in handle_exception
    reraise(exc_type, exc_value, tb)
.venv/lib/python3.12/site-packages/flask/_compat.py:39: in reraise
    raise value
.venv/lib/python3.12/site-packages/flask/app.py:2447: in wsgi_app
    response = self.full_dispatch_request()
               ^^^^^^^^^^^^^^^^^^^^^^^^^^^^
.venv/lib/python3.12/site-packages/flask/app.py:1953: in full_dispatch_request
    return self.finalize_request(rv)
           ^^^^^^^^^^^^^^^^^^^^^^^^^
.venv/lib/python3.12/site-packages/flask/app.py:1970: in finalize_request
    response = self.process_response(response)
               ^^^^^^^^^^^^^^^^^^^^^^^^^^^^^^^
.venv/lib/python3.12/site-packages/flask/app.py:2269: in process_response
    self.session_interface.save_session(self, ctx.session, response)
app/session.py:97: in save_session
    self._redis_w.setex(
.venv/lib/python3.12/site-packages/redis/commands/core.py:2360: in setex
    return self.execute_command("SETEX", name, time, value)
           ^^^^^^^^^^^^^^^^^^^^^^^^^^^^^^^^^^^^^^^^^^^^^^^^
.venv/lib/python3.12/site-packages/redis/client.py:559: in execute_command
    return self._execute_command(*args, **options)
           ^^^^^^^^^^^^^^^^^^^^^^^^^^^^^^^^^^^^^^^
.venv/lib/python3.12/site-packages/redis/client.py:565: in _execute_command
    conn = self.connection or pool.get_connection(command_name, **options)
                              ^^^^^^^^^^^^^^^^^^^^^^^^^^^^^^^^^^^^^^^^^^^^
.venv/lib/python3.12/site-packages/redis/connection.py:1422: in get_connection
    connection.connect()
.venv/lib/python3.12/site-packages/redis/connection.py:363: in connect
    raise ConnectionError(self._error_message(e))
E   redis.exceptions.ConnectionError: Error 111 connecting to localhost:6379. Connection refused.
----------------------------- Captured stdout call -----------------------------
2026-02-09 12:29:07,782 - SL - INFO - 5326 - "/home/runner/work/simplelogin-app/simplelogin-app/app/events/event_dispatcher.py:62" - send_event() -  - Not sending events because webhook is not configured and allowed to be empty
2026-02-09 12:29:07,804 - SL - INFO - 5326 - "/home/runner/work/simplelogin-app/simplelogin-app/app/events/event_dispatcher.py:62" - send_event() -  - Not sending events because webhook is not configured and allowed to be empty
2026-02-09 12:29:07,816 - SL - INFO - 5326 - dD0Mrm6F - "/home/runner/work/simplelogin-app/simplelogin-app/app/contact_utils.py:52" - create_contact() -  - User <User 77 Test User user_5kxpf9xtle@mailbox.lan> is trying to create a new contact for alias <Alias 115 pallet_acquit667@sl.lan> with email First Last <first@example.com>
___________________ test_create_contact_route_invalid_alias ____________________
.venv/lib/python3.12/site-packages/redis/connection.py:357: in connect
    sock = self.retry.call_with_retry(
.venv/lib/python3.12/site-packages/redis/retry.py:62: in call_with_retry
    return do()
           ^^^^
.venv/lib/python3.12/site-packages/redis/connection.py:358: in <lambda>
    lambda: self._connect(), lambda error: self.disconnect(error)
            ^^^^^^^^^^^^^^^
.venv/lib/python3.12/site-packages/redis/connection.py:730: in _connect
    raise err
.venv/lib/python3.12/site-packages/redis/connection.py:718: in _connect
    sock.connect(socket_address)
E   ConnectionRefusedError: [Errno 111] Connection refused

During handling of the above exception, another exception occurred:
tests/api/test_alias.py:514: in test_create_contact_route_invalid_alias
    r = flask_client.post(
.venv/lib/python3.12/site-packages/werkzeug/test.py:1016: in post
    return self.open(*args, **kw)
           ^^^^^^^^^^^^^^^^^^^^^^
tests/conftest.py:60: in open
    return super().open(*args, **kwargs)
           ^^^^^^^^^^^^^^^^^^^^^^^^^^^^^
.venv/lib/python3.12/site-packages/flask/testing.py:222: in open
    return Client.open(
.venv/lib/python3.12/site-packages/werkzeug/test.py:970: in open
    response = self.run_wsgi_app(environ.copy(), buffered=buffered)
               ^^^^^^^^^^^^^^^^^^^^^^^^^^^^^^^^^^^^^^^^^^^^^^^^^^^^
.venv/lib/python3.12/site-packages/werkzeug/test.py:861: in run_wsgi_app
    rv = run_wsgi_app(self.application, environ, buffered=buffered)
         ^^^^^^^^^^^^^^^^^^^^^^^^^^^^^^^^^^^^^^^^^^^^^^^^^^^^^^^^^^
.venv/lib/python3.12/site-packages/werkzeug/test.py:1096: in run_wsgi_app
    app_rv = app(environ, start_response)
             ^^^^^^^^^^^^^^^^^^^^^^^^^^^^
.venv/lib/python3.12/site-packages/flask/app.py:2464: in __call__
    return self.wsgi_app(environ, start_response)
           ^^^^^^^^^^^^^^^^^^^^^^^^^^^^^^^^^^^^^^
.venv/lib/python3.12/site-packages/werkzeug/middleware/proxy_fix.py:169: in __call__
    return self.app(environ, start_response)
           ^^^^^^^^^^^^^^^^^^^^^^^^^^^^^^^^^
.venv/lib/python3.12/site-packages/flask/app.py:2450: in wsgi_app
    response = self.handle_exception(e)
               ^^^^^^^^^^^^^^^^^^^^^^^^
.venv/lib/python3.12/site-packages/flask_cors/extension.py:165: in wrapped_function
    return cors_after_request(app.make_response(f(*args, **kwargs)))
                                                ^^^^^^^^^^^^^^^^^^
.venv/lib/python3.12/site-packages/flask/app.py:1867: in handle_exception
    reraise(exc_type, exc_value, tb)
.venv/lib/python3.12/site-packages/flask/_compat.py:39: in reraise
    raise value
.venv/lib/python3.12/site-packages/flask/app.py:2447: in wsgi_app
    response = self.full_dispatch_request()
               ^^^^^^^^^^^^^^^^^^^^^^^^^^^^
.venv/lib/python3.12/site-packages/flask/app.py:1953: in full_dispatch_request
    return self.finalize_request(rv)
           ^^^^^^^^^^^^^^^^^^^^^^^^^
.venv/lib/python3.12/site-packages/flask/app.py:1970: in finalize_request
    response = self.process_response(response)
               ^^^^^^^^^^^^^^^^^^^^^^^^^^^^^^^
.venv/lib/python3.12/site-packages/flask/app.py:2269: in process_response
    self.session_interface.save_session(self, ctx.session, response)
app/session.py:97: in save_session
    self._redis_w.setex(
.venv/lib/python3.12/site-packages/redis/commands/core.py:2360: in setex
    return self.execute_command("SETEX", name, time, value)
           ^^^^^^^^^^^^^^^^^^^^^^^^^^^^^^^^^^^^^^^^^^^^^^^^
.venv/lib/python3.12/site-packages/redis/client.py:559: in execute_command
    return self._execute_command(*args, **options)
           ^^^^^^^^^^^^^^^^^^^^^^^^^^^^^^^^^^^^^^^
.venv/lib/python3.12/site-packages/redis/client.py:565: in _execute_command
    conn = self.connection or pool.get_connection(command_name, **options)
                              ^^^^^^^^^^^^^^^^^^^^^^^^^^^^^^^^^^^^^^^^^^^^
.venv/lib/python3.12/site-packages/redis/connection.py:1422: in get_connection
    connection.connect()
.venv/lib/python3.12/site-packages/redis/connection.py:363: in connect
    raise ConnectionError(self._error_message(e))
E   redis.exceptions.ConnectionError: Error 111 connecting to localhost:6379. Connection refused.
----------------------------- Captured stdout call -----------------------------
2026-02-09 12:29:08,291 - SL - INFO - 5326 - "/home/runner/work/simplelogin-app/simplelogin-app/app/events/event_dispatcher.py:62" - send_event() -  - Not sending events because webhook is not configured and allowed to be empty
2026-02-09 12:29:08,547 - SL - INFO - 5326 - "/home/runner/work/simplelogin-app/simplelogin-app/app/events/event_dispatcher.py:62" - send_event() -  - Not sending events because webhook is not configured and allowed to be empty
2026-02-09 12:29:08,569 - SL - INFO - 5326 - "/home/runner/work/simplelogin-app/simplelogin-app/app/events/event_dispatcher.py:62" - send_event() -  - Not sending events because webhook is not configured and allowed to be empty
_________________ test_create_contact_route_non_existing_alias _________________
.venv/lib/python3.12/site-packages/redis/connection.py:357: in connect
    sock = self.retry.call_with_retry(
.venv/lib/python3.12/site-packages/redis/retry.py:62: in call_with_retry
    return do()
           ^^^^
.venv/lib/python3.12/site-packages/redis/connection.py:358: in <lambda>
    lambda: self._connect(), lambda error: self.disconnect(error)
            ^^^^^^^^^^^^^^^
.venv/lib/python3.12/site-packages/redis/connection.py:730: in _connect
    raise err
.venv/lib/python3.12/site-packages/redis/connection.py:718: in _connect
    sock.connect(socket_address)
E   ConnectionRefusedError: [Errno 111] Connection refused

During handling of the above exception, another exception occurred:
tests/api/test_alias.py:527: in test_create_contact_route_non_existing_alias
    r = flask_client.post(
.venv/lib/python3.12/site-packages/werkzeug/test.py:1016: in post
    return self.open(*args, **kw)
           ^^^^^^^^^^^^^^^^^^^^^^
tests/conftest.py:60: in open
    return super().open(*args, **kwargs)
           ^^^^^^^^^^^^^^^^^^^^^^^^^^^^^
.venv/lib/python3.12/site-packages/flask/testing.py:222: in open
    return Client.open(
.venv/lib/python3.12/site-packages/werkzeug/test.py:970: in open
    response = self.run_wsgi_app(environ.copy(), buffered=buffered)
               ^^^^^^^^^^^^^^^^^^^^^^^^^^^^^^^^^^^^^^^^^^^^^^^^^^^^
.venv/lib/python3.12/site-packages/werkzeug/test.py:861: in run_wsgi_app
    rv = run_wsgi_app(self.application, environ, buffered=buffered)
         ^^^^^^^^^^^^^^^^^^^^^^^^^^^^^^^^^^^^^^^^^^^^^^^^^^^^^^^^^^
.venv/lib/python3.12/site-packages/werkzeug/test.py:1096: in run_wsgi_app
    app_rv = app(environ, start_response)
             ^^^^^^^^^^^^^^^^^^^^^^^^^^^^
.venv/lib/python3.12/site-packages/flask/app.py:2464: in __call__
    return self.wsgi_app(environ, start_response)
           ^^^^^^^^^^^^^^^^^^^^^^^^^^^^^^^^^^^^^^
.venv/lib/python3.12/site-packages/werkzeug/middleware/proxy_fix.py:169: in __call__
    return self.app(environ, start_response)
           ^^^^^^^^^^^^^^^^^^^^^^^^^^^^^^^^^
.venv/lib/python3.12/site-packages/flask/app.py:2450: in wsgi_app
    response = self.handle_exception(e)
               ^^^^^^^^^^^^^^^^^^^^^^^^
.venv/lib/python3.12/site-packages/flask_cors/extension.py:165: in wrapped_function
    return cors_after_request(app.make_response(f(*args, **kwargs)))
                                                ^^^^^^^^^^^^^^^^^^
.venv/lib/python3.12/site-packages/flask/app.py:1867: in handle_exception
    reraise(exc_type, exc_value, tb)
.venv/lib/python3.12/site-packages/flask/_compat.py:39: in reraise
    raise value
.venv/lib/python3.12/site-packages/flask/app.py:2447: in wsgi_app
    response = self.full_dispatch_request()
               ^^^^^^^^^^^^^^^^^^^^^^^^^^^^
.venv/lib/python3.12/site-packages/flask/app.py:1953: in full_dispatch_request
    return self.finalize_request(rv)
           ^^^^^^^^^^^^^^^^^^^^^^^^^
.venv/lib/python3.12/site-packages/flask/app.py:1970: in finalize_request
    response = self.process_response(response)
               ^^^^^^^^^^^^^^^^^^^^^^^^^^^^^^^
.venv/lib/python3.12/site-packages/flask/app.py:2269: in process_response
    self.session_interface.save_session(self, ctx.session, response)
app/session.py:97: in save_session
    self._redis_w.setex(
.venv/lib/python3.12/site-packages/redis/commands/core.py:2360: in setex
    return self.execute_command("SETEX", name, time, value)
           ^^^^^^^^^^^^^^^^^^^^^^^^^^^^^^^^^^^^^^^^^^^^^^^^
.venv/lib/python3.12/site-packages/redis/client.py:559: in execute_command
    return self._execute_command(*args, **options)
           ^^^^^^^^^^^^^^^^^^^^^^^^^^^^^^^^^^^^^^^
.venv/lib/python3.12/site-packages/redis/client.py:565: in _execute_command
    conn = self.connection or pool.get_connection(command_name, **options)
                              ^^^^^^^^^^^^^^^^^^^^^^^^^^^^^^^^^^^^^^^^^^^^
.venv/lib/python3.12/site-packages/redis/connection.py:1422: in get_connection
    connection.connect()
.venv/lib/python3.12/site-packages/redis/connection.py:363: in connect
    raise ConnectionError(self._error_message(e))
E   redis.exceptions.ConnectionError: Error 111 connecting to localhost:6379. Connection refused.
----------------------------- Captured stdout call -----------------------------
2026-02-09 12:29:09,197 - SL - INFO - 5326 - "/home/runner/work/simplelogin-app/simplelogin-app/app/events/event_dispatcher.py:62" - send_event() -  - Not sending events because webhook is not configured and allowed to be empty
_____________________ test_create_contact_route_free_users _____________________
.venv/lib/python3.12/site-packages/redis/connection.py:357: in connect
    sock = self.retry.call_with_retry(
.venv/lib/python3.12/site-packages/redis/retry.py:62: in call_with_retry
    return do()
           ^^^^
.venv/lib/python3.12/site-packages/redis/connection.py:358: in <lambda>
    lambda: self._connect(), lambda error: self.disconnect(error)
            ^^^^^^^^^^^^^^^
.venv/lib/python3.12/site-packages/redis/connection.py:730: in _connect
    raise err
.venv/lib/python3.12/site-packages/redis/connection.py:718: in _connect
    sock.connect(socket_address)
E   ConnectionRefusedError: [Errno 111] Connection refused

During handling of the above exception, another exception occurred:
tests/api/test_alias.py:542: in test_create_contact_route_free_users
    r = flask_client.post(
.venv/lib/python3.12/site-packages/werkzeug/test.py:1016: in post
    return self.open(*args, **kw)
           ^^^^^^^^^^^^^^^^^^^^^^
tests/conftest.py:60: in open
    return super().open(*args, **kwargs)
           ^^^^^^^^^^^^^^^^^^^^^^^^^^^^^
.venv/lib/python3.12/site-packages/flask/testing.py:222: in open
    return Client.open(
.venv/lib/python3.12/site-packages/werkzeug/test.py:970: in open
    response = self.run_wsgi_app(environ.copy(), buffered=buffered)
               ^^^^^^^^^^^^^^^^^^^^^^^^^^^^^^^^^^^^^^^^^^^^^^^^^^^^
.venv/lib/python3.12/site-packages/werkzeug/test.py:861: in run_wsgi_app
    rv = run_wsgi_app(self.application, environ, buffered=buffered)
         ^^^^^^^^^^^^^^^^^^^^^^^^^^^^^^^^^^^^^^^^^^^^^^^^^^^^^^^^^^
.venv/lib/python3.12/site-packages/werkzeug/test.py:1096: in run_wsgi_app
    app_rv = app(environ, start_response)
             ^^^^^^^^^^^^^^^^^^^^^^^^^^^^
.venv/lib/python3.12/site-packages/flask/app.py:2464: in __call__
    return self.wsgi_app(environ, start_response)
           ^^^^^^^^^^^^^^^^^^^^^^^^^^^^^^^^^^^^^^
.venv/lib/python3.12/site-packages/werkzeug/middleware/proxy_fix.py:169: in __call__
    return self.app(environ, start_response)
           ^^^^^^^^^^^^^^^^^^^^^^^^^^^^^^^^^
.venv/lib/python3.12/site-packages/flask/app.py:2450: in wsgi_app
    response = self.handle_exception(e)
               ^^^^^^^^^^^^^^^^^^^^^^^^
.venv/lib/python3.12/site-packages/flask_cors/extension.py:165: in wrapped_function
    return cors_after_request(app.make_response(f(*args, **kwargs)))
                                                ^^^^^^^^^^^^^^^^^^
.venv/lib/python3.12/site-packages/flask/app.py:1867: in handle_exception
    reraise(exc_type, exc_value, tb)
.venv/lib/python3.12/site-packages/flask/_compat.py:39: in reraise
    raise value
.venv/lib/python3.12/site-packages/flask/app.py:2447: in wsgi_app
    response = self.full_dispatch_request()
               ^^^^^^^^^^^^^^^^^^^^^^^^^^^^
.venv/lib/python3.12/site-packages/flask/app.py:1953: in full_dispatch_request
    return self.finalize_request(rv)
           ^^^^^^^^^^^^^^^^^^^^^^^^^
.venv/lib/python3.12/site-packages/flask/app.py:1970: in finalize_request
    response = self.process_response(response)
               ^^^^^^^^^^^^^^^^^^^^^^^^^^^^^^^
.venv/lib/python3.12/site-packages/flask/app.py:2269: in process_response
    self.session_interface.save_session(self, ctx.session, response)
app/session.py:97: in save_session
    self._redis_w.setex(
.venv/lib/python3.12/site-packages/redis/commands/core.py:2360: in setex
    return self.execute_command("SETEX", name, time, value)
           ^^^^^^^^^^^^^^^^^^^^^^^^^^^^^^^^^^^^^^^^^^^^^^^^
.venv/lib/python3.12/site-packages/redis/client.py:559: in execute_command
    return self._execute_command(*args, **options)
           ^^^^^^^^^^^^^^^^^^^^^^^^^^^^^^^^^^^^^^^
.venv/lib/python3.12/site-packages/redis/client.py:565: in _execute_command
    conn = self.connection or pool.get_connection(command_name, **options)
                              ^^^^^^^^^^^^^^^^^^^^^^^^^^^^^^^^^^^^^^^^^^^^
.venv/lib/python3.12/site-packages/redis/connection.py:1422: in get_connection
    connection.connect()
.venv/lib/python3.12/site-packages/redis/connection.py:363: in connect
    raise ConnectionError(self._error_message(e))
E   redis.exceptions.ConnectionError: Error 111 connecting to localhost:6379. Connection refused.
----------------------------- Captured stdout call -----------------------------
2026-02-09 12:29:09,669 - SL - INFO - 5326 - "/home/runner/work/simplelogin-app/simplelogin-app/app/events/event_dispatcher.py:62" - send_event() -  - Not sending events because webhook is not configured and allowed to be empty
2026-02-09 12:29:09,691 - SL - INFO - 5326 - "/home/runner/work/simplelogin-app/simplelogin-app/app/events/event_dispatcher.py:62" - send_event() -  - Not sending events because webhook is not configured and allowed to be empty
2026-02-09 12:29:09,702 - SL - INFO - 5326 - pzseGUr9 - "/home/runner/work/simplelogin-app/simplelogin-app/app/contact_utils.py:52" - create_contact() -  - User <User 81 Test User user_npr1mcwyp1@mailbox.lan> is trying to create a new contact for alias <Alias 121 appear_alohas517@sl.lan> with email First Last <first@5oriqz9tu1.lan>
_______________ test_create_contact_route_empty_contact_address ________________
.venv/lib/python3.12/site-packages/redis/connection.py:357: in connect
    sock = self.retry.call_with_retry(
.venv/lib/python3.12/site-packages/redis/retry.py:62: in call_with_retry
    return do()
           ^^^^
.venv/lib/python3.12/site-packages/redis/connection.py:358: in <lambda>
    lambda: self._connect(), lambda error: self.disconnect(error)
            ^^^^^^^^^^^^^^^
.venv/lib/python3.12/site-packages/redis/connection.py:730: in _connect
    raise err
.venv/lib/python3.12/site-packages/redis/connection.py:718: in _connect
    sock.connect(socket_address)
E   ConnectionRefusedError: [Errno 111] Connection refused

During handling of the above exception, another exception occurred:
tests/api/test_alias.py:582: in test_create_contact_route_empty_contact_address
    user = login(flask_client)
           ^^^^^^^^^^^^^^^^^^^
tests/utils.py:57: in login
    r = flask_client.post(
.venv/lib/python3.12/site-packages/werkzeug/test.py:1016: in post
    return self.open(*args, **kw)
           ^^^^^^^^^^^^^^^^^^^^^^
tests/conftest.py:60: in open
    return super().open(*args, **kwargs)
           ^^^^^^^^^^^^^^^^^^^^^^^^^^^^^
.venv/lib/python3.12/site-packages/flask/testing.py:222: in open
    return Client.open(
.venv/lib/python3.12/site-packages/werkzeug/test.py:970: in open
    response = self.run_wsgi_app(environ.copy(), buffered=buffered)
               ^^^^^^^^^^^^^^^^^^^^^^^^^^^^^^^^^^^^^^^^^^^^^^^^^^^^
.venv/lib/python3.12/site-packages/werkzeug/test.py:861: in run_wsgi_app
    rv = run_wsgi_app(self.application, environ, buffered=buffered)
         ^^^^^^^^^^^^^^^^^^^^^^^^^^^^^^^^^^^^^^^^^^^^^^^^^^^^^^^^^^
.venv/lib/python3.12/site-packages/werkzeug/test.py:1096: in run_wsgi_app
    app_rv = app(environ, start_response)
             ^^^^^^^^^^^^^^^^^^^^^^^^^^^^
.venv/lib/python3.12/site-packages/flask/app.py:2464: in __call__
    return self.wsgi_app(environ, start_response)
           ^^^^^^^^^^^^^^^^^^^^^^^^^^^^^^^^^^^^^^
.venv/lib/python3.12/site-packages/werkzeug/middleware/proxy_fix.py:169: in __call__
    return self.app(environ, start_response)
           ^^^^^^^^^^^^^^^^^^^^^^^^^^^^^^^^^
.venv/lib/python3.12/site-packages/flask/app.py:2450: in wsgi_app
    response = self.handle_exception(e)
               ^^^^^^^^^^^^^^^^^^^^^^^^
.venv/lib/python3.12/site-packages/flask_cors/extension.py:165: in wrapped_function
    return cors_after_request(app.make_response(f(*args, **kwargs)))
                                                ^^^^^^^^^^^^^^^^^^
.venv/lib/python3.12/site-packages/flask/app.py:1867: in handle_exception
    reraise(exc_type, exc_value, tb)
.venv/lib/python3.12/site-packages/flask/_compat.py:39: in reraise
    raise value
.venv/lib/python3.12/site-packages/flask/app.py:2447: in wsgi_app
    response = self.full_dispatch_request()
               ^^^^^^^^^^^^^^^^^^^^^^^^^^^^
.venv/lib/python3.12/site-packages/flask/app.py:1953: in full_dispatch_request
    return self.finalize_request(rv)
           ^^^^^^^^^^^^^^^^^^^^^^^^^
.venv/lib/python3.12/site-packages/flask/app.py:1970: in finalize_request
    response = self.process_response(response)
               ^^^^^^^^^^^^^^^^^^^^^^^^^^^^^^^
.venv/lib/python3.12/site-packages/flask/app.py:2269: in process_response
    self.session_interface.save_session(self, ctx.session, response)
app/session.py:97: in save_session
    self._redis_w.setex(
.venv/lib/python3.12/site-packages/redis/commands/core.py:2360: in setex
    return self.execute_command("SETEX", name, time, value)
           ^^^^^^^^^^^^^^^^^^^^^^^^^^^^^^^^^^^^^^^^^^^^^^^^
.venv/lib/python3.12/site-packages/redis/client.py:559: in execute_command
    return self._execute_command(*args, **options)
           ^^^^^^^^^^^^^^^^^^^^^^^^^^^^^^^^^^^^^^^
.venv/lib/python3.12/site-packages/redis/client.py:565: in _execute_command
    conn = self.connection or pool.get_connection(command_name, **options)
                              ^^^^^^^^^^^^^^^^^^^^^^^^^^^^^^^^^^^^^^^^^^^^
.venv/lib/python3.12/site-packages/redis/connection.py:1422: in get_connection
    connection.connect()
.venv/lib/python3.12/site-packages/redis/connection.py:363: in connect
    raise ConnectionError(self._error_message(e))
E   redis.exceptions.ConnectionError: Error 111 connecting to localhost:6379. Connection refused.
----------------------------- Captured stdout call -----------------------------
2026-02-09 12:29:10,177 - SL - INFO - 5326 - "/home/runner/work/simplelogin-app/simplelogin-app/app/events/event_dispatcher.py:62" - send_event() -  - Not sending events because webhook is not configured and allowed to be empty
_______________ test_create_contact_route_invalid_contact_email ________________
.venv/lib/python3.12/site-packages/redis/connection.py:357: in connect
    sock = self.retry.call_with_retry(
.venv/lib/python3.12/site-packages/redis/retry.py:62: in call_with_retry
    return do()
           ^^^^
.venv/lib/python3.12/site-packages/redis/connection.py:358: in <lambda>
    lambda: self._connect(), lambda error: self.disconnect(error)
            ^^^^^^^^^^^^^^^
.venv/lib/python3.12/site-packages/redis/connection.py:730: in _connect
    raise err
.venv/lib/python3.12/site-packages/redis/connection.py:718: in _connect
    sock.connect(socket_address)
E   ConnectionRefusedError: [Errno 111] Connection refused

During handling of the above exception, another exception occurred:
tests/api/test_alias.py:595: in test_create_contact_route_invalid_contact_email
    user = login(flask_client)
           ^^^^^^^^^^^^^^^^^^^
tests/utils.py:57: in login
    r = flask_client.post(
.venv/lib/python3.12/site-packages/werkzeug/test.py:1016: in post
    return self.open(*args, **kw)
           ^^^^^^^^^^^^^^^^^^^^^^
tests/conftest.py:60: in open
    return super().open(*args, **kwargs)
           ^^^^^^^^^^^^^^^^^^^^^^^^^^^^^
.venv/lib/python3.12/site-packages/flask/testing.py:222: in open
    return Client.open(
.venv/lib/python3.12/site-packages/werkzeug/test.py:970: in open
    response = self.run_wsgi_app(environ.copy(), buffered=buffered)
               ^^^^^^^^^^^^^^^^^^^^^^^^^^^^^^^^^^^^^^^^^^^^^^^^^^^^
.venv/lib/python3.12/site-packages/werkzeug/test.py:861: in run_wsgi_app
    rv = run_wsgi_app(self.application, environ, buffered=buffered)
         ^^^^^^^^^^^^^^^^^^^^^^^^^^^^^^^^^^^^^^^^^^^^^^^^^^^^^^^^^^
.venv/lib/python3.12/site-packages/werkzeug/test.py:1096: in run_wsgi_app
    app_rv = app(environ, start_response)
             ^^^^^^^^^^^^^^^^^^^^^^^^^^^^
.venv/lib/python3.12/site-packages/flask/app.py:2464: in __call__
    return self.wsgi_app(environ, start_response)
           ^^^^^^^^^^^^^^^^^^^^^^^^^^^^^^^^^^^^^^
.venv/lib/python3.12/site-packages/werkzeug/middleware/proxy_fix.py:169: in __call__
    return self.app(environ, start_response)
           ^^^^^^^^^^^^^^^^^^^^^^^^^^^^^^^^^
.venv/lib/python3.12/site-packages/flask/app.py:2450: in wsgi_app
    response = self.handle_exception(e)
               ^^^^^^^^^^^^^^^^^^^^^^^^
.venv/lib/python3.12/site-packages/flask_cors/extension.py:165: in wrapped_function
    return cors_after_request(app.make_response(f(*args, **kwargs)))
                                                ^^^^^^^^^^^^^^^^^^
.venv/lib/python3.12/site-packages/flask/app.py:1867: in handle_exception
    reraise(exc_type, exc_value, tb)
.venv/lib/python3.12/site-packages/flask/_compat.py:39: in reraise
    raise value
.venv/lib/python3.12/site-packages/flask/app.py:2447: in wsgi_app
    response = self.full_dispatch_request()
               ^^^^^^^^^^^^^^^^^^^^^^^^^^^^
.venv/lib/python3.12/site-packages/flask/app.py:1953: in full_dispatch_request
    return self.finalize_request(rv)
           ^^^^^^^^^^^^^^^^^^^^^^^^^
.venv/lib/python3.12/site-packages/flask/app.py:1970: in finalize_request
    response = self.process_response(response)
               ^^^^^^^^^^^^^^^^^^^^^^^^^^^^^^^
.venv/lib/python3.12/site-packages/flask/app.py:2269: in process_response
    self.session_interface.save_session(self, ctx.session, response)
app/session.py:97: in save_session
    self._redis_w.setex(
.venv/lib/python3.12/site-packages/redis/commands/core.py:2360: in setex
    return self.execute_command("SETEX", name, time, value)
           ^^^^^^^^^^^^^^^^^^^^^^^^^^^^^^^^^^^^^^^^^^^^^^^^
.venv/lib/python3.12/site-packages/redis/client.py:559: in execute_command
    return self._execute_command(*args, **options)
           ^^^^^^^^^^^^^^^^^^^^^^^^^^^^^^^^^^^^^^^
.venv/lib/python3.12/site-packages/redis/client.py:565: in _execute_command
    conn = self.connection or pool.get_connection(command_name, **options)
                              ^^^^^^^^^^^^^^^^^^^^^^^^^^^^^^^^^^^^^^^^^^^^
.venv/lib/python3.12/site-packages/redis/connection.py:1422: in get_connection
    connection.connect()
.venv/lib/python3.12/site-packages/redis/connection.py:363: in connect
    raise ConnectionError(self._error_message(e))
E   redis.exceptions.ConnectionError: Error 111 connecting to localhost:6379. Connection refused.
----------------------------- Captured stdout call -----------------------------
2026-02-09 12:29:10,868 - SL - INFO - 5326 - "/home/runner/work/simplelogin-app/simplelogin-app/app/events/event_dispatcher.py:62" - send_event() -  - Not sending events because webhook is not configured and allowed to be empty
_____________________________ test_delete_contact ______________________________
.venv/lib/python3.12/site-packages/redis/connection.py:357: in connect
    sock = self.retry.call_with_retry(
.venv/lib/python3.12/site-packages/redis/retry.py:62: in call_with_retry
    return do()
           ^^^^
.venv/lib/python3.12/site-packages/redis/connection.py:358: in <lambda>
    lambda: self._connect(), lambda error: self.disconnect(error)
            ^^^^^^^^^^^^^^^
.venv/lib/python3.12/site-packages/redis/connection.py:730: in _connect
    raise err
.venv/lib/python3.12/site-packages/redis/connection.py:718: in _connect
    sock.connect(socket_address)
E   ConnectionRefusedError: [Errno 111] Connection refused

During handling of the above exception, another exception occurred:
tests/api/test_alias.py:621: in test_delete_contact
    r = flask_client.delete(
.venv/lib/python3.12/site-packages/werkzeug/test.py:1031: in delete
    return self.open(*args, **kw)
           ^^^^^^^^^^^^^^^^^^^^^^
tests/conftest.py:60: in open
    return super().open(*args, **kwargs)
           ^^^^^^^^^^^^^^^^^^^^^^^^^^^^^
.venv/lib/python3.12/site-packages/flask/testing.py:222: in open
    return Client.open(
.venv/lib/python3.12/site-packages/werkzeug/test.py:970: in open
    response = self.run_wsgi_app(environ.copy(), buffered=buffered)
               ^^^^^^^^^^^^^^^^^^^^^^^^^^^^^^^^^^^^^^^^^^^^^^^^^^^^
.venv/lib/python3.12/site-packages/werkzeug/test.py:861: in run_wsgi_app
    rv = run_wsgi_app(self.application, environ, buffered=buffered)
         ^^^^^^^^^^^^^^^^^^^^^^^^^^^^^^^^^^^^^^^^^^^^^^^^^^^^^^^^^^
.venv/lib/python3.12/site-packages/werkzeug/test.py:1096: in run_wsgi_app
    app_rv = app(environ, start_response)
             ^^^^^^^^^^^^^^^^^^^^^^^^^^^^
.venv/lib/python3.12/site-packages/flask/app.py:2464: in __call__
    return self.wsgi_app(environ, start_response)
           ^^^^^^^^^^^^^^^^^^^^^^^^^^^^^^^^^^^^^^
.venv/lib/python3.12/site-packages/werkzeug/middleware/proxy_fix.py:169: in __call__
    return self.app(environ, start_response)
           ^^^^^^^^^^^^^^^^^^^^^^^^^^^^^^^^^
.venv/lib/python3.12/site-packages/flask/app.py:2450: in wsgi_app
    response = self.handle_exception(e)
               ^^^^^^^^^^^^^^^^^^^^^^^^
.venv/lib/python3.12/site-packages/flask_cors/extension.py:165: in wrapped_function
    return cors_after_request(app.make_response(f(*args, **kwargs)))
                                                ^^^^^^^^^^^^^^^^^^
.venv/lib/python3.12/site-packages/flask/app.py:1867: in handle_exception
    reraise(exc_type, exc_value, tb)
.venv/lib/python3.12/site-packages/flask/_compat.py:39: in reraise
    raise value
.venv/lib/python3.12/site-packages/flask/app.py:2447: in wsgi_app
    response = self.full_dispatch_request()
               ^^^^^^^^^^^^^^^^^^^^^^^^^^^^
.venv/lib/python3.12/site-packages/flask/app.py:1953: in full_dispatch_request
    return self.finalize_request(rv)
           ^^^^^^^^^^^^^^^^^^^^^^^^^
.venv/lib/python3.12/site-packages/flask/app.py:1970: in finalize_request
    response = self.process_response(response)
               ^^^^^^^^^^^^^^^^^^^^^^^^^^^^^^^
.venv/lib/python3.12/site-packages/flask/app.py:2269: in process_response
    self.session_interface.save_session(self, ctx.session, response)
app/session.py:97: in save_session
    self._redis_w.setex(
.venv/lib/python3.12/site-packages/redis/commands/core.py:2360: in setex
    return self.execute_command("SETEX", name, time, value)
           ^^^^^^^^^^^^^^^^^^^^^^^^^^^^^^^^^^^^^^^^^^^^^^^^
.venv/lib/python3.12/site-packages/redis/client.py:559: in execute_command
    return self._execute_command(*args, **options)
           ^^^^^^^^^^^^^^^^^^^^^^^^^^^^^^^^^^^^^^^
.venv/lib/python3.12/site-packages/redis/client.py:565: in _execute_command
    conn = self.connection or pool.get_connection(command_name, **options)
                              ^^^^^^^^^^^^^^^^^^^^^^^^^^^^^^^^^^^^^^^^^^^^
.venv/lib/python3.12/site-packages/redis/connection.py:1422: in get_connection
    connection.connect()
.venv/lib/python3.12/site-packages/redis/connection.py:363: in connect
    raise ConnectionError(self._error_message(e))
E   redis.exceptions.ConnectionError: Error 111 connecting to localhost:6379. Connection refused.
----------------------------- Captured stdout call -----------------------------
2026-02-09 12:29:11,557 - SL - INFO - 5326 - "/home/runner/work/simplelogin-app/simplelogin-app/app/events/event_dispatcher.py:62" - send_event() -  - Not sending events because webhook is not configured and allowed to be empty
2026-02-09 12:29:11,578 - SL - INFO - 5326 - "/home/runner/work/simplelogin-app/simplelogin-app/app/events/event_dispatcher.py:62" - send_event() -  - Not sending events because webhook is not configured and allowed to be empty
________________________________ test_get_alias ________________________________
.venv/lib/python3.12/site-packages/redis/connection.py:357: in connect
    sock = self.retry.call_with_retry(
.venv/lib/python3.12/site-packages/redis/retry.py:62: in call_with_retry
    return do()
           ^^^^
.venv/lib/python3.12/site-packages/redis/connection.py:358: in <lambda>
    lambda: self._connect(), lambda error: self.disconnect(error)
            ^^^^^^^^^^^^^^^
.venv/lib/python3.12/site-packages/redis/connection.py:730: in _connect
    raise err
.venv/lib/python3.12/site-packages/redis/connection.py:718: in _connect
    sock.connect(socket_address)
E   ConnectionRefusedError: [Errno 111] Connection refused

During handling of the above exception, another exception occurred:
tests/api/test_alias.py:638: in test_get_alias
    r = flask_client.get(
.venv/lib/python3.12/site-packages/werkzeug/test.py:1006: in get
    return self.open(*args, **kw)
           ^^^^^^^^^^^^^^^^^^^^^^
tests/conftest.py:60: in open
    return super().open(*args, **kwargs)
           ^^^^^^^^^^^^^^^^^^^^^^^^^^^^^
.venv/lib/python3.12/site-packages/flask/testing.py:222: in open
    return Client.open(
.venv/lib/python3.12/site-packages/werkzeug/test.py:970: in open
    response = self.run_wsgi_app(environ.copy(), buffered=buffered)
               ^^^^^^^^^^^^^^^^^^^^^^^^^^^^^^^^^^^^^^^^^^^^^^^^^^^^
.venv/lib/python3.12/site-packages/werkzeug/test.py:861: in run_wsgi_app
    rv = run_wsgi_app(self.application, environ, buffered=buffered)
         ^^^^^^^^^^^^^^^^^^^^^^^^^^^^^^^^^^^^^^^^^^^^^^^^^^^^^^^^^^
.venv/lib/python3.12/site-packages/werkzeug/test.py:1096: in run_wsgi_app
    app_rv = app(environ, start_response)
             ^^^^^^^^^^^^^^^^^^^^^^^^^^^^
.venv/lib/python3.12/site-packages/flask/app.py:2464: in __call__
    return self.wsgi_app(environ, start_response)
           ^^^^^^^^^^^^^^^^^^^^^^^^^^^^^^^^^^^^^^
.venv/lib/python3.12/site-packages/werkzeug/middleware/proxy_fix.py:169: in __call__
    return self.app(environ, start_response)
           ^^^^^^^^^^^^^^^^^^^^^^^^^^^^^^^^^
.venv/lib/python3.12/site-packages/flask/app.py:2450: in wsgi_app
    response = self.handle_exception(e)
               ^^^^^^^^^^^^^^^^^^^^^^^^
.venv/lib/python3.12/site-packages/flask_cors/extension.py:165: in wrapped_function
    return cors_after_request(app.make_response(f(*args, **kwargs)))
                                                ^^^^^^^^^^^^^^^^^^
.venv/lib/python3.12/site-packages/flask/app.py:1867: in handle_exception
    reraise(exc_type, exc_value, tb)
.venv/lib/python3.12/site-packages/flask/_compat.py:39: in reraise
    raise value
.venv/lib/python3.12/site-packages/flask/app.py:2447: in wsgi_app
    response = self.full_dispatch_request()
               ^^^^^^^^^^^^^^^^^^^^^^^^^^^^
.venv/lib/python3.12/site-packages/flask/app.py:1953: in full_dispatch_request
    return self.finalize_request(rv)
           ^^^^^^^^^^^^^^^^^^^^^^^^^
.venv/lib/python3.12/site-packages/flask/app.py:1970: in finalize_request
    response = self.process_response(response)
               ^^^^^^^^^^^^^^^^^^^^^^^^^^^^^^^
.venv/lib/python3.12/site-packages/flask/app.py:2269: in process_response
    self.session_interface.save_session(self, ctx.session, response)
app/session.py:97: in save_session
    self._redis_w.setex(
.venv/lib/python3.12/site-packages/redis/commands/core.py:2360: in setex
    return self.execute_command("SETEX", name, time, value)
           ^^^^^^^^^^^^^^^^^^^^^^^^^^^^^^^^^^^^^^^^^^^^^^^^
.venv/lib/python3.12/site-packages/redis/client.py:559: in execute_command
    return self._execute_command(*args, **options)
           ^^^^^^^^^^^^^^^^^^^^^^^^^^^^^^^^^^^^^^^
.venv/lib/python3.12/site-packages/redis/client.py:565: in _execute_command
    conn = self.connection or pool.get_connection(command_name, **options)
                              ^^^^^^^^^^^^^^^^^^^^^^^^^^^^^^^^^^^^^^^^^^^^
.venv/lib/python3.12/site-packages/redis/connection.py:1422: in get_connection
    connection.connect()
.venv/lib/python3.12/site-packages/redis/connection.py:363: in connect
    raise ConnectionError(self._error_message(e))
E   redis.exceptions.ConnectionError: Error 111 connecting to localhost:6379. Connection refused.
----------------------------- Captured stdout call -----------------------------
2026-02-09 12:29:12,044 - SL - INFO - 5326 - "/home/runner/work/simplelogin-app/simplelogin-app/app/events/event_dispatcher.py:62" - send_event() -  - Not sending events because webhook is not configured and allowed to be empty
2026-02-09 12:29:12,066 - SL - INFO - 5326 - "/home/runner/work/simplelogin-app/simplelogin-app/app/events/event_dispatcher.py:62" - send_event() -  - Not sending events because webhook is not configured and allowed to be empty
_____________________________ test_toggle_contact ______________________________
.venv/lib/python3.12/site-packages/redis/connection.py:357: in connect
    sock = self.retry.call_with_retry(
.venv/lib/python3.12/site-packages/redis/retry.py:62: in call_with_retry
    return do()
           ^^^^
.venv/lib/python3.12/site-packages/redis/connection.py:358: in <lambda>
    lambda: self._connect(), lambda error: self.disconnect(error)
            ^^^^^^^^^^^^^^^
.venv/lib/python3.12/site-packages/redis/connection.py:730: in _connect
    raise err
.venv/lib/python3.12/site-packages/redis/connection.py:718: in _connect
    sock.connect(socket_address)
E   ConnectionRefusedError: [Errno 111] Connection refused

During handling of the above exception, another exception occurred:
tests/api/test_alias.py:668: in test_toggle_contact
    user = login(flask_client)
           ^^^^^^^^^^^^^^^^^^^
tests/utils.py:57: in login
    r = flask_client.post(
.venv/lib/python3.12/site-packages/werkzeug/test.py:1016: in post
    return self.open(*args, **kw)
           ^^^^^^^^^^^^^^^^^^^^^^
tests/conftest.py:60: in open
    return super().open(*args, **kwargs)
           ^^^^^^^^^^^^^^^^^^^^^^^^^^^^^
.venv/lib/python3.12/site-packages/flask/testing.py:222: in open
    return Client.open(
.venv/lib/python3.12/site-packages/werkzeug/test.py:970: in open
    response = self.run_wsgi_app(environ.copy(), buffered=buffered)
               ^^^^^^^^^^^^^^^^^^^^^^^^^^^^^^^^^^^^^^^^^^^^^^^^^^^^
.venv/lib/python3.12/site-packages/werkzeug/test.py:861: in run_wsgi_app
    rv = run_wsgi_app(self.application, environ, buffered=buffered)
         ^^^^^^^^^^^^^^^^^^^^^^^^^^^^^^^^^^^^^^^^^^^^^^^^^^^^^^^^^^
.venv/lib/python3.12/site-packages/werkzeug/test.py:1096: in run_wsgi_app
    app_rv = app(environ, start_response)
             ^^^^^^^^^^^^^^^^^^^^^^^^^^^^
.venv/lib/python3.12/site-packages/flask/app.py:2464: in __call__
    return self.wsgi_app(environ, start_response)
           ^^^^^^^^^^^^^^^^^^^^^^^^^^^^^^^^^^^^^^
.venv/lib/python3.12/site-packages/werkzeug/middleware/proxy_fix.py:169: in __call__
    return self.app(environ, start_response)
           ^^^^^^^^^^^^^^^^^^^^^^^^^^^^^^^^^
.venv/lib/python3.12/site-packages/flask/app.py:2450: in wsgi_app
    response = self.handle_exception(e)
               ^^^^^^^^^^^^^^^^^^^^^^^^
.venv/lib/python3.12/site-packages/flask_cors/extension.py:165: in wrapped_function
    return cors_after_request(app.make_response(f(*args, **kwargs)))
                                                ^^^^^^^^^^^^^^^^^^
.venv/lib/python3.12/site-packages/flask/app.py:1867: in handle_exception
    reraise(exc_type, exc_value, tb)
.venv/lib/python3.12/site-packages/flask/_compat.py:39: in reraise
    raise value
.venv/lib/python3.12/site-packages/flask/app.py:2447: in wsgi_app
    response = self.full_dispatch_request()
               ^^^^^^^^^^^^^^^^^^^^^^^^^^^^
.venv/lib/python3.12/site-packages/flask/app.py:1953: in full_dispatch_request
    return self.finalize_request(rv)
           ^^^^^^^^^^^^^^^^^^^^^^^^^
.venv/lib/python3.12/site-packages/flask/app.py:1970: in finalize_request
    response = self.process_response(response)
               ^^^^^^^^^^^^^^^^^^^^^^^^^^^^^^^
.venv/lib/python3.12/site-packages/flask/app.py:2269: in process_response
    self.session_interface.save_session(self, ctx.session, response)
app/session.py:97: in save_session
    self._redis_w.setex(
.venv/lib/python3.12/site-packages/redis/commands/core.py:2360: in setex
    return self.execute_command("SETEX", name, time, value)
           ^^^^^^^^^^^^^^^^^^^^^^^^^^^^^^^^^^^^^^^^^^^^^^^^
.venv/lib/python3.12/site-packages/redis/client.py:559: in execute_command
    return self._execute_command(*args, **options)
           ^^^^^^^^^^^^^^^^^^^^^^^^^^^^^^^^^^^^^^^
.venv/lib/python3.12/site-packages/redis/client.py:565: in _execute_command
    conn = self.connection or pool.get_connection(command_name, **options)
                              ^^^^^^^^^^^^^^^^^^^^^^^^^^^^^^^^^^^^^^^^^^^^
.venv/lib/python3.12/site-packages/redis/connection.py:1422: in get_connection
    connection.connect()
.venv/lib/python3.12/site-packages/redis/connection.py:363: in connect
    raise ConnectionError(self._error_message(e))
E   redis.exceptions.ConnectionError: Error 111 connecting to localhost:6379. Connection refused.
----------------------------- Captured stdout call -----------------------------
2026-02-09 12:29:12,537 - SL - INFO - 5326 - "/home/runner/work/simplelogin-app/simplelogin-app/app/events/event_dispatcher.py:62" - send_event() -  - Not sending events because webhook is not configured and allowed to be empty
______________________ test_get_aliases_disabled_account _______________________
.venv/lib/python3.12/site-packages/redis/connection.py:357: in connect
    sock = self.retry.call_with_retry(
.venv/lib/python3.12/site-packages/redis/retry.py:62: in call_with_retry
    return do()
           ^^^^
.venv/lib/python3.12/site-packages/redis/connection.py:358: in <lambda>
    lambda: self._connect(), lambda error: self.disconnect(error)
            ^^^^^^^^^^^^^^^
.venv/lib/python3.12/site-packages/redis/connection.py:730: in _connect
    raise err
.venv/lib/python3.12/site-packages/redis/connection.py:718: in _connect
    sock.connect(socket_address)
E   ConnectionRefusedError: [Errno 111] Connection refused

During handling of the above exception, another exception occurred:
tests/api/test_alias.py:690: in test_get_aliases_disabled_account
    r = flask_client.get(
.venv/lib/python3.12/site-packages/werkzeug/test.py:1006: in get
    return self.open(*args, **kw)
           ^^^^^^^^^^^^^^^^^^^^^^
tests/conftest.py:60: in open
    return super().open(*args, **kwargs)
           ^^^^^^^^^^^^^^^^^^^^^^^^^^^^^
.venv/lib/python3.12/site-packages/flask/testing.py:222: in open
    return Client.open(
.venv/lib/python3.12/site-packages/werkzeug/test.py:970: in open
    response = self.run_wsgi_app(environ.copy(), buffered=buffered)
               ^^^^^^^^^^^^^^^^^^^^^^^^^^^^^^^^^^^^^^^^^^^^^^^^^^^^
.venv/lib/python3.12/site-packages/werkzeug/test.py:861: in run_wsgi_app
    rv = run_wsgi_app(self.application, environ, buffered=buffered)
         ^^^^^^^^^^^^^^^^^^^^^^^^^^^^^^^^^^^^^^^^^^^^^^^^^^^^^^^^^^
.venv/lib/python3.12/site-packages/werkzeug/test.py:1096: in run_wsgi_app
    app_rv = app(environ, start_response)
             ^^^^^^^^^^^^^^^^^^^^^^^^^^^^
.venv/lib/python3.12/site-packages/flask/app.py:2464: in __call__
    return self.wsgi_app(environ, start_response)
           ^^^^^^^^^^^^^^^^^^^^^^^^^^^^^^^^^^^^^^
.venv/lib/python3.12/site-packages/werkzeug/middleware/proxy_fix.py:169: in __call__
    return self.app(environ, start_response)
           ^^^^^^^^^^^^^^^^^^^^^^^^^^^^^^^^^
.venv/lib/python3.12/site-packages/flask/app.py:2450: in wsgi_app
    response = self.handle_exception(e)
               ^^^^^^^^^^^^^^^^^^^^^^^^
.venv/lib/python3.12/site-packages/flask_cors/extension.py:165: in wrapped_function
    return cors_after_request(app.make_response(f(*args, **kwargs)))
                                                ^^^^^^^^^^^^^^^^^^
.venv/lib/python3.12/site-packages/flask/app.py:1867: in handle_exception
    reraise(exc_type, exc_value, tb)
.venv/lib/python3.12/site-packages/flask/_compat.py:39: in reraise
    raise value
.venv/lib/python3.12/site-packages/flask/app.py:2447: in wsgi_app
    response = self.full_dispatch_request()
               ^^^^^^^^^^^^^^^^^^^^^^^^^^^^
.venv/lib/python3.12/site-packages/flask/app.py:1953: in full_dispatch_request
    return self.finalize_request(rv)
           ^^^^^^^^^^^^^^^^^^^^^^^^^
.venv/lib/python3.12/site-packages/flask/app.py:1970: in finalize_request
    response = self.process_response(response)
               ^^^^^^^^^^^^^^^^^^^^^^^^^^^^^^^
.venv/lib/python3.12/site-packages/flask/app.py:2269: in process_response
    self.session_interface.save_session(self, ctx.session, response)
app/session.py:97: in save_session
    self._redis_w.setex(
.venv/lib/python3.12/site-packages/redis/commands/core.py:2360: in setex
    return self.execute_command("SETEX", name, time, value)
           ^^^^^^^^^^^^^^^^^^^^^^^^^^^^^^^^^^^^^^^^^^^^^^^^
.venv/lib/python3.12/site-packages/redis/client.py:559: in execute_command
    return self._execute_command(*args, **options)
           ^^^^^^^^^^^^^^^^^^^^^^^^^^^^^^^^^^^^^^^
.venv/lib/python3.12/site-packages/redis/client.py:565: in _execute_command
    conn = self.connection or pool.get_connection(command_name, **options)
                              ^^^^^^^^^^^^^^^^^^^^^^^^^^^^^^^^^^^^^^^^^^^^
.venv/lib/python3.12/site-packages/redis/connection.py:1422: in get_connection
    connection.connect()
.venv/lib/python3.12/site-packages/redis/connection.py:363: in connect
    raise ConnectionError(self._error_message(e))
E   redis.exceptions.ConnectionError: Error 111 connecting to localhost:6379. Connection refused.
----------------------------- Captured stdout call -----------------------------
2026-02-09 12:29:13,229 - SL - INFO - 5326 - "/home/runner/work/simplelogin-app/simplelogin-app/app/events/event_dispatcher.py:62" - send_event() -  - Not sending events because webhook is not configured and allowed to be empty
_______________ test_get_aliases_does_not_return_trashed_aliases _______________
.venv/lib/python3.12/site-packages/redis/connection.py:357: in connect
    sock = self.retry.call_with_retry(
.venv/lib/python3.12/site-packages/redis/retry.py:62: in call_with_retry
    return do()
           ^^^^
.venv/lib/python3.12/site-packages/redis/connection.py:358: in <lambda>
    lambda: self._connect(), lambda error: self.disconnect(error)
            ^^^^^^^^^^^^^^^
.venv/lib/python3.12/site-packages/redis/connection.py:730: in _connect
    raise err
.venv/lib/python3.12/site-packages/redis/connection.py:718: in _connect
    sock.connect(socket_address)
E   ConnectionRefusedError: [Errno 111] Connection refused

During handling of the above exception, another exception occurred:
tests/api/test_alias.py:711: in test_get_aliases_does_not_return_trashed_aliases
    r = flask_client.get(
.venv/lib/python3.12/site-packages/werkzeug/test.py:1006: in get
    return self.open(*args, **kw)
           ^^^^^^^^^^^^^^^^^^^^^^
tests/conftest.py:60: in open
    return super().open(*args, **kwargs)
           ^^^^^^^^^^^^^^^^^^^^^^^^^^^^^
.venv/lib/python3.12/site-packages/flask/testing.py:222: in open
    return Client.open(
.venv/lib/python3.12/site-packages/werkzeug/test.py:970: in open
    response = self.run_wsgi_app(environ.copy(), buffered=buffered)
               ^^^^^^^^^^^^^^^^^^^^^^^^^^^^^^^^^^^^^^^^^^^^^^^^^^^^
.venv/lib/python3.12/site-packages/werkzeug/test.py:861: in run_wsgi_app
    rv = run_wsgi_app(self.application, environ, buffered=buffered)
         ^^^^^^^^^^^^^^^^^^^^^^^^^^^^^^^^^^^^^^^^^^^^^^^^^^^^^^^^^^
.venv/lib/python3.12/site-packages/werkzeug/test.py:1096: in run_wsgi_app
    app_rv = app(environ, start_response)
             ^^^^^^^^^^^^^^^^^^^^^^^^^^^^
.venv/lib/python3.12/site-packages/flask/app.py:2464: in __call__
    return self.wsgi_app(environ, start_response)
           ^^^^^^^^^^^^^^^^^^^^^^^^^^^^^^^^^^^^^^
.venv/lib/python3.12/site-packages/werkzeug/middleware/proxy_fix.py:169: in __call__
    return self.app(environ, start_response)
           ^^^^^^^^^^^^^^^^^^^^^^^^^^^^^^^^^
.venv/lib/python3.12/site-packages/flask/app.py:2450: in wsgi_app
    response = self.handle_exception(e)
               ^^^^^^^^^^^^^^^^^^^^^^^^
.venv/lib/python3.12/site-packages/flask_cors/extension.py:165: in wrapped_function
    return cors_after_request(app.make_response(f(*args, **kwargs)))
                                                ^^^^^^^^^^^^^^^^^^
.venv/lib/python3.12/site-packages/flask/app.py:1867: in handle_exception
    reraise(exc_type, exc_value, tb)
.venv/lib/python3.12/site-packages/flask/_compat.py:39: in reraise
    raise value
.venv/lib/python3.12/site-packages/flask/app.py:2447: in wsgi_app
    response = self.full_dispatch_request()
               ^^^^^^^^^^^^^^^^^^^^^^^^^^^^
.venv/lib/python3.12/site-packages/flask/app.py:1953: in full_dispatch_request
    return self.finalize_request(rv)
           ^^^^^^^^^^^^^^^^^^^^^^^^^
.venv/lib/python3.12/site-packages/flask/app.py:1970: in finalize_request
    response = self.process_response(response)
               ^^^^^^^^^^^^^^^^^^^^^^^^^^^^^^^
.venv/lib/python3.12/site-packages/flask/app.py:2269: in process_response
    self.session_interface.save_session(self, ctx.session, response)
app/session.py:97: in save_session
    self._redis_w.setex(
.venv/lib/python3.12/site-packages/redis/commands/core.py:2360: in setex
    return self.execute_command("SETEX", name, time, value)
           ^^^^^^^^^^^^^^^^^^^^^^^^^^^^^^^^^^^^^^^^^^^^^^^^
.venv/lib/python3.12/site-packages/redis/client.py:559: in execute_command
    return self._execute_command(*args, **options)
           ^^^^^^^^^^^^^^^^^^^^^^^^^^^^^^^^^^^^^^^
.venv/lib/python3.12/site-packages/redis/client.py:565: in _execute_command
    conn = self.connection or pool.get_connection(command_name, **options)
                              ^^^^^^^^^^^^^^^^^^^^^^^^^^^^^^^^^^^^^^^^^^^^
.venv/lib/python3.12/site-packages/redis/connection.py:1422: in get_connection
    connection.connect()
.venv/lib/python3.12/site-packages/redis/connection.py:363: in connect
    raise ConnectionError(self._error_message(e))
E   redis.exceptions.ConnectionError: Error 111 connecting to localhost:6379. Connection refused.
----------------------------- Captured stdout call -----------------------------
2026-02-09 12:29:13,722 - SL - INFO - 5326 - "/home/runner/work/simplelogin-app/simplelogin-app/app/events/event_dispatcher.py:62" - send_event() -  - Not sending events because webhook is not configured and allowed to be empty
2026-02-09 12:29:13,744 - SL - INFO - 5326 - "/home/runner/work/simplelogin-app/simplelogin-app/app/events/event_dispatcher.py:62" - send_event() -  - Not sending events because webhook is not configured and allowed to be empty
_________ test_cannot_create_alias_with_admin_disabled_mailbox_via_api _________
.venv/lib/python3.12/site-packages/redis/connection.py:357: in connect
    sock = self.retry.call_with_retry(
.venv/lib/python3.12/site-packages/redis/retry.py:62: in call_with_retry
    return do()
           ^^^^
.venv/lib/python3.12/site-packages/redis/connection.py:358: in <lambda>
    lambda: self._connect(), lambda error: self.disconnect(error)
            ^^^^^^^^^^^^^^^
.venv/lib/python3.12/site-packages/redis/connection.py:730: in _connect
    raise err
.venv/lib/python3.12/site-packages/redis/connection.py:718: in _connect
    sock.connect(socket_address)
E   ConnectionRefusedError: [Errno 111] Connection refused

During handling of the above exception, another exception occurred:
tests/api/test_alias.py:740: in test_cannot_create_alias_with_admin_disabled_mailbox_via_api
    user = login(flask_client)
           ^^^^^^^^^^^^^^^^^^^
tests/utils.py:57: in login
    r = flask_client.post(
.venv/lib/python3.12/site-packages/werkzeug/test.py:1016: in post
    return self.open(*args, **kw)
           ^^^^^^^^^^^^^^^^^^^^^^
tests/conftest.py:60: in open
    return super().open(*args, **kwargs)
           ^^^^^^^^^^^^^^^^^^^^^^^^^^^^^
.venv/lib/python3.12/site-packages/flask/testing.py:222: in open
    return Client.open(
.venv/lib/python3.12/site-packages/werkzeug/test.py:970: in open
    response = self.run_wsgi_app(environ.copy(), buffered=buffered)
               ^^^^^^^^^^^^^^^^^^^^^^^^^^^^^^^^^^^^^^^^^^^^^^^^^^^^
.venv/lib/python3.12/site-packages/werkzeug/test.py:861: in run_wsgi_app
    rv = run_wsgi_app(self.application, environ, buffered=buffered)
         ^^^^^^^^^^^^^^^^^^^^^^^^^^^^^^^^^^^^^^^^^^^^^^^^^^^^^^^^^^
.venv/lib/python3.12/site-packages/werkzeug/test.py:1096: in run_wsgi_app
    app_rv = app(environ, start_response)
             ^^^^^^^^^^^^^^^^^^^^^^^^^^^^
.venv/lib/python3.12/site-packages/flask/app.py:2464: in __call__
    return self.wsgi_app(environ, start_response)
           ^^^^^^^^^^^^^^^^^^^^^^^^^^^^^^^^^^^^^^
.venv/lib/python3.12/site-packages/werkzeug/middleware/proxy_fix.py:169: in __call__
    return self.app(environ, start_response)
           ^^^^^^^^^^^^^^^^^^^^^^^^^^^^^^^^^
.venv/lib/python3.12/site-packages/flask/app.py:2450: in wsgi_app
    response = self.handle_exception(e)
               ^^^^^^^^^^^^^^^^^^^^^^^^
.venv/lib/python3.12/site-packages/flask_cors/extension.py:165: in wrapped_function
    return cors_after_request(app.make_response(f(*args, **kwargs)))
                                                ^^^^^^^^^^^^^^^^^^
.venv/lib/python3.12/site-packages/flask/app.py:1867: in handle_exception
    reraise(exc_type, exc_value, tb)
.venv/lib/python3.12/site-packages/flask/_compat.py:39: in reraise
    raise value
.venv/lib/python3.12/site-packages/flask/app.py:2447: in wsgi_app
    response = self.full_dispatch_request()
               ^^^^^^^^^^^^^^^^^^^^^^^^^^^^
.venv/lib/python3.12/site-packages/flask/app.py:1953: in full_dispatch_request
    return self.finalize_request(rv)
           ^^^^^^^^^^^^^^^^^^^^^^^^^
.venv/lib/python3.12/site-packages/flask/app.py:1970: in finalize_request
    response = self.process_response(response)
               ^^^^^^^^^^^^^^^^^^^^^^^^^^^^^^^
.venv/lib/python3.12/site-packages/flask/app.py:2269: in process_response
    self.session_interface.save_session(self, ctx.session, response)
app/session.py:97: in save_session
    self._redis_w.setex(
.venv/lib/python3.12/site-packages/redis/commands/core.py:2360: in setex
    return self.execute_command("SETEX", name, time, value)
           ^^^^^^^^^^^^^^^^^^^^^^^^^^^^^^^^^^^^^^^^^^^^^^^^
.venv/lib/python3.12/site-packages/redis/client.py:559: in execute_command
    return self._execute_command(*args, **options)
           ^^^^^^^^^^^^^^^^^^^^^^^^^^^^^^^^^^^^^^^
.venv/lib/python3.12/site-packages/redis/client.py:565: in _execute_command
    conn = self.connection or pool.get_connection(command_name, **options)
                              ^^^^^^^^^^^^^^^^^^^^^^^^^^^^^^^^^^^^^^^^^^^^
.venv/lib/python3.12/site-packages/redis/connection.py:1422: in get_connection
    connection.connect()
.venv/lib/python3.12/site-packages/redis/connection.py:363: in connect
    raise ConnectionError(self._error_message(e))
E   redis.exceptions.ConnectionError: Error 111 connecting to localhost:6379. Connection refused.
----------------------------- Captured stdout call -----------------------------
2026-02-09 12:29:14,229 - SL - INFO - 5326 - "/home/runner/work/simplelogin-app/simplelogin-app/app/events/event_dispatcher.py:62" - send_event() -  - Not sending events because webhook is not configured and allowed to be empty
_________________________ test_different_scenarios_v4 __________________________
.venv/lib/python3.12/site-packages/redis/connection.py:357: in connect
    sock = self.retry.call_with_retry(
.venv/lib/python3.12/site-packages/redis/retry.py:62: in call_with_retry
    return do()
           ^^^^
.venv/lib/python3.12/site-packages/redis/connection.py:358: in <lambda>
    lambda: self._connect(), lambda error: self.disconnect(error)
            ^^^^^^^^^^^^^^^
.venv/lib/python3.12/site-packages/redis/connection.py:730: in _connect
    raise err
.venv/lib/python3.12/site-packages/redis/connection.py:718: in _connect
    sock.connect(socket_address)
E   ConnectionRefusedError: [Errno 111] Connection refused

During handling of the above exception, another exception occurred:
tests/api/test_alias_options.py:13: in test_different_scenarios_v4
    r = flask_client.get(
.venv/lib/python3.12/site-packages/werkzeug/test.py:1006: in get
    return self.open(*args, **kw)
           ^^^^^^^^^^^^^^^^^^^^^^
tests/conftest.py:60: in open
    return super().open(*args, **kwargs)
           ^^^^^^^^^^^^^^^^^^^^^^^^^^^^^
.venv/lib/python3.12/site-packages/flask/testing.py:222: in open
    return Client.open(
.venv/lib/python3.12/site-packages/werkzeug/test.py:970: in open
    response = self.run_wsgi_app(environ.copy(), buffered=buffered)
               ^^^^^^^^^^^^^^^^^^^^^^^^^^^^^^^^^^^^^^^^^^^^^^^^^^^^
.venv/lib/python3.12/site-packages/werkzeug/test.py:861: in run_wsgi_app
    rv = run_wsgi_app(self.application, environ, buffered=buffered)
         ^^^^^^^^^^^^^^^^^^^^^^^^^^^^^^^^^^^^^^^^^^^^^^^^^^^^^^^^^^
.venv/lib/python3.12/site-packages/werkzeug/test.py:1096: in run_wsgi_app
    app_rv = app(environ, start_response)
             ^^^^^^^^^^^^^^^^^^^^^^^^^^^^
.venv/lib/python3.12/site-packages/flask/app.py:2464: in __call__
    return self.wsgi_app(environ, start_response)
           ^^^^^^^^^^^^^^^^^^^^^^^^^^^^^^^^^^^^^^
.venv/lib/python3.12/site-packages/werkzeug/middleware/proxy_fix.py:169: in __call__
    return self.app(environ, start_response)
           ^^^^^^^^^^^^^^^^^^^^^^^^^^^^^^^^^
.venv/lib/python3.12/site-packages/flask/app.py:2450: in wsgi_app
    response = self.handle_exception(e)
               ^^^^^^^^^^^^^^^^^^^^^^^^
.venv/lib/python3.12/site-packages/flask_cors/extension.py:165: in wrapped_function
    return cors_after_request(app.make_response(f(*args, **kwargs)))
                                                ^^^^^^^^^^^^^^^^^^
.venv/lib/python3.12/site-packages/flask/app.py:1867: in handle_exception
    reraise(exc_type, exc_value, tb)
.venv/lib/python3.12/site-packages/flask/_compat.py:39: in reraise
    raise value
.venv/lib/python3.12/site-packages/flask/app.py:2447: in wsgi_app
    response = self.full_dispatch_request()
               ^^^^^^^^^^^^^^^^^^^^^^^^^^^^
.venv/lib/python3.12/site-packages/flask/app.py:1953: in full_dispatch_request
    return self.finalize_request(rv)
           ^^^^^^^^^^^^^^^^^^^^^^^^^
.venv/lib/python3.12/site-packages/flask/app.py:1970: in finalize_request
    response = self.process_response(response)
               ^^^^^^^^^^^^^^^^^^^^^^^^^^^^^^^
.venv/lib/python3.12/site-packages/flask/app.py:2269: in process_response
    self.session_interface.save_session(self, ctx.session, response)
app/session.py:97: in save_session
    self._redis_w.setex(
.venv/lib/python3.12/site-packages/redis/commands/core.py:2360: in setex
    return self.execute_command("SETEX", name, time, value)
           ^^^^^^^^^^^^^^^^^^^^^^^^^^^^^^^^^^^^^^^^^^^^^^^^
.venv/lib/python3.12/site-packages/redis/client.py:559: in execute_command
    return self._execute_command(*args, **options)
           ^^^^^^^^^^^^^^^^^^^^^^^^^^^^^^^^^^^^^^^
.venv/lib/python3.12/site-packages/redis/client.py:565: in _execute_command
    conn = self.connection or pool.get_connection(command_name, **options)
                              ^^^^^^^^^^^^^^^^^^^^^^^^^^^^^^^^^^^^^^^^^^^^
.venv/lib/python3.12/site-packages/redis/connection.py:1422: in get_connection
    connection.connect()
.venv/lib/python3.12/site-packages/redis/connection.py:363: in connect
    raise ConnectionError(self._error_message(e))
E   redis.exceptions.ConnectionError: Error 111 connecting to localhost:6379. Connection refused.
----------------------------- Captured stdout call -----------------------------
2026-02-09 12:29:15,041 - SL - INFO - 5326 - "/home/runner/work/simplelogin-app/simplelogin-app/app/events/event_dispatcher.py:62" - send_event() -  - Not sending events because webhook is not configured and allowed to be empty
________________________ test_different_scenarios_v4_2 _________________________
.venv/lib/python3.12/site-packages/redis/connection.py:357: in connect
    sock = self.retry.call_with_retry(
.venv/lib/python3.12/site-packages/redis/retry.py:62: in call_with_retry
    return do()
           ^^^^
.venv/lib/python3.12/site-packages/redis/connection.py:358: in <lambda>
    lambda: self._connect(), lambda error: self.disconnect(error)
            ^^^^^^^^^^^^^^^
.venv/lib/python3.12/site-packages/redis/connection.py:730: in _connect
    raise err
.venv/lib/python3.12/site-packages/redis/connection.py:718: in _connect
    sock.connect(socket_address)
E   ConnectionRefusedError: [Errno 111] Connection refused

During handling of the above exception, another exception occurred:
tests/api/test_alias_options.py:51: in test_different_scenarios_v4_2
    r = flask_client.get(
.venv/lib/python3.12/site-packages/werkzeug/test.py:1006: in get
    return self.open(*args, **kw)
           ^^^^^^^^^^^^^^^^^^^^^^
tests/conftest.py:60: in open
    return super().open(*args, **kwargs)
           ^^^^^^^^^^^^^^^^^^^^^^^^^^^^^
.venv/lib/python3.12/site-packages/flask/testing.py:222: in open
    return Client.open(
.venv/lib/python3.12/site-packages/werkzeug/test.py:970: in open
    response = self.run_wsgi_app(environ.copy(), buffered=buffered)
               ^^^^^^^^^^^^^^^^^^^^^^^^^^^^^^^^^^^^^^^^^^^^^^^^^^^^
.venv/lib/python3.12/site-packages/werkzeug/test.py:861: in run_wsgi_app
    rv = run_wsgi_app(self.application, environ, buffered=buffered)
         ^^^^^^^^^^^^^^^^^^^^^^^^^^^^^^^^^^^^^^^^^^^^^^^^^^^^^^^^^^
.venv/lib/python3.12/site-packages/werkzeug/test.py:1096: in run_wsgi_app
    app_rv = app(environ, start_response)
             ^^^^^^^^^^^^^^^^^^^^^^^^^^^^
.venv/lib/python3.12/site-packages/flask/app.py:2464: in __call__
    return self.wsgi_app(environ, start_response)
           ^^^^^^^^^^^^^^^^^^^^^^^^^^^^^^^^^^^^^^
.venv/lib/python3.12/site-packages/werkzeug/middleware/proxy_fix.py:169: in __call__
    return self.app(environ, start_response)
           ^^^^^^^^^^^^^^^^^^^^^^^^^^^^^^^^^
.venv/lib/python3.12/site-packages/flask/app.py:2450: in wsgi_app
    response = self.handle_exception(e)
               ^^^^^^^^^^^^^^^^^^^^^^^^
.venv/lib/python3.12/site-packages/flask_cors/extension.py:165: in wrapped_function
    return cors_after_request(app.make_response(f(*args, **kwargs)))
                                                ^^^^^^^^^^^^^^^^^^
.venv/lib/python3.12/site-packages/flask/app.py:1867: in handle_exception
    reraise(exc_type, exc_value, tb)
.venv/lib/python3.12/site-packages/flask/_compat.py:39: in reraise
    raise value
.venv/lib/python3.12/site-packages/flask/app.py:2447: in wsgi_app
    response = self.full_dispatch_request()
               ^^^^^^^^^^^^^^^^^^^^^^^^^^^^
.venv/lib/python3.12/site-packages/flask/app.py:1953: in full_dispatch_request
    return self.finalize_request(rv)
           ^^^^^^^^^^^^^^^^^^^^^^^^^
.venv/lib/python3.12/site-packages/flask/app.py:1970: in finalize_request
    response = self.process_response(response)
               ^^^^^^^^^^^^^^^^^^^^^^^^^^^^^^^
.venv/lib/python3.12/site-packages/flask/app.py:2269: in process_response
    self.session_interface.save_session(self, ctx.session, response)
app/session.py:97: in save_session
    self._redis_w.setex(
.venv/lib/python3.12/site-packages/redis/commands/core.py:2360: in setex
    return self.execute_command("SETEX", name, time, value)
           ^^^^^^^^^^^^^^^^^^^^^^^^^^^^^^^^^^^^^^^^^^^^^^^^
.venv/lib/python3.12/site-packages/redis/client.py:559: in execute_command
    return self._execute_command(*args, **options)
           ^^^^^^^^^^^^^^^^^^^^^^^^^^^^^^^^^^^^^^^
.venv/lib/python3.12/site-packages/redis/client.py:565: in _execute_command
    conn = self.connection or pool.get_connection(command_name, **options)
                              ^^^^^^^^^^^^^^^^^^^^^^^^^^^^^^^^^^^^^^^^^^^^
.venv/lib/python3.12/site-packages/redis/connection.py:1422: in get_connection
    connection.connect()
.venv/lib/python3.12/site-packages/redis/connection.py:363: in connect
    raise ConnectionError(self._error_message(e))
E   redis.exceptions.ConnectionError: Error 111 connecting to localhost:6379. Connection refused.
----------------------------- Captured stdout call -----------------------------
2026-02-09 12:29:15,516 - SL - INFO - 5326 - "/home/runner/work/simplelogin-app/simplelogin-app/app/events/event_dispatcher.py:62" - send_event() -  - Not sending events because webhook is not configured and allowed to be empty
_________________________ test_different_scenarios_v5 __________________________
.venv/lib/python3.12/site-packages/redis/connection.py:357: in connect
    sock = self.retry.call_with_retry(
.venv/lib/python3.12/site-packages/redis/retry.py:62: in call_with_retry
    return do()
           ^^^^
.venv/lib/python3.12/site-packages/redis/connection.py:358: in <lambda>
    lambda: self._connect(), lambda error: self.disconnect(error)
            ^^^^^^^^^^^^^^^
.venv/lib/python3.12/site-packages/redis/connection.py:730: in _connect
    raise err
.venv/lib/python3.12/site-packages/redis/connection.py:718: in _connect
    sock.connect(socket_address)
E   ConnectionRefusedError: [Errno 111] Connection refused

During handling of the above exception, another exception occurred:
tests/api/test_alias_options.py:89: in test_different_scenarios_v5
    user = login(flask_client)
           ^^^^^^^^^^^^^^^^^^^
tests/utils.py:57: in login
    r = flask_client.post(
.venv/lib/python3.12/site-packages/werkzeug/test.py:1016: in post
    return self.open(*args, **kw)
           ^^^^^^^^^^^^^^^^^^^^^^
tests/conftest.py:60: in open
    return super().open(*args, **kwargs)
           ^^^^^^^^^^^^^^^^^^^^^^^^^^^^^
.venv/lib/python3.12/site-packages/flask/testing.py:222: in open
    return Client.open(
.venv/lib/python3.12/site-packages/werkzeug/test.py:970: in open
    response = self.run_wsgi_app(environ.copy(), buffered=buffered)
               ^^^^^^^^^^^^^^^^^^^^^^^^^^^^^^^^^^^^^^^^^^^^^^^^^^^^
.venv/lib/python3.12/site-packages/werkzeug/test.py:861: in run_wsgi_app
    rv = run_wsgi_app(self.application, environ, buffered=buffered)
         ^^^^^^^^^^^^^^^^^^^^^^^^^^^^^^^^^^^^^^^^^^^^^^^^^^^^^^^^^^
.venv/lib/python3.12/site-packages/werkzeug/test.py:1096: in run_wsgi_app
    app_rv = app(environ, start_response)
             ^^^^^^^^^^^^^^^^^^^^^^^^^^^^
.venv/lib/python3.12/site-packages/flask/app.py:2464: in __call__
    return self.wsgi_app(environ, start_response)
           ^^^^^^^^^^^^^^^^^^^^^^^^^^^^^^^^^^^^^^
.venv/lib/python3.12/site-packages/werkzeug/middleware/proxy_fix.py:169: in __call__
    return self.app(environ, start_response)
           ^^^^^^^^^^^^^^^^^^^^^^^^^^^^^^^^^
.venv/lib/python3.12/site-packages/flask/app.py:2450: in wsgi_app
    response = self.handle_exception(e)
               ^^^^^^^^^^^^^^^^^^^^^^^^
.venv/lib/python3.12/site-packages/flask_cors/extension.py:165: in wrapped_function
    return cors_after_request(app.make_response(f(*args, **kwargs)))
                                                ^^^^^^^^^^^^^^^^^^
.venv/lib/python3.12/site-packages/flask/app.py:1867: in handle_exception
    reraise(exc_type, exc_value, tb)
.venv/lib/python3.12/site-packages/flask/_compat.py:39: in reraise
    raise value
.venv/lib/python3.12/site-packages/flask/app.py:2447: in wsgi_app
    response = self.full_dispatch_request()
               ^^^^^^^^^^^^^^^^^^^^^^^^^^^^
.venv/lib/python3.12/site-packages/flask/app.py:1953: in full_dispatch_request
    return self.finalize_request(rv)
           ^^^^^^^^^^^^^^^^^^^^^^^^^
.venv/lib/python3.12/site-packages/flask/app.py:1970: in finalize_request
    response = self.process_response(response)
               ^^^^^^^^^^^^^^^^^^^^^^^^^^^^^^^
.venv/lib/python3.12/site-packages/flask/app.py:2269: in process_response
    self.session_interface.save_session(self, ctx.session, response)
app/session.py:97: in save_session
    self._redis_w.setex(
.venv/lib/python3.12/site-packages/redis/commands/core.py:2360: in setex
    return self.execute_command("SETEX", name, time, value)
           ^^^^^^^^^^^^^^^^^^^^^^^^^^^^^^^^^^^^^^^^^^^^^^^^
.venv/lib/python3.12/site-packages/redis/client.py:559: in execute_command
    return self._execute_command(*args, **options)
           ^^^^^^^^^^^^^^^^^^^^^^^^^^^^^^^^^^^^^^^
.venv/lib/python3.12/site-packages/redis/client.py:565: in _execute_command
    conn = self.connection or pool.get_connection(command_name, **options)
                              ^^^^^^^^^^^^^^^^^^^^^^^^^^^^^^^^^^^^^^^^^^^^
.venv/lib/python3.12/site-packages/redis/connection.py:1422: in get_connection
    connection.connect()
.venv/lib/python3.12/site-packages/redis/connection.py:363: in connect
    raise ConnectionError(self._error_message(e))
E   redis.exceptions.ConnectionError: Error 111 connecting to localhost:6379. Connection refused.
----------------------------- Captured stdout call -----------------------------
2026-02-09 12:29:15,987 - SL - INFO - 5326 - "/home/runner/work/simplelogin-app/simplelogin-app/app/events/event_dispatcher.py:62" - send_event() -  - Not sending events because webhook is not configured and allowed to be empty
________________________ test_apple_update_notification ________________________
.venv/lib/python3.12/site-packages/redis/connection.py:357: in connect
    sock = self.retry.call_with_retry(
.venv/lib/python3.12/site-packages/redis/retry.py:62: in call_with_retry
    return do()
           ^^^^
.venv/lib/python3.12/site-packages/redis/connection.py:358: in <lambda>
    lambda: self._connect(), lambda error: self.disconnect(error)
            ^^^^^^^^^^^^^^^
.venv/lib/python3.12/site-packages/redis/connection.py:730: in _connect
    raise err
.venv/lib/python3.12/site-packages/redis/connection.py:718: in _connect
    sock.connect(socket_address)
E   ConnectionRefusedError: [Errno 111] Connection refused

During handling of the above exception, another exception occurred:
tests/api/test_apple.py:196: in test_apple_update_notification
    r = flask_client.post(
.venv/lib/python3.12/site-packages/werkzeug/test.py:1016: in post
    return self.open(*args, **kw)
           ^^^^^^^^^^^^^^^^^^^^^^
tests/conftest.py:60: in open
    return super().open(*args, **kwargs)
           ^^^^^^^^^^^^^^^^^^^^^^^^^^^^^
.venv/lib/python3.12/site-packages/flask/testing.py:222: in open
    return Client.open(
.venv/lib/python3.12/site-packages/werkzeug/test.py:970: in open
    response = self.run_wsgi_app(environ.copy(), buffered=buffered)
               ^^^^^^^^^^^^^^^^^^^^^^^^^^^^^^^^^^^^^^^^^^^^^^^^^^^^
.venv/lib/python3.12/site-packages/werkzeug/test.py:861: in run_wsgi_app
    rv = run_wsgi_app(self.application, environ, buffered=buffered)
         ^^^^^^^^^^^^^^^^^^^^^^^^^^^^^^^^^^^^^^^^^^^^^^^^^^^^^^^^^^
.venv/lib/python3.12/site-packages/werkzeug/test.py:1096: in run_wsgi_app
    app_rv = app(environ, start_response)
             ^^^^^^^^^^^^^^^^^^^^^^^^^^^^
.venv/lib/python3.12/site-packages/flask/app.py:2464: in __call__
    return self.wsgi_app(environ, start_response)
           ^^^^^^^^^^^^^^^^^^^^^^^^^^^^^^^^^^^^^^
.venv/lib/python3.12/site-packages/werkzeug/middleware/proxy_fix.py:169: in __call__
    return self.app(environ, start_response)
           ^^^^^^^^^^^^^^^^^^^^^^^^^^^^^^^^^
.venv/lib/python3.12/site-packages/flask/app.py:2450: in wsgi_app
    response = self.handle_exception(e)
               ^^^^^^^^^^^^^^^^^^^^^^^^
.venv/lib/python3.12/site-packages/flask_cors/extension.py:165: in wrapped_function
    return cors_after_request(app.make_response(f(*args, **kwargs)))
                                                ^^^^^^^^^^^^^^^^^^
.venv/lib/python3.12/site-packages/flask/app.py:1867: in handle_exception
    reraise(exc_type, exc_value, tb)
.venv/lib/python3.12/site-packages/flask/_compat.py:39: in reraise
    raise value
.venv/lib/python3.12/site-packages/flask/app.py:2447: in wsgi_app
    response = self.full_dispatch_request()
               ^^^^^^^^^^^^^^^^^^^^^^^^^^^^
.venv/lib/python3.12/site-packages/flask/app.py:1953: in full_dispatch_request
    return self.finalize_request(rv)
           ^^^^^^^^^^^^^^^^^^^^^^^^^
.venv/lib/python3.12/site-packages/flask/app.py:1970: in finalize_request
    response = self.process_response(response)
               ^^^^^^^^^^^^^^^^^^^^^^^^^^^^^^^
.venv/lib/python3.12/site-packages/flask/app.py:2269: in process_response
    self.session_interface.save_session(self, ctx.session, response)
app/session.py:97: in save_session
    self._redis_w.setex(
.venv/lib/python3.12/site-packages/redis/commands/core.py:2360: in setex
    return self.execute_command("SETEX", name, time, value)
           ^^^^^^^^^^^^^^^^^^^^^^^^^^^^^^^^^^^^^^^^^^^^^^^^
.venv/lib/python3.12/site-packages/redis/client.py:559: in execute_command
    return self._execute_command(*args, **options)
           ^^^^^^^^^^^^^^^^^^^^^^^^^^^^^^^^^^^^^^^
.venv/lib/python3.12/site-packages/redis/client.py:565: in _execute_command
    conn = self.connection or pool.get_connection(command_name, **options)
                              ^^^^^^^^^^^^^^^^^^^^^^^^^^^^^^^^^^^^^^^^^^^^
.venv/lib/python3.12/site-packages/redis/connection.py:1422: in get_connection
    connection.connect()
.venv/lib/python3.12/site-packages/redis/connection.py:363: in connect
    raise ConnectionError(self._error_message(e))
E   redis.exceptions.ConnectionError: Error 111 connecting to localhost:6379. Connection refused.
----------------------------- Captured stdout call -----------------------------
2026-02-09 12:29:16,671 - SL - INFO - 5326 - "/home/runner/work/simplelogin-app/simplelogin-app/app/events/event_dispatcher.py:62" - send_event() -  - Not sending events because webhook is not configured and allowed to be empty
2026-02-09 12:29:16,678 - SL - WARNING - 5326 - iqycZScR - "/home/runner/work/simplelogin-app/simplelogin-app/app/api/views/apple.py:299" - apple_update_notification() -  - No existing AppleSub for original_transaction_id 1000000654277043
_________________________ test_auth_login_success[MFA] _________________________
.venv/lib/python3.12/site-packages/redis/connection.py:357: in connect
    sock = self.retry.call_with_retry(
.venv/lib/python3.12/site-packages/redis/retry.py:62: in call_with_retry
    return do()
           ^^^^
.venv/lib/python3.12/site-packages/redis/connection.py:358: in <lambda>
    lambda: self._connect(), lambda error: self.disconnect(error)
            ^^^^^^^^^^^^^^^
.venv/lib/python3.12/site-packages/redis/connection.py:730: in _connect
    raise err
.venv/lib/python3.12/site-packages/redis/connection.py:718: in _connect
    sock.connect(socket_address)
E   ConnectionRefusedError: [Errno 111] Connection refused

During handling of the above exception, another exception occurred:
tests/api/test_auth.py:35: in test_auth_login_success
    r = flask_client.post(
.venv/lib/python3.12/site-packages/werkzeug/test.py:1016: in post
    return self.open(*args, **kw)
           ^^^^^^^^^^^^^^^^^^^^^^
tests/conftest.py:60: in open
    return super().open(*args, **kwargs)
           ^^^^^^^^^^^^^^^^^^^^^^^^^^^^^
.venv/lib/python3.12/site-packages/flask/testing.py:222: in open
    return Client.open(
.venv/lib/python3.12/site-packages/werkzeug/test.py:970: in open
    response = self.run_wsgi_app(environ.copy(), buffered=buffered)
               ^^^^^^^^^^^^^^^^^^^^^^^^^^^^^^^^^^^^^^^^^^^^^^^^^^^^
.venv/lib/python3.12/site-packages/werkzeug/test.py:861: in run_wsgi_app
    rv = run_wsgi_app(self.application, environ, buffered=buffered)
         ^^^^^^^^^^^^^^^^^^^^^^^^^^^^^^^^^^^^^^^^^^^^^^^^^^^^^^^^^^
.venv/lib/python3.12/site-packages/werkzeug/test.py:1096: in run_wsgi_app
    app_rv = app(environ, start_response)
             ^^^^^^^^^^^^^^^^^^^^^^^^^^^^
.venv/lib/python3.12/site-packages/flask/app.py:2464: in __call__
    return self.wsgi_app(environ, start_response)
           ^^^^^^^^^^^^^^^^^^^^^^^^^^^^^^^^^^^^^^
.venv/lib/python3.12/site-packages/werkzeug/middleware/proxy_fix.py:169: in __call__
    return self.app(environ, start_response)
           ^^^^^^^^^^^^^^^^^^^^^^^^^^^^^^^^^
.venv/lib/python3.12/site-packages/flask/app.py:2450: in wsgi_app
    response = self.handle_exception(e)
               ^^^^^^^^^^^^^^^^^^^^^^^^
.venv/lib/python3.12/site-packages/flask_cors/extension.py:165: in wrapped_function
    return cors_after_request(app.make_response(f(*args, **kwargs)))
                                                ^^^^^^^^^^^^^^^^^^
.venv/lib/python3.12/site-packages/flask/app.py:1867: in handle_exception
    reraise(exc_type, exc_value, tb)
.venv/lib/python3.12/site-packages/flask/_compat.py:39: in reraise
    raise value
.venv/lib/python3.12/site-packages/flask/app.py:2447: in wsgi_app
    response = self.full_dispatch_request()
               ^^^^^^^^^^^^^^^^^^^^^^^^^^^^
.venv/lib/python3.12/site-packages/flask/app.py:1953: in full_dispatch_request
    return self.finalize_request(rv)
           ^^^^^^^^^^^^^^^^^^^^^^^^^
.venv/lib/python3.12/site-packages/flask/app.py:1970: in finalize_request
    response = self.process_response(response)
               ^^^^^^^^^^^^^^^^^^^^^^^^^^^^^^^
.venv/lib/python3.12/site-packages/flask/app.py:2269: in process_response
    self.session_interface.save_session(self, ctx.session, response)
app/session.py:97: in save_session
    self._redis_w.setex(
.venv/lib/python3.12/site-packages/redis/commands/core.py:2360: in setex
    return self.execute_command("SETEX", name, time, value)
           ^^^^^^^^^^^^^^^^^^^^^^^^^^^^^^^^^^^^^^^^^^^^^^^^
.venv/lib/python3.12/site-packages/redis/client.py:559: in execute_command
    return self._execute_command(*args, **options)
           ^^^^^^^^^^^^^^^^^^^^^^^^^^^^^^^^^^^^^^^
.venv/lib/python3.12/site-packages/redis/client.py:565: in _execute_command
    conn = self.connection or pool.get_connection(command_name, **options)
                              ^^^^^^^^^^^^^^^^^^^^^^^^^^^^^^^^^^^^^^^^^^^^
.venv/lib/python3.12/site-packages/redis/connection.py:1422: in get_connection
    connection.connect()
.venv/lib/python3.12/site-packages/redis/connection.py:363: in connect
    raise ConnectionError(self._error_message(e))
E   redis.exceptions.ConnectionError: Error 111 connecting to localhost:6379. Connection refused.
----------------------------- Captured stdout call -----------------------------
2026-02-09 12:29:17,129 - SL - INFO - 5326 - "/home/runner/work/simplelogin-app/simplelogin-app/app/events/event_dispatcher.py:62" - send_event() -  - Not sending events because webhook is not configured and allowed to be empty
_______________________ test_auth_login_success[no MFA] ________________________
.venv/lib/python3.12/site-packages/redis/connection.py:357: in connect
    sock = self.retry.call_with_retry(
.venv/lib/python3.12/site-packages/redis/retry.py:62: in call_with_retry
    return do()
           ^^^^
.venv/lib/python3.12/site-packages/redis/connection.py:358: in <lambda>
    lambda: self._connect(), lambda error: self.disconnect(error)
            ^^^^^^^^^^^^^^^
.venv/lib/python3.12/site-packages/redis/connection.py:730: in _connect
    raise err
.venv/lib/python3.12/site-packages/redis/connection.py:718: in _connect
    sock.connect(socket_address)
E   ConnectionRefusedError: [Errno 111] Connection refused

During handling of the above exception, another exception occurred:
tests/api/test_auth.py:35: in test_auth_login_success
    r = flask_client.post(
.venv/lib/python3.12/site-packages/werkzeug/test.py:1016: in post
    return self.open(*args, **kw)
           ^^^^^^^^^^^^^^^^^^^^^^
tests/conftest.py:60: in open
    return super().open(*args, **kwargs)
           ^^^^^^^^^^^^^^^^^^^^^^^^^^^^^
.venv/lib/python3.12/site-packages/flask/testing.py:222: in open
    return Client.open(
.venv/lib/python3.12/site-packages/werkzeug/test.py:970: in open
    response = self.run_wsgi_app(environ.copy(), buffered=buffered)
               ^^^^^^^^^^^^^^^^^^^^^^^^^^^^^^^^^^^^^^^^^^^^^^^^^^^^
.venv/lib/python3.12/site-packages/werkzeug/test.py:861: in run_wsgi_app
    rv = run_wsgi_app(self.application, environ, buffered=buffered)
         ^^^^^^^^^^^^^^^^^^^^^^^^^^^^^^^^^^^^^^^^^^^^^^^^^^^^^^^^^^
.venv/lib/python3.12/site-packages/werkzeug/test.py:1096: in run_wsgi_app
    app_rv = app(environ, start_response)
             ^^^^^^^^^^^^^^^^^^^^^^^^^^^^
.venv/lib/python3.12/site-packages/flask/app.py:2464: in __call__
    return self.wsgi_app(environ, start_response)
           ^^^^^^^^^^^^^^^^^^^^^^^^^^^^^^^^^^^^^^
.venv/lib/python3.12/site-packages/werkzeug/middleware/proxy_fix.py:169: in __call__
    return self.app(environ, start_response)
           ^^^^^^^^^^^^^^^^^^^^^^^^^^^^^^^^^
.venv/lib/python3.12/site-packages/flask/app.py:2450: in wsgi_app
    response = self.handle_exception(e)
               ^^^^^^^^^^^^^^^^^^^^^^^^
.venv/lib/python3.12/site-packages/flask_cors/extension.py:165: in wrapped_function
    return cors_after_request(app.make_response(f(*args, **kwargs)))
                                                ^^^^^^^^^^^^^^^^^^
.venv/lib/python3.12/site-packages/flask/app.py:1867: in handle_exception
    reraise(exc_type, exc_value, tb)
.venv/lib/python3.12/site-packages/flask/_compat.py:39: in reraise
    raise value
.venv/lib/python3.12/site-packages/flask/app.py:2447: in wsgi_app
    response = self.full_dispatch_request()
               ^^^^^^^^^^^^^^^^^^^^^^^^^^^^
.venv/lib/python3.12/site-packages/flask/app.py:1953: in full_dispatch_request
    return self.finalize_request(rv)
           ^^^^^^^^^^^^^^^^^^^^^^^^^
.venv/lib/python3.12/site-packages/flask/app.py:1970: in finalize_request
    response = self.process_response(response)
               ^^^^^^^^^^^^^^^^^^^^^^^^^^^^^^^
.venv/lib/python3.12/site-packages/flask/app.py:2269: in process_response
    self.session_interface.save_session(self, ctx.session, response)
app/session.py:97: in save_session
    self._redis_w.setex(
.venv/lib/python3.12/site-packages/redis/commands/core.py:2360: in setex
    return self.execute_command("SETEX", name, time, value)
           ^^^^^^^^^^^^^^^^^^^^^^^^^^^^^^^^^^^^^^^^^^^^^^^^
.venv/lib/python3.12/site-packages/redis/client.py:559: in execute_command
    return self._execute_command(*args, **options)
           ^^^^^^^^^^^^^^^^^^^^^^^^^^^^^^^^^^^^^^^
.venv/lib/python3.12/site-packages/redis/client.py:565: in _execute_command
    conn = self.connection or pool.get_connection(command_name, **options)
                              ^^^^^^^^^^^^^^^^^^^^^^^^^^^^^^^^^^^^^^^^^^^^
.venv/lib/python3.12/site-packages/redis/connection.py:1422: in get_connection
    connection.connect()
.venv/lib/python3.12/site-packages/redis/connection.py:363: in connect
    raise ConnectionError(self._error_message(e))
E   redis.exceptions.ConnectionError: Error 111 connecting to localhost:6379. Connection refused.
----------------------------- Captured stdout call -----------------------------
2026-02-09 12:29:17,812 - SL - INFO - 5326 - "/home/runner/work/simplelogin-app/simplelogin-app/app/events/event_dispatcher.py:62" - send_event() -  - Not sending events because webhook is not configured and allowed to be empty
_________________________ test_auth_login_device_exist _________________________
.venv/lib/python3.12/site-packages/redis/connection.py:357: in connect
    sock = self.retry.call_with_retry(
.venv/lib/python3.12/site-packages/redis/retry.py:62: in call_with_retry
    return do()
           ^^^^
.venv/lib/python3.12/site-packages/redis/connection.py:358: in <lambda>
    lambda: self._connect(), lambda error: self.disconnect(error)
            ^^^^^^^^^^^^^^^
.venv/lib/python3.12/site-packages/redis/connection.py:730: in _connect
    raise err
.venv/lib/python3.12/site-packages/redis/connection.py:718: in _connect
    sock.connect(socket_address)
E   ConnectionRefusedError: [Errno 111] Connection refused

During handling of the above exception, another exception occurred:
tests/api/test_auth.py:63: in test_auth_login_device_exist
    r = flask_client.post(
.venv/lib/python3.12/site-packages/werkzeug/test.py:1016: in post
    return self.open(*args, **kw)
           ^^^^^^^^^^^^^^^^^^^^^^
tests/conftest.py:60: in open
    return super().open(*args, **kwargs)
           ^^^^^^^^^^^^^^^^^^^^^^^^^^^^^
.venv/lib/python3.12/site-packages/flask/testing.py:222: in open
    return Client.open(
.venv/lib/python3.12/site-packages/werkzeug/test.py:970: in open
    response = self.run_wsgi_app(environ.copy(), buffered=buffered)
               ^^^^^^^^^^^^^^^^^^^^^^^^^^^^^^^^^^^^^^^^^^^^^^^^^^^^
.venv/lib/python3.12/site-packages/werkzeug/test.py:861: in run_wsgi_app
    rv = run_wsgi_app(self.application, environ, buffered=buffered)
         ^^^^^^^^^^^^^^^^^^^^^^^^^^^^^^^^^^^^^^^^^^^^^^^^^^^^^^^^^^
.venv/lib/python3.12/site-packages/werkzeug/test.py:1096: in run_wsgi_app
    app_rv = app(environ, start_response)
             ^^^^^^^^^^^^^^^^^^^^^^^^^^^^
.venv/lib/python3.12/site-packages/flask/app.py:2464: in __call__
    return self.wsgi_app(environ, start_response)
           ^^^^^^^^^^^^^^^^^^^^^^^^^^^^^^^^^^^^^^
.venv/lib/python3.12/site-packages/werkzeug/middleware/proxy_fix.py:169: in __call__
    return self.app(environ, start_response)
           ^^^^^^^^^^^^^^^^^^^^^^^^^^^^^^^^^
.venv/lib/python3.12/site-packages/flask/app.py:2450: in wsgi_app
    response = self.handle_exception(e)
               ^^^^^^^^^^^^^^^^^^^^^^^^
.venv/lib/python3.12/site-packages/flask_cors/extension.py:165: in wrapped_function
    return cors_after_request(app.make_response(f(*args, **kwargs)))
                                                ^^^^^^^^^^^^^^^^^^
.venv/lib/python3.12/site-packages/flask/app.py:1867: in handle_exception
    reraise(exc_type, exc_value, tb)
.venv/lib/python3.12/site-packages/flask/_compat.py:39: in reraise
    raise value
.venv/lib/python3.12/site-packages/flask/app.py:2447: in wsgi_app
    response = self.full_dispatch_request()
               ^^^^^^^^^^^^^^^^^^^^^^^^^^^^
.venv/lib/python3.12/site-packages/flask/app.py:1953: in full_dispatch_request
    return self.finalize_request(rv)
           ^^^^^^^^^^^^^^^^^^^^^^^^^
.venv/lib/python3.12/site-packages/flask/app.py:1970: in finalize_request
    response = self.process_response(response)
               ^^^^^^^^^^^^^^^^^^^^^^^^^^^^^^^
.venv/lib/python3.12/site-packages/flask/app.py:2269: in process_response
    self.session_interface.save_session(self, ctx.session, response)
app/session.py:97: in save_session
    self._redis_w.setex(
.venv/lib/python3.12/site-packages/redis/commands/core.py:2360: in setex
    return self.execute_command("SETEX", name, time, value)
           ^^^^^^^^^^^^^^^^^^^^^^^^^^^^^^^^^^^^^^^^^^^^^^^^
.venv/lib/python3.12/site-packages/redis/client.py:559: in execute_command
    return self._execute_command(*args, **options)
           ^^^^^^^^^^^^^^^^^^^^^^^^^^^^^^^^^^^^^^^
.venv/lib/python3.12/site-packages/redis/client.py:565: in _execute_command
    conn = self.connection or pool.get_connection(command_name, **options)
                              ^^^^^^^^^^^^^^^^^^^^^^^^^^^^^^^^^^^^^^^^^^^^
.venv/lib/python3.12/site-packages/redis/connection.py:1422: in get_connection
    connection.connect()
.venv/lib/python3.12/site-packages/redis/connection.py:363: in connect
    raise ConnectionError(self._error_message(e))
E   redis.exceptions.ConnectionError: Error 111 connecting to localhost:6379. Connection refused.
----------------------------- Captured stdout call -----------------------------
2026-02-09 12:29:18,501 - SL - INFO - 5326 - "/home/runner/work/simplelogin-app/simplelogin-app/app/events/event_dispatcher.py:62" - send_event() -  - Not sending events because webhook is not configured and allowed to be empty
__________________________ test_auth_register_success __________________________
.venv/lib/python3.12/site-packages/redis/connection.py:357: in connect
    sock = self.retry.call_with_retry(
.venv/lib/python3.12/site-packages/redis/retry.py:62: in call_with_retry
    return do()
           ^^^^
.venv/lib/python3.12/site-packages/redis/connection.py:358: in <lambda>
    lambda: self._connect(), lambda error: self.disconnect(error)
            ^^^^^^^^^^^^^^^
.venv/lib/python3.12/site-packages/redis/connection.py:730: in _connect
    raise err
.venv/lib/python3.12/site-packages/redis/connection.py:718: in _connect
    sock.connect(socket_address)
E   ConnectionRefusedError: [Errno 111] Connection refused

During handling of the above exception, another exception occurred:
tests/api/test_auth.py:94: in test_auth_register_success
    r = flask_client.post(
.venv/lib/python3.12/site-packages/werkzeug/test.py:1016: in post
    return self.open(*args, **kw)
           ^^^^^^^^^^^^^^^^^^^^^^
tests/conftest.py:60: in open
    return super().open(*args, **kwargs)
           ^^^^^^^^^^^^^^^^^^^^^^^^^^^^^
.venv/lib/python3.12/site-packages/flask/testing.py:222: in open
    return Client.open(
.venv/lib/python3.12/site-packages/werkzeug/test.py:970: in open
    response = self.run_wsgi_app(environ.copy(), buffered=buffered)
               ^^^^^^^^^^^^^^^^^^^^^^^^^^^^^^^^^^^^^^^^^^^^^^^^^^^^
.venv/lib/python3.12/site-packages/werkzeug/test.py:861: in run_wsgi_app
    rv = run_wsgi_app(self.application, environ, buffered=buffered)
         ^^^^^^^^^^^^^^^^^^^^^^^^^^^^^^^^^^^^^^^^^^^^^^^^^^^^^^^^^^
.venv/lib/python3.12/site-packages/werkzeug/test.py:1096: in run_wsgi_app
    app_rv = app(environ, start_response)
             ^^^^^^^^^^^^^^^^^^^^^^^^^^^^
.venv/lib/python3.12/site-packages/flask/app.py:2464: in __call__
    return self.wsgi_app(environ, start_response)
           ^^^^^^^^^^^^^^^^^^^^^^^^^^^^^^^^^^^^^^
.venv/lib/python3.12/site-packages/werkzeug/middleware/proxy_fix.py:169: in __call__
    return self.app(environ, start_response)
           ^^^^^^^^^^^^^^^^^^^^^^^^^^^^^^^^^
.venv/lib/python3.12/site-packages/flask/app.py:2450: in wsgi_app
    response = self.handle_exception(e)
               ^^^^^^^^^^^^^^^^^^^^^^^^
.venv/lib/python3.12/site-packages/flask_cors/extension.py:165: in wrapped_function
    return cors_after_request(app.make_response(f(*args, **kwargs)))
                                                ^^^^^^^^^^^^^^^^^^
.venv/lib/python3.12/site-packages/flask/app.py:1867: in handle_exception
    reraise(exc_type, exc_value, tb)
.venv/lib/python3.12/site-packages/flask/_compat.py:39: in reraise
    raise value
.venv/lib/python3.12/site-packages/flask/app.py:2447: in wsgi_app
    response = self.full_dispatch_request()
               ^^^^^^^^^^^^^^^^^^^^^^^^^^^^
.venv/lib/python3.12/site-packages/flask/app.py:1953: in full_dispatch_request
    return self.finalize_request(rv)
           ^^^^^^^^^^^^^^^^^^^^^^^^^
.venv/lib/python3.12/site-packages/flask/app.py:1970: in finalize_request
    response = self.process_response(response)
               ^^^^^^^^^^^^^^^^^^^^^^^^^^^^^^^
.venv/lib/python3.12/site-packages/flask/app.py:2269: in process_response
    self.session_interface.save_session(self, ctx.session, response)
app/session.py:97: in save_session
    self._redis_w.setex(
.venv/lib/python3.12/site-packages/redis/commands/core.py:2360: in setex
    return self.execute_command("SETEX", name, time, value)
           ^^^^^^^^^^^^^^^^^^^^^^^^^^^^^^^^^^^^^^^^^^^^^^^^
.venv/lib/python3.12/site-packages/redis/client.py:559: in execute_command
    return self._execute_command(*args, **options)
           ^^^^^^^^^^^^^^^^^^^^^^^^^^^^^^^^^^^^^^^
.venv/lib/python3.12/site-packages/redis/client.py:565: in _execute_command
    conn = self.connection or pool.get_connection(command_name, **options)
                              ^^^^^^^^^^^^^^^^^^^^^^^^^^^^^^^^^^^^^^^^^^^^
.venv/lib/python3.12/site-packages/redis/connection.py:1422: in get_connection
    connection.connect()
.venv/lib/python3.12/site-packages/redis/connection.py:363: in connect
    raise ConnectionError(self._error_message(e))
E   redis.exceptions.ConnectionError: Error 111 connecting to localhost:6379. Connection refused.
----------------------------- Captured stdout call -----------------------------
2026-02-09 12:29:19,241 - SL - INFO - 5326 - BuVwm3hK - "/home/runner/work/simplelogin-app/simplelogin-app/app/events/event_dispatcher.py:62" - send_event() -  - Not sending events because webhook is not configured and allowed to be empty
____________________ test_auth_register_too_short_password _____________________
.venv/lib/python3.12/site-packages/redis/connection.py:357: in connect
    sock = self.retry.call_with_retry(
.venv/lib/python3.12/site-packages/redis/retry.py:62: in call_with_retry
    return do()
           ^^^^
.venv/lib/python3.12/site-packages/redis/connection.py:358: in <lambda>
    lambda: self._connect(), lambda error: self.disconnect(error)
            ^^^^^^^^^^^^^^^
.venv/lib/python3.12/site-packages/redis/connection.py:730: in _connect
    raise err
.venv/lib/python3.12/site-packages/redis/connection.py:718: in _connect
    sock.connect(socket_address)
E   ConnectionRefusedError: [Errno 111] Connection refused

During handling of the above exception, another exception occurred:
tests/api/test_auth.py:111: in test_auth_register_too_short_password
    r = flask_client.post(
.venv/lib/python3.12/site-packages/werkzeug/test.py:1016: in post
    return self.open(*args, **kw)
           ^^^^^^^^^^^^^^^^^^^^^^
tests/conftest.py:60: in open
    return super().open(*args, **kwargs)
           ^^^^^^^^^^^^^^^^^^^^^^^^^^^^^
.venv/lib/python3.12/site-packages/flask/testing.py:222: in open
    return Client.open(
.venv/lib/python3.12/site-packages/werkzeug/test.py:970: in open
    response = self.run_wsgi_app(environ.copy(), buffered=buffered)
               ^^^^^^^^^^^^^^^^^^^^^^^^^^^^^^^^^^^^^^^^^^^^^^^^^^^^
.venv/lib/python3.12/site-packages/werkzeug/test.py:861: in run_wsgi_app
    rv = run_wsgi_app(self.application, environ, buffered=buffered)
         ^^^^^^^^^^^^^^^^^^^^^^^^^^^^^^^^^^^^^^^^^^^^^^^^^^^^^^^^^^
.venv/lib/python3.12/site-packages/werkzeug/test.py:1096: in run_wsgi_app
    app_rv = app(environ, start_response)
             ^^^^^^^^^^^^^^^^^^^^^^^^^^^^
.venv/lib/python3.12/site-packages/flask/app.py:2464: in __call__
    return self.wsgi_app(environ, start_response)
           ^^^^^^^^^^^^^^^^^^^^^^^^^^^^^^^^^^^^^^
.venv/lib/python3.12/site-packages/werkzeug/middleware/proxy_fix.py:169: in __call__
    return self.app(environ, start_response)
           ^^^^^^^^^^^^^^^^^^^^^^^^^^^^^^^^^
.venv/lib/python3.12/site-packages/flask/app.py:2450: in wsgi_app
    response = self.handle_exception(e)
               ^^^^^^^^^^^^^^^^^^^^^^^^
.venv/lib/python3.12/site-packages/flask_cors/extension.py:165: in wrapped_function
    return cors_after_request(app.make_response(f(*args, **kwargs)))
                                                ^^^^^^^^^^^^^^^^^^
.venv/lib/python3.12/site-packages/flask/app.py:1867: in handle_exception
    reraise(exc_type, exc_value, tb)
.venv/lib/python3.12/site-packages/flask/_compat.py:39: in reraise
    raise value
.venv/lib/python3.12/site-packages/flask/app.py:2447: in wsgi_app
    response = self.full_dispatch_request()
               ^^^^^^^^^^^^^^^^^^^^^^^^^^^^
.venv/lib/python3.12/site-packages/flask/app.py:1953: in full_dispatch_request
    return self.finalize_request(rv)
           ^^^^^^^^^^^^^^^^^^^^^^^^^
.venv/lib/python3.12/site-packages/flask/app.py:1970: in finalize_request
    response = self.process_response(response)
               ^^^^^^^^^^^^^^^^^^^^^^^^^^^^^^^
.venv/lib/python3.12/site-packages/flask/app.py:2269: in process_response
    self.session_interface.save_session(self, ctx.session, response)
app/session.py:97: in save_session
    self._redis_w.setex(
.venv/lib/python3.12/site-packages/redis/commands/core.py:2360: in setex
    return self.execute_command("SETEX", name, time, value)
           ^^^^^^^^^^^^^^^^^^^^^^^^^^^^^^^^^^^^^^^^^^^^^^^^
.venv/lib/python3.12/site-packages/redis/client.py:559: in execute_command
    return self._execute_command(*args, **options)
           ^^^^^^^^^^^^^^^^^^^^^^^^^^^^^^^^^^^^^^^
.venv/lib/python3.12/site-packages/redis/client.py:565: in _execute_command
    conn = self.connection or pool.get_connection(command_name, **options)
                              ^^^^^^^^^^^^^^^^^^^^^^^^^^^^^^^^^^^^^^^^^^^^
.venv/lib/python3.12/site-packages/redis/connection.py:1422: in get_connection
    connection.connect()
.venv/lib/python3.12/site-packages/redis/connection.py:363: in connect
    raise ConnectionError(self._error_message(e))
E   redis.exceptions.ConnectionError: Error 111 connecting to localhost:6379. Connection refused.
_____________________ test_auth_register_too_long_password _____________________
.venv/lib/python3.12/site-packages/redis/connection.py:357: in connect
    sock = self.retry.call_with_retry(
.venv/lib/python3.12/site-packages/redis/retry.py:62: in call_with_retry
    return do()
           ^^^^
.venv/lib/python3.12/site-packages/redis/connection.py:358: in <lambda>
    lambda: self._connect(), lambda error: self.disconnect(error)
            ^^^^^^^^^^^^^^^
.venv/lib/python3.12/site-packages/redis/connection.py:730: in _connect
    raise err
.venv/lib/python3.12/site-packages/redis/connection.py:718: in _connect
    sock.connect(socket_address)
E   ConnectionRefusedError: [Errno 111] Connection refused

During handling of the above exception, another exception occurred:
tests/api/test_auth.py:122: in test_auth_register_too_long_password
    r = flask_client.post(
.venv/lib/python3.12/site-packages/werkzeug/test.py:1016: in post
    return self.open(*args, **kw)
           ^^^^^^^^^^^^^^^^^^^^^^
tests/conftest.py:60: in open
    return super().open(*args, **kwargs)
           ^^^^^^^^^^^^^^^^^^^^^^^^^^^^^
.venv/lib/python3.12/site-packages/flask/testing.py:222: in open
    return Client.open(
.venv/lib/python3.12/site-packages/werkzeug/test.py:970: in open
    response = self.run_wsgi_app(environ.copy(), buffered=buffered)
               ^^^^^^^^^^^^^^^^^^^^^^^^^^^^^^^^^^^^^^^^^^^^^^^^^^^^
.venv/lib/python3.12/site-packages/werkzeug/test.py:861: in run_wsgi_app
    rv = run_wsgi_app(self.application, environ, buffered=buffered)
         ^^^^^^^^^^^^^^^^^^^^^^^^^^^^^^^^^^^^^^^^^^^^^^^^^^^^^^^^^^
.venv/lib/python3.12/site-packages/werkzeug/test.py:1096: in run_wsgi_app
    app_rv = app(environ, start_response)
             ^^^^^^^^^^^^^^^^^^^^^^^^^^^^
.venv/lib/python3.12/site-packages/flask/app.py:2464: in __call__
    return self.wsgi_app(environ, start_response)
           ^^^^^^^^^^^^^^^^^^^^^^^^^^^^^^^^^^^^^^
.venv/lib/python3.12/site-packages/werkzeug/middleware/proxy_fix.py:169: in __call__
    return self.app(environ, start_response)
           ^^^^^^^^^^^^^^^^^^^^^^^^^^^^^^^^^
.venv/lib/python3.12/site-packages/flask/app.py:2450: in wsgi_app
    response = self.handle_exception(e)
               ^^^^^^^^^^^^^^^^^^^^^^^^
.venv/lib/python3.12/site-packages/flask_cors/extension.py:165: in wrapped_function
    return cors_after_request(app.make_response(f(*args, **kwargs)))
                                                ^^^^^^^^^^^^^^^^^^
.venv/lib/python3.12/site-packages/flask/app.py:1867: in handle_exception
    reraise(exc_type, exc_value, tb)
.venv/lib/python3.12/site-packages/flask/_compat.py:39: in reraise
    raise value
.venv/lib/python3.12/site-packages/flask/app.py:2447: in wsgi_app
    response = self.full_dispatch_request()
               ^^^^^^^^^^^^^^^^^^^^^^^^^^^^
.venv/lib/python3.12/site-packages/flask/app.py:1953: in full_dispatch_request
    return self.finalize_request(rv)
           ^^^^^^^^^^^^^^^^^^^^^^^^^
.venv/lib/python3.12/site-packages/flask/app.py:1970: in finalize_request
    response = self.process_response(response)
               ^^^^^^^^^^^^^^^^^^^^^^^^^^^^^^^
.venv/lib/python3.12/site-packages/flask/app.py:2269: in process_response
    self.session_interface.save_session(self, ctx.session, response)
app/session.py:97: in save_session
    self._redis_w.setex(
.venv/lib/python3.12/site-packages/redis/commands/core.py:2360: in setex
    return self.execute_command("SETEX", name, time, value)
           ^^^^^^^^^^^^^^^^^^^^^^^^^^^^^^^^^^^^^^^^^^^^^^^^
.venv/lib/python3.12/site-packages/redis/client.py:559: in execute_command
    return self._execute_command(*args, **options)
           ^^^^^^^^^^^^^^^^^^^^^^^^^^^^^^^^^^^^^^^
.venv/lib/python3.12/site-packages/redis/client.py:565: in _execute_command
    conn = self.connection or pool.get_connection(command_name, **options)
                              ^^^^^^^^^^^^^^^^^^^^^^^^^^^^^^^^^^^^^^^^^^^^
.venv/lib/python3.12/site-packages/redis/connection.py:1422: in get_connection
    connection.connect()
.venv/lib/python3.12/site-packages/redis/connection.py:363: in connect
    raise ConnectionError(self._error_message(e))
E   redis.exceptions.ConnectionError: Error 111 connecting to localhost:6379. Connection refused.
__________________________ test_auth_activate_success __________________________
.venv/lib/python3.12/site-packages/redis/connection.py:357: in connect
    sock = self.retry.call_with_retry(
.venv/lib/python3.12/site-packages/redis/retry.py:62: in call_with_retry
    return do()
           ^^^^
.venv/lib/python3.12/site-packages/redis/connection.py:358: in <lambda>
    lambda: self._connect(), lambda error: self.disconnect(error)
            ^^^^^^^^^^^^^^^
.venv/lib/python3.12/site-packages/redis/connection.py:730: in _connect
    raise err
.venv/lib/python3.12/site-packages/redis/connection.py:718: in _connect
    sock.connect(socket_address)
E   ConnectionRefusedError: [Errno 111] Connection refused

During handling of the above exception, another exception occurred:
tests/api/test_auth.py:133: in test_auth_activate_success
    r = flask_client.post(
.venv/lib/python3.12/site-packages/werkzeug/test.py:1016: in post
    return self.open(*args, **kw)
           ^^^^^^^^^^^^^^^^^^^^^^
tests/conftest.py:60: in open
    return super().open(*args, **kwargs)
           ^^^^^^^^^^^^^^^^^^^^^^^^^^^^^
.venv/lib/python3.12/site-packages/flask/testing.py:222: in open
    return Client.open(
.venv/lib/python3.12/site-packages/werkzeug/test.py:970: in open
    response = self.run_wsgi_app(environ.copy(), buffered=buffered)
               ^^^^^^^^^^^^^^^^^^^^^^^^^^^^^^^^^^^^^^^^^^^^^^^^^^^^
.venv/lib/python3.12/site-packages/werkzeug/test.py:861: in run_wsgi_app
    rv = run_wsgi_app(self.application, environ, buffered=buffered)
         ^^^^^^^^^^^^^^^^^^^^^^^^^^^^^^^^^^^^^^^^^^^^^^^^^^^^^^^^^^
.venv/lib/python3.12/site-packages/werkzeug/test.py:1096: in run_wsgi_app
    app_rv = app(environ, start_response)
             ^^^^^^^^^^^^^^^^^^^^^^^^^^^^
.venv/lib/python3.12/site-packages/flask/app.py:2464: in __call__
    return self.wsgi_app(environ, start_response)
           ^^^^^^^^^^^^^^^^^^^^^^^^^^^^^^^^^^^^^^
.venv/lib/python3.12/site-packages/werkzeug/middleware/proxy_fix.py:169: in __call__
    return self.app(environ, start_response)
           ^^^^^^^^^^^^^^^^^^^^^^^^^^^^^^^^^
.venv/lib/python3.12/site-packages/flask/app.py:2450: in wsgi_app
    response = self.handle_exception(e)
               ^^^^^^^^^^^^^^^^^^^^^^^^
.venv/lib/python3.12/site-packages/flask_cors/extension.py:165: in wrapped_function
    return cors_after_request(app.make_response(f(*args, **kwargs)))
                                                ^^^^^^^^^^^^^^^^^^
.venv/lib/python3.12/site-packages/flask/app.py:1867: in handle_exception
    reraise(exc_type, exc_value, tb)
.venv/lib/python3.12/site-packages/flask/_compat.py:39: in reraise
    raise value
.venv/lib/python3.12/site-packages/flask/app.py:2447: in wsgi_app
    response = self.full_dispatch_request()
               ^^^^^^^^^^^^^^^^^^^^^^^^^^^^
.venv/lib/python3.12/site-packages/flask/app.py:1953: in full_dispatch_request
    return self.finalize_request(rv)
           ^^^^^^^^^^^^^^^^^^^^^^^^^
.venv/lib/python3.12/site-packages/flask/app.py:1970: in finalize_request
    response = self.process_response(response)
               ^^^^^^^^^^^^^^^^^^^^^^^^^^^^^^^
.venv/lib/python3.12/site-packages/flask/app.py:2269: in process_response
    self.session_interface.save_session(self, ctx.session, response)
app/session.py:97: in save_session
    self._redis_w.setex(
.venv/lib/python3.12/site-packages/redis/commands/core.py:2360: in setex
    return self.execute_command("SETEX", name, time, value)
           ^^^^^^^^^^^^^^^^^^^^^^^^^^^^^^^^^^^^^^^^^^^^^^^^
.venv/lib/python3.12/site-packages/redis/client.py:559: in execute_command
    return self._execute_command(*args, **options)
           ^^^^^^^^^^^^^^^^^^^^^^^^^^^^^^^^^^^^^^^
.venv/lib/python3.12/site-packages/redis/client.py:565: in _execute_command
    conn = self.connection or pool.get_connection(command_name, **options)
                              ^^^^^^^^^^^^^^^^^^^^^^^^^^^^^^^^^^^^^^^^^^^^
.venv/lib/python3.12/site-packages/redis/connection.py:1422: in get_connection
    connection.connect()
.venv/lib/python3.12/site-packages/redis/connection.py:363: in connect
    raise ConnectionError(self._error_message(e))
E   redis.exceptions.ConnectionError: Error 111 connecting to localhost:6379. Connection refused.
----------------------------- Captured stdout call -----------------------------
2026-02-09 12:29:20,249 - SL - INFO - 5326 - FLXPQCzP - "/home/runner/work/simplelogin-app/simplelogin-app/app/events/event_dispatcher.py:62" - send_event() -  - Not sending events because webhook is not configured and allowed to be empty
________________________ test_auth_activate_wrong_email ________________________
.venv/lib/python3.12/site-packages/redis/connection.py:357: in connect
    sock = self.retry.call_with_retry(
.venv/lib/python3.12/site-packages/redis/retry.py:62: in call_with_retry
    return do()
           ^^^^
.venv/lib/python3.12/site-packages/redis/connection.py:358: in <lambda>
    lambda: self._connect(), lambda error: self.disconnect(error)
            ^^^^^^^^^^^^^^^
.venv/lib/python3.12/site-packages/redis/connection.py:730: in _connect
    raise err
.venv/lib/python3.12/site-packages/redis/connection.py:718: in _connect
    sock.connect(socket_address)
E   ConnectionRefusedError: [Errno 111] Connection refused

During handling of the above exception, another exception occurred:
tests/api/test_auth.py:154: in test_auth_activate_wrong_email
    r = flask_client.post(
.venv/lib/python3.12/site-packages/werkzeug/test.py:1016: in post
    return self.open(*args, **kw)
           ^^^^^^^^^^^^^^^^^^^^^^
tests/conftest.py:60: in open
    return super().open(*args, **kwargs)
           ^^^^^^^^^^^^^^^^^^^^^^^^^^^^^
.venv/lib/python3.12/site-packages/flask/testing.py:222: in open
    return Client.open(
.venv/lib/python3.12/site-packages/werkzeug/test.py:970: in open
    response = self.run_wsgi_app(environ.copy(), buffered=buffered)
               ^^^^^^^^^^^^^^^^^^^^^^^^^^^^^^^^^^^^^^^^^^^^^^^^^^^^
.venv/lib/python3.12/site-packages/werkzeug/test.py:861: in run_wsgi_app
    rv = run_wsgi_app(self.application, environ, buffered=buffered)
         ^^^^^^^^^^^^^^^^^^^^^^^^^^^^^^^^^^^^^^^^^^^^^^^^^^^^^^^^^^
.venv/lib/python3.12/site-packages/werkzeug/test.py:1096: in run_wsgi_app
    app_rv = app(environ, start_response)
             ^^^^^^^^^^^^^^^^^^^^^^^^^^^^
.venv/lib/python3.12/site-packages/flask/app.py:2464: in __call__
    return self.wsgi_app(environ, start_response)
           ^^^^^^^^^^^^^^^^^^^^^^^^^^^^^^^^^^^^^^
.venv/lib/python3.12/site-packages/werkzeug/middleware/proxy_fix.py:169: in __call__
    return self.app(environ, start_response)
           ^^^^^^^^^^^^^^^^^^^^^^^^^^^^^^^^^
.venv/lib/python3.12/site-packages/flask/app.py:2450: in wsgi_app
    response = self.handle_exception(e)
               ^^^^^^^^^^^^^^^^^^^^^^^^
.venv/lib/python3.12/site-packages/flask_cors/extension.py:165: in wrapped_function
    return cors_after_request(app.make_response(f(*args, **kwargs)))
                                                ^^^^^^^^^^^^^^^^^^
.venv/lib/python3.12/site-packages/flask/app.py:1867: in handle_exception
    reraise(exc_type, exc_value, tb)
.venv/lib/python3.12/site-packages/flask/_compat.py:39: in reraise
    raise value
.venv/lib/python3.12/site-packages/flask/app.py:2447: in wsgi_app
    response = self.full_dispatch_request()
               ^^^^^^^^^^^^^^^^^^^^^^^^^^^^
.venv/lib/python3.12/site-packages/flask/app.py:1953: in full_dispatch_request
    return self.finalize_request(rv)
           ^^^^^^^^^^^^^^^^^^^^^^^^^
.venv/lib/python3.12/site-packages/flask/app.py:1970: in finalize_request
    response = self.process_response(response)
               ^^^^^^^^^^^^^^^^^^^^^^^^^^^^^^^
.venv/lib/python3.12/site-packages/flask/app.py:2269: in process_response
    self.session_interface.save_session(self, ctx.session, response)
app/session.py:97: in save_session
    self._redis_w.setex(
.venv/lib/python3.12/site-packages/redis/commands/core.py:2360: in setex
    return self.execute_command("SETEX", name, time, value)
           ^^^^^^^^^^^^^^^^^^^^^^^^^^^^^^^^^^^^^^^^^^^^^^^^
.venv/lib/python3.12/site-packages/redis/client.py:559: in execute_command
    return self._execute_command(*args, **options)
           ^^^^^^^^^^^^^^^^^^^^^^^^^^^^^^^^^^^^^^^
.venv/lib/python3.12/site-packages/redis/client.py:565: in _execute_command
    conn = self.connection or pool.get_connection(command_name, **options)
                              ^^^^^^^^^^^^^^^^^^^^^^^^^^^^^^^^^^^^^^^^^^^^
.venv/lib/python3.12/site-packages/redis/connection.py:1422: in get_connection
    connection.connect()
.venv/lib/python3.12/site-packages/redis/connection.py:363: in connect
    raise ConnectionError(self._error_message(e))
E   redis.exceptions.ConnectionError: Error 111 connecting to localhost:6379. Connection refused.
__________________ test_auth_activate_user_already_activated ___________________
.venv/lib/python3.12/site-packages/redis/connection.py:357: in connect
    sock = self.retry.call_with_retry(
.venv/lib/python3.12/site-packages/redis/retry.py:62: in call_with_retry
    return do()
           ^^^^
.venv/lib/python3.12/site-packages/redis/connection.py:358: in <lambda>
    lambda: self._connect(), lambda error: self.disconnect(error)
            ^^^^^^^^^^^^^^^
.venv/lib/python3.12/site-packages/redis/connection.py:730: in _connect
    raise err
.venv/lib/python3.12/site-packages/redis/connection.py:718: in _connect
    sock.connect(socket_address)
E   ConnectionRefusedError: [Errno 111] Connection refused

During handling of the above exception, another exception occurred:
tests/api/test_auth.py:165: in test_auth_activate_user_already_activated
    r = flask_client.post(
.venv/lib/python3.12/site-packages/werkzeug/test.py:1016: in post
    return self.open(*args, **kw)
           ^^^^^^^^^^^^^^^^^^^^^^
tests/conftest.py:60: in open
    return super().open(*args, **kwargs)
           ^^^^^^^^^^^^^^^^^^^^^^^^^^^^^
.venv/lib/python3.12/site-packages/flask/testing.py:222: in open
    return Client.open(
.venv/lib/python3.12/site-packages/werkzeug/test.py:970: in open
    response = self.run_wsgi_app(environ.copy(), buffered=buffered)
               ^^^^^^^^^^^^^^^^^^^^^^^^^^^^^^^^^^^^^^^^^^^^^^^^^^^^
.venv/lib/python3.12/site-packages/werkzeug/test.py:861: in run_wsgi_app
    rv = run_wsgi_app(self.application, environ, buffered=buffered)
         ^^^^^^^^^^^^^^^^^^^^^^^^^^^^^^^^^^^^^^^^^^^^^^^^^^^^^^^^^^
.venv/lib/python3.12/site-packages/werkzeug/test.py:1096: in run_wsgi_app
    app_rv = app(environ, start_response)
             ^^^^^^^^^^^^^^^^^^^^^^^^^^^^
.venv/lib/python3.12/site-packages/flask/app.py:2464: in __call__
    return self.wsgi_app(environ, start_response)
           ^^^^^^^^^^^^^^^^^^^^^^^^^^^^^^^^^^^^^^
.venv/lib/python3.12/site-packages/werkzeug/middleware/proxy_fix.py:169: in __call__
    return self.app(environ, start_response)
           ^^^^^^^^^^^^^^^^^^^^^^^^^^^^^^^^^
.venv/lib/python3.12/site-packages/flask/app.py:2450: in wsgi_app
    response = self.handle_exception(e)
               ^^^^^^^^^^^^^^^^^^^^^^^^
.venv/lib/python3.12/site-packages/flask_cors/extension.py:165: in wrapped_function
    return cors_after_request(app.make_response(f(*args, **kwargs)))
                                                ^^^^^^^^^^^^^^^^^^
.venv/lib/python3.12/site-packages/flask/app.py:1867: in handle_exception
    reraise(exc_type, exc_value, tb)
.venv/lib/python3.12/site-packages/flask/_compat.py:39: in reraise
    raise value
.venv/lib/python3.12/site-packages/flask/app.py:2447: in wsgi_app
    response = self.full_dispatch_request()
               ^^^^^^^^^^^^^^^^^^^^^^^^^^^^
.venv/lib/python3.12/site-packages/flask/app.py:1953: in full_dispatch_request
    return self.finalize_request(rv)
           ^^^^^^^^^^^^^^^^^^^^^^^^^
.venv/lib/python3.12/site-packages/flask/app.py:1970: in finalize_request
    response = self.process_response(response)
               ^^^^^^^^^^^^^^^^^^^^^^^^^^^^^^^
.venv/lib/python3.12/site-packages/flask/app.py:2269: in process_response
    self.session_interface.save_session(self, ctx.session, response)
app/session.py:97: in save_session
    self._redis_w.setex(
.venv/lib/python3.12/site-packages/redis/commands/core.py:2360: in setex
    return self.execute_command("SETEX", name, time, value)
           ^^^^^^^^^^^^^^^^^^^^^^^^^^^^^^^^^^^^^^^^^^^^^^^^
.venv/lib/python3.12/site-packages/redis/client.py:559: in execute_command
    return self._execute_command(*args, **options)
           ^^^^^^^^^^^^^^^^^^^^^^^^^^^^^^^^^^^^^^^
.venv/lib/python3.12/site-packages/redis/client.py:565: in _execute_command
    conn = self.connection or pool.get_connection(command_name, **options)
                              ^^^^^^^^^^^^^^^^^^^^^^^^^^^^^^^^^^^^^^^^^^^^
.venv/lib/python3.12/site-packages/redis/connection.py:1422: in get_connection
    connection.connect()
.venv/lib/python3.12/site-packages/redis/connection.py:363: in connect
    raise ConnectionError(self._error_message(e))
E   redis.exceptions.ConnectionError: Error 111 connecting to localhost:6379. Connection refused.
----------------------------- Captured stdout call -----------------------------
2026-02-09 12:29:21,065 - SL - INFO - 5326 - "/home/runner/work/simplelogin-app/simplelogin-app/app/events/event_dispatcher.py:62" - send_event() -  - Not sending events because webhook is not configured and allowed to be empty
________________________ test_auth_activate_wrong_code _________________________
.venv/lib/python3.12/site-packages/redis/connection.py:357: in connect
    sock = self.retry.call_with_retry(
.venv/lib/python3.12/site-packages/redis/retry.py:62: in call_with_retry
    return do()
           ^^^^
.venv/lib/python3.12/site-packages/redis/connection.py:358: in <lambda>
    lambda: self._connect(), lambda error: self.disconnect(error)
            ^^^^^^^^^^^^^^^
.venv/lib/python3.12/site-packages/redis/connection.py:730: in _connect
    raise err
.venv/lib/python3.12/site-packages/redis/connection.py:718: in _connect
    sock.connect(socket_address)
E   ConnectionRefusedError: [Errno 111] Connection refused

During handling of the above exception, another exception occurred:
tests/api/test_auth.py:173: in test_auth_activate_wrong_code
    r = flask_client.post(
.venv/lib/python3.12/site-packages/werkzeug/test.py:1016: in post
    return self.open(*args, **kw)
           ^^^^^^^^^^^^^^^^^^^^^^
tests/conftest.py:60: in open
    return super().open(*args, **kwargs)
           ^^^^^^^^^^^^^^^^^^^^^^^^^^^^^
.venv/lib/python3.12/site-packages/flask/testing.py:222: in open
    return Client.open(
.venv/lib/python3.12/site-packages/werkzeug/test.py:970: in open
    response = self.run_wsgi_app(environ.copy(), buffered=buffered)
               ^^^^^^^^^^^^^^^^^^^^^^^^^^^^^^^^^^^^^^^^^^^^^^^^^^^^
.venv/lib/python3.12/site-packages/werkzeug/test.py:861: in run_wsgi_app
    rv = run_wsgi_app(self.application, environ, buffered=buffered)
         ^^^^^^^^^^^^^^^^^^^^^^^^^^^^^^^^^^^^^^^^^^^^^^^^^^^^^^^^^^
.venv/lib/python3.12/site-packages/werkzeug/test.py:1096: in run_wsgi_app
    app_rv = app(environ, start_response)
             ^^^^^^^^^^^^^^^^^^^^^^^^^^^^
.venv/lib/python3.12/site-packages/flask/app.py:2464: in __call__
    return self.wsgi_app(environ, start_response)
           ^^^^^^^^^^^^^^^^^^^^^^^^^^^^^^^^^^^^^^
.venv/lib/python3.12/site-packages/werkzeug/middleware/proxy_fix.py:169: in __call__
    return self.app(environ, start_response)
           ^^^^^^^^^^^^^^^^^^^^^^^^^^^^^^^^^
.venv/lib/python3.12/site-packages/flask/app.py:2450: in wsgi_app
    response = self.handle_exception(e)
               ^^^^^^^^^^^^^^^^^^^^^^^^
.venv/lib/python3.12/site-packages/flask_cors/extension.py:165: in wrapped_function
    return cors_after_request(app.make_response(f(*args, **kwargs)))
                                                ^^^^^^^^^^^^^^^^^^
.venv/lib/python3.12/site-packages/flask/app.py:1867: in handle_exception
    reraise(exc_type, exc_value, tb)
.venv/lib/python3.12/site-packages/flask/_compat.py:39: in reraise
    raise value
.venv/lib/python3.12/site-packages/flask/app.py:2447: in wsgi_app
    response = self.full_dispatch_request()
               ^^^^^^^^^^^^^^^^^^^^^^^^^^^^
.venv/lib/python3.12/site-packages/flask/app.py:1953: in full_dispatch_request
    return self.finalize_request(rv)
           ^^^^^^^^^^^^^^^^^^^^^^^^^
.venv/lib/python3.12/site-packages/flask/app.py:1970: in finalize_request
    response = self.process_response(response)
               ^^^^^^^^^^^^^^^^^^^^^^^^^^^^^^^
.venv/lib/python3.12/site-packages/flask/app.py:2269: in process_response
    self.session_interface.save_session(self, ctx.session, response)
app/session.py:97: in save_session
    self._redis_w.setex(
.venv/lib/python3.12/site-packages/redis/commands/core.py:2360: in setex
    return self.execute_command("SETEX", name, time, value)
           ^^^^^^^^^^^^^^^^^^^^^^^^^^^^^^^^^^^^^^^^^^^^^^^^
.venv/lib/python3.12/site-packages/redis/client.py:559: in execute_command
    return self._execute_command(*args, **options)
           ^^^^^^^^^^^^^^^^^^^^^^^^^^^^^^^^^^^^^^^
.venv/lib/python3.12/site-packages/redis/client.py:565: in _execute_command
    conn = self.connection or pool.get_connection(command_name, **options)
                              ^^^^^^^^^^^^^^^^^^^^^^^^^^^^^^^^^^^^^^^^^^^^
.venv/lib/python3.12/site-packages/redis/connection.py:1422: in get_connection
    connection.connect()
.venv/lib/python3.12/site-packages/redis/connection.py:363: in connect
    raise ConnectionError(self._error_message(e))
E   redis.exceptions.ConnectionError: Error 111 connecting to localhost:6379. Connection refused.
----------------------------- Captured stdout call -----------------------------
2026-02-09 12:29:21,559 - SL - INFO - 5326 - 2zzc7M9a - "/home/runner/work/simplelogin-app/simplelogin-app/app/events/event_dispatcher.py:62" - send_event() -  - Not sending events because webhook is not configured and allowed to be empty
____________________ test_auth_activate_too_many_wrong_code ____________________
.venv/lib/python3.12/site-packages/redis/connection.py:357: in connect
    sock = self.retry.call_with_retry(
.venv/lib/python3.12/site-packages/redis/retry.py:62: in call_with_retry
    return do()
           ^^^^
.venv/lib/python3.12/site-packages/redis/connection.py:358: in <lambda>
    lambda: self._connect(), lambda error: self.disconnect(error)
            ^^^^^^^^^^^^^^^
.venv/lib/python3.12/site-packages/redis/connection.py:730: in _connect
    raise err
.venv/lib/python3.12/site-packages/redis/connection.py:718: in _connect
    sock.connect(socket_address)
E   ConnectionRefusedError: [Errno 111] Connection refused

During handling of the above exception, another exception occurred:
tests/api/test_auth.py:203: in test_auth_activate_too_many_wrong_code
    r = flask_client.post(
.venv/lib/python3.12/site-packages/werkzeug/test.py:1016: in post
    return self.open(*args, **kw)
           ^^^^^^^^^^^^^^^^^^^^^^
tests/conftest.py:60: in open
    return super().open(*args, **kwargs)
           ^^^^^^^^^^^^^^^^^^^^^^^^^^^^^
.venv/lib/python3.12/site-packages/flask/testing.py:222: in open
    return Client.open(
.venv/lib/python3.12/site-packages/werkzeug/test.py:970: in open
    response = self.run_wsgi_app(environ.copy(), buffered=buffered)
               ^^^^^^^^^^^^^^^^^^^^^^^^^^^^^^^^^^^^^^^^^^^^^^^^^^^^
.venv/lib/python3.12/site-packages/werkzeug/test.py:861: in run_wsgi_app
    rv = run_wsgi_app(self.application, environ, buffered=buffered)
         ^^^^^^^^^^^^^^^^^^^^^^^^^^^^^^^^^^^^^^^^^^^^^^^^^^^^^^^^^^
.venv/lib/python3.12/site-packages/werkzeug/test.py:1096: in run_wsgi_app
    app_rv = app(environ, start_response)
             ^^^^^^^^^^^^^^^^^^^^^^^^^^^^
.venv/lib/python3.12/site-packages/flask/app.py:2464: in __call__
    return self.wsgi_app(environ, start_response)
           ^^^^^^^^^^^^^^^^^^^^^^^^^^^^^^^^^^^^^^
.venv/lib/python3.12/site-packages/werkzeug/middleware/proxy_fix.py:169: in __call__
    return self.app(environ, start_response)
           ^^^^^^^^^^^^^^^^^^^^^^^^^^^^^^^^^
.venv/lib/python3.12/site-packages/flask/app.py:2450: in wsgi_app
    response = self.handle_exception(e)
               ^^^^^^^^^^^^^^^^^^^^^^^^
.venv/lib/python3.12/site-packages/flask_cors/extension.py:165: in wrapped_function
    return cors_after_request(app.make_response(f(*args, **kwargs)))
                                                ^^^^^^^^^^^^^^^^^^
.venv/lib/python3.12/site-packages/flask/app.py:1867: in handle_exception
    reraise(exc_type, exc_value, tb)
.venv/lib/python3.12/site-packages/flask/_compat.py:39: in reraise
    raise value
.venv/lib/python3.12/site-packages/flask/app.py:2447: in wsgi_app
    response = self.full_dispatch_request()
               ^^^^^^^^^^^^^^^^^^^^^^^^^^^^
.venv/lib/python3.12/site-packages/flask/app.py:1953: in full_dispatch_request
    return self.finalize_request(rv)
           ^^^^^^^^^^^^^^^^^^^^^^^^^
.venv/lib/python3.12/site-packages/flask/app.py:1970: in finalize_request
    response = self.process_response(response)
               ^^^^^^^^^^^^^^^^^^^^^^^^^^^^^^^
.venv/lib/python3.12/site-packages/flask/app.py:2269: in process_response
    self.session_interface.save_session(self, ctx.session, response)
app/session.py:97: in save_session
    self._redis_w.setex(
.venv/lib/python3.12/site-packages/redis/commands/core.py:2360: in setex
    return self.execute_command("SETEX", name, time, value)
           ^^^^^^^^^^^^^^^^^^^^^^^^^^^^^^^^^^^^^^^^^^^^^^^^
.venv/lib/python3.12/site-packages/redis/client.py:559: in execute_command
    return self._execute_command(*args, **options)
           ^^^^^^^^^^^^^^^^^^^^^^^^^^^^^^^^^^^^^^^
.venv/lib/python3.12/site-packages/redis/client.py:565: in _execute_command
    conn = self.connection or pool.get_connection(command_name, **options)
                              ^^^^^^^^^^^^^^^^^^^^^^^^^^^^^^^^^^^^^^^^^^^^
.venv/lib/python3.12/site-packages/redis/connection.py:1422: in get_connection
    connection.connect()
.venv/lib/python3.12/site-packages/redis/connection.py:363: in connect
    raise ConnectionError(self._error_message(e))
E   redis.exceptions.ConnectionError: Error 111 connecting to localhost:6379. Connection refused.
----------------------------- Captured stdout call -----------------------------
2026-02-09 12:29:22,073 - SL - INFO - 5326 - 97QzgHUz - "/home/runner/work/simplelogin-app/simplelogin-app/app/events/event_dispatcher.py:62" - send_event() -  - Not sending events because webhook is not configured and allowed to be empty
_________________________ test_auth_reactivate_success _________________________
.venv/lib/python3.12/site-packages/redis/connection.py:357: in connect
    sock = self.retry.call_with_retry(
.venv/lib/python3.12/site-packages/redis/retry.py:62: in call_with_retry
    return do()
           ^^^^
.venv/lib/python3.12/site-packages/redis/connection.py:358: in <lambda>
    lambda: self._connect(), lambda error: self.disconnect(error)
            ^^^^^^^^^^^^^^^
.venv/lib/python3.12/site-packages/redis/connection.py:730: in _connect
    raise err
.venv/lib/python3.12/site-packages/redis/connection.py:718: in _connect
    sock.connect(socket_address)
E   ConnectionRefusedError: [Errno 111] Connection refused

During handling of the above exception, another exception occurred:
tests/api/test_auth.py:244: in test_auth_reactivate_success
    r = flask_client.post(url_for("api.auth_reactivate"), json={"email": email})
        ^^^^^^^^^^^^^^^^^^^^^^^^^^^^^^^^^^^^^^^^^^^^^^^^^^^^^^^^^^^^^^^^^^^^^^^^
.venv/lib/python3.12/site-packages/werkzeug/test.py:1016: in post
    return self.open(*args, **kw)
           ^^^^^^^^^^^^^^^^^^^^^^
tests/conftest.py:60: in open
    return super().open(*args, **kwargs)
           ^^^^^^^^^^^^^^^^^^^^^^^^^^^^^
.venv/lib/python3.12/site-packages/flask/testing.py:222: in open
    return Client.open(
.venv/lib/python3.12/site-packages/werkzeug/test.py:970: in open
    response = self.run_wsgi_app(environ.copy(), buffered=buffered)
               ^^^^^^^^^^^^^^^^^^^^^^^^^^^^^^^^^^^^^^^^^^^^^^^^^^^^
.venv/lib/python3.12/site-packages/werkzeug/test.py:861: in run_wsgi_app
    rv = run_wsgi_app(self.application, environ, buffered=buffered)
         ^^^^^^^^^^^^^^^^^^^^^^^^^^^^^^^^^^^^^^^^^^^^^^^^^^^^^^^^^^
.venv/lib/python3.12/site-packages/werkzeug/test.py:1096: in run_wsgi_app
    app_rv = app(environ, start_response)
             ^^^^^^^^^^^^^^^^^^^^^^^^^^^^
.venv/lib/python3.12/site-packages/flask/app.py:2464: in __call__
    return self.wsgi_app(environ, start_response)
           ^^^^^^^^^^^^^^^^^^^^^^^^^^^^^^^^^^^^^^
.venv/lib/python3.12/site-packages/werkzeug/middleware/proxy_fix.py:169: in __call__
    return self.app(environ, start_response)
           ^^^^^^^^^^^^^^^^^^^^^^^^^^^^^^^^^
.venv/lib/python3.12/site-packages/flask/app.py:2450: in wsgi_app
    response = self.handle_exception(e)
               ^^^^^^^^^^^^^^^^^^^^^^^^
.venv/lib/python3.12/site-packages/flask_cors/extension.py:165: in wrapped_function
    return cors_after_request(app.make_response(f(*args, **kwargs)))
                                                ^^^^^^^^^^^^^^^^^^
.venv/lib/python3.12/site-packages/flask/app.py:1867: in handle_exception
    reraise(exc_type, exc_value, tb)
.venv/lib/python3.12/site-packages/flask/_compat.py:39: in reraise
    raise value
.venv/lib/python3.12/site-packages/flask/app.py:2447: in wsgi_app
    response = self.full_dispatch_request()
               ^^^^^^^^^^^^^^^^^^^^^^^^^^^^
.venv/lib/python3.12/site-packages/flask/app.py:1953: in full_dispatch_request
    return self.finalize_request(rv)
           ^^^^^^^^^^^^^^^^^^^^^^^^^
.venv/lib/python3.12/site-packages/flask/app.py:1970: in finalize_request
    response = self.process_response(response)
               ^^^^^^^^^^^^^^^^^^^^^^^^^^^^^^^
.venv/lib/python3.12/site-packages/flask/app.py:2269: in process_response
    self.session_interface.save_session(self, ctx.session, response)
app/session.py:97: in save_session
    self._redis_w.setex(
.venv/lib/python3.12/site-packages/redis/commands/core.py:2360: in setex
    return self.execute_command("SETEX", name, time, value)
           ^^^^^^^^^^^^^^^^^^^^^^^^^^^^^^^^^^^^^^^^^^^^^^^^
.venv/lib/python3.12/site-packages/redis/client.py:559: in execute_command
    return self._execute_command(*args, **options)
           ^^^^^^^^^^^^^^^^^^^^^^^^^^^^^^^^^^^^^^^
.venv/lib/python3.12/site-packages/redis/client.py:565: in _execute_command
    conn = self.connection or pool.get_connection(command_name, **options)
                              ^^^^^^^^^^^^^^^^^^^^^^^^^^^^^^^^^^^^^^^^^^^^
.venv/lib/python3.12/site-packages/redis/connection.py:1422: in get_connection
    connection.connect()
.venv/lib/python3.12/site-packages/redis/connection.py:363: in connect
    raise ConnectionError(self._error_message(e))
E   redis.exceptions.ConnectionError: Error 111 connecting to localhost:6379. Connection refused.
----------------------------- Captured stdout call -----------------------------
2026-02-09 12:29:22,542 - SL - INFO - 5326 - "/home/runner/work/simplelogin-app/simplelogin-app/app/events/event_dispatcher.py:62" - send_event() -  - Not sending events because webhook is not configured and allowed to be empty
_______________________ test_auth_login_forgot_password ________________________
.venv/lib/python3.12/site-packages/redis/connection.py:357: in connect
    sock = self.retry.call_with_retry(
.venv/lib/python3.12/site-packages/redis/retry.py:62: in call_with_retry
    return do()
           ^^^^
.venv/lib/python3.12/site-packages/redis/connection.py:358: in <lambda>
    lambda: self._connect(), lambda error: self.disconnect(error)
            ^^^^^^^^^^^^^^^
.venv/lib/python3.12/site-packages/redis/connection.py:730: in _connect
    raise err
.venv/lib/python3.12/site-packages/redis/connection.py:718: in _connect
    sock.connect(socket_address)
E   ConnectionRefusedError: [Errno 111] Connection refused

During handling of the above exception, another exception occurred:
tests/api/test_auth.py:259: in test_auth_login_forgot_password
    r = flask_client.post(
.venv/lib/python3.12/site-packages/werkzeug/test.py:1016: in post
    return self.open(*args, **kw)
           ^^^^^^^^^^^^^^^^^^^^^^
tests/conftest.py:60: in open
    return super().open(*args, **kwargs)
           ^^^^^^^^^^^^^^^^^^^^^^^^^^^^^
.venv/lib/python3.12/site-packages/flask/testing.py:222: in open
    return Client.open(
.venv/lib/python3.12/site-packages/werkzeug/test.py:970: in open
    response = self.run_wsgi_app(environ.copy(), buffered=buffered)
               ^^^^^^^^^^^^^^^^^^^^^^^^^^^^^^^^^^^^^^^^^^^^^^^^^^^^
.venv/lib/python3.12/site-packages/werkzeug/test.py:861: in run_wsgi_app
    rv = run_wsgi_app(self.application, environ, buffered=buffered)
         ^^^^^^^^^^^^^^^^^^^^^^^^^^^^^^^^^^^^^^^^^^^^^^^^^^^^^^^^^^
.venv/lib/python3.12/site-packages/werkzeug/test.py:1096: in run_wsgi_app
    app_rv = app(environ, start_response)
             ^^^^^^^^^^^^^^^^^^^^^^^^^^^^
.venv/lib/python3.12/site-packages/flask/app.py:2464: in __call__
    return self.wsgi_app(environ, start_response)
           ^^^^^^^^^^^^^^^^^^^^^^^^^^^^^^^^^^^^^^
.venv/lib/python3.12/site-packages/werkzeug/middleware/proxy_fix.py:169: in __call__
    return self.app(environ, start_response)
           ^^^^^^^^^^^^^^^^^^^^^^^^^^^^^^^^^
.venv/lib/python3.12/site-packages/flask/app.py:2450: in wsgi_app
    response = self.handle_exception(e)
               ^^^^^^^^^^^^^^^^^^^^^^^^
.venv/lib/python3.12/site-packages/flask_cors/extension.py:165: in wrapped_function
    return cors_after_request(app.make_response(f(*args, **kwargs)))
                                                ^^^^^^^^^^^^^^^^^^
.venv/lib/python3.12/site-packages/flask/app.py:1867: in handle_exception
    reraise(exc_type, exc_value, tb)
.venv/lib/python3.12/site-packages/flask/_compat.py:39: in reraise
    raise value
.venv/lib/python3.12/site-packages/flask/app.py:2447: in wsgi_app
    response = self.full_dispatch_request()
               ^^^^^^^^^^^^^^^^^^^^^^^^^^^^
.venv/lib/python3.12/site-packages/flask/app.py:1953: in full_dispatch_request
    return self.finalize_request(rv)
           ^^^^^^^^^^^^^^^^^^^^^^^^^
.venv/lib/python3.12/site-packages/flask/app.py:1970: in finalize_request
    response = self.process_response(response)
               ^^^^^^^^^^^^^^^^^^^^^^^^^^^^^^^
.venv/lib/python3.12/site-packages/flask/app.py:2269: in process_response
    self.session_interface.save_session(self, ctx.session, response)
app/session.py:97: in save_session
    self._redis_w.setex(
.venv/lib/python3.12/site-packages/redis/commands/core.py:2360: in setex
    return self.execute_command("SETEX", name, time, value)
           ^^^^^^^^^^^^^^^^^^^^^^^^^^^^^^^^^^^^^^^^^^^^^^^^
.venv/lib/python3.12/site-packages/redis/client.py:559: in execute_command
    return self._execute_command(*args, **options)
           ^^^^^^^^^^^^^^^^^^^^^^^^^^^^^^^^^^^^^^^
.venv/lib/python3.12/site-packages/redis/client.py:565: in _execute_command
    conn = self.connection or pool.get_connection(command_name, **options)
                              ^^^^^^^^^^^^^^^^^^^^^^^^^^^^^^^^^^^^^^^^^^^^
.venv/lib/python3.12/site-packages/redis/connection.py:1422: in get_connection
    connection.connect()
.venv/lib/python3.12/site-packages/redis/connection.py:363: in connect
    raise ConnectionError(self._error_message(e))
E   redis.exceptions.ConnectionError: Error 111 connecting to localhost:6379. Connection refused.
----------------------------- Captured stdout call -----------------------------
2026-02-09 12:29:23,008 - SL - INFO - 5326 - "/home/runner/work/simplelogin-app/simplelogin-app/app/events/event_dispatcher.py:62" - send_event() -  - Not sending events because webhook is not configured and allowed to be empty
____________________________ test_auth_mfa_success _____________________________
.venv/lib/python3.12/site-packages/redis/connection.py:357: in connect
    sock = self.retry.call_with_retry(
.venv/lib/python3.12/site-packages/redis/retry.py:62: in call_with_retry
    return do()
           ^^^^
.venv/lib/python3.12/site-packages/redis/connection.py:358: in <lambda>
    lambda: self._connect(), lambda error: self.disconnect(error)
            ^^^^^^^^^^^^^^^
.venv/lib/python3.12/site-packages/redis/connection.py:730: in _connect
    raise err
.venv/lib/python3.12/site-packages/redis/connection.py:718: in _connect
    sock.connect(socket_address)
E   ConnectionRefusedError: [Errno 111] Connection refused

During handling of the above exception, another exception occurred:
tests/api/test_auth_mfa.py:18: in test_auth_mfa_success
    r = flask_client.post(
.venv/lib/python3.12/site-packages/werkzeug/test.py:1016: in post
    return self.open(*args, **kw)
           ^^^^^^^^^^^^^^^^^^^^^^
tests/conftest.py:60: in open
    return super().open(*args, **kwargs)
           ^^^^^^^^^^^^^^^^^^^^^^^^^^^^^
.venv/lib/python3.12/site-packages/flask/testing.py:222: in open
    return Client.open(
.venv/lib/python3.12/site-packages/werkzeug/test.py:970: in open
    response = self.run_wsgi_app(environ.copy(), buffered=buffered)
               ^^^^^^^^^^^^^^^^^^^^^^^^^^^^^^^^^^^^^^^^^^^^^^^^^^^^
.venv/lib/python3.12/site-packages/werkzeug/test.py:861: in run_wsgi_app
    rv = run_wsgi_app(self.application, environ, buffered=buffered)
         ^^^^^^^^^^^^^^^^^^^^^^^^^^^^^^^^^^^^^^^^^^^^^^^^^^^^^^^^^^
.venv/lib/python3.12/site-packages/werkzeug/test.py:1096: in run_wsgi_app
    app_rv = app(environ, start_response)
             ^^^^^^^^^^^^^^^^^^^^^^^^^^^^
.venv/lib/python3.12/site-packages/flask/app.py:2464: in __call__
    return self.wsgi_app(environ, start_response)
           ^^^^^^^^^^^^^^^^^^^^^^^^^^^^^^^^^^^^^^
.venv/lib/python3.12/site-packages/werkzeug/middleware/proxy_fix.py:169: in __call__
    return self.app(environ, start_response)
           ^^^^^^^^^^^^^^^^^^^^^^^^^^^^^^^^^
.venv/lib/python3.12/site-packages/flask/app.py:2450: in wsgi_app
    response = self.handle_exception(e)
               ^^^^^^^^^^^^^^^^^^^^^^^^
.venv/lib/python3.12/site-packages/flask_cors/extension.py:165: in wrapped_function
    return cors_after_request(app.make_response(f(*args, **kwargs)))
                                                ^^^^^^^^^^^^^^^^^^
.venv/lib/python3.12/site-packages/flask/app.py:1867: in handle_exception
    reraise(exc_type, exc_value, tb)
.venv/lib/python3.12/site-packages/flask/_compat.py:39: in reraise
    raise value
.venv/lib/python3.12/site-packages/flask/app.py:2447: in wsgi_app
    response = self.full_dispatch_request()
               ^^^^^^^^^^^^^^^^^^^^^^^^^^^^
.venv/lib/python3.12/site-packages/flask/app.py:1953: in full_dispatch_request
    return self.finalize_request(rv)
           ^^^^^^^^^^^^^^^^^^^^^^^^^
.venv/lib/python3.12/site-packages/flask/app.py:1970: in finalize_request
    response = self.process_response(response)
               ^^^^^^^^^^^^^^^^^^^^^^^^^^^^^^^
.venv/lib/python3.12/site-packages/flask/app.py:2269: in process_response
    self.session_interface.save_session(self, ctx.session, response)
app/session.py:97: in save_session
    self._redis_w.setex(
.venv/lib/python3.12/site-packages/redis/commands/core.py:2360: in setex
    return self.execute_command("SETEX", name, time, value)
           ^^^^^^^^^^^^^^^^^^^^^^^^^^^^^^^^^^^^^^^^^^^^^^^^
.venv/lib/python3.12/site-packages/redis/client.py:559: in execute_command
    return self._execute_command(*args, **options)
           ^^^^^^^^^^^^^^^^^^^^^^^^^^^^^^^^^^^^^^^
.venv/lib/python3.12/site-packages/redis/client.py:565: in _execute_command
    conn = self.connection or pool.get_connection(command_name, **options)
                              ^^^^^^^^^^^^^^^^^^^^^^^^^^^^^^^^^^^^^^^^^^^^
.venv/lib/python3.12/site-packages/redis/connection.py:1422: in get_connection
    connection.connect()
.venv/lib/python3.12/site-packages/redis/connection.py:363: in connect
    raise ConnectionError(self._error_message(e))
E   redis.exceptions.ConnectionError: Error 111 connecting to localhost:6379. Connection refused.
----------------------------- Captured stdout call -----------------------------
2026-02-09 12:29:23,478 - SL - INFO - 5326 - "/home/runner/work/simplelogin-app/simplelogin-app/app/events/event_dispatcher.py:62" - send_event() -  - Not sending events because webhook is not configured and allowed to be empty
2026-02-09 12:29:23,482 - SL - ERROR - 5326 - MHCHlYYJ - "/home/runner/work/simplelogin-app/simplelogin-app/server.py:368" - error_handler() -  - Error 111 connecting to localhost:6379. Connection refused.
Traceback (most recent call last):
  File "/home/runner/work/simplelogin-app/simplelogin-app/.venv/lib/python3.12/site-packages/redis/connection.py", line 357, in connect
    sock = self.retry.call_with_retry(
           ^^^^^^^^^^^^^^^^^^^^^^^^^^^
  File "/home/runner/work/simplelogin-app/simplelogin-app/.venv/lib/python3.12/site-packages/redis/retry.py", line 62, in call_with_retry
    return do()
           ^^^^
  File "/home/runner/work/simplelogin-app/simplelogin-app/.venv/lib/python3.12/site-packages/redis/connection.py", line 358, in <lambda>
    lambda: self._connect(), lambda error: self.disconnect(error)
            ^^^^^^^^^^^^^^^
  File "/home/runner/work/simplelogin-app/simplelogin-app/.venv/lib/python3.12/site-packages/redis/connection.py", line 730, in _connect
    raise err
  File "/home/runner/work/simplelogin-app/simplelogin-app/.venv/lib/python3.12/site-packages/redis/connection.py", line 718, in _connect
    sock.connect(socket_address)
ConnectionRefusedError: [Errno 111] Connection refused

During handling of the above exception, another exception occurred:

Traceback (most recent call last):
  File "/home/runner/work/simplelogin-app/simplelogin-app/.venv/lib/python3.12/site-packages/flask/app.py", line 1950, in full_dispatch_request
    rv = self.dispatch_request()
         ^^^^^^^^^^^^^^^^^^^^^^^
  File "/home/runner/work/simplelogin-app/simplelogin-app/.venv/lib/python3.12/site-packages/flask/app.py", line 1936, in dispatch_request
    return self.view_functions[rule.endpoint](**req.view_args)
           ^^^^^^^^^^^^^^^^^^^^^^^^^^^^^^^^^^^^^^^^^^^^^^^^^^^
  File "/home/runner/work/simplelogin-app/simplelogin-app/.venv/lib/python3.12/site-packages/flask_limiter/extension.py", line 705, in __inner
    return obj(*a, **k)
           ^^^^^^^^^^^^
  File "/home/runner/work/simplelogin-app/simplelogin-app/app/parallel_limiter.py", line 59, in decorated
    self.acquire_lock(lock_name, lock_value)
  File "/home/runner/work/simplelogin-app/simplelogin-app/app/parallel_limiter.py", line 31, in acquire_lock
    if not lock_redis.storage.set(
           ^^^^^^^^^^^^^^^^^^^^^^^
  File "/home/runner/work/simplelogin-app/simplelogin-app/.venv/lib/python3.12/site-packages/redis/commands/core.py", line 2335, in set
    return self.execute_command("SET", *pieces, **options)
           ^^^^^^^^^^^^^^^^^^^^^^^^^^^^^^^^^^^^^^^^^^^^^^^
  File "/home/runner/work/simplelogin-app/simplelogin-app/.venv/lib/python3.12/site-packages/redis/client.py", line 559, in execute_command
    return self._execute_command(*args, **options)
           ^^^^^^^^^^^^^^^^^^^^^^^^^^^^^^^^^^^^^^^
  File "/home/runner/work/simplelogin-app/simplelogin-app/.venv/lib/python3.12/site-packages/redis/client.py", line 565, in _execute_command
    conn = self.connection or pool.get_connection(command_name, **options)
                              ^^^^^^^^^^^^^^^^^^^^^^^^^^^^^^^^^^^^^^^^^^^^
  File "/home/runner/work/simplelogin-app/simplelogin-app/.venv/lib/python3.12/site-packages/redis/connection.py", line 1422, in get_connection
    connection.connect()
  File "/home/runner/work/simplelogin-app/simplelogin-app/.venv/lib/python3.12/site-packages/redis/connection.py", line 363, in connect
    raise ConnectionError(self._error_message(e))
redis.exceptions.ConnectionError: Error 111 connecting to localhost:6379. Connection refused.
___________________________ test_auth_wrong_mfa_key ____________________________
.venv/lib/python3.12/site-packages/redis/connection.py:357: in connect
    sock = self.retry.call_with_retry(
.venv/lib/python3.12/site-packages/redis/retry.py:62: in call_with_retry
    return do()
           ^^^^
.venv/lib/python3.12/site-packages/redis/connection.py:358: in <lambda>
    lambda: self._connect(), lambda error: self.disconnect(error)
            ^^^^^^^^^^^^^^^
.venv/lib/python3.12/site-packages/redis/connection.py:730: in _connect
    raise err
.venv/lib/python3.12/site-packages/redis/connection.py:718: in _connect
    sock.connect(socket_address)
E   ConnectionRefusedError: [Errno 111] Connection refused

During handling of the above exception, another exception occurred:
tests/api/test_auth_mfa.py:36: in test_auth_wrong_mfa_key
    r = flask_client.post(
.venv/lib/python3.12/site-packages/werkzeug/test.py:1016: in post
    return self.open(*args, **kw)
           ^^^^^^^^^^^^^^^^^^^^^^
tests/conftest.py:60: in open
    return super().open(*args, **kwargs)
           ^^^^^^^^^^^^^^^^^^^^^^^^^^^^^
.venv/lib/python3.12/site-packages/flask/testing.py:222: in open
    return Client.open(
.venv/lib/python3.12/site-packages/werkzeug/test.py:970: in open
    response = self.run_wsgi_app(environ.copy(), buffered=buffered)
               ^^^^^^^^^^^^^^^^^^^^^^^^^^^^^^^^^^^^^^^^^^^^^^^^^^^^
.venv/lib/python3.12/site-packages/werkzeug/test.py:861: in run_wsgi_app
    rv = run_wsgi_app(self.application, environ, buffered=buffered)
         ^^^^^^^^^^^^^^^^^^^^^^^^^^^^^^^^^^^^^^^^^^^^^^^^^^^^^^^^^^
.venv/lib/python3.12/site-packages/werkzeug/test.py:1096: in run_wsgi_app
    app_rv = app(environ, start_response)
             ^^^^^^^^^^^^^^^^^^^^^^^^^^^^
.venv/lib/python3.12/site-packages/flask/app.py:2464: in __call__
    return self.wsgi_app(environ, start_response)
           ^^^^^^^^^^^^^^^^^^^^^^^^^^^^^^^^^^^^^^
.venv/lib/python3.12/site-packages/werkzeug/middleware/proxy_fix.py:169: in __call__
    return self.app(environ, start_response)
           ^^^^^^^^^^^^^^^^^^^^^^^^^^^^^^^^^
.venv/lib/python3.12/site-packages/flask/app.py:2450: in wsgi_app
    response = self.handle_exception(e)
               ^^^^^^^^^^^^^^^^^^^^^^^^
.venv/lib/python3.12/site-packages/flask_cors/extension.py:165: in wrapped_function
    return cors_after_request(app.make_response(f(*args, **kwargs)))
                                                ^^^^^^^^^^^^^^^^^^
.venv/lib/python3.12/site-packages/flask/app.py:1867: in handle_exception
    reraise(exc_type, exc_value, tb)
.venv/lib/python3.12/site-packages/flask/_compat.py:39: in reraise
    raise value
.venv/lib/python3.12/site-packages/flask/app.py:2447: in wsgi_app
    response = self.full_dispatch_request()
               ^^^^^^^^^^^^^^^^^^^^^^^^^^^^
.venv/lib/python3.12/site-packages/flask/app.py:1953: in full_dispatch_request
    return self.finalize_request(rv)
           ^^^^^^^^^^^^^^^^^^^^^^^^^
.venv/lib/python3.12/site-packages/flask/app.py:1970: in finalize_request
    response = self.process_response(response)
               ^^^^^^^^^^^^^^^^^^^^^^^^^^^^^^^
.venv/lib/python3.12/site-packages/flask/app.py:2269: in process_response
    self.session_interface.save_session(self, ctx.session, response)
app/session.py:97: in save_session
    self._redis_w.setex(
.venv/lib/python3.12/site-packages/redis/commands/core.py:2360: in setex
    return self.execute_command("SETEX", name, time, value)
           ^^^^^^^^^^^^^^^^^^^^^^^^^^^^^^^^^^^^^^^^^^^^^^^^
.venv/lib/python3.12/site-packages/redis/client.py:559: in execute_command
    return self._execute_command(*args, **options)
           ^^^^^^^^^^^^^^^^^^^^^^^^^^^^^^^^^^^^^^^
.venv/lib/python3.12/site-packages/redis/client.py:565: in _execute_command
    conn = self.connection or pool.get_connection(command_name, **options)
                              ^^^^^^^^^^^^^^^^^^^^^^^^^^^^^^^^^^^^^^^^^^^^
.venv/lib/python3.12/site-packages/redis/connection.py:1422: in get_connection
    connection.connect()
.venv/lib/python3.12/site-packages/redis/connection.py:363: in connect
    raise ConnectionError(self._error_message(e))
E   redis.exceptions.ConnectionError: Error 111 connecting to localhost:6379. Connection refused.
----------------------------- Captured stdout call -----------------------------
2026-02-09 12:29:23,929 - SL - INFO - 5326 - "/home/runner/work/simplelogin-app/simplelogin-app/app/events/event_dispatcher.py:62" - send_event() -  - Not sending events because webhook is not configured and allowed to be empty
2026-02-09 12:29:23,934 - SL - ERROR - 5326 - 8g88IgIA - "/home/runner/work/simplelogin-app/simplelogin-app/server.py:368" - error_handler() -  - Error 111 connecting to localhost:6379. Connection refused.
Traceback (most recent call last):
  File "/home/runner/work/simplelogin-app/simplelogin-app/.venv/lib/python3.12/site-packages/redis/connection.py", line 357, in connect
    sock = self.retry.call_with_retry(
           ^^^^^^^^^^^^^^^^^^^^^^^^^^^
  File "/home/runner/work/simplelogin-app/simplelogin-app/.venv/lib/python3.12/site-packages/redis/retry.py", line 62, in call_with_retry
    return do()
           ^^^^
  File "/home/runner/work/simplelogin-app/simplelogin-app/.venv/lib/python3.12/site-packages/redis/connection.py", line 358, in <lambda>
    lambda: self._connect(), lambda error: self.disconnect(error)
            ^^^^^^^^^^^^^^^
  File "/home/runner/work/simplelogin-app/simplelogin-app/.venv/lib/python3.12/site-packages/redis/connection.py", line 730, in _connect
    raise err
  File "/home/runner/work/simplelogin-app/simplelogin-app/.venv/lib/python3.12/site-packages/redis/connection.py", line 718, in _connect
    sock.connect(socket_address)
ConnectionRefusedError: [Errno 111] Connection refused

During handling of the above exception, another exception occurred:

Traceback (most recent call last):
  File "/home/runner/work/simplelogin-app/simplelogin-app/.venv/lib/python3.12/site-packages/flask/app.py", line 1950, in full_dispatch_request
    rv = self.dispatch_request()
         ^^^^^^^^^^^^^^^^^^^^^^^
  File "/home/runner/work/simplelogin-app/simplelogin-app/.venv/lib/python3.12/site-packages/flask/app.py", line 1936, in dispatch_request
    return self.view_functions[rule.endpoint](**req.view_args)
           ^^^^^^^^^^^^^^^^^^^^^^^^^^^^^^^^^^^^^^^^^^^^^^^^^^^
  File "/home/runner/work/simplelogin-app/simplelogin-app/.venv/lib/python3.12/site-packages/flask_limiter/extension.py", line 705, in __inner
    return obj(*a, **k)
           ^^^^^^^^^^^^
  File "/home/runner/work/simplelogin-app/simplelogin-app/app/parallel_limiter.py", line 59, in decorated
    self.acquire_lock(lock_name, lock_value)
  File "/home/runner/work/simplelogin-app/simplelogin-app/app/parallel_limiter.py", line 31, in acquire_lock
    if not lock_redis.storage.set(
           ^^^^^^^^^^^^^^^^^^^^^^^
  File "/home/runner/work/simplelogin-app/simplelogin-app/.venv/lib/python3.12/site-packages/redis/commands/core.py", line 2335, in set
    return self.execute_command("SET", *pieces, **options)
           ^^^^^^^^^^^^^^^^^^^^^^^^^^^^^^^^^^^^^^^^^^^^^^^
  File "/home/runner/work/simplelogin-app/simplelogin-app/.venv/lib/python3.12/site-packages/redis/client.py", line 559, in execute_command
    return self._execute_command(*args, **options)
           ^^^^^^^^^^^^^^^^^^^^^^^^^^^^^^^^^^^^^^^
  File "/home/runner/work/simplelogin-app/simplelogin-app/.venv/lib/python3.12/site-packages/redis/client.py", line 565, in _execute_command
    conn = self.connection or pool.get_connection(command_name, **options)
                              ^^^^^^^^^^^^^^^^^^^^^^^^^^^^^^^^^^^^^^^^^^^^
  File "/home/runner/work/simplelogin-app/simplelogin-app/.venv/lib/python3.12/site-packages/redis/connection.py", line 1422, in get_connection
    connection.connect()
  File "/home/runner/work/simplelogin-app/simplelogin-app/.venv/lib/python3.12/site-packages/redis/connection.py", line 363, in connect
    raise ConnectionError(self._error_message(e))
redis.exceptions.ConnectionError: Error 111 connecting to localhost:6379. Connection refused.
___________________________ test_get_custom_domains ____________________________
.venv/lib/python3.12/site-packages/redis/connection.py:357: in connect
    sock = self.retry.call_with_retry(
.venv/lib/python3.12/site-packages/redis/retry.py:62: in call_with_retry
    return do()
           ^^^^
.venv/lib/python3.12/site-packages/redis/connection.py:358: in <lambda>
    lambda: self._connect(), lambda error: self.disconnect(error)
            ^^^^^^^^^^^^^^^
.venv/lib/python3.12/site-packages/redis/connection.py:730: in _connect
    raise err
.venv/lib/python3.12/site-packages/redis/connection.py:718: in _connect
    sock.connect(socket_address)
E   ConnectionRefusedError: [Errno 111] Connection refused

During handling of the above exception, another exception occurred:
tests/api/test_custom_domain.py:7: in test_get_custom_domains
    user = login(flask_client)
           ^^^^^^^^^^^^^^^^^^^
tests/utils.py:57: in login
    r = flask_client.post(
.venv/lib/python3.12/site-packages/werkzeug/test.py:1016: in post
    return self.open(*args, **kw)
           ^^^^^^^^^^^^^^^^^^^^^^
tests/conftest.py:60: in open
    return super().open(*args, **kwargs)
           ^^^^^^^^^^^^^^^^^^^^^^^^^^^^^
.venv/lib/python3.12/site-packages/flask/testing.py:222: in open
    return Client.open(
.venv/lib/python3.12/site-packages/werkzeug/test.py:970: in open
    response = self.run_wsgi_app(environ.copy(), buffered=buffered)
               ^^^^^^^^^^^^^^^^^^^^^^^^^^^^^^^^^^^^^^^^^^^^^^^^^^^^
.venv/lib/python3.12/site-packages/werkzeug/test.py:861: in run_wsgi_app
    rv = run_wsgi_app(self.application, environ, buffered=buffered)
         ^^^^^^^^^^^^^^^^^^^^^^^^^^^^^^^^^^^^^^^^^^^^^^^^^^^^^^^^^^
.venv/lib/python3.12/site-packages/werkzeug/test.py:1096: in run_wsgi_app
    app_rv = app(environ, start_response)
             ^^^^^^^^^^^^^^^^^^^^^^^^^^^^
.venv/lib/python3.12/site-packages/flask/app.py:2464: in __call__
    return self.wsgi_app(environ, start_response)
           ^^^^^^^^^^^^^^^^^^^^^^^^^^^^^^^^^^^^^^
.venv/lib/python3.12/site-packages/werkzeug/middleware/proxy_fix.py:169: in __call__
    return self.app(environ, start_response)
           ^^^^^^^^^^^^^^^^^^^^^^^^^^^^^^^^^
.venv/lib/python3.12/site-packages/flask/app.py:2450: in wsgi_app
    response = self.handle_exception(e)
               ^^^^^^^^^^^^^^^^^^^^^^^^
.venv/lib/python3.12/site-packages/flask_cors/extension.py:165: in wrapped_function
    return cors_after_request(app.make_response(f(*args, **kwargs)))
                                                ^^^^^^^^^^^^^^^^^^
.venv/lib/python3.12/site-packages/flask/app.py:1867: in handle_exception
    reraise(exc_type, exc_value, tb)
.venv/lib/python3.12/site-packages/flask/_compat.py:39: in reraise
    raise value
.venv/lib/python3.12/site-packages/flask/app.py:2447: in wsgi_app
    response = self.full_dispatch_request()
               ^^^^^^^^^^^^^^^^^^^^^^^^^^^^
.venv/lib/python3.12/site-packages/flask/app.py:1953: in full_dispatch_request
    return self.finalize_request(rv)
           ^^^^^^^^^^^^^^^^^^^^^^^^^
.venv/lib/python3.12/site-packages/flask/app.py:1970: in finalize_request
    response = self.process_response(response)
               ^^^^^^^^^^^^^^^^^^^^^^^^^^^^^^^
.venv/lib/python3.12/site-packages/flask/app.py:2269: in process_response
    self.session_interface.save_session(self, ctx.session, response)
app/session.py:97: in save_session
    self._redis_w.setex(
.venv/lib/python3.12/site-packages/redis/commands/core.py:2360: in setex
    return self.execute_command("SETEX", name, time, value)
           ^^^^^^^^^^^^^^^^^^^^^^^^^^^^^^^^^^^^^^^^^^^^^^^^
.venv/lib/python3.12/site-packages/redis/client.py:559: in execute_command
    return self._execute_command(*args, **options)
           ^^^^^^^^^^^^^^^^^^^^^^^^^^^^^^^^^^^^^^^
.venv/lib/python3.12/site-packages/redis/client.py:565: in _execute_command
    conn = self.connection or pool.get_connection(command_name, **options)
                              ^^^^^^^^^^^^^^^^^^^^^^^^^^^^^^^^^^^^^^^^^^^^
.venv/lib/python3.12/site-packages/redis/connection.py:1422: in get_connection
    connection.connect()
.venv/lib/python3.12/site-packages/redis/connection.py:363: in connect
    raise ConnectionError(self._error_message(e))
E   redis.exceptions.ConnectionError: Error 111 connecting to localhost:6379. Connection refused.
----------------------------- Captured stdout call -----------------------------
2026-02-09 12:29:24,381 - SL - INFO - 5326 - "/home/runner/work/simplelogin-app/simplelogin-app/app/events/event_dispatcher.py:62" - send_event() -  - Not sending events because webhook is not configured and allowed to be empty
__________________________ test_update_custom_domains __________________________
.venv/lib/python3.12/site-packages/redis/connection.py:357: in connect
    sock = self.retry.call_with_retry(
.venv/lib/python3.12/site-packages/redis/retry.py:62: in call_with_retry
    return do()
           ^^^^
.venv/lib/python3.12/site-packages/redis/connection.py:358: in <lambda>
    lambda: self._connect(), lambda error: self.disconnect(error)
            ^^^^^^^^^^^^^^^
.venv/lib/python3.12/site-packages/redis/connection.py:730: in _connect
    raise err
.venv/lib/python3.12/site-packages/redis/connection.py:718: in _connect
    sock.connect(socket_address)
E   ConnectionRefusedError: [Errno 111] Connection refused

During handling of the above exception, another exception occurred:
tests/api/test_custom_domain.py:38: in test_update_custom_domains
    user = login(flask_client)
           ^^^^^^^^^^^^^^^^^^^
tests/utils.py:57: in login
    r = flask_client.post(
.venv/lib/python3.12/site-packages/werkzeug/test.py:1016: in post
    return self.open(*args, **kw)
           ^^^^^^^^^^^^^^^^^^^^^^
tests/conftest.py:60: in open
    return super().open(*args, **kwargs)
           ^^^^^^^^^^^^^^^^^^^^^^^^^^^^^
.venv/lib/python3.12/site-packages/flask/testing.py:222: in open
    return Client.open(
.venv/lib/python3.12/site-packages/werkzeug/test.py:970: in open
    response = self.run_wsgi_app(environ.copy(), buffered=buffered)
               ^^^^^^^^^^^^^^^^^^^^^^^^^^^^^^^^^^^^^^^^^^^^^^^^^^^^
.venv/lib/python3.12/site-packages/werkzeug/test.py:861: in run_wsgi_app
    rv = run_wsgi_app(self.application, environ, buffered=buffered)
         ^^^^^^^^^^^^^^^^^^^^^^^^^^^^^^^^^^^^^^^^^^^^^^^^^^^^^^^^^^
.venv/lib/python3.12/site-packages/werkzeug/test.py:1096: in run_wsgi_app
    app_rv = app(environ, start_response)
             ^^^^^^^^^^^^^^^^^^^^^^^^^^^^
.venv/lib/python3.12/site-packages/flask/app.py:2464: in __call__
    return self.wsgi_app(environ, start_response)
           ^^^^^^^^^^^^^^^^^^^^^^^^^^^^^^^^^^^^^^
.venv/lib/python3.12/site-packages/werkzeug/middleware/proxy_fix.py:169: in __call__
    return self.app(environ, start_response)
           ^^^^^^^^^^^^^^^^^^^^^^^^^^^^^^^^^
.venv/lib/python3.12/site-packages/flask/app.py:2450: in wsgi_app
    response = self.handle_exception(e)
               ^^^^^^^^^^^^^^^^^^^^^^^^
.venv/lib/python3.12/site-packages/flask_cors/extension.py:165: in wrapped_function
    return cors_after_request(app.make_response(f(*args, **kwargs)))
                                                ^^^^^^^^^^^^^^^^^^
.venv/lib/python3.12/site-packages/flask/app.py:1867: in handle_exception
    reraise(exc_type, exc_value, tb)
.venv/lib/python3.12/site-packages/flask/_compat.py:39: in reraise
    raise value
.venv/lib/python3.12/site-packages/flask/app.py:2447: in wsgi_app
    response = self.full_dispatch_request()
               ^^^^^^^^^^^^^^^^^^^^^^^^^^^^
.venv/lib/python3.12/site-packages/flask/app.py:1953: in full_dispatch_request
    return self.finalize_request(rv)
           ^^^^^^^^^^^^^^^^^^^^^^^^^
.venv/lib/python3.12/site-packages/flask/app.py:1970: in finalize_request
    response = self.process_response(response)
               ^^^^^^^^^^^^^^^^^^^^^^^^^^^^^^^
.venv/lib/python3.12/site-packages/flask/app.py:2269: in process_response
    self.session_interface.save_session(self, ctx.session, response)
app/session.py:97: in save_session
    self._redis_w.setex(
.venv/lib/python3.12/site-packages/redis/commands/core.py:2360: in setex
    return self.execute_command("SETEX", name, time, value)
           ^^^^^^^^^^^^^^^^^^^^^^^^^^^^^^^^^^^^^^^^^^^^^^^^
.venv/lib/python3.12/site-packages/redis/client.py:559: in execute_command
    return self._execute_command(*args, **options)
           ^^^^^^^^^^^^^^^^^^^^^^^^^^^^^^^^^^^^^^^
.venv/lib/python3.12/site-packages/redis/client.py:565: in _execute_command
    conn = self.connection or pool.get_connection(command_name, **options)
                              ^^^^^^^^^^^^^^^^^^^^^^^^^^^^^^^^^^^^^^^^^^^^
.venv/lib/python3.12/site-packages/redis/connection.py:1422: in get_connection
    connection.connect()
.venv/lib/python3.12/site-packages/redis/connection.py:363: in connect
    raise ConnectionError(self._error_message(e))
E   redis.exceptions.ConnectionError: Error 111 connecting to localhost:6379. Connection refused.
----------------------------- Captured stdout call -----------------------------
2026-02-09 12:29:25,066 - SL - INFO - 5326 - "/home/runner/work/simplelogin-app/simplelogin-app/app/events/event_dispatcher.py:62" - send_event() -  - Not sending events because webhook is not configured and allowed to be empty
_________________________ test_get_custom_domain_trash _________________________
.venv/lib/python3.12/site-packages/redis/connection.py:357: in connect
    sock = self.retry.call_with_retry(
.venv/lib/python3.12/site-packages/redis/retry.py:62: in call_with_retry
    return do()
           ^^^^
.venv/lib/python3.12/site-packages/redis/connection.py:358: in <lambda>
    lambda: self._connect(), lambda error: self.disconnect(error)
            ^^^^^^^^^^^^^^^
.venv/lib/python3.12/site-packages/redis/connection.py:730: in _connect
    raise err
.venv/lib/python3.12/site-packages/redis/connection.py:718: in _connect
    sock.connect(socket_address)
E   ConnectionRefusedError: [Errno 111] Connection refused

During handling of the above exception, another exception occurred:
tests/api/test_custom_domain.py:94: in test_get_custom_domain_trash
    user = login(flask_client)
           ^^^^^^^^^^^^^^^^^^^
tests/utils.py:57: in login
    r = flask_client.post(
.venv/lib/python3.12/site-packages/werkzeug/test.py:1016: in post
    return self.open(*args, **kw)
           ^^^^^^^^^^^^^^^^^^^^^^
tests/conftest.py:60: in open
    return super().open(*args, **kwargs)
           ^^^^^^^^^^^^^^^^^^^^^^^^^^^^^
.venv/lib/python3.12/site-packages/flask/testing.py:222: in open
    return Client.open(
.venv/lib/python3.12/site-packages/werkzeug/test.py:970: in open
    response = self.run_wsgi_app(environ.copy(), buffered=buffered)
               ^^^^^^^^^^^^^^^^^^^^^^^^^^^^^^^^^^^^^^^^^^^^^^^^^^^^
.venv/lib/python3.12/site-packages/werkzeug/test.py:861: in run_wsgi_app
    rv = run_wsgi_app(self.application, environ, buffered=buffered)
         ^^^^^^^^^^^^^^^^^^^^^^^^^^^^^^^^^^^^^^^^^^^^^^^^^^^^^^^^^^
.venv/lib/python3.12/site-packages/werkzeug/test.py:1096: in run_wsgi_app
    app_rv = app(environ, start_response)
             ^^^^^^^^^^^^^^^^^^^^^^^^^^^^
.venv/lib/python3.12/site-packages/flask/app.py:2464: in __call__
    return self.wsgi_app(environ, start_response)
           ^^^^^^^^^^^^^^^^^^^^^^^^^^^^^^^^^^^^^^
.venv/lib/python3.12/site-packages/werkzeug/middleware/proxy_fix.py:169: in __call__
    return self.app(environ, start_response)
           ^^^^^^^^^^^^^^^^^^^^^^^^^^^^^^^^^
.venv/lib/python3.12/site-packages/flask/app.py:2450: in wsgi_app
    response = self.handle_exception(e)
               ^^^^^^^^^^^^^^^^^^^^^^^^
.venv/lib/python3.12/site-packages/flask_cors/extension.py:165: in wrapped_function
    return cors_after_request(app.make_response(f(*args, **kwargs)))
                                                ^^^^^^^^^^^^^^^^^^
.venv/lib/python3.12/site-packages/flask/app.py:1867: in handle_exception
    reraise(exc_type, exc_value, tb)
.venv/lib/python3.12/site-packages/flask/_compat.py:39: in reraise
    raise value
.venv/lib/python3.12/site-packages/flask/app.py:2447: in wsgi_app
    response = self.full_dispatch_request()
               ^^^^^^^^^^^^^^^^^^^^^^^^^^^^
.venv/lib/python3.12/site-packages/flask/app.py:1953: in full_dispatch_request
    return self.finalize_request(rv)
           ^^^^^^^^^^^^^^^^^^^^^^^^^
.venv/lib/python3.12/site-packages/flask/app.py:1970: in finalize_request
    response = self.process_response(response)
               ^^^^^^^^^^^^^^^^^^^^^^^^^^^^^^^
.venv/lib/python3.12/site-packages/flask/app.py:2269: in process_response
    self.session_interface.save_session(self, ctx.session, response)
app/session.py:97: in save_session
    self._redis_w.setex(
.venv/lib/python3.12/site-packages/redis/commands/core.py:2360: in setex
    return self.execute_command("SETEX", name, time, value)
           ^^^^^^^^^^^^^^^^^^^^^^^^^^^^^^^^^^^^^^^^^^^^^^^^
.venv/lib/python3.12/site-packages/redis/client.py:559: in execute_command
    return self._execute_command(*args, **options)
           ^^^^^^^^^^^^^^^^^^^^^^^^^^^^^^^^^^^^^^^
.venv/lib/python3.12/site-packages/redis/client.py:565: in _execute_command
    conn = self.connection or pool.get_connection(command_name, **options)
                              ^^^^^^^^^^^^^^^^^^^^^^^^^^^^^^^^^^^^^^^^^^^^
.venv/lib/python3.12/site-packages/redis/connection.py:1422: in get_connection
    connection.connect()
.venv/lib/python3.12/site-packages/redis/connection.py:363: in connect
    raise ConnectionError(self._error_message(e))
E   redis.exceptions.ConnectionError: Error 111 connecting to localhost:6379. Connection refused.
----------------------------- Captured stdout call -----------------------------
2026-02-09 12:29:25,749 - SL - INFO - 5326 - "/home/runner/work/simplelogin-app/simplelogin-app/app/events/event_dispatcher.py:62" - send_event() -  - Not sending events because webhook is not configured and allowed to be empty
_________________________________ test_export __________________________________
.venv/lib/python3.12/site-packages/redis/connection.py:357: in connect
    sock = self.retry.call_with_retry(
.venv/lib/python3.12/site-packages/redis/retry.py:62: in call_with_retry
    return do()
           ^^^^
.venv/lib/python3.12/site-packages/redis/connection.py:358: in <lambda>
    lambda: self._connect(), lambda error: self.disconnect(error)
            ^^^^^^^^^^^^^^^
.venv/lib/python3.12/site-packages/redis/connection.py:730: in _connect
    raise err
.venv/lib/python3.12/site-packages/redis/connection.py:718: in _connect
    sock.connect(socket_address)
E   ConnectionRefusedError: [Errno 111] Connection refused

During handling of the above exception, another exception occurred:
tests/api/test_import_export.py:15: in test_export
    alias_export(flask_client, "api.export_aliases")
tests/utils_test_alias.py:14: in alias_export
    user1 = login(flask_client)
            ^^^^^^^^^^^^^^^^^^^
tests/utils.py:57: in login
    r = flask_client.post(
.venv/lib/python3.12/site-packages/werkzeug/test.py:1016: in post
    return self.open(*args, **kw)
           ^^^^^^^^^^^^^^^^^^^^^^
tests/conftest.py:60: in open
    return super().open(*args, **kwargs)
           ^^^^^^^^^^^^^^^^^^^^^^^^^^^^^
.venv/lib/python3.12/site-packages/flask/testing.py:222: in open
    return Client.open(
.venv/lib/python3.12/site-packages/werkzeug/test.py:970: in open
    response = self.run_wsgi_app(environ.copy(), buffered=buffered)
               ^^^^^^^^^^^^^^^^^^^^^^^^^^^^^^^^^^^^^^^^^^^^^^^^^^^^
.venv/lib/python3.12/site-packages/werkzeug/test.py:861: in run_wsgi_app
    rv = run_wsgi_app(self.application, environ, buffered=buffered)
         ^^^^^^^^^^^^^^^^^^^^^^^^^^^^^^^^^^^^^^^^^^^^^^^^^^^^^^^^^^
.venv/lib/python3.12/site-packages/werkzeug/test.py:1096: in run_wsgi_app
    app_rv = app(environ, start_response)
             ^^^^^^^^^^^^^^^^^^^^^^^^^^^^
.venv/lib/python3.12/site-packages/flask/app.py:2464: in __call__
    return self.wsgi_app(environ, start_response)
           ^^^^^^^^^^^^^^^^^^^^^^^^^^^^^^^^^^^^^^
.venv/lib/python3.12/site-packages/werkzeug/middleware/proxy_fix.py:169: in __call__
    return self.app(environ, start_response)
           ^^^^^^^^^^^^^^^^^^^^^^^^^^^^^^^^^
.venv/lib/python3.12/site-packages/flask/app.py:2450: in wsgi_app
    response = self.handle_exception(e)
               ^^^^^^^^^^^^^^^^^^^^^^^^
.venv/lib/python3.12/site-packages/flask_cors/extension.py:165: in wrapped_function
    return cors_after_request(app.make_response(f(*args, **kwargs)))
                                                ^^^^^^^^^^^^^^^^^^
.venv/lib/python3.12/site-packages/flask/app.py:1867: in handle_exception
    reraise(exc_type, exc_value, tb)
.venv/lib/python3.12/site-packages/flask/_compat.py:39: in reraise
    raise value
.venv/lib/python3.12/site-packages/flask/app.py:2447: in wsgi_app
    response = self.full_dispatch_request()
               ^^^^^^^^^^^^^^^^^^^^^^^^^^^^
.venv/lib/python3.12/site-packages/flask/app.py:1953: in full_dispatch_request
    return self.finalize_request(rv)
           ^^^^^^^^^^^^^^^^^^^^^^^^^
.venv/lib/python3.12/site-packages/flask/app.py:1970: in finalize_request
    response = self.process_response(response)
               ^^^^^^^^^^^^^^^^^^^^^^^^^^^^^^^
.venv/lib/python3.12/site-packages/flask/app.py:2269: in process_response
    self.session_interface.save_session(self, ctx.session, response)
app/session.py:97: in save_session
    self._redis_w.setex(
.venv/lib/python3.12/site-packages/redis/commands/core.py:2360: in setex
    return self.execute_command("SETEX", name, time, value)
           ^^^^^^^^^^^^^^^^^^^^^^^^^^^^^^^^^^^^^^^^^^^^^^^^
.venv/lib/python3.12/site-packages/redis/client.py:559: in execute_command
    return self._execute_command(*args, **options)
           ^^^^^^^^^^^^^^^^^^^^^^^^^^^^^^^^^^^^^^^
.venv/lib/python3.12/site-packages/redis/client.py:565: in _execute_command
    conn = self.connection or pool.get_connection(command_name, **options)
                              ^^^^^^^^^^^^^^^^^^^^^^^^^^^^^^^^^^^^^^^^^^^^
.venv/lib/python3.12/site-packages/redis/connection.py:1422: in get_connection
    connection.connect()
.venv/lib/python3.12/site-packages/redis/connection.py:363: in connect
    raise ConnectionError(self._error_message(e))
E   redis.exceptions.ConnectionError: Error 111 connecting to localhost:6379. Connection refused.
----------------------------- Captured stdout call -----------------------------
2026-02-09 12:29:26,704 - SL - INFO - 5326 - "/home/runner/work/simplelogin-app/simplelogin-app/app/events/event_dispatcher.py:62" - send_event() -  - Not sending events because webhook is not configured and allowed to be empty
_____________________ test_import_no_mailboxes_no_domains ______________________
.venv/lib/python3.12/site-packages/redis/connection.py:357: in connect
    sock = self.retry.call_with_retry(
.venv/lib/python3.12/site-packages/redis/retry.py:62: in call_with_retry
    return do()
           ^^^^
.venv/lib/python3.12/site-packages/redis/connection.py:358: in <lambda>
    lambda: self._connect(), lambda error: self.disconnect(error)
            ^^^^^^^^^^^^^^^
.venv/lib/python3.12/site-packages/redis/connection.py:730: in _connect
    raise err
.venv/lib/python3.12/site-packages/redis/connection.py:718: in _connect
    sock.connect(socket_address)
E   ConnectionRefusedError: [Errno 111] Connection refused

During handling of the above exception, another exception occurred:
tests/api/test_import_export.py:20: in test_import_no_mailboxes_no_domains
    user = login(flask_client)
           ^^^^^^^^^^^^^^^^^^^
tests/utils.py:57: in login
    r = flask_client.post(
.venv/lib/python3.12/site-packages/werkzeug/test.py:1016: in post
    return self.open(*args, **kw)
           ^^^^^^^^^^^^^^^^^^^^^^
tests/conftest.py:60: in open
    return super().open(*args, **kwargs)
           ^^^^^^^^^^^^^^^^^^^^^^^^^^^^^
.venv/lib/python3.12/site-packages/flask/testing.py:222: in open
    return Client.open(
.venv/lib/python3.12/site-packages/werkzeug/test.py:970: in open
    response = self.run_wsgi_app(environ.copy(), buffered=buffered)
               ^^^^^^^^^^^^^^^^^^^^^^^^^^^^^^^^^^^^^^^^^^^^^^^^^^^^
.venv/lib/python3.12/site-packages/werkzeug/test.py:861: in run_wsgi_app
    rv = run_wsgi_app(self.application, environ, buffered=buffered)
         ^^^^^^^^^^^^^^^^^^^^^^^^^^^^^^^^^^^^^^^^^^^^^^^^^^^^^^^^^^
.venv/lib/python3.12/site-packages/werkzeug/test.py:1096: in run_wsgi_app
    app_rv = app(environ, start_response)
             ^^^^^^^^^^^^^^^^^^^^^^^^^^^^
.venv/lib/python3.12/site-packages/flask/app.py:2464: in __call__
    return self.wsgi_app(environ, start_response)
           ^^^^^^^^^^^^^^^^^^^^^^^^^^^^^^^^^^^^^^
.venv/lib/python3.12/site-packages/werkzeug/middleware/proxy_fix.py:169: in __call__
    return self.app(environ, start_response)
           ^^^^^^^^^^^^^^^^^^^^^^^^^^^^^^^^^
.venv/lib/python3.12/site-packages/flask/app.py:2450: in wsgi_app
    response = self.handle_exception(e)
               ^^^^^^^^^^^^^^^^^^^^^^^^
.venv/lib/python3.12/site-packages/flask_cors/extension.py:165: in wrapped_function
    return cors_after_request(app.make_response(f(*args, **kwargs)))
                                                ^^^^^^^^^^^^^^^^^^
.venv/lib/python3.12/site-packages/flask/app.py:1867: in handle_exception
    reraise(exc_type, exc_value, tb)
.venv/lib/python3.12/site-packages/flask/_compat.py:39: in reraise
    raise value
.venv/lib/python3.12/site-packages/flask/app.py:2447: in wsgi_app
    response = self.full_dispatch_request()
               ^^^^^^^^^^^^^^^^^^^^^^^^^^^^
.venv/lib/python3.12/site-packages/flask/app.py:1953: in full_dispatch_request
    return self.finalize_request(rv)
           ^^^^^^^^^^^^^^^^^^^^^^^^^
.venv/lib/python3.12/site-packages/flask/app.py:1970: in finalize_request
    response = self.process_response(response)
               ^^^^^^^^^^^^^^^^^^^^^^^^^^^^^^^
.venv/lib/python3.12/site-packages/flask/app.py:2269: in process_response
    self.session_interface.save_session(self, ctx.session, response)
app/session.py:97: in save_session
    self._redis_w.setex(
.venv/lib/python3.12/site-packages/redis/commands/core.py:2360: in setex
    return self.execute_command("SETEX", name, time, value)
           ^^^^^^^^^^^^^^^^^^^^^^^^^^^^^^^^^^^^^^^^^^^^^^^^
.venv/lib/python3.12/site-packages/redis/client.py:559: in execute_command
    return self._execute_command(*args, **options)
           ^^^^^^^^^^^^^^^^^^^^^^^^^^^^^^^^^^^^^^^
.venv/lib/python3.12/site-packages/redis/client.py:565: in _execute_command
    conn = self.connection or pool.get_connection(command_name, **options)
                              ^^^^^^^^^^^^^^^^^^^^^^^^^^^^^^^^^^^^^^^^^^^^
.venv/lib/python3.12/site-packages/redis/connection.py:1422: in get_connection
    connection.connect()
.venv/lib/python3.12/site-packages/redis/connection.py:363: in connect
    raise ConnectionError(self._error_message(e))
E   redis.exceptions.ConnectionError: Error 111 connecting to localhost:6379. Connection refused.
----------------------------- Captured stdout call -----------------------------
2026-02-09 12:29:27,502 - SL - INFO - 5326 - "/home/runner/work/simplelogin-app/simplelogin-app/app/events/event_dispatcher.py:62" - send_event() -  - Not sending events because webhook is not configured and allowed to be empty
___________________________ test_import_no_mailboxes ___________________________
.venv/lib/python3.12/site-packages/redis/connection.py:357: in connect
    sock = self.retry.call_with_retry(
.venv/lib/python3.12/site-packages/redis/retry.py:62: in call_with_retry
    return do()
           ^^^^
.venv/lib/python3.12/site-packages/redis/connection.py:358: in <lambda>
    lambda: self._connect(), lambda error: self.disconnect(error)
            ^^^^^^^^^^^^^^^
.venv/lib/python3.12/site-packages/redis/connection.py:730: in _connect
    raise err
.venv/lib/python3.12/site-packages/redis/connection.py:718: in _connect
    sock.connect(socket_address)
E   ConnectionRefusedError: [Errno 111] Connection refused

During handling of the above exception, another exception occurred:
tests/api/test_import_export.py:41: in test_import_no_mailboxes
    user = login(flask_client)
           ^^^^^^^^^^^^^^^^^^^
tests/utils.py:57: in login
    r = flask_client.post(
.venv/lib/python3.12/site-packages/werkzeug/test.py:1016: in post
    return self.open(*args, **kw)
           ^^^^^^^^^^^^^^^^^^^^^^
tests/conftest.py:60: in open
    return super().open(*args, **kwargs)
           ^^^^^^^^^^^^^^^^^^^^^^^^^^^^^
.venv/lib/python3.12/site-packages/flask/testing.py:222: in open
    return Client.open(
.venv/lib/python3.12/site-packages/werkzeug/test.py:970: in open
    response = self.run_wsgi_app(environ.copy(), buffered=buffered)
               ^^^^^^^^^^^^^^^^^^^^^^^^^^^^^^^^^^^^^^^^^^^^^^^^^^^^
.venv/lib/python3.12/site-packages/werkzeug/test.py:861: in run_wsgi_app
    rv = run_wsgi_app(self.application, environ, buffered=buffered)
         ^^^^^^^^^^^^^^^^^^^^^^^^^^^^^^^^^^^^^^^^^^^^^^^^^^^^^^^^^^
.venv/lib/python3.12/site-packages/werkzeug/test.py:1096: in run_wsgi_app
    app_rv = app(environ, start_response)
             ^^^^^^^^^^^^^^^^^^^^^^^^^^^^
.venv/lib/python3.12/site-packages/flask/app.py:2464: in __call__
    return self.wsgi_app(environ, start_response)
           ^^^^^^^^^^^^^^^^^^^^^^^^^^^^^^^^^^^^^^
.venv/lib/python3.12/site-packages/werkzeug/middleware/proxy_fix.py:169: in __call__
    return self.app(environ, start_response)
           ^^^^^^^^^^^^^^^^^^^^^^^^^^^^^^^^^
.venv/lib/python3.12/site-packages/flask/app.py:2450: in wsgi_app
    response = self.handle_exception(e)
               ^^^^^^^^^^^^^^^^^^^^^^^^
.venv/lib/python3.12/site-packages/flask_cors/extension.py:165: in wrapped_function
    return cors_after_request(app.make_response(f(*args, **kwargs)))
                                                ^^^^^^^^^^^^^^^^^^
.venv/lib/python3.12/site-packages/flask/app.py:1867: in handle_exception
    reraise(exc_type, exc_value, tb)
.venv/lib/python3.12/site-packages/flask/_compat.py:39: in reraise
    raise value
.venv/lib/python3.12/site-packages/flask/app.py:2447: in wsgi_app
    response = self.full_dispatch_request()
               ^^^^^^^^^^^^^^^^^^^^^^^^^^^^
.venv/lib/python3.12/site-packages/flask/app.py:1953: in full_dispatch_request
    return self.finalize_request(rv)
           ^^^^^^^^^^^^^^^^^^^^^^^^^
.venv/lib/python3.12/site-packages/flask/app.py:1970: in finalize_request
    response = self.process_response(response)
               ^^^^^^^^^^^^^^^^^^^^^^^^^^^^^^^
.venv/lib/python3.12/site-packages/flask/app.py:2269: in process_response
    self.session_interface.save_session(self, ctx.session, response)
app/session.py:97: in save_session
    self._redis_w.setex(
.venv/lib/python3.12/site-packages/redis/commands/core.py:2360: in setex
    return self.execute_command("SETEX", name, time, value)
           ^^^^^^^^^^^^^^^^^^^^^^^^^^^^^^^^^^^^^^^^^^^^^^^^
.venv/lib/python3.12/site-packages/redis/client.py:559: in execute_command
    return self._execute_command(*args, **options)
           ^^^^^^^^^^^^^^^^^^^^^^^^^^^^^^^^^^^^^^^
.venv/lib/python3.12/site-packages/redis/client.py:565: in _execute_command
    conn = self.connection or pool.get_connection(command_name, **options)
                              ^^^^^^^^^^^^^^^^^^^^^^^^^^^^^^^^^^^^^^^^^^^^
.venv/lib/python3.12/site-packages/redis/connection.py:1422: in get_connection
    connection.connect()
.venv/lib/python3.12/site-packages/redis/connection.py:363: in connect
    raise ConnectionError(self._error_message(e))
E   redis.exceptions.ConnectionError: Error 111 connecting to localhost:6379. Connection refused.
----------------------------- Captured stdout call -----------------------------
2026-02-09 12:29:28,194 - SL - INFO - 5326 - "/home/runner/work/simplelogin-app/simplelogin-app/app/events/event_dispatcher.py:62" - send_event() -  - Not sending events because webhook is not configured and allowed to be empty
____________________________ test_import_no_domains ____________________________
.venv/lib/python3.12/site-packages/redis/connection.py:357: in connect
    sock = self.retry.call_with_retry(
.venv/lib/python3.12/site-packages/redis/retry.py:62: in call_with_retry
    return do()
           ^^^^
.venv/lib/python3.12/site-packages/redis/connection.py:358: in <lambda>
    lambda: self._connect(), lambda error: self.disconnect(error)
            ^^^^^^^^^^^^^^^
.venv/lib/python3.12/site-packages/redis/connection.py:730: in _connect
    raise err
.venv/lib/python3.12/site-packages/redis/connection.py:718: in _connect
    sock.connect(socket_address)
E   ConnectionRefusedError: [Errno 111] Connection refused

During handling of the above exception, another exception occurred:
tests/api/test_import_export.py:67: in test_import_no_domains
    user = login(flask_client)
           ^^^^^^^^^^^^^^^^^^^
tests/utils.py:57: in login
    r = flask_client.post(
.venv/lib/python3.12/site-packages/werkzeug/test.py:1016: in post
    return self.open(*args, **kw)
           ^^^^^^^^^^^^^^^^^^^^^^
tests/conftest.py:60: in open
    return super().open(*args, **kwargs)
           ^^^^^^^^^^^^^^^^^^^^^^^^^^^^^
.venv/lib/python3.12/site-packages/flask/testing.py:222: in open
    return Client.open(
.venv/lib/python3.12/site-packages/werkzeug/test.py:970: in open
    response = self.run_wsgi_app(environ.copy(), buffered=buffered)
               ^^^^^^^^^^^^^^^^^^^^^^^^^^^^^^^^^^^^^^^^^^^^^^^^^^^^
.venv/lib/python3.12/site-packages/werkzeug/test.py:861: in run_wsgi_app
    rv = run_wsgi_app(self.application, environ, buffered=buffered)
         ^^^^^^^^^^^^^^^^^^^^^^^^^^^^^^^^^^^^^^^^^^^^^^^^^^^^^^^^^^
.venv/lib/python3.12/site-packages/werkzeug/test.py:1096: in run_wsgi_app
    app_rv = app(environ, start_response)
             ^^^^^^^^^^^^^^^^^^^^^^^^^^^^
.venv/lib/python3.12/site-packages/flask/app.py:2464: in __call__
    return self.wsgi_app(environ, start_response)
           ^^^^^^^^^^^^^^^^^^^^^^^^^^^^^^^^^^^^^^
.venv/lib/python3.12/site-packages/werkzeug/middleware/proxy_fix.py:169: in __call__
    return self.app(environ, start_response)
           ^^^^^^^^^^^^^^^^^^^^^^^^^^^^^^^^^
.venv/lib/python3.12/site-packages/flask/app.py:2450: in wsgi_app
    response = self.handle_exception(e)
               ^^^^^^^^^^^^^^^^^^^^^^^^
.venv/lib/python3.12/site-packages/flask_cors/extension.py:165: in wrapped_function
    return cors_after_request(app.make_response(f(*args, **kwargs)))
                                                ^^^^^^^^^^^^^^^^^^
.venv/lib/python3.12/site-packages/flask/app.py:1867: in handle_exception
    reraise(exc_type, exc_value, tb)
.venv/lib/python3.12/site-packages/flask/_compat.py:39: in reraise
    raise value
.venv/lib/python3.12/site-packages/flask/app.py:2447: in wsgi_app
    response = self.full_dispatch_request()
               ^^^^^^^^^^^^^^^^^^^^^^^^^^^^
.venv/lib/python3.12/site-packages/flask/app.py:1953: in full_dispatch_request
    return self.finalize_request(rv)
           ^^^^^^^^^^^^^^^^^^^^^^^^^
.venv/lib/python3.12/site-packages/flask/app.py:1970: in finalize_request
    response = self.process_response(response)
               ^^^^^^^^^^^^^^^^^^^^^^^^^^^^^^^
.venv/lib/python3.12/site-packages/flask/app.py:2269: in process_response
    self.session_interface.save_session(self, ctx.session, response)
app/session.py:97: in save_session
    self._redis_w.setex(
.venv/lib/python3.12/site-packages/redis/commands/core.py:2360: in setex
    return self.execute_command("SETEX", name, time, value)
           ^^^^^^^^^^^^^^^^^^^^^^^^^^^^^^^^^^^^^^^^^^^^^^^^
.venv/lib/python3.12/site-packages/redis/client.py:559: in execute_command
    return self._execute_command(*args, **options)
           ^^^^^^^^^^^^^^^^^^^^^^^^^^^^^^^^^^^^^^^
.venv/lib/python3.12/site-packages/redis/client.py:565: in _execute_command
    conn = self.connection or pool.get_connection(command_name, **options)
                              ^^^^^^^^^^^^^^^^^^^^^^^^^^^^^^^^^^^^^^^^^^^^
.venv/lib/python3.12/site-packages/redis/connection.py:1422: in get_connection
    connection.connect()
.venv/lib/python3.12/site-packages/redis/connection.py:363: in connect
    raise ConnectionError(self._error_message(e))
E   redis.exceptions.ConnectionError: Error 111 connecting to localhost:6379. Connection refused.
----------------------------- Captured stdout call -----------------------------
2026-02-09 12:29:28,885 - SL - INFO - 5326 - "/home/runner/work/simplelogin-app/simplelogin-app/app/events/event_dispatcher.py:62" - send_event() -  - Not sending events because webhook is not configured and allowed to be empty
_________________________________ test_import __________________________________
.venv/lib/python3.12/site-packages/redis/connection.py:357: in connect
    sock = self.retry.call_with_retry(
.venv/lib/python3.12/site-packages/redis/retry.py:62: in call_with_retry
    return do()
           ^^^^
.venv/lib/python3.12/site-packages/redis/connection.py:358: in <lambda>
    lambda: self._connect(), lambda error: self.disconnect(error)
            ^^^^^^^^^^^^^^^
.venv/lib/python3.12/site-packages/redis/connection.py:730: in _connect
    raise err
.venv/lib/python3.12/site-packages/redis/connection.py:718: in _connect
    sock.connect(socket_address)
E   ConnectionRefusedError: [Errno 111] Connection refused

During handling of the above exception, another exception occurred:
tests/api/test_import_export.py:89: in test_import
    user = login(flask_client)
           ^^^^^^^^^^^^^^^^^^^
tests/utils.py:57: in login
    r = flask_client.post(
.venv/lib/python3.12/site-packages/werkzeug/test.py:1016: in post
    return self.open(*args, **kw)
           ^^^^^^^^^^^^^^^^^^^^^^
tests/conftest.py:60: in open
    return super().open(*args, **kwargs)
           ^^^^^^^^^^^^^^^^^^^^^^^^^^^^^
.venv/lib/python3.12/site-packages/flask/testing.py:222: in open
    return Client.open(
.venv/lib/python3.12/site-packages/werkzeug/test.py:970: in open
    response = self.run_wsgi_app(environ.copy(), buffered=buffered)
               ^^^^^^^^^^^^^^^^^^^^^^^^^^^^^^^^^^^^^^^^^^^^^^^^^^^^
.venv/lib/python3.12/site-packages/werkzeug/test.py:861: in run_wsgi_app
    rv = run_wsgi_app(self.application, environ, buffered=buffered)
         ^^^^^^^^^^^^^^^^^^^^^^^^^^^^^^^^^^^^^^^^^^^^^^^^^^^^^^^^^^
.venv/lib/python3.12/site-packages/werkzeug/test.py:1096: in run_wsgi_app
    app_rv = app(environ, start_response)
             ^^^^^^^^^^^^^^^^^^^^^^^^^^^^
.venv/lib/python3.12/site-packages/flask/app.py:2464: in __call__
    return self.wsgi_app(environ, start_response)
           ^^^^^^^^^^^^^^^^^^^^^^^^^^^^^^^^^^^^^^
.venv/lib/python3.12/site-packages/werkzeug/middleware/proxy_fix.py:169: in __call__
    return self.app(environ, start_response)
           ^^^^^^^^^^^^^^^^^^^^^^^^^^^^^^^^^
.venv/lib/python3.12/site-packages/flask/app.py:2450: in wsgi_app
    response = self.handle_exception(e)
               ^^^^^^^^^^^^^^^^^^^^^^^^
.venv/lib/python3.12/site-packages/flask_cors/extension.py:165: in wrapped_function
    return cors_after_request(app.make_response(f(*args, **kwargs)))
                                                ^^^^^^^^^^^^^^^^^^
.venv/lib/python3.12/site-packages/flask/app.py:1867: in handle_exception
    reraise(exc_type, exc_value, tb)
.venv/lib/python3.12/site-packages/flask/_compat.py:39: in reraise
    raise value
.venv/lib/python3.12/site-packages/flask/app.py:2447: in wsgi_app
    response = self.full_dispatch_request()
               ^^^^^^^^^^^^^^^^^^^^^^^^^^^^
.venv/lib/python3.12/site-packages/flask/app.py:1953: in full_dispatch_request
    return self.finalize_request(rv)
           ^^^^^^^^^^^^^^^^^^^^^^^^^
.venv/lib/python3.12/site-packages/flask/app.py:1970: in finalize_request
    response = self.process_response(response)
               ^^^^^^^^^^^^^^^^^^^^^^^^^^^^^^^
.venv/lib/python3.12/site-packages/flask/app.py:2269: in process_response
    self.session_interface.save_session(self, ctx.session, response)
app/session.py:97: in save_session
    self._redis_w.setex(
.venv/lib/python3.12/site-packages/redis/commands/core.py:2360: in setex
    return self.execute_command("SETEX", name, time, value)
           ^^^^^^^^^^^^^^^^^^^^^^^^^^^^^^^^^^^^^^^^^^^^^^^^
.venv/lib/python3.12/site-packages/redis/client.py:559: in execute_command
    return self._execute_command(*args, **options)
           ^^^^^^^^^^^^^^^^^^^^^^^^^^^^^^^^^^^^^^^
.venv/lib/python3.12/site-packages/redis/client.py:565: in _execute_command
    conn = self.connection or pool.get_connection(command_name, **options)
                              ^^^^^^^^^^^^^^^^^^^^^^^^^^^^^^^^^^^^^^^^^^^^
.venv/lib/python3.12/site-packages/redis/connection.py:1422: in get_connection
    connection.connect()
.venv/lib/python3.12/site-packages/redis/connection.py:363: in connect
    raise ConnectionError(self._error_message(e))
E   redis.exceptions.ConnectionError: Error 111 connecting to localhost:6379. Connection refused.
----------------------------- Captured stdout call -----------------------------
2026-02-09 12:29:29,577 - SL - INFO - 5326 - "/home/runner/work/simplelogin-app/simplelogin-app/app/events/event_dispatcher.py:62" - send_event() -  - Not sending events because webhook is not configured and allowed to be empty
______________________ test_import_invalid_mailbox_column ______________________
.venv/lib/python3.12/site-packages/redis/connection.py:357: in connect
    sock = self.retry.call_with_retry(
.venv/lib/python3.12/site-packages/redis/retry.py:62: in call_with_retry
    return do()
           ^^^^
.venv/lib/python3.12/site-packages/redis/connection.py:358: in <lambda>
    lambda: self._connect(), lambda error: self.disconnect(error)
            ^^^^^^^^^^^^^^^
.venv/lib/python3.12/site-packages/redis/connection.py:730: in _connect
    raise err
.venv/lib/python3.12/site-packages/redis/connection.py:718: in _connect
    sock.connect(socket_address)
E   ConnectionRefusedError: [Errno 111] Connection refused

During handling of the above exception, another exception occurred:
tests/api/test_import_export.py:146: in test_import_invalid_mailbox_column
    user = login(flask_client)
           ^^^^^^^^^^^^^^^^^^^
tests/utils.py:57: in login
    r = flask_client.post(
.venv/lib/python3.12/site-packages/werkzeug/test.py:1016: in post
    return self.open(*args, **kw)
           ^^^^^^^^^^^^^^^^^^^^^^
tests/conftest.py:60: in open
    return super().open(*args, **kwargs)
           ^^^^^^^^^^^^^^^^^^^^^^^^^^^^^
.venv/lib/python3.12/site-packages/flask/testing.py:222: in open
    return Client.open(
.venv/lib/python3.12/site-packages/werkzeug/test.py:970: in open
    response = self.run_wsgi_app(environ.copy(), buffered=buffered)
               ^^^^^^^^^^^^^^^^^^^^^^^^^^^^^^^^^^^^^^^^^^^^^^^^^^^^
.venv/lib/python3.12/site-packages/werkzeug/test.py:861: in run_wsgi_app
    rv = run_wsgi_app(self.application, environ, buffered=buffered)
         ^^^^^^^^^^^^^^^^^^^^^^^^^^^^^^^^^^^^^^^^^^^^^^^^^^^^^^^^^^
.venv/lib/python3.12/site-packages/werkzeug/test.py:1096: in run_wsgi_app
    app_rv = app(environ, start_response)
             ^^^^^^^^^^^^^^^^^^^^^^^^^^^^
.venv/lib/python3.12/site-packages/flask/app.py:2464: in __call__
    return self.wsgi_app(environ, start_response)
           ^^^^^^^^^^^^^^^^^^^^^^^^^^^^^^^^^^^^^^
.venv/lib/python3.12/site-packages/werkzeug/middleware/proxy_fix.py:169: in __call__
    return self.app(environ, start_response)
           ^^^^^^^^^^^^^^^^^^^^^^^^^^^^^^^^^
.venv/lib/python3.12/site-packages/flask/app.py:2450: in wsgi_app
    response = self.handle_exception(e)
               ^^^^^^^^^^^^^^^^^^^^^^^^
.venv/lib/python3.12/site-packages/flask_cors/extension.py:165: in wrapped_function
    return cors_after_request(app.make_response(f(*args, **kwargs)))
                                                ^^^^^^^^^^^^^^^^^^
.venv/lib/python3.12/site-packages/flask/app.py:1867: in handle_exception
    reraise(exc_type, exc_value, tb)
.venv/lib/python3.12/site-packages/flask/_compat.py:39: in reraise
    raise value
.venv/lib/python3.12/site-packages/flask/app.py:2447: in wsgi_app
    response = self.full_dispatch_request()
               ^^^^^^^^^^^^^^^^^^^^^^^^^^^^
.venv/lib/python3.12/site-packages/flask/app.py:1953: in full_dispatch_request
    return self.finalize_request(rv)
           ^^^^^^^^^^^^^^^^^^^^^^^^^
.venv/lib/python3.12/site-packages/flask/app.py:1970: in finalize_request
    response = self.process_response(response)
               ^^^^^^^^^^^^^^^^^^^^^^^^^^^^^^^
.venv/lib/python3.12/site-packages/flask/app.py:2269: in process_response
    self.session_interface.save_session(self, ctx.session, response)
app/session.py:97: in save_session
    self._redis_w.setex(
.venv/lib/python3.12/site-packages/redis/commands/core.py:2360: in setex
    return self.execute_command("SETEX", name, time, value)
           ^^^^^^^^^^^^^^^^^^^^^^^^^^^^^^^^^^^^^^^^^^^^^^^^
.venv/lib/python3.12/site-packages/redis/client.py:559: in execute_command
    return self._execute_command(*args, **options)
           ^^^^^^^^^^^^^^^^^^^^^^^^^^^^^^^^^^^^^^^
.venv/lib/python3.12/site-packages/redis/client.py:565: in _execute_command
    conn = self.connection or pool.get_connection(command_name, **options)
                              ^^^^^^^^^^^^^^^^^^^^^^^^^^^^^^^^^^^^^^^^^^^^
.venv/lib/python3.12/site-packages/redis/connection.py:1422: in get_connection
    connection.connect()
.venv/lib/python3.12/site-packages/redis/connection.py:363: in connect
    raise ConnectionError(self._error_message(e))
E   redis.exceptions.ConnectionError: Error 111 connecting to localhost:6379. Connection refused.
----------------------------- Captured stdout call -----------------------------
2026-02-09 12:29:30,265 - SL - INFO - 5326 - "/home/runner/work/simplelogin-app/simplelogin-app/app/events/event_dispatcher.py:62" - send_event() -  - Not sending events because webhook is not configured and allowed to be empty
__________________________ test_create_mailbox_valid ___________________________
.venv/lib/python3.12/site-packages/redis/connection.py:357: in connect
    sock = self.retry.call_with_retry(
.venv/lib/python3.12/site-packages/redis/retry.py:62: in call_with_retry
    return do()
           ^^^^
.venv/lib/python3.12/site-packages/redis/connection.py:358: in <lambda>
    lambda: self._connect(), lambda error: self.disconnect(error)
            ^^^^^^^^^^^^^^^
.venv/lib/python3.12/site-packages/redis/connection.py:730: in _connect
    raise err
.venv/lib/python3.12/site-packages/redis/connection.py:718: in _connect
    sock.connect(socket_address)
E   ConnectionRefusedError: [Errno 111] Connection refused

During handling of the above exception, another exception occurred:
tests/api/test_mailbox.py:9: in test_create_mailbox_valid
    login(flask_client)
tests/utils.py:57: in login
    r = flask_client.post(
.venv/lib/python3.12/site-packages/werkzeug/test.py:1016: in post
    return self.open(*args, **kw)
           ^^^^^^^^^^^^^^^^^^^^^^
tests/conftest.py:60: in open
    return super().open(*args, **kwargs)
           ^^^^^^^^^^^^^^^^^^^^^^^^^^^^^
.venv/lib/python3.12/site-packages/flask/testing.py:222: in open
    return Client.open(
.venv/lib/python3.12/site-packages/werkzeug/test.py:970: in open
    response = self.run_wsgi_app(environ.copy(), buffered=buffered)
               ^^^^^^^^^^^^^^^^^^^^^^^^^^^^^^^^^^^^^^^^^^^^^^^^^^^^
.venv/lib/python3.12/site-packages/werkzeug/test.py:861: in run_wsgi_app
    rv = run_wsgi_app(self.application, environ, buffered=buffered)
         ^^^^^^^^^^^^^^^^^^^^^^^^^^^^^^^^^^^^^^^^^^^^^^^^^^^^^^^^^^
.venv/lib/python3.12/site-packages/werkzeug/test.py:1096: in run_wsgi_app
    app_rv = app(environ, start_response)
             ^^^^^^^^^^^^^^^^^^^^^^^^^^^^
.venv/lib/python3.12/site-packages/flask/app.py:2464: in __call__
    return self.wsgi_app(environ, start_response)
           ^^^^^^^^^^^^^^^^^^^^^^^^^^^^^^^^^^^^^^
.venv/lib/python3.12/site-packages/werkzeug/middleware/proxy_fix.py:169: in __call__
    return self.app(environ, start_response)
           ^^^^^^^^^^^^^^^^^^^^^^^^^^^^^^^^^
.venv/lib/python3.12/site-packages/flask/app.py:2450: in wsgi_app
    response = self.handle_exception(e)
               ^^^^^^^^^^^^^^^^^^^^^^^^
.venv/lib/python3.12/site-packages/flask_cors/extension.py:165: in wrapped_function
    return cors_after_request(app.make_response(f(*args, **kwargs)))
                                                ^^^^^^^^^^^^^^^^^^
.venv/lib/python3.12/site-packages/flask/app.py:1867: in handle_exception
    reraise(exc_type, exc_value, tb)
.venv/lib/python3.12/site-packages/flask/_compat.py:39: in reraise
    raise value
.venv/lib/python3.12/site-packages/flask/app.py:2447: in wsgi_app
    response = self.full_dispatch_request()
               ^^^^^^^^^^^^^^^^^^^^^^^^^^^^
.venv/lib/python3.12/site-packages/flask/app.py:1953: in full_dispatch_request
    return self.finalize_request(rv)
           ^^^^^^^^^^^^^^^^^^^^^^^^^
.venv/lib/python3.12/site-packages/flask/app.py:1970: in finalize_request
    response = self.process_response(response)
               ^^^^^^^^^^^^^^^^^^^^^^^^^^^^^^^
.venv/lib/python3.12/site-packages/flask/app.py:2269: in process_response
    self.session_interface.save_session(self, ctx.session, response)
app/session.py:97: in save_session
    self._redis_w.setex(
.venv/lib/python3.12/site-packages/redis/commands/core.py:2360: in setex
    return self.execute_command("SETEX", name, time, value)
           ^^^^^^^^^^^^^^^^^^^^^^^^^^^^^^^^^^^^^^^^^^^^^^^^
.venv/lib/python3.12/site-packages/redis/client.py:559: in execute_command
    return self._execute_command(*args, **options)
           ^^^^^^^^^^^^^^^^^^^^^^^^^^^^^^^^^^^^^^^
.venv/lib/python3.12/site-packages/redis/client.py:565: in _execute_command
    conn = self.connection or pool.get_connection(command_name, **options)
                              ^^^^^^^^^^^^^^^^^^^^^^^^^^^^^^^^^^^^^^^^^^^^
.venv/lib/python3.12/site-packages/redis/connection.py:1422: in get_connection
    connection.connect()
.venv/lib/python3.12/site-packages/redis/connection.py:363: in connect
    raise ConnectionError(self._error_message(e))
E   redis.exceptions.ConnectionError: Error 111 connecting to localhost:6379. Connection refused.
----------------------------- Captured stdout call -----------------------------
2026-02-09 12:29:30,954 - SL - INFO - 5326 - "/home/runner/work/simplelogin-app/simplelogin-app/app/events/event_dispatcher.py:62" - send_event() -  - Not sending events because webhook is not configured and allowed to be empty
______________________ test_create_mailbox_invalid_email _______________________
.venv/lib/python3.12/site-packages/redis/connection.py:357: in connect
    sock = self.retry.call_with_retry(
.venv/lib/python3.12/site-packages/redis/retry.py:62: in call_with_retry
    return do()
           ^^^^
.venv/lib/python3.12/site-packages/redis/connection.py:358: in <lambda>
    lambda: self._connect(), lambda error: self.disconnect(error)
            ^^^^^^^^^^^^^^^
.venv/lib/python3.12/site-packages/redis/connection.py:730: in _connect
    raise err
.venv/lib/python3.12/site-packages/redis/connection.py:718: in _connect
    sock.connect(socket_address)
E   ConnectionRefusedError: [Errno 111] Connection refused

During handling of the above exception, another exception occurred:
tests/api/test_mailbox.py:26: in test_create_mailbox_invalid_email
    login(flask_client)
tests/utils.py:57: in login
    r = flask_client.post(
.venv/lib/python3.12/site-packages/werkzeug/test.py:1016: in post
    return self.open(*args, **kw)
           ^^^^^^^^^^^^^^^^^^^^^^
tests/conftest.py:60: in open
    return super().open(*args, **kwargs)
           ^^^^^^^^^^^^^^^^^^^^^^^^^^^^^
.venv/lib/python3.12/site-packages/flask/testing.py:222: in open
    return Client.open(
.venv/lib/python3.12/site-packages/werkzeug/test.py:970: in open
    response = self.run_wsgi_app(environ.copy(), buffered=buffered)
               ^^^^^^^^^^^^^^^^^^^^^^^^^^^^^^^^^^^^^^^^^^^^^^^^^^^^
.venv/lib/python3.12/site-packages/werkzeug/test.py:861: in run_wsgi_app
    rv = run_wsgi_app(self.application, environ, buffered=buffered)
         ^^^^^^^^^^^^^^^^^^^^^^^^^^^^^^^^^^^^^^^^^^^^^^^^^^^^^^^^^^
.venv/lib/python3.12/site-packages/werkzeug/test.py:1096: in run_wsgi_app
    app_rv = app(environ, start_response)
             ^^^^^^^^^^^^^^^^^^^^^^^^^^^^
.venv/lib/python3.12/site-packages/flask/app.py:2464: in __call__
    return self.wsgi_app(environ, start_response)
           ^^^^^^^^^^^^^^^^^^^^^^^^^^^^^^^^^^^^^^
.venv/lib/python3.12/site-packages/werkzeug/middleware/proxy_fix.py:169: in __call__
    return self.app(environ, start_response)
           ^^^^^^^^^^^^^^^^^^^^^^^^^^^^^^^^^
.venv/lib/python3.12/site-packages/flask/app.py:2450: in wsgi_app
    response = self.handle_exception(e)
               ^^^^^^^^^^^^^^^^^^^^^^^^
.venv/lib/python3.12/site-packages/flask_cors/extension.py:165: in wrapped_function
    return cors_after_request(app.make_response(f(*args, **kwargs)))
                                                ^^^^^^^^^^^^^^^^^^
.venv/lib/python3.12/site-packages/flask/app.py:1867: in handle_exception
    reraise(exc_type, exc_value, tb)
.venv/lib/python3.12/site-packages/flask/_compat.py:39: in reraise
    raise value
.venv/lib/python3.12/site-packages/flask/app.py:2447: in wsgi_app
    response = self.full_dispatch_request()
               ^^^^^^^^^^^^^^^^^^^^^^^^^^^^
.venv/lib/python3.12/site-packages/flask/app.py:1953: in full_dispatch_request
    return self.finalize_request(rv)
           ^^^^^^^^^^^^^^^^^^^^^^^^^
.venv/lib/python3.12/site-packages/flask/app.py:1970: in finalize_request
    response = self.process_response(response)
               ^^^^^^^^^^^^^^^^^^^^^^^^^^^^^^^
.venv/lib/python3.12/site-packages/flask/app.py:2269: in process_response
    self.session_interface.save_session(self, ctx.session, response)
app/session.py:97: in save_session
    self._redis_w.setex(
.venv/lib/python3.12/site-packages/redis/commands/core.py:2360: in setex
    return self.execute_command("SETEX", name, time, value)
           ^^^^^^^^^^^^^^^^^^^^^^^^^^^^^^^^^^^^^^^^^^^^^^^^
.venv/lib/python3.12/site-packages/redis/client.py:559: in execute_command
    return self._execute_command(*args, **options)
           ^^^^^^^^^^^^^^^^^^^^^^^^^^^^^^^^^^^^^^^
.venv/lib/python3.12/site-packages/redis/client.py:565: in _execute_command
    conn = self.connection or pool.get_connection(command_name, **options)
                              ^^^^^^^^^^^^^^^^^^^^^^^^^^^^^^^^^^^^^^^^^^^^
.venv/lib/python3.12/site-packages/redis/connection.py:1422: in get_connection
    connection.connect()
.venv/lib/python3.12/site-packages/redis/connection.py:363: in connect
    raise ConnectionError(self._error_message(e))
E   redis.exceptions.ConnectionError: Error 111 connecting to localhost:6379. Connection refused.
----------------------------- Captured stdout call -----------------------------
2026-02-09 12:29:31,642 - SL - INFO - 5326 - "/home/runner/work/simplelogin-app/simplelogin-app/app/events/event_dispatcher.py:62" - send_event() -  - Not sending events because webhook is not configured and allowed to be empty
______________________ test_create_mailbox_empty_payload _______________________
.venv/lib/python3.12/site-packages/redis/connection.py:357: in connect
    sock = self.retry.call_with_retry(
.venv/lib/python3.12/site-packages/redis/retry.py:62: in call_with_retry
    return do()
           ^^^^
.venv/lib/python3.12/site-packages/redis/connection.py:358: in <lambda>
    lambda: self._connect(), lambda error: self.disconnect(error)
            ^^^^^^^^^^^^^^^
.venv/lib/python3.12/site-packages/redis/connection.py:730: in _connect
    raise err
.venv/lib/python3.12/site-packages/redis/connection.py:718: in _connect
    sock.connect(socket_address)
E   ConnectionRefusedError: [Errno 111] Connection refused

During handling of the above exception, another exception occurred:
tests/api/test_mailbox.py:37: in test_create_mailbox_empty_payload
    login(flask_client)
tests/utils.py:57: in login
    r = flask_client.post(
.venv/lib/python3.12/site-packages/werkzeug/test.py:1016: in post
    return self.open(*args, **kw)
           ^^^^^^^^^^^^^^^^^^^^^^
tests/conftest.py:60: in open
    return super().open(*args, **kwargs)
           ^^^^^^^^^^^^^^^^^^^^^^^^^^^^^
.venv/lib/python3.12/site-packages/flask/testing.py:222: in open
    return Client.open(
.venv/lib/python3.12/site-packages/werkzeug/test.py:970: in open
    response = self.run_wsgi_app(environ.copy(), buffered=buffered)
               ^^^^^^^^^^^^^^^^^^^^^^^^^^^^^^^^^^^^^^^^^^^^^^^^^^^^
.venv/lib/python3.12/site-packages/werkzeug/test.py:861: in run_wsgi_app
    rv = run_wsgi_app(self.application, environ, buffered=buffered)
         ^^^^^^^^^^^^^^^^^^^^^^^^^^^^^^^^^^^^^^^^^^^^^^^^^^^^^^^^^^
.venv/lib/python3.12/site-packages/werkzeug/test.py:1096: in run_wsgi_app
    app_rv = app(environ, start_response)
             ^^^^^^^^^^^^^^^^^^^^^^^^^^^^
.venv/lib/python3.12/site-packages/flask/app.py:2464: in __call__
    return self.wsgi_app(environ, start_response)
           ^^^^^^^^^^^^^^^^^^^^^^^^^^^^^^^^^^^^^^
.venv/lib/python3.12/site-packages/werkzeug/middleware/proxy_fix.py:169: in __call__
    return self.app(environ, start_response)
           ^^^^^^^^^^^^^^^^^^^^^^^^^^^^^^^^^
.venv/lib/python3.12/site-packages/flask/app.py:2450: in wsgi_app
    response = self.handle_exception(e)
               ^^^^^^^^^^^^^^^^^^^^^^^^
.venv/lib/python3.12/site-packages/flask_cors/extension.py:165: in wrapped_function
    return cors_after_request(app.make_response(f(*args, **kwargs)))
                                                ^^^^^^^^^^^^^^^^^^
.venv/lib/python3.12/site-packages/flask/app.py:1867: in handle_exception
    reraise(exc_type, exc_value, tb)
.venv/lib/python3.12/site-packages/flask/_compat.py:39: in reraise
    raise value
.venv/lib/python3.12/site-packages/flask/app.py:2447: in wsgi_app
    response = self.full_dispatch_request()
               ^^^^^^^^^^^^^^^^^^^^^^^^^^^^
.venv/lib/python3.12/site-packages/flask/app.py:1953: in full_dispatch_request
    return self.finalize_request(rv)
           ^^^^^^^^^^^^^^^^^^^^^^^^^
.venv/lib/python3.12/site-packages/flask/app.py:1970: in finalize_request
    response = self.process_response(response)
               ^^^^^^^^^^^^^^^^^^^^^^^^^^^^^^^
.venv/lib/python3.12/site-packages/flask/app.py:2269: in process_response
    self.session_interface.save_session(self, ctx.session, response)
app/session.py:97: in save_session
    self._redis_w.setex(
.venv/lib/python3.12/site-packages/redis/commands/core.py:2360: in setex
    return self.execute_command("SETEX", name, time, value)
           ^^^^^^^^^^^^^^^^^^^^^^^^^^^^^^^^^^^^^^^^^^^^^^^^
.venv/lib/python3.12/site-packages/redis/client.py:559: in execute_command
    return self._execute_command(*args, **options)
           ^^^^^^^^^^^^^^^^^^^^^^^^^^^^^^^^^^^^^^^
.venv/lib/python3.12/site-packages/redis/client.py:565: in _execute_command
    conn = self.connection or pool.get_connection(command_name, **options)
                              ^^^^^^^^^^^^^^^^^^^^^^^^^^^^^^^^^^^^^^^^^^^^
.venv/lib/python3.12/site-packages/redis/connection.py:1422: in get_connection
    connection.connect()
.venv/lib/python3.12/site-packages/redis/connection.py:363: in connect
    raise ConnectionError(self._error_message(e))
E   redis.exceptions.ConnectionError: Error 111 connecting to localhost:6379. Connection refused.
----------------------------- Captured stdout call -----------------------------
2026-02-09 12:29:32,331 - SL - INFO - 5326 - "/home/runner/work/simplelogin-app/simplelogin-app/app/events/event_dispatcher.py:62" - send_event() -  - Not sending events because webhook is not configured and allowed to be empty
_______________________ test_create_mailbox_empty_email ________________________
.venv/lib/python3.12/site-packages/redis/connection.py:357: in connect
    sock = self.retry.call_with_retry(
.venv/lib/python3.12/site-packages/redis/retry.py:62: in call_with_retry
    return do()
           ^^^^
.venv/lib/python3.12/site-packages/redis/connection.py:358: in <lambda>
    lambda: self._connect(), lambda error: self.disconnect(error)
            ^^^^^^^^^^^^^^^
.venv/lib/python3.12/site-packages/redis/connection.py:730: in _connect
    raise err
.venv/lib/python3.12/site-packages/redis/connection.py:718: in _connect
    sock.connect(socket_address)
E   ConnectionRefusedError: [Errno 111] Connection refused

During handling of the above exception, another exception occurred:
tests/api/test_mailbox.py:48: in test_create_mailbox_empty_email
    login(flask_client)
tests/utils.py:57: in login
    r = flask_client.post(
.venv/lib/python3.12/site-packages/werkzeug/test.py:1016: in post
    return self.open(*args, **kw)
           ^^^^^^^^^^^^^^^^^^^^^^
tests/conftest.py:60: in open
    return super().open(*args, **kwargs)
           ^^^^^^^^^^^^^^^^^^^^^^^^^^^^^
.venv/lib/python3.12/site-packages/flask/testing.py:222: in open
    return Client.open(
.venv/lib/python3.12/site-packages/werkzeug/test.py:970: in open
    response = self.run_wsgi_app(environ.copy(), buffered=buffered)
               ^^^^^^^^^^^^^^^^^^^^^^^^^^^^^^^^^^^^^^^^^^^^^^^^^^^^
.venv/lib/python3.12/site-packages/werkzeug/test.py:861: in run_wsgi_app
    rv = run_wsgi_app(self.application, environ, buffered=buffered)
         ^^^^^^^^^^^^^^^^^^^^^^^^^^^^^^^^^^^^^^^^^^^^^^^^^^^^^^^^^^
.venv/lib/python3.12/site-packages/werkzeug/test.py:1096: in run_wsgi_app
    app_rv = app(environ, start_response)
             ^^^^^^^^^^^^^^^^^^^^^^^^^^^^
.venv/lib/python3.12/site-packages/flask/app.py:2464: in __call__
    return self.wsgi_app(environ, start_response)
           ^^^^^^^^^^^^^^^^^^^^^^^^^^^^^^^^^^^^^^
.venv/lib/python3.12/site-packages/werkzeug/middleware/proxy_fix.py:169: in __call__
    return self.app(environ, start_response)
           ^^^^^^^^^^^^^^^^^^^^^^^^^^^^^^^^^
.venv/lib/python3.12/site-packages/flask/app.py:2450: in wsgi_app
    response = self.handle_exception(e)
               ^^^^^^^^^^^^^^^^^^^^^^^^
.venv/lib/python3.12/site-packages/flask_cors/extension.py:165: in wrapped_function
    return cors_after_request(app.make_response(f(*args, **kwargs)))
                                                ^^^^^^^^^^^^^^^^^^
.venv/lib/python3.12/site-packages/flask/app.py:1867: in handle_exception
    reraise(exc_type, exc_value, tb)
.venv/lib/python3.12/site-packages/flask/_compat.py:39: in reraise
    raise value
.venv/lib/python3.12/site-packages/flask/app.py:2447: in wsgi_app
    response = self.full_dispatch_request()
               ^^^^^^^^^^^^^^^^^^^^^^^^^^^^
.venv/lib/python3.12/site-packages/flask/app.py:1953: in full_dispatch_request
    return self.finalize_request(rv)
           ^^^^^^^^^^^^^^^^^^^^^^^^^
.venv/lib/python3.12/site-packages/flask/app.py:1970: in finalize_request
    response = self.process_response(response)
               ^^^^^^^^^^^^^^^^^^^^^^^^^^^^^^^
.venv/lib/python3.12/site-packages/flask/app.py:2269: in process_response
    self.session_interface.save_session(self, ctx.session, response)
app/session.py:97: in save_session
    self._redis_w.setex(
.venv/lib/python3.12/site-packages/redis/commands/core.py:2360: in setex
    return self.execute_command("SETEX", name, time, value)
           ^^^^^^^^^^^^^^^^^^^^^^^^^^^^^^^^^^^^^^^^^^^^^^^^
.venv/lib/python3.12/site-packages/redis/client.py:559: in execute_command
    return self._execute_command(*args, **options)
           ^^^^^^^^^^^^^^^^^^^^^^^^^^^^^^^^^^^^^^^
.venv/lib/python3.12/site-packages/redis/client.py:565: in _execute_command
    conn = self.connection or pool.get_connection(command_name, **options)
                              ^^^^^^^^^^^^^^^^^^^^^^^^^^^^^^^^^^^^^^^^^^^^
.venv/lib/python3.12/site-packages/redis/connection.py:1422: in get_connection
    connection.connect()
.venv/lib/python3.12/site-packages/redis/connection.py:363: in connect
    raise ConnectionError(self._error_message(e))
E   redis.exceptions.ConnectionError: Error 111 connecting to localhost:6379. Connection refused.
----------------------------- Captured stdout call -----------------------------
2026-02-09 12:29:33,019 - SL - INFO - 5326 - "/home/runner/work/simplelogin-app/simplelogin-app/app/events/event_dispatcher.py:62" - send_event() -  - Not sending events because webhook is not configured and allowed to be empty
____________________ test_create_mailbox_fail_for_free_user ____________________
.venv/lib/python3.12/site-packages/redis/connection.py:357: in connect
    sock = self.retry.call_with_retry(
.venv/lib/python3.12/site-packages/redis/retry.py:62: in call_with_retry
    return do()
           ^^^^
.venv/lib/python3.12/site-packages/redis/connection.py:358: in <lambda>
    lambda: self._connect(), lambda error: self.disconnect(error)
            ^^^^^^^^^^^^^^^
.venv/lib/python3.12/site-packages/redis/connection.py:730: in _connect
    raise err
.venv/lib/python3.12/site-packages/redis/connection.py:718: in _connect
    sock.connect(socket_address)
E   ConnectionRefusedError: [Errno 111] Connection refused

During handling of the above exception, another exception occurred:
tests/api/test_mailbox.py:59: in test_create_mailbox_fail_for_free_user
    user = login(flask_client)
           ^^^^^^^^^^^^^^^^^^^
tests/utils.py:57: in login
    r = flask_client.post(
.venv/lib/python3.12/site-packages/werkzeug/test.py:1016: in post
    return self.open(*args, **kw)
           ^^^^^^^^^^^^^^^^^^^^^^
tests/conftest.py:60: in open
    return super().open(*args, **kwargs)
           ^^^^^^^^^^^^^^^^^^^^^^^^^^^^^
.venv/lib/python3.12/site-packages/flask/testing.py:222: in open
    return Client.open(
.venv/lib/python3.12/site-packages/werkzeug/test.py:970: in open
    response = self.run_wsgi_app(environ.copy(), buffered=buffered)
               ^^^^^^^^^^^^^^^^^^^^^^^^^^^^^^^^^^^^^^^^^^^^^^^^^^^^
.venv/lib/python3.12/site-packages/werkzeug/test.py:861: in run_wsgi_app
    rv = run_wsgi_app(self.application, environ, buffered=buffered)
         ^^^^^^^^^^^^^^^^^^^^^^^^^^^^^^^^^^^^^^^^^^^^^^^^^^^^^^^^^^
.venv/lib/python3.12/site-packages/werkzeug/test.py:1096: in run_wsgi_app
    app_rv = app(environ, start_response)
             ^^^^^^^^^^^^^^^^^^^^^^^^^^^^
.venv/lib/python3.12/site-packages/flask/app.py:2464: in __call__
    return self.wsgi_app(environ, start_response)
           ^^^^^^^^^^^^^^^^^^^^^^^^^^^^^^^^^^^^^^
.venv/lib/python3.12/site-packages/werkzeug/middleware/proxy_fix.py:169: in __call__
    return self.app(environ, start_response)
           ^^^^^^^^^^^^^^^^^^^^^^^^^^^^^^^^^
.venv/lib/python3.12/site-packages/flask/app.py:2450: in wsgi_app
    response = self.handle_exception(e)
               ^^^^^^^^^^^^^^^^^^^^^^^^
.venv/lib/python3.12/site-packages/flask_cors/extension.py:165: in wrapped_function
    return cors_after_request(app.make_response(f(*args, **kwargs)))
                                                ^^^^^^^^^^^^^^^^^^
.venv/lib/python3.12/site-packages/flask/app.py:1867: in handle_exception
    reraise(exc_type, exc_value, tb)
.venv/lib/python3.12/site-packages/flask/_compat.py:39: in reraise
    raise value
.venv/lib/python3.12/site-packages/flask/app.py:2447: in wsgi_app
    response = self.full_dispatch_request()
               ^^^^^^^^^^^^^^^^^^^^^^^^^^^^
.venv/lib/python3.12/site-packages/flask/app.py:1953: in full_dispatch_request
    return self.finalize_request(rv)
           ^^^^^^^^^^^^^^^^^^^^^^^^^
.venv/lib/python3.12/site-packages/flask/app.py:1970: in finalize_request
    response = self.process_response(response)
               ^^^^^^^^^^^^^^^^^^^^^^^^^^^^^^^
.venv/lib/python3.12/site-packages/flask/app.py:2269: in process_response
    self.session_interface.save_session(self, ctx.session, response)
app/session.py:97: in save_session
    self._redis_w.setex(
.venv/lib/python3.12/site-packages/redis/commands/core.py:2360: in setex
    return self.execute_command("SETEX", name, time, value)
           ^^^^^^^^^^^^^^^^^^^^^^^^^^^^^^^^^^^^^^^^^^^^^^^^
.venv/lib/python3.12/site-packages/redis/client.py:559: in execute_command
    return self._execute_command(*args, **options)
           ^^^^^^^^^^^^^^^^^^^^^^^^^^^^^^^^^^^^^^^
.venv/lib/python3.12/site-packages/redis/client.py:565: in _execute_command
    conn = self.connection or pool.get_connection(command_name, **options)
                              ^^^^^^^^^^^^^^^^^^^^^^^^^^^^^^^^^^^^^^^^^^^^
.venv/lib/python3.12/site-packages/redis/connection.py:1422: in get_connection
    connection.connect()
.venv/lib/python3.12/site-packages/redis/connection.py:363: in connect
    raise ConnectionError(self._error_message(e))
E   redis.exceptions.ConnectionError: Error 111 connecting to localhost:6379. Connection refused.
----------------------------- Captured stdout call -----------------------------
2026-02-09 12:29:33,709 - SL - INFO - 5326 - "/home/runner/work/simplelogin-app/simplelogin-app/app/events/event_dispatcher.py:62" - send_event() -  - Not sending events because webhook is not configured and allowed to be empty
_____________________________ test_delete_mailbox ______________________________
.venv/lib/python3.12/site-packages/redis/connection.py:357: in connect
    sock = self.retry.call_with_retry(
.venv/lib/python3.12/site-packages/redis/retry.py:62: in call_with_retry
    return do()
           ^^^^
.venv/lib/python3.12/site-packages/redis/connection.py:358: in <lambda>
    lambda: self._connect(), lambda error: self.disconnect(error)
            ^^^^^^^^^^^^^^^
.venv/lib/python3.12/site-packages/redis/connection.py:730: in _connect
    raise err
.venv/lib/python3.12/site-packages/redis/connection.py:718: in _connect
    sock.connect(socket_address)
E   ConnectionRefusedError: [Errno 111] Connection refused

During handling of the above exception, another exception occurred:
tests/api/test_mailbox.py:73: in test_delete_mailbox
    user = login(flask_client)
           ^^^^^^^^^^^^^^^^^^^
tests/utils.py:57: in login
    r = flask_client.post(
.venv/lib/python3.12/site-packages/werkzeug/test.py:1016: in post
    return self.open(*args, **kw)
           ^^^^^^^^^^^^^^^^^^^^^^
tests/conftest.py:60: in open
    return super().open(*args, **kwargs)
           ^^^^^^^^^^^^^^^^^^^^^^^^^^^^^
.venv/lib/python3.12/site-packages/flask/testing.py:222: in open
    return Client.open(
.venv/lib/python3.12/site-packages/werkzeug/test.py:970: in open
    response = self.run_wsgi_app(environ.copy(), buffered=buffered)
               ^^^^^^^^^^^^^^^^^^^^^^^^^^^^^^^^^^^^^^^^^^^^^^^^^^^^
.venv/lib/python3.12/site-packages/werkzeug/test.py:861: in run_wsgi_app
    rv = run_wsgi_app(self.application, environ, buffered=buffered)
         ^^^^^^^^^^^^^^^^^^^^^^^^^^^^^^^^^^^^^^^^^^^^^^^^^^^^^^^^^^
.venv/lib/python3.12/site-packages/werkzeug/test.py:1096: in run_wsgi_app
    app_rv = app(environ, start_response)
             ^^^^^^^^^^^^^^^^^^^^^^^^^^^^
.venv/lib/python3.12/site-packages/flask/app.py:2464: in __call__
    return self.wsgi_app(environ, start_response)
           ^^^^^^^^^^^^^^^^^^^^^^^^^^^^^^^^^^^^^^
.venv/lib/python3.12/site-packages/werkzeug/middleware/proxy_fix.py:169: in __call__
    return self.app(environ, start_response)
           ^^^^^^^^^^^^^^^^^^^^^^^^^^^^^^^^^
.venv/lib/python3.12/site-packages/flask/app.py:2450: in wsgi_app
    response = self.handle_exception(e)
               ^^^^^^^^^^^^^^^^^^^^^^^^
.venv/lib/python3.12/site-packages/flask_cors/extension.py:165: in wrapped_function
    return cors_after_request(app.make_response(f(*args, **kwargs)))
                                                ^^^^^^^^^^^^^^^^^^
.venv/lib/python3.12/site-packages/flask/app.py:1867: in handle_exception
    reraise(exc_type, exc_value, tb)
.venv/lib/python3.12/site-packages/flask/_compat.py:39: in reraise
    raise value
.venv/lib/python3.12/site-packages/flask/app.py:2447: in wsgi_app
    response = self.full_dispatch_request()
               ^^^^^^^^^^^^^^^^^^^^^^^^^^^^
.venv/lib/python3.12/site-packages/flask/app.py:1953: in full_dispatch_request
    return self.finalize_request(rv)
           ^^^^^^^^^^^^^^^^^^^^^^^^^
.venv/lib/python3.12/site-packages/flask/app.py:1970: in finalize_request
    response = self.process_response(response)
               ^^^^^^^^^^^^^^^^^^^^^^^^^^^^^^^
.venv/lib/python3.12/site-packages/flask/app.py:2269: in process_response
    self.session_interface.save_session(self, ctx.session, response)
app/session.py:97: in save_session
    self._redis_w.setex(
.venv/lib/python3.12/site-packages/redis/commands/core.py:2360: in setex
    return self.execute_command("SETEX", name, time, value)
           ^^^^^^^^^^^^^^^^^^^^^^^^^^^^^^^^^^^^^^^^^^^^^^^^
.venv/lib/python3.12/site-packages/redis/client.py:559: in execute_command
    return self._execute_command(*args, **options)
           ^^^^^^^^^^^^^^^^^^^^^^^^^^^^^^^^^^^^^^^
.venv/lib/python3.12/site-packages/redis/client.py:565: in _execute_command
    conn = self.connection or pool.get_connection(command_name, **options)
                              ^^^^^^^^^^^^^^^^^^^^^^^^^^^^^^^^^^^^^^^^^^^^
.venv/lib/python3.12/site-packages/redis/connection.py:1422: in get_connection
    connection.connect()
.venv/lib/python3.12/site-packages/redis/connection.py:363: in connect
    raise ConnectionError(self._error_message(e))
E   redis.exceptions.ConnectionError: Error 111 connecting to localhost:6379. Connection refused.
----------------------------- Captured stdout call -----------------------------
2026-02-09 12:29:34,547 - SL - INFO - 5326 - "/home/runner/work/simplelogin-app/simplelogin-app/app/events/event_dispatcher.py:62" - send_event() -  - Not sending events because webhook is not configured and allowed to be empty
_________________________ test_delete_default_mailbox __________________________
.venv/lib/python3.12/site-packages/redis/connection.py:357: in connect
    sock = self.retry.call_with_retry(
.venv/lib/python3.12/site-packages/redis/retry.py:62: in call_with_retry
    return do()
           ^^^^
.venv/lib/python3.12/site-packages/redis/connection.py:358: in <lambda>
    lambda: self._connect(), lambda error: self.disconnect(error)
            ^^^^^^^^^^^^^^^
.venv/lib/python3.12/site-packages/redis/connection.py:730: in _connect
    raise err
.venv/lib/python3.12/site-packages/redis/connection.py:718: in _connect
    sock.connect(socket_address)
E   ConnectionRefusedError: [Errno 111] Connection refused

During handling of the above exception, another exception occurred:
tests/api/test_mailbox.py:87: in test_delete_default_mailbox
    user = login(flask_client)
           ^^^^^^^^^^^^^^^^^^^
tests/utils.py:57: in login
    r = flask_client.post(
.venv/lib/python3.12/site-packages/werkzeug/test.py:1016: in post
    return self.open(*args, **kw)
           ^^^^^^^^^^^^^^^^^^^^^^
tests/conftest.py:60: in open
    return super().open(*args, **kwargs)
           ^^^^^^^^^^^^^^^^^^^^^^^^^^^^^
.venv/lib/python3.12/site-packages/flask/testing.py:222: in open
    return Client.open(
.venv/lib/python3.12/site-packages/werkzeug/test.py:970: in open
    response = self.run_wsgi_app(environ.copy(), buffered=buffered)
               ^^^^^^^^^^^^^^^^^^^^^^^^^^^^^^^^^^^^^^^^^^^^^^^^^^^^
.venv/lib/python3.12/site-packages/werkzeug/test.py:861: in run_wsgi_app
    rv = run_wsgi_app(self.application, environ, buffered=buffered)
         ^^^^^^^^^^^^^^^^^^^^^^^^^^^^^^^^^^^^^^^^^^^^^^^^^^^^^^^^^^
.venv/lib/python3.12/site-packages/werkzeug/test.py:1096: in run_wsgi_app
    app_rv = app(environ, start_response)
             ^^^^^^^^^^^^^^^^^^^^^^^^^^^^
.venv/lib/python3.12/site-packages/flask/app.py:2464: in __call__
    return self.wsgi_app(environ, start_response)
           ^^^^^^^^^^^^^^^^^^^^^^^^^^^^^^^^^^^^^^
.venv/lib/python3.12/site-packages/werkzeug/middleware/proxy_fix.py:169: in __call__
    return self.app(environ, start_response)
           ^^^^^^^^^^^^^^^^^^^^^^^^^^^^^^^^^
.venv/lib/python3.12/site-packages/flask/app.py:2450: in wsgi_app
    response = self.handle_exception(e)
               ^^^^^^^^^^^^^^^^^^^^^^^^
.venv/lib/python3.12/site-packages/flask_cors/extension.py:165: in wrapped_function
    return cors_after_request(app.make_response(f(*args, **kwargs)))
                                                ^^^^^^^^^^^^^^^^^^
.venv/lib/python3.12/site-packages/flask/app.py:1867: in handle_exception
    reraise(exc_type, exc_value, tb)
.venv/lib/python3.12/site-packages/flask/_compat.py:39: in reraise
    raise value
.venv/lib/python3.12/site-packages/flask/app.py:2447: in wsgi_app
    response = self.full_dispatch_request()
               ^^^^^^^^^^^^^^^^^^^^^^^^^^^^
.venv/lib/python3.12/site-packages/flask/app.py:1953: in full_dispatch_request
    return self.finalize_request(rv)
           ^^^^^^^^^^^^^^^^^^^^^^^^^
.venv/lib/python3.12/site-packages/flask/app.py:1970: in finalize_request
    response = self.process_response(response)
               ^^^^^^^^^^^^^^^^^^^^^^^^^^^^^^^
.venv/lib/python3.12/site-packages/flask/app.py:2269: in process_response
    self.session_interface.save_session(self, ctx.session, response)
app/session.py:97: in save_session
    self._redis_w.setex(
.venv/lib/python3.12/site-packages/redis/commands/core.py:2360: in setex
    return self.execute_command("SETEX", name, time, value)
           ^^^^^^^^^^^^^^^^^^^^^^^^^^^^^^^^^^^^^^^^^^^^^^^^
.venv/lib/python3.12/site-packages/redis/client.py:559: in execute_command
    return self._execute_command(*args, **options)
           ^^^^^^^^^^^^^^^^^^^^^^^^^^^^^^^^^^^^^^^
.venv/lib/python3.12/site-packages/redis/client.py:565: in _execute_command
    conn = self.connection or pool.get_connection(command_name, **options)
                              ^^^^^^^^^^^^^^^^^^^^^^^^^^^^^^^^^^^^^^^^^^^^
.venv/lib/python3.12/site-packages/redis/connection.py:1422: in get_connection
    connection.connect()
.venv/lib/python3.12/site-packages/redis/connection.py:363: in connect
    raise ConnectionError(self._error_message(e))
E   redis.exceptions.ConnectionError: Error 111 connecting to localhost:6379. Connection refused.
----------------------------- Captured stdout call -----------------------------
2026-02-09 12:29:35,249 - SL - INFO - 5326 - "/home/runner/work/simplelogin-app/simplelogin-app/app/events/event_dispatcher.py:62" - send_event() -  - Not sending events because webhook is not configured and allowed to be empty
_________________________ test_set_mailbox_as_default __________________________
.venv/lib/python3.12/site-packages/redis/connection.py:357: in connect
    sock = self.retry.call_with_retry(
.venv/lib/python3.12/site-packages/redis/retry.py:62: in call_with_retry
    return do()
           ^^^^
.venv/lib/python3.12/site-packages/redis/connection.py:358: in <lambda>
    lambda: self._connect(), lambda error: self.disconnect(error)
            ^^^^^^^^^^^^^^^
.venv/lib/python3.12/site-packages/redis/connection.py:730: in _connect
    raise err
.venv/lib/python3.12/site-packages/redis/connection.py:718: in _connect
    sock.connect(socket_address)
E   ConnectionRefusedError: [Errno 111] Connection refused

During handling of the above exception, another exception occurred:
tests/api/test_mailbox.py:98: in test_set_mailbox_as_default
    user = login(flask_client)
           ^^^^^^^^^^^^^^^^^^^
tests/utils.py:57: in login
    r = flask_client.post(
.venv/lib/python3.12/site-packages/werkzeug/test.py:1016: in post
    return self.open(*args, **kw)
           ^^^^^^^^^^^^^^^^^^^^^^
tests/conftest.py:60: in open
    return super().open(*args, **kwargs)
           ^^^^^^^^^^^^^^^^^^^^^^^^^^^^^
.venv/lib/python3.12/site-packages/flask/testing.py:222: in open
    return Client.open(
.venv/lib/python3.12/site-packages/werkzeug/test.py:970: in open
    response = self.run_wsgi_app(environ.copy(), buffered=buffered)
               ^^^^^^^^^^^^^^^^^^^^^^^^^^^^^^^^^^^^^^^^^^^^^^^^^^^^
.venv/lib/python3.12/site-packages/werkzeug/test.py:861: in run_wsgi_app
    rv = run_wsgi_app(self.application, environ, buffered=buffered)
         ^^^^^^^^^^^^^^^^^^^^^^^^^^^^^^^^^^^^^^^^^^^^^^^^^^^^^^^^^^
.venv/lib/python3.12/site-packages/werkzeug/test.py:1096: in run_wsgi_app
    app_rv = app(environ, start_response)
             ^^^^^^^^^^^^^^^^^^^^^^^^^^^^
.venv/lib/python3.12/site-packages/flask/app.py:2464: in __call__
    return self.wsgi_app(environ, start_response)
           ^^^^^^^^^^^^^^^^^^^^^^^^^^^^^^^^^^^^^^
.venv/lib/python3.12/site-packages/werkzeug/middleware/proxy_fix.py:169: in __call__
    return self.app(environ, start_response)
           ^^^^^^^^^^^^^^^^^^^^^^^^^^^^^^^^^
.venv/lib/python3.12/site-packages/flask/app.py:2450: in wsgi_app
    response = self.handle_exception(e)
               ^^^^^^^^^^^^^^^^^^^^^^^^
.venv/lib/python3.12/site-packages/flask_cors/extension.py:165: in wrapped_function
    return cors_after_request(app.make_response(f(*args, **kwargs)))
                                                ^^^^^^^^^^^^^^^^^^
.venv/lib/python3.12/site-packages/flask/app.py:1867: in handle_exception
    reraise(exc_type, exc_value, tb)
.venv/lib/python3.12/site-packages/flask/_compat.py:39: in reraise
    raise value
.venv/lib/python3.12/site-packages/flask/app.py:2447: in wsgi_app
    response = self.full_dispatch_request()
               ^^^^^^^^^^^^^^^^^^^^^^^^^^^^
.venv/lib/python3.12/site-packages/flask/app.py:1953: in full_dispatch_request
    return self.finalize_request(rv)
           ^^^^^^^^^^^^^^^^^^^^^^^^^
.venv/lib/python3.12/site-packages/flask/app.py:1970: in finalize_request
    response = self.process_response(response)
               ^^^^^^^^^^^^^^^^^^^^^^^^^^^^^^^
.venv/lib/python3.12/site-packages/flask/app.py:2269: in process_response
    self.session_interface.save_session(self, ctx.session, response)
app/session.py:97: in save_session
    self._redis_w.setex(
.venv/lib/python3.12/site-packages/redis/commands/core.py:2360: in setex
    return self.execute_command("SETEX", name, time, value)
           ^^^^^^^^^^^^^^^^^^^^^^^^^^^^^^^^^^^^^^^^^^^^^^^^
.venv/lib/python3.12/site-packages/redis/client.py:559: in execute_command
    return self._execute_command(*args, **options)
           ^^^^^^^^^^^^^^^^^^^^^^^^^^^^^^^^^^^^^^^
.venv/lib/python3.12/site-packages/redis/client.py:565: in _execute_command
    conn = self.connection or pool.get_connection(command_name, **options)
                              ^^^^^^^^^^^^^^^^^^^^^^^^^^^^^^^^^^^^^^^^^^^^
.venv/lib/python3.12/site-packages/redis/connection.py:1422: in get_connection
    connection.connect()
.venv/lib/python3.12/site-packages/redis/connection.py:363: in connect
    raise ConnectionError(self._error_message(e))
E   redis.exceptions.ConnectionError: Error 111 connecting to localhost:6379. Connection refused.
----------------------------- Captured stdout call -----------------------------
2026-02-09 12:29:35,935 - SL - INFO - 5326 - "/home/runner/work/simplelogin-app/simplelogin-app/app/events/event_dispatcher.py:62" - send_event() -  - Not sending events because webhook is not configured and allowed to be empty
__________________________ test_update_mailbox_email ___________________________
.venv/lib/python3.12/site-packages/redis/connection.py:357: in connect
    sock = self.retry.call_with_retry(
.venv/lib/python3.12/site-packages/redis/retry.py:62: in call_with_retry
    return do()
           ^^^^
.venv/lib/python3.12/site-packages/redis/connection.py:358: in <lambda>
    lambda: self._connect(), lambda error: self.disconnect(error)
            ^^^^^^^^^^^^^^^
.venv/lib/python3.12/site-packages/redis/connection.py:730: in _connect
    raise err
.venv/lib/python3.12/site-packages/redis/connection.py:718: in _connect
    sock.connect(socket_address)
E   ConnectionRefusedError: [Errno 111] Connection refused

During handling of the above exception, another exception occurred:
tests/api/test_mailbox.py:127: in test_update_mailbox_email
    user = login(flask_client)
           ^^^^^^^^^^^^^^^^^^^
tests/utils.py:57: in login
    r = flask_client.post(
.venv/lib/python3.12/site-packages/werkzeug/test.py:1016: in post
    return self.open(*args, **kw)
           ^^^^^^^^^^^^^^^^^^^^^^
tests/conftest.py:60: in open
    return super().open(*args, **kwargs)
           ^^^^^^^^^^^^^^^^^^^^^^^^^^^^^
.venv/lib/python3.12/site-packages/flask/testing.py:222: in open
    return Client.open(
.venv/lib/python3.12/site-packages/werkzeug/test.py:970: in open
    response = self.run_wsgi_app(environ.copy(), buffered=buffered)
               ^^^^^^^^^^^^^^^^^^^^^^^^^^^^^^^^^^^^^^^^^^^^^^^^^^^^
.venv/lib/python3.12/site-packages/werkzeug/test.py:861: in run_wsgi_app
    rv = run_wsgi_app(self.application, environ, buffered=buffered)
         ^^^^^^^^^^^^^^^^^^^^^^^^^^^^^^^^^^^^^^^^^^^^^^^^^^^^^^^^^^
.venv/lib/python3.12/site-packages/werkzeug/test.py:1096: in run_wsgi_app
    app_rv = app(environ, start_response)
             ^^^^^^^^^^^^^^^^^^^^^^^^^^^^
.venv/lib/python3.12/site-packages/flask/app.py:2464: in __call__
    return self.wsgi_app(environ, start_response)
           ^^^^^^^^^^^^^^^^^^^^^^^^^^^^^^^^^^^^^^
.venv/lib/python3.12/site-packages/werkzeug/middleware/proxy_fix.py:169: in __call__
    return self.app(environ, start_response)
           ^^^^^^^^^^^^^^^^^^^^^^^^^^^^^^^^^
.venv/lib/python3.12/site-packages/flask/app.py:2450: in wsgi_app
    response = self.handle_exception(e)
               ^^^^^^^^^^^^^^^^^^^^^^^^
.venv/lib/python3.12/site-packages/flask_cors/extension.py:165: in wrapped_function
    return cors_after_request(app.make_response(f(*args, **kwargs)))
                                                ^^^^^^^^^^^^^^^^^^
.venv/lib/python3.12/site-packages/flask/app.py:1867: in handle_exception
    reraise(exc_type, exc_value, tb)
.venv/lib/python3.12/site-packages/flask/_compat.py:39: in reraise
    raise value
.venv/lib/python3.12/site-packages/flask/app.py:2447: in wsgi_app
    response = self.full_dispatch_request()
               ^^^^^^^^^^^^^^^^^^^^^^^^^^^^
.venv/lib/python3.12/site-packages/flask/app.py:1953: in full_dispatch_request
    return self.finalize_request(rv)
           ^^^^^^^^^^^^^^^^^^^^^^^^^
.venv/lib/python3.12/site-packages/flask/app.py:1970: in finalize_request
    response = self.process_response(response)
               ^^^^^^^^^^^^^^^^^^^^^^^^^^^^^^^
.venv/lib/python3.12/site-packages/flask/app.py:2269: in process_response
    self.session_interface.save_session(self, ctx.session, response)
app/session.py:97: in save_session
    self._redis_w.setex(
.venv/lib/python3.12/site-packages/redis/commands/core.py:2360: in setex
    return self.execute_command("SETEX", name, time, value)
           ^^^^^^^^^^^^^^^^^^^^^^^^^^^^^^^^^^^^^^^^^^^^^^^^
.venv/lib/python3.12/site-packages/redis/client.py:559: in execute_command
    return self._execute_command(*args, **options)
           ^^^^^^^^^^^^^^^^^^^^^^^^^^^^^^^^^^^^^^^
.venv/lib/python3.12/site-packages/redis/client.py:565: in _execute_command
    conn = self.connection or pool.get_connection(command_name, **options)
                              ^^^^^^^^^^^^^^^^^^^^^^^^^^^^^^^^^^^^^^^^^^^^
.venv/lib/python3.12/site-packages/redis/connection.py:1422: in get_connection
    connection.connect()
.venv/lib/python3.12/site-packages/redis/connection.py:363: in connect
    raise ConnectionError(self._error_message(e))
E   redis.exceptions.ConnectionError: Error 111 connecting to localhost:6379. Connection refused.
----------------------------- Captured stdout call -----------------------------
2026-02-09 12:29:36,621 - SL - INFO - 5326 - "/home/runner/work/simplelogin-app/simplelogin-app/app/events/event_dispatcher.py:62" - send_event() -  - Not sending events because webhook is not configured and allowed to be empty
_______________________ test_cancel_mailbox_email_change _______________________
.venv/lib/python3.12/site-packages/redis/connection.py:357: in connect
    sock = self.retry.call_with_retry(
.venv/lib/python3.12/site-packages/redis/retry.py:62: in call_with_retry
    return do()
           ^^^^
.venv/lib/python3.12/site-packages/redis/connection.py:358: in <lambda>
    lambda: self._connect(), lambda error: self.disconnect(error)
            ^^^^^^^^^^^^^^^
.venv/lib/python3.12/site-packages/redis/connection.py:730: in _connect
    raise err
.venv/lib/python3.12/site-packages/redis/connection.py:718: in _connect
    sock.connect(socket_address)
E   ConnectionRefusedError: [Errno 111] Connection refused

During handling of the above exception, another exception occurred:
tests/api/test_mailbox.py:145: in test_cancel_mailbox_email_change
    user = login(flask_client)
           ^^^^^^^^^^^^^^^^^^^
tests/utils.py:57: in login
    r = flask_client.post(
.venv/lib/python3.12/site-packages/werkzeug/test.py:1016: in post
    return self.open(*args, **kw)
           ^^^^^^^^^^^^^^^^^^^^^^
tests/conftest.py:60: in open
    return super().open(*args, **kwargs)
           ^^^^^^^^^^^^^^^^^^^^^^^^^^^^^
.venv/lib/python3.12/site-packages/flask/testing.py:222: in open
    return Client.open(
.venv/lib/python3.12/site-packages/werkzeug/test.py:970: in open
    response = self.run_wsgi_app(environ.copy(), buffered=buffered)
               ^^^^^^^^^^^^^^^^^^^^^^^^^^^^^^^^^^^^^^^^^^^^^^^^^^^^
.venv/lib/python3.12/site-packages/werkzeug/test.py:861: in run_wsgi_app
    rv = run_wsgi_app(self.application, environ, buffered=buffered)
         ^^^^^^^^^^^^^^^^^^^^^^^^^^^^^^^^^^^^^^^^^^^^^^^^^^^^^^^^^^
.venv/lib/python3.12/site-packages/werkzeug/test.py:1096: in run_wsgi_app
    app_rv = app(environ, start_response)
             ^^^^^^^^^^^^^^^^^^^^^^^^^^^^
.venv/lib/python3.12/site-packages/flask/app.py:2464: in __call__
    return self.wsgi_app(environ, start_response)
           ^^^^^^^^^^^^^^^^^^^^^^^^^^^^^^^^^^^^^^
.venv/lib/python3.12/site-packages/werkzeug/middleware/proxy_fix.py:169: in __call__
    return self.app(environ, start_response)
           ^^^^^^^^^^^^^^^^^^^^^^^^^^^^^^^^^
.venv/lib/python3.12/site-packages/flask/app.py:2450: in wsgi_app
    response = self.handle_exception(e)
               ^^^^^^^^^^^^^^^^^^^^^^^^
.venv/lib/python3.12/site-packages/flask_cors/extension.py:165: in wrapped_function
    return cors_after_request(app.make_response(f(*args, **kwargs)))
                                                ^^^^^^^^^^^^^^^^^^
.venv/lib/python3.12/site-packages/flask/app.py:1867: in handle_exception
    reraise(exc_type, exc_value, tb)
.venv/lib/python3.12/site-packages/flask/_compat.py:39: in reraise
    raise value
.venv/lib/python3.12/site-packages/flask/app.py:2447: in wsgi_app
    response = self.full_dispatch_request()
               ^^^^^^^^^^^^^^^^^^^^^^^^^^^^
.venv/lib/python3.12/site-packages/flask/app.py:1953: in full_dispatch_request
    return self.finalize_request(rv)
           ^^^^^^^^^^^^^^^^^^^^^^^^^
.venv/lib/python3.12/site-packages/flask/app.py:1970: in finalize_request
    response = self.process_response(response)
               ^^^^^^^^^^^^^^^^^^^^^^^^^^^^^^^
.venv/lib/python3.12/site-packages/flask/app.py:2269: in process_response
    self.session_interface.save_session(self, ctx.session, response)
app/session.py:97: in save_session
    self._redis_w.setex(
.venv/lib/python3.12/site-packages/redis/commands/core.py:2360: in setex
    return self.execute_command("SETEX", name, time, value)
           ^^^^^^^^^^^^^^^^^^^^^^^^^^^^^^^^^^^^^^^^^^^^^^^^
.venv/lib/python3.12/site-packages/redis/client.py:559: in execute_command
    return self._execute_command(*args, **options)
           ^^^^^^^^^^^^^^^^^^^^^^^^^^^^^^^^^^^^^^^
.venv/lib/python3.12/site-packages/redis/client.py:565: in _execute_command
    conn = self.connection or pool.get_connection(command_name, **options)
                              ^^^^^^^^^^^^^^^^^^^^^^^^^^^^^^^^^^^^^^^^^^^^
.venv/lib/python3.12/site-packages/redis/connection.py:1422: in get_connection
    connection.connect()
.venv/lib/python3.12/site-packages/redis/connection.py:363: in connect
    raise ConnectionError(self._error_message(e))
E   redis.exceptions.ConnectionError: Error 111 connecting to localhost:6379. Connection refused.
----------------------------- Captured stdout call -----------------------------
2026-02-09 12:29:37,308 - SL - INFO - 5326 - "/home/runner/work/simplelogin-app/simplelogin-app/app/events/event_dispatcher.py:62" - send_event() -  - Not sending events because webhook is not configured and allowed to be empty
______________________________ test_get_mailboxes ______________________________
.venv/lib/python3.12/site-packages/redis/connection.py:357: in connect
    sock = self.retry.call_with_retry(
.venv/lib/python3.12/site-packages/redis/retry.py:62: in call_with_retry
    return do()
           ^^^^
.venv/lib/python3.12/site-packages/redis/connection.py:358: in <lambda>
    lambda: self._connect(), lambda error: self.disconnect(error)
            ^^^^^^^^^^^^^^^
.venv/lib/python3.12/site-packages/redis/connection.py:730: in _connect
    raise err
.venv/lib/python3.12/site-packages/redis/connection.py:718: in _connect
    sock.connect(socket_address)
E   ConnectionRefusedError: [Errno 111] Connection refused

During handling of the above exception, another exception occurred:
tests/api/test_mailbox.py:173: in test_get_mailboxes
    user = login(flask_client)
           ^^^^^^^^^^^^^^^^^^^
tests/utils.py:57: in login
    r = flask_client.post(
.venv/lib/python3.12/site-packages/werkzeug/test.py:1016: in post
    return self.open(*args, **kw)
           ^^^^^^^^^^^^^^^^^^^^^^
tests/conftest.py:60: in open
    return super().open(*args, **kwargs)
           ^^^^^^^^^^^^^^^^^^^^^^^^^^^^^
.venv/lib/python3.12/site-packages/flask/testing.py:222: in open
    return Client.open(
.venv/lib/python3.12/site-packages/werkzeug/test.py:970: in open
    response = self.run_wsgi_app(environ.copy(), buffered=buffered)
               ^^^^^^^^^^^^^^^^^^^^^^^^^^^^^^^^^^^^^^^^^^^^^^^^^^^^
.venv/lib/python3.12/site-packages/werkzeug/test.py:861: in run_wsgi_app
    rv = run_wsgi_app(self.application, environ, buffered=buffered)
         ^^^^^^^^^^^^^^^^^^^^^^^^^^^^^^^^^^^^^^^^^^^^^^^^^^^^^^^^^^
.venv/lib/python3.12/site-packages/werkzeug/test.py:1096: in run_wsgi_app
    app_rv = app(environ, start_response)
             ^^^^^^^^^^^^^^^^^^^^^^^^^^^^
.venv/lib/python3.12/site-packages/flask/app.py:2464: in __call__
    return self.wsgi_app(environ, start_response)
           ^^^^^^^^^^^^^^^^^^^^^^^^^^^^^^^^^^^^^^
.venv/lib/python3.12/site-packages/werkzeug/middleware/proxy_fix.py:169: in __call__
    return self.app(environ, start_response)
           ^^^^^^^^^^^^^^^^^^^^^^^^^^^^^^^^^
.venv/lib/python3.12/site-packages/flask/app.py:2450: in wsgi_app
    response = self.handle_exception(e)
               ^^^^^^^^^^^^^^^^^^^^^^^^
.venv/lib/python3.12/site-packages/flask_cors/extension.py:165: in wrapped_function
    return cors_after_request(app.make_response(f(*args, **kwargs)))
                                                ^^^^^^^^^^^^^^^^^^
.venv/lib/python3.12/site-packages/flask/app.py:1867: in handle_exception
    reraise(exc_type, exc_value, tb)
.venv/lib/python3.12/site-packages/flask/_compat.py:39: in reraise
    raise value
.venv/lib/python3.12/site-packages/flask/app.py:2447: in wsgi_app
    response = self.full_dispatch_request()
               ^^^^^^^^^^^^^^^^^^^^^^^^^^^^
.venv/lib/python3.12/site-packages/flask/app.py:1953: in full_dispatch_request
    return self.finalize_request(rv)
           ^^^^^^^^^^^^^^^^^^^^^^^^^
.venv/lib/python3.12/site-packages/flask/app.py:1970: in finalize_request
    response = self.process_response(response)
               ^^^^^^^^^^^^^^^^^^^^^^^^^^^^^^^
.venv/lib/python3.12/site-packages/flask/app.py:2269: in process_response
    self.session_interface.save_session(self, ctx.session, response)
app/session.py:97: in save_session
    self._redis_w.setex(
.venv/lib/python3.12/site-packages/redis/commands/core.py:2360: in setex
    return self.execute_command("SETEX", name, time, value)
           ^^^^^^^^^^^^^^^^^^^^^^^^^^^^^^^^^^^^^^^^^^^^^^^^
.venv/lib/python3.12/site-packages/redis/client.py:559: in execute_command
    return self._execute_command(*args, **options)
           ^^^^^^^^^^^^^^^^^^^^^^^^^^^^^^^^^^^^^^^
.venv/lib/python3.12/site-packages/redis/client.py:565: in _execute_command
    conn = self.connection or pool.get_connection(command_name, **options)
                              ^^^^^^^^^^^^^^^^^^^^^^^^^^^^^^^^^^^^^^^^^^^^
.venv/lib/python3.12/site-packages/redis/connection.py:1422: in get_connection
    connection.connect()
.venv/lib/python3.12/site-packages/redis/connection.py:363: in connect
    raise ConnectionError(self._error_message(e))
E   redis.exceptions.ConnectionError: Error 111 connecting to localhost:6379. Connection refused.
----------------------------- Captured stdout call -----------------------------
2026-02-09 12:29:37,995 - SL - INFO - 5326 - "/home/runner/work/simplelogin-app/simplelogin-app/app/events/event_dispatcher.py:62" - send_event() -  - Not sending events because webhook is not configured and allowed to be empty
____________________________ test_get_mailboxes_v2 _____________________________
.venv/lib/python3.12/site-packages/redis/connection.py:357: in connect
    sock = self.retry.call_with_retry(
.venv/lib/python3.12/site-packages/redis/retry.py:62: in call_with_retry
    return do()
           ^^^^
.venv/lib/python3.12/site-packages/redis/connection.py:358: in <lambda>
    lambda: self._connect(), lambda error: self.disconnect(error)
            ^^^^^^^^^^^^^^^
.venv/lib/python3.12/site-packages/redis/connection.py:730: in _connect
    raise err
.venv/lib/python3.12/site-packages/redis/connection.py:718: in _connect
    sock.connect(socket_address)
E   ConnectionRefusedError: [Errno 111] Connection refused

During handling of the above exception, another exception occurred:
tests/api/test_mailbox.py:196: in test_get_mailboxes_v2
    user = login(flask_client)
           ^^^^^^^^^^^^^^^^^^^
tests/utils.py:57: in login
    r = flask_client.post(
.venv/lib/python3.12/site-packages/werkzeug/test.py:1016: in post
    return self.open(*args, **kw)
           ^^^^^^^^^^^^^^^^^^^^^^
tests/conftest.py:60: in open
    return super().open(*args, **kwargs)
           ^^^^^^^^^^^^^^^^^^^^^^^^^^^^^
.venv/lib/python3.12/site-packages/flask/testing.py:222: in open
    return Client.open(
.venv/lib/python3.12/site-packages/werkzeug/test.py:970: in open
    response = self.run_wsgi_app(environ.copy(), buffered=buffered)
               ^^^^^^^^^^^^^^^^^^^^^^^^^^^^^^^^^^^^^^^^^^^^^^^^^^^^
.venv/lib/python3.12/site-packages/werkzeug/test.py:861: in run_wsgi_app
    rv = run_wsgi_app(self.application, environ, buffered=buffered)
         ^^^^^^^^^^^^^^^^^^^^^^^^^^^^^^^^^^^^^^^^^^^^^^^^^^^^^^^^^^
.venv/lib/python3.12/site-packages/werkzeug/test.py:1096: in run_wsgi_app
    app_rv = app(environ, start_response)
             ^^^^^^^^^^^^^^^^^^^^^^^^^^^^
.venv/lib/python3.12/site-packages/flask/app.py:2464: in __call__
    return self.wsgi_app(environ, start_response)
           ^^^^^^^^^^^^^^^^^^^^^^^^^^^^^^^^^^^^^^
.venv/lib/python3.12/site-packages/werkzeug/middleware/proxy_fix.py:169: in __call__
    return self.app(environ, start_response)
           ^^^^^^^^^^^^^^^^^^^^^^^^^^^^^^^^^
.venv/lib/python3.12/site-packages/flask/app.py:2450: in wsgi_app
    response = self.handle_exception(e)
               ^^^^^^^^^^^^^^^^^^^^^^^^
.venv/lib/python3.12/site-packages/flask_cors/extension.py:165: in wrapped_function
    return cors_after_request(app.make_response(f(*args, **kwargs)))
                                                ^^^^^^^^^^^^^^^^^^
.venv/lib/python3.12/site-packages/flask/app.py:1867: in handle_exception
    reraise(exc_type, exc_value, tb)
.venv/lib/python3.12/site-packages/flask/_compat.py:39: in reraise
    raise value
.venv/lib/python3.12/site-packages/flask/app.py:2447: in wsgi_app
    response = self.full_dispatch_request()
               ^^^^^^^^^^^^^^^^^^^^^^^^^^^^
.venv/lib/python3.12/site-packages/flask/app.py:1953: in full_dispatch_request
    return self.finalize_request(rv)
           ^^^^^^^^^^^^^^^^^^^^^^^^^
.venv/lib/python3.12/site-packages/flask/app.py:1970: in finalize_request
    response = self.process_response(response)
               ^^^^^^^^^^^^^^^^^^^^^^^^^^^^^^^
.venv/lib/python3.12/site-packages/flask/app.py:2269: in process_response
    self.session_interface.save_session(self, ctx.session, response)
app/session.py:97: in save_session
    self._redis_w.setex(
.venv/lib/python3.12/site-packages/redis/commands/core.py:2360: in setex
    return self.execute_command("SETEX", name, time, value)
           ^^^^^^^^^^^^^^^^^^^^^^^^^^^^^^^^^^^^^^^^^^^^^^^^
.venv/lib/python3.12/site-packages/redis/client.py:559: in execute_command
    return self._execute_command(*args, **options)
           ^^^^^^^^^^^^^^^^^^^^^^^^^^^^^^^^^^^^^^^
.venv/lib/python3.12/site-packages/redis/client.py:565: in _execute_command
    conn = self.connection or pool.get_connection(command_name, **options)
                              ^^^^^^^^^^^^^^^^^^^^^^^^^^^^^^^^^^^^^^^^^^^^
.venv/lib/python3.12/site-packages/redis/connection.py:1422: in get_connection
    connection.connect()
.venv/lib/python3.12/site-packages/redis/connection.py:363: in connect
    raise ConnectionError(self._error_message(e))
E   redis.exceptions.ConnectionError: Error 111 connecting to localhost:6379. Connection refused.
----------------------------- Captured stdout call -----------------------------
2026-02-09 12:29:38,683 - SL - INFO - 5326 - "/home/runner/work/simplelogin-app/simplelogin-app/app/events/event_dispatcher.py:62" - send_event() -  - Not sending events because webhook is not configured and allowed to be empty
__________________ test_cannot_update_admin_disabled_mailbox ___________________
.venv/lib/python3.12/site-packages/redis/connection.py:357: in connect
    sock = self.retry.call_with_retry(
.venv/lib/python3.12/site-packages/redis/retry.py:62: in call_with_retry
    return do()
           ^^^^
.venv/lib/python3.12/site-packages/redis/connection.py:358: in <lambda>
    lambda: self._connect(), lambda error: self.disconnect(error)
            ^^^^^^^^^^^^^^^
.venv/lib/python3.12/site-packages/redis/connection.py:730: in _connect
    raise err
.venv/lib/python3.12/site-packages/redis/connection.py:718: in _connect
    sock.connect(socket_address)
E   ConnectionRefusedError: [Errno 111] Connection refused

During handling of the above exception, another exception occurred:
tests/api/test_mailbox.py:219: in test_cannot_update_admin_disabled_mailbox
    user = login(flask_client)
           ^^^^^^^^^^^^^^^^^^^
tests/utils.py:57: in login
    r = flask_client.post(
.venv/lib/python3.12/site-packages/werkzeug/test.py:1016: in post
    return self.open(*args, **kw)
           ^^^^^^^^^^^^^^^^^^^^^^
tests/conftest.py:60: in open
    return super().open(*args, **kwargs)
           ^^^^^^^^^^^^^^^^^^^^^^^^^^^^^
.venv/lib/python3.12/site-packages/flask/testing.py:222: in open
    return Client.open(
.venv/lib/python3.12/site-packages/werkzeug/test.py:970: in open
    response = self.run_wsgi_app(environ.copy(), buffered=buffered)
               ^^^^^^^^^^^^^^^^^^^^^^^^^^^^^^^^^^^^^^^^^^^^^^^^^^^^
.venv/lib/python3.12/site-packages/werkzeug/test.py:861: in run_wsgi_app
    rv = run_wsgi_app(self.application, environ, buffered=buffered)
         ^^^^^^^^^^^^^^^^^^^^^^^^^^^^^^^^^^^^^^^^^^^^^^^^^^^^^^^^^^
.venv/lib/python3.12/site-packages/werkzeug/test.py:1096: in run_wsgi_app
    app_rv = app(environ, start_response)
             ^^^^^^^^^^^^^^^^^^^^^^^^^^^^
.venv/lib/python3.12/site-packages/flask/app.py:2464: in __call__
    return self.wsgi_app(environ, start_response)
           ^^^^^^^^^^^^^^^^^^^^^^^^^^^^^^^^^^^^^^
.venv/lib/python3.12/site-packages/werkzeug/middleware/proxy_fix.py:169: in __call__
    return self.app(environ, start_response)
           ^^^^^^^^^^^^^^^^^^^^^^^^^^^^^^^^^
.venv/lib/python3.12/site-packages/flask/app.py:2450: in wsgi_app
    response = self.handle_exception(e)
               ^^^^^^^^^^^^^^^^^^^^^^^^
.venv/lib/python3.12/site-packages/flask_cors/extension.py:165: in wrapped_function
    return cors_after_request(app.make_response(f(*args, **kwargs)))
                                                ^^^^^^^^^^^^^^^^^^
.venv/lib/python3.12/site-packages/flask/app.py:1867: in handle_exception
    reraise(exc_type, exc_value, tb)
.venv/lib/python3.12/site-packages/flask/_compat.py:39: in reraise
    raise value
.venv/lib/python3.12/site-packages/flask/app.py:2447: in wsgi_app
    response = self.full_dispatch_request()
               ^^^^^^^^^^^^^^^^^^^^^^^^^^^^
.venv/lib/python3.12/site-packages/flask/app.py:1953: in full_dispatch_request
    return self.finalize_request(rv)
           ^^^^^^^^^^^^^^^^^^^^^^^^^
.venv/lib/python3.12/site-packages/flask/app.py:1970: in finalize_request
    response = self.process_response(response)
               ^^^^^^^^^^^^^^^^^^^^^^^^^^^^^^^
.venv/lib/python3.12/site-packages/flask/app.py:2269: in process_response
    self.session_interface.save_session(self, ctx.session, response)
app/session.py:97: in save_session
    self._redis_w.setex(
.venv/lib/python3.12/site-packages/redis/commands/core.py:2360: in setex
    return self.execute_command("SETEX", name, time, value)
           ^^^^^^^^^^^^^^^^^^^^^^^^^^^^^^^^^^^^^^^^^^^^^^^^
.venv/lib/python3.12/site-packages/redis/client.py:559: in execute_command
    return self._execute_command(*args, **options)
           ^^^^^^^^^^^^^^^^^^^^^^^^^^^^^^^^^^^^^^^
.venv/lib/python3.12/site-packages/redis/client.py:565: in _execute_command
    conn = self.connection or pool.get_connection(command_name, **options)
                              ^^^^^^^^^^^^^^^^^^^^^^^^^^^^^^^^^^^^^^^^^^^^
.venv/lib/python3.12/site-packages/redis/connection.py:1422: in get_connection
    connection.connect()
.venv/lib/python3.12/site-packages/redis/connection.py:363: in connect
    raise ConnectionError(self._error_message(e))
E   redis.exceptions.ConnectionError: Error 111 connecting to localhost:6379. Connection refused.
----------------------------- Captured stdout call -----------------------------
2026-02-09 12:29:39,371 - SL - INFO - 5326 - "/home/runner/work/simplelogin-app/simplelogin-app/app/events/event_dispatcher.py:62" - send_event() -  - Not sending events because webhook is not configured and allowed to be empty
__________________ test_cannot_delete_admin_disabled_mailbox ___________________
.venv/lib/python3.12/site-packages/redis/connection.py:357: in connect
    sock = self.retry.call_with_retry(
.venv/lib/python3.12/site-packages/redis/retry.py:62: in call_with_retry
    return do()
           ^^^^
.venv/lib/python3.12/site-packages/redis/connection.py:358: in <lambda>
    lambda: self._connect(), lambda error: self.disconnect(error)
            ^^^^^^^^^^^^^^^
.venv/lib/python3.12/site-packages/redis/connection.py:730: in _connect
    raise err
.venv/lib/python3.12/site-packages/redis/connection.py:718: in _connect
    sock.connect(socket_address)
E   ConnectionRefusedError: [Errno 111] Connection refused

During handling of the above exception, another exception occurred:
tests/api/test_mailbox.py:246: in test_cannot_delete_admin_disabled_mailbox
    user = login(flask_client)
           ^^^^^^^^^^^^^^^^^^^
tests/utils.py:57: in login
    r = flask_client.post(
.venv/lib/python3.12/site-packages/werkzeug/test.py:1016: in post
    return self.open(*args, **kw)
           ^^^^^^^^^^^^^^^^^^^^^^
tests/conftest.py:60: in open
    return super().open(*args, **kwargs)
           ^^^^^^^^^^^^^^^^^^^^^^^^^^^^^
.venv/lib/python3.12/site-packages/flask/testing.py:222: in open
    return Client.open(
.venv/lib/python3.12/site-packages/werkzeug/test.py:970: in open
    response = self.run_wsgi_app(environ.copy(), buffered=buffered)
               ^^^^^^^^^^^^^^^^^^^^^^^^^^^^^^^^^^^^^^^^^^^^^^^^^^^^
.venv/lib/python3.12/site-packages/werkzeug/test.py:861: in run_wsgi_app
    rv = run_wsgi_app(self.application, environ, buffered=buffered)
         ^^^^^^^^^^^^^^^^^^^^^^^^^^^^^^^^^^^^^^^^^^^^^^^^^^^^^^^^^^
.venv/lib/python3.12/site-packages/werkzeug/test.py:1096: in run_wsgi_app
    app_rv = app(environ, start_response)
             ^^^^^^^^^^^^^^^^^^^^^^^^^^^^
.venv/lib/python3.12/site-packages/flask/app.py:2464: in __call__
    return self.wsgi_app(environ, start_response)
           ^^^^^^^^^^^^^^^^^^^^^^^^^^^^^^^^^^^^^^
.venv/lib/python3.12/site-packages/werkzeug/middleware/proxy_fix.py:169: in __call__
    return self.app(environ, start_response)
           ^^^^^^^^^^^^^^^^^^^^^^^^^^^^^^^^^
.venv/lib/python3.12/site-packages/flask/app.py:2450: in wsgi_app
    response = self.handle_exception(e)
               ^^^^^^^^^^^^^^^^^^^^^^^^
.venv/lib/python3.12/site-packages/flask_cors/extension.py:165: in wrapped_function
    return cors_after_request(app.make_response(f(*args, **kwargs)))
                                                ^^^^^^^^^^^^^^^^^^
.venv/lib/python3.12/site-packages/flask/app.py:1867: in handle_exception
    reraise(exc_type, exc_value, tb)
.venv/lib/python3.12/site-packages/flask/_compat.py:39: in reraise
    raise value
.venv/lib/python3.12/site-packages/flask/app.py:2447: in wsgi_app
    response = self.full_dispatch_request()
               ^^^^^^^^^^^^^^^^^^^^^^^^^^^^
.venv/lib/python3.12/site-packages/flask/app.py:1953: in full_dispatch_request
    return self.finalize_request(rv)
           ^^^^^^^^^^^^^^^^^^^^^^^^^
.venv/lib/python3.12/site-packages/flask/app.py:1970: in finalize_request
    response = self.process_response(response)
               ^^^^^^^^^^^^^^^^^^^^^^^^^^^^^^^
.venv/lib/python3.12/site-packages/flask/app.py:2269: in process_response
    self.session_interface.save_session(self, ctx.session, response)
app/session.py:97: in save_session
    self._redis_w.setex(
.venv/lib/python3.12/site-packages/redis/commands/core.py:2360: in setex
    return self.execute_command("SETEX", name, time, value)
           ^^^^^^^^^^^^^^^^^^^^^^^^^^^^^^^^^^^^^^^^^^^^^^^^
.venv/lib/python3.12/site-packages/redis/client.py:559: in execute_command
    return self._execute_command(*args, **options)
           ^^^^^^^^^^^^^^^^^^^^^^^^^^^^^^^^^^^^^^^
.venv/lib/python3.12/site-packages/redis/client.py:565: in _execute_command
    conn = self.connection or pool.get_connection(command_name, **options)
                              ^^^^^^^^^^^^^^^^^^^^^^^^^^^^^^^^^^^^^^^^^^^^
.venv/lib/python3.12/site-packages/redis/connection.py:1422: in get_connection
    connection.connect()
.venv/lib/python3.12/site-packages/redis/connection.py:363: in connect
    raise ConnectionError(self._error_message(e))
E   redis.exceptions.ConnectionError: Error 111 connecting to localhost:6379. Connection refused.
----------------------------- Captured stdout call -----------------------------
2026-02-09 12:29:40,056 - SL - INFO - 5326 - "/home/runner/work/simplelogin-app/simplelogin-app/app/events/event_dispatcher.py:62" - send_event() -  - Not sending events because webhook is not configured and allowed to be empty
___________________________________ test_v2 ____________________________________
.venv/lib/python3.12/site-packages/redis/connection.py:357: in connect
    sock = self.retry.call_with_retry(
.venv/lib/python3.12/site-packages/redis/retry.py:62: in call_with_retry
    return do()
           ^^^^
.venv/lib/python3.12/site-packages/redis/connection.py:358: in <lambda>
    lambda: self._connect(), lambda error: self.disconnect(error)
            ^^^^^^^^^^^^^^^
.venv/lib/python3.12/site-packages/redis/connection.py:730: in _connect
    raise err
.venv/lib/python3.12/site-packages/redis/connection.py:718: in _connect
    sock.connect(socket_address)
E   ConnectionRefusedError: [Errno 111] Connection refused

During handling of the above exception, another exception occurred:
tests/api/test_new_custom_alias.py:12: in test_v2
    login(flask_client)
tests/utils.py:57: in login
    r = flask_client.post(
.venv/lib/python3.12/site-packages/werkzeug/test.py:1016: in post
    return self.open(*args, **kw)
           ^^^^^^^^^^^^^^^^^^^^^^
tests/conftest.py:60: in open
    return super().open(*args, **kwargs)
           ^^^^^^^^^^^^^^^^^^^^^^^^^^^^^
.venv/lib/python3.12/site-packages/flask/testing.py:222: in open
    return Client.open(
.venv/lib/python3.12/site-packages/werkzeug/test.py:970: in open
    response = self.run_wsgi_app(environ.copy(), buffered=buffered)
               ^^^^^^^^^^^^^^^^^^^^^^^^^^^^^^^^^^^^^^^^^^^^^^^^^^^^
.venv/lib/python3.12/site-packages/werkzeug/test.py:861: in run_wsgi_app
    rv = run_wsgi_app(self.application, environ, buffered=buffered)
         ^^^^^^^^^^^^^^^^^^^^^^^^^^^^^^^^^^^^^^^^^^^^^^^^^^^^^^^^^^
.venv/lib/python3.12/site-packages/werkzeug/test.py:1096: in run_wsgi_app
    app_rv = app(environ, start_response)
             ^^^^^^^^^^^^^^^^^^^^^^^^^^^^
.venv/lib/python3.12/site-packages/flask/app.py:2464: in __call__
    return self.wsgi_app(environ, start_response)
           ^^^^^^^^^^^^^^^^^^^^^^^^^^^^^^^^^^^^^^
.venv/lib/python3.12/site-packages/werkzeug/middleware/proxy_fix.py:169: in __call__
    return self.app(environ, start_response)
           ^^^^^^^^^^^^^^^^^^^^^^^^^^^^^^^^^
.venv/lib/python3.12/site-packages/flask/app.py:2450: in wsgi_app
    response = self.handle_exception(e)
               ^^^^^^^^^^^^^^^^^^^^^^^^
.venv/lib/python3.12/site-packages/flask_cors/extension.py:165: in wrapped_function
    return cors_after_request(app.make_response(f(*args, **kwargs)))
                                                ^^^^^^^^^^^^^^^^^^
.venv/lib/python3.12/site-packages/flask/app.py:1867: in handle_exception
    reraise(exc_type, exc_value, tb)
.venv/lib/python3.12/site-packages/flask/_compat.py:39: in reraise
    raise value
.venv/lib/python3.12/site-packages/flask/app.py:2447: in wsgi_app
    response = self.full_dispatch_request()
               ^^^^^^^^^^^^^^^^^^^^^^^^^^^^
.venv/lib/python3.12/site-packages/flask/app.py:1953: in full_dispatch_request
    return self.finalize_request(rv)
           ^^^^^^^^^^^^^^^^^^^^^^^^^
.venv/lib/python3.12/site-packages/flask/app.py:1970: in finalize_request
    response = self.process_response(response)
               ^^^^^^^^^^^^^^^^^^^^^^^^^^^^^^^
.venv/lib/python3.12/site-packages/flask/app.py:2269: in process_response
    self.session_interface.save_session(self, ctx.session, response)
app/session.py:97: in save_session
    self._redis_w.setex(
.venv/lib/python3.12/site-packages/redis/commands/core.py:2360: in setex
    return self.execute_command("SETEX", name, time, value)
           ^^^^^^^^^^^^^^^^^^^^^^^^^^^^^^^^^^^^^^^^^^^^^^^^
.venv/lib/python3.12/site-packages/redis/client.py:559: in execute_command
    return self._execute_command(*args, **options)
           ^^^^^^^^^^^^^^^^^^^^^^^^^^^^^^^^^^^^^^^
.venv/lib/python3.12/site-packages/redis/client.py:565: in _execute_command
    conn = self.connection or pool.get_connection(command_name, **options)
                              ^^^^^^^^^^^^^^^^^^^^^^^^^^^^^^^^^^^^^^^^^^^^
.venv/lib/python3.12/site-packages/redis/connection.py:1422: in get_connection
    connection.connect()
.venv/lib/python3.12/site-packages/redis/connection.py:363: in connect
    raise ConnectionError(self._error_message(e))
E   redis.exceptions.ConnectionError: Error 111 connecting to localhost:6379. Connection refused.
----------------------------- Captured stdout call -----------------------------
2026-02-09 12:29:40,747 - SL - INFO - 5326 - "/home/runner/work/simplelogin-app/simplelogin-app/app/events/event_dispatcher.py:62" - send_event() -  - Not sending events because webhook is not configured and allowed to be empty
_____________________________ test_minimal_payload _____________________________
.venv/lib/python3.12/site-packages/redis/connection.py:357: in connect
    sock = self.retry.call_with_retry(
.venv/lib/python3.12/site-packages/redis/retry.py:62: in call_with_retry
    return do()
           ^^^^
.venv/lib/python3.12/site-packages/redis/connection.py:358: in <lambda>
    lambda: self._connect(), lambda error: self.disconnect(error)
            ^^^^^^^^^^^^^^^
.venv/lib/python3.12/site-packages/redis/connection.py:730: in _connect
    raise err
.venv/lib/python3.12/site-packages/redis/connection.py:718: in _connect
    sock.connect(socket_address)
E   ConnectionRefusedError: [Errno 111] Connection refused

During handling of the above exception, another exception occurred:
tests/api/test_new_custom_alias.py:44: in test_minimal_payload
    user = login(flask_client)
           ^^^^^^^^^^^^^^^^^^^
tests/utils.py:57: in login
    r = flask_client.post(
.venv/lib/python3.12/site-packages/werkzeug/test.py:1016: in post
    return self.open(*args, **kw)
           ^^^^^^^^^^^^^^^^^^^^^^
tests/conftest.py:60: in open
    return super().open(*args, **kwargs)
           ^^^^^^^^^^^^^^^^^^^^^^^^^^^^^
.venv/lib/python3.12/site-packages/flask/testing.py:222: in open
    return Client.open(
.venv/lib/python3.12/site-packages/werkzeug/test.py:970: in open
    response = self.run_wsgi_app(environ.copy(), buffered=buffered)
               ^^^^^^^^^^^^^^^^^^^^^^^^^^^^^^^^^^^^^^^^^^^^^^^^^^^^
.venv/lib/python3.12/site-packages/werkzeug/test.py:861: in run_wsgi_app
    rv = run_wsgi_app(self.application, environ, buffered=buffered)
         ^^^^^^^^^^^^^^^^^^^^^^^^^^^^^^^^^^^^^^^^^^^^^^^^^^^^^^^^^^
.venv/lib/python3.12/site-packages/werkzeug/test.py:1096: in run_wsgi_app
    app_rv = app(environ, start_response)
             ^^^^^^^^^^^^^^^^^^^^^^^^^^^^
.venv/lib/python3.12/site-packages/flask/app.py:2464: in __call__
    return self.wsgi_app(environ, start_response)
           ^^^^^^^^^^^^^^^^^^^^^^^^^^^^^^^^^^^^^^
.venv/lib/python3.12/site-packages/werkzeug/middleware/proxy_fix.py:169: in __call__
    return self.app(environ, start_response)
           ^^^^^^^^^^^^^^^^^^^^^^^^^^^^^^^^^
.venv/lib/python3.12/site-packages/flask/app.py:2450: in wsgi_app
    response = self.handle_exception(e)
               ^^^^^^^^^^^^^^^^^^^^^^^^
.venv/lib/python3.12/site-packages/flask_cors/extension.py:165: in wrapped_function
    return cors_after_request(app.make_response(f(*args, **kwargs)))
                                                ^^^^^^^^^^^^^^^^^^
.venv/lib/python3.12/site-packages/flask/app.py:1867: in handle_exception
    reraise(exc_type, exc_value, tb)
.venv/lib/python3.12/site-packages/flask/_compat.py:39: in reraise
    raise value
.venv/lib/python3.12/site-packages/flask/app.py:2447: in wsgi_app
    response = self.full_dispatch_request()
               ^^^^^^^^^^^^^^^^^^^^^^^^^^^^
.venv/lib/python3.12/site-packages/flask/app.py:1953: in full_dispatch_request
    return self.finalize_request(rv)
           ^^^^^^^^^^^^^^^^^^^^^^^^^
.venv/lib/python3.12/site-packages/flask/app.py:1970: in finalize_request
    response = self.process_response(response)
               ^^^^^^^^^^^^^^^^^^^^^^^^^^^^^^^
.venv/lib/python3.12/site-packages/flask/app.py:2269: in process_response
    self.session_interface.save_session(self, ctx.session, response)
app/session.py:97: in save_session
    self._redis_w.setex(
.venv/lib/python3.12/site-packages/redis/commands/core.py:2360: in setex
    return self.execute_command("SETEX", name, time, value)
           ^^^^^^^^^^^^^^^^^^^^^^^^^^^^^^^^^^^^^^^^^^^^^^^^
.venv/lib/python3.12/site-packages/redis/client.py:559: in execute_command
    return self._execute_command(*args, **options)
           ^^^^^^^^^^^^^^^^^^^^^^^^^^^^^^^^^^^^^^^
.venv/lib/python3.12/site-packages/redis/client.py:565: in _execute_command
    conn = self.connection or pool.get_connection(command_name, **options)
                              ^^^^^^^^^^^^^^^^^^^^^^^^^^^^^^^^^^^^^^^^^^^^
.venv/lib/python3.12/site-packages/redis/connection.py:1422: in get_connection
    connection.connect()
.venv/lib/python3.12/site-packages/redis/connection.py:363: in connect
    raise ConnectionError(self._error_message(e))
E   redis.exceptions.ConnectionError: Error 111 connecting to localhost:6379. Connection refused.
----------------------------- Captured stdout call -----------------------------
2026-02-09 12:29:41,443 - SL - INFO - 5326 - "/home/runner/work/simplelogin-app/simplelogin-app/app/events/event_dispatcher.py:62" - send_event() -  - Not sending events because webhook is not configured and allowed to be empty
______________________________ test_full_payload _______________________________
.venv/lib/python3.12/site-packages/redis/connection.py:357: in connect
    sock = self.retry.call_with_retry(
.venv/lib/python3.12/site-packages/redis/retry.py:62: in call_with_retry
    return do()
           ^^^^
.venv/lib/python3.12/site-packages/redis/connection.py:358: in <lambda>
    lambda: self._connect(), lambda error: self.disconnect(error)
            ^^^^^^^^^^^^^^^
.venv/lib/python3.12/site-packages/redis/connection.py:730: in _connect
    raise err
.venv/lib/python3.12/site-packages/redis/connection.py:718: in _connect
    sock.connect(socket_address)
E   ConnectionRefusedError: [Errno 111] Connection refused

During handling of the above exception, another exception occurred:
tests/api/test_new_custom_alias.py:84: in test_full_payload
    user = login(flask_client)
           ^^^^^^^^^^^^^^^^^^^
tests/utils.py:57: in login
    r = flask_client.post(
.venv/lib/python3.12/site-packages/werkzeug/test.py:1016: in post
    return self.open(*args, **kw)
           ^^^^^^^^^^^^^^^^^^^^^^
tests/conftest.py:60: in open
    return super().open(*args, **kwargs)
           ^^^^^^^^^^^^^^^^^^^^^^^^^^^^^
.venv/lib/python3.12/site-packages/flask/testing.py:222: in open
    return Client.open(
.venv/lib/python3.12/site-packages/werkzeug/test.py:970: in open
    response = self.run_wsgi_app(environ.copy(), buffered=buffered)
               ^^^^^^^^^^^^^^^^^^^^^^^^^^^^^^^^^^^^^^^^^^^^^^^^^^^^
.venv/lib/python3.12/site-packages/werkzeug/test.py:861: in run_wsgi_app
    rv = run_wsgi_app(self.application, environ, buffered=buffered)
         ^^^^^^^^^^^^^^^^^^^^^^^^^^^^^^^^^^^^^^^^^^^^^^^^^^^^^^^^^^
.venv/lib/python3.12/site-packages/werkzeug/test.py:1096: in run_wsgi_app
    app_rv = app(environ, start_response)
             ^^^^^^^^^^^^^^^^^^^^^^^^^^^^
.venv/lib/python3.12/site-packages/flask/app.py:2464: in __call__
    return self.wsgi_app(environ, start_response)
           ^^^^^^^^^^^^^^^^^^^^^^^^^^^^^^^^^^^^^^
.venv/lib/python3.12/site-packages/werkzeug/middleware/proxy_fix.py:169: in __call__
    return self.app(environ, start_response)
           ^^^^^^^^^^^^^^^^^^^^^^^^^^^^^^^^^
.venv/lib/python3.12/site-packages/flask/app.py:2450: in wsgi_app
    response = self.handle_exception(e)
               ^^^^^^^^^^^^^^^^^^^^^^^^
.venv/lib/python3.12/site-packages/flask_cors/extension.py:165: in wrapped_function
    return cors_after_request(app.make_response(f(*args, **kwargs)))
                                                ^^^^^^^^^^^^^^^^^^
.venv/lib/python3.12/site-packages/flask/app.py:1867: in handle_exception
    reraise(exc_type, exc_value, tb)
.venv/lib/python3.12/site-packages/flask/_compat.py:39: in reraise
    raise value
.venv/lib/python3.12/site-packages/flask/app.py:2447: in wsgi_app
    response = self.full_dispatch_request()
               ^^^^^^^^^^^^^^^^^^^^^^^^^^^^
.venv/lib/python3.12/site-packages/flask/app.py:1953: in full_dispatch_request
    return self.finalize_request(rv)
           ^^^^^^^^^^^^^^^^^^^^^^^^^
.venv/lib/python3.12/site-packages/flask/app.py:1970: in finalize_request
    response = self.process_response(response)
               ^^^^^^^^^^^^^^^^^^^^^^^^^^^^^^^
.venv/lib/python3.12/site-packages/flask/app.py:2269: in process_response
    self.session_interface.save_session(self, ctx.session, response)
app/session.py:97: in save_session
    self._redis_w.setex(
.venv/lib/python3.12/site-packages/redis/commands/core.py:2360: in setex
    return self.execute_command("SETEX", name, time, value)
           ^^^^^^^^^^^^^^^^^^^^^^^^^^^^^^^^^^^^^^^^^^^^^^^^
.venv/lib/python3.12/site-packages/redis/client.py:559: in execute_command
    return self._execute_command(*args, **options)
           ^^^^^^^^^^^^^^^^^^^^^^^^^^^^^^^^^^^^^^^
.venv/lib/python3.12/site-packages/redis/client.py:565: in _execute_command
    conn = self.connection or pool.get_connection(command_name, **options)
                              ^^^^^^^^^^^^^^^^^^^^^^^^^^^^^^^^^^^^^^^^^^^^
.venv/lib/python3.12/site-packages/redis/connection.py:1422: in get_connection
    connection.connect()
.venv/lib/python3.12/site-packages/redis/connection.py:363: in connect
    raise ConnectionError(self._error_message(e))
E   redis.exceptions.ConnectionError: Error 111 connecting to localhost:6379. Connection refused.
----------------------------- Captured stdout call -----------------------------
2026-02-09 12:29:42,278 - SL - INFO - 5326 - "/home/runner/work/simplelogin-app/simplelogin-app/app/events/event_dispatcher.py:62" - send_event() -  - Not sending events because webhook is not configured and allowed to be empty
___________________________ test_custom_domain_alias ___________________________
.venv/lib/python3.12/site-packages/redis/connection.py:357: in connect
    sock = self.retry.call_with_retry(
.venv/lib/python3.12/site-packages/redis/retry.py:62: in call_with_retry
    return do()
           ^^^^
.venv/lib/python3.12/site-packages/redis/connection.py:358: in <lambda>
    lambda: self._connect(), lambda error: self.disconnect(error)
            ^^^^^^^^^^^^^^^
.venv/lib/python3.12/site-packages/redis/connection.py:730: in _connect
    raise err
.venv/lib/python3.12/site-packages/redis/connection.py:718: in _connect
    sock.connect(socket_address)
E   ConnectionRefusedError: [Errno 111] Connection refused

During handling of the above exception, another exception occurred:
tests/api/test_new_custom_alias.py:127: in test_custom_domain_alias
    user = login(flask_client)
           ^^^^^^^^^^^^^^^^^^^
tests/utils.py:57: in login
    r = flask_client.post(
.venv/lib/python3.12/site-packages/werkzeug/test.py:1016: in post
    return self.open(*args, **kw)
           ^^^^^^^^^^^^^^^^^^^^^^
tests/conftest.py:60: in open
    return super().open(*args, **kwargs)
           ^^^^^^^^^^^^^^^^^^^^^^^^^^^^^
.venv/lib/python3.12/site-packages/flask/testing.py:222: in open
    return Client.open(
.venv/lib/python3.12/site-packages/werkzeug/test.py:970: in open
    response = self.run_wsgi_app(environ.copy(), buffered=buffered)
               ^^^^^^^^^^^^^^^^^^^^^^^^^^^^^^^^^^^^^^^^^^^^^^^^^^^^
.venv/lib/python3.12/site-packages/werkzeug/test.py:861: in run_wsgi_app
    rv = run_wsgi_app(self.application, environ, buffered=buffered)
         ^^^^^^^^^^^^^^^^^^^^^^^^^^^^^^^^^^^^^^^^^^^^^^^^^^^^^^^^^^
.venv/lib/python3.12/site-packages/werkzeug/test.py:1096: in run_wsgi_app
    app_rv = app(environ, start_response)
             ^^^^^^^^^^^^^^^^^^^^^^^^^^^^
.venv/lib/python3.12/site-packages/flask/app.py:2464: in __call__
    return self.wsgi_app(environ, start_response)
           ^^^^^^^^^^^^^^^^^^^^^^^^^^^^^^^^^^^^^^
.venv/lib/python3.12/site-packages/werkzeug/middleware/proxy_fix.py:169: in __call__
    return self.app(environ, start_response)
           ^^^^^^^^^^^^^^^^^^^^^^^^^^^^^^^^^
.venv/lib/python3.12/site-packages/flask/app.py:2450: in wsgi_app
    response = self.handle_exception(e)
               ^^^^^^^^^^^^^^^^^^^^^^^^
.venv/lib/python3.12/site-packages/flask_cors/extension.py:165: in wrapped_function
    return cors_after_request(app.make_response(f(*args, **kwargs)))
                                                ^^^^^^^^^^^^^^^^^^
.venv/lib/python3.12/site-packages/flask/app.py:1867: in handle_exception
    reraise(exc_type, exc_value, tb)
.venv/lib/python3.12/site-packages/flask/_compat.py:39: in reraise
    raise value
.venv/lib/python3.12/site-packages/flask/app.py:2447: in wsgi_app
    response = self.full_dispatch_request()
               ^^^^^^^^^^^^^^^^^^^^^^^^^^^^
.venv/lib/python3.12/site-packages/flask/app.py:1953: in full_dispatch_request
    return self.finalize_request(rv)
           ^^^^^^^^^^^^^^^^^^^^^^^^^
.venv/lib/python3.12/site-packages/flask/app.py:1970: in finalize_request
    response = self.process_response(response)
               ^^^^^^^^^^^^^^^^^^^^^^^^^^^^^^^
.venv/lib/python3.12/site-packages/flask/app.py:2269: in process_response
    self.session_interface.save_session(self, ctx.session, response)
app/session.py:97: in save_session
    self._redis_w.setex(
.venv/lib/python3.12/site-packages/redis/commands/core.py:2360: in setex
    return self.execute_command("SETEX", name, time, value)
           ^^^^^^^^^^^^^^^^^^^^^^^^^^^^^^^^^^^^^^^^^^^^^^^^
.venv/lib/python3.12/site-packages/redis/client.py:559: in execute_command
    return self._execute_command(*args, **options)
           ^^^^^^^^^^^^^^^^^^^^^^^^^^^^^^^^^^^^^^^
.venv/lib/python3.12/site-packages/redis/client.py:565: in _execute_command
    conn = self.connection or pool.get_connection(command_name, **options)
                              ^^^^^^^^^^^^^^^^^^^^^^^^^^^^^^^^^^^^^^^^^^^^
.venv/lib/python3.12/site-packages/redis/connection.py:1422: in get_connection
    connection.connect()
.venv/lib/python3.12/site-packages/redis/connection.py:363: in connect
    raise ConnectionError(self._error_message(e))
E   redis.exceptions.ConnectionError: Error 111 connecting to localhost:6379. Connection refused.
----------------------------- Captured stdout call -----------------------------
2026-02-09 12:29:42,967 - SL - INFO - 5326 - "/home/runner/work/simplelogin-app/simplelogin-app/app/events/event_dispatcher.py:62" - send_event() -  - Not sending events because webhook is not configured and allowed to be empty
________________________ test_wrongly_formatted_payload ________________________
.venv/lib/python3.12/site-packages/redis/connection.py:357: in connect
    sock = self.retry.call_with_retry(
.venv/lib/python3.12/site-packages/redis/retry.py:62: in call_with_retry
    return do()
           ^^^^
.venv/lib/python3.12/site-packages/redis/connection.py:358: in <lambda>
    lambda: self._connect(), lambda error: self.disconnect(error)
            ^^^^^^^^^^^^^^^
.venv/lib/python3.12/site-packages/redis/connection.py:730: in _connect
    raise err
.venv/lib/python3.12/site-packages/redis/connection.py:718: in _connect
    sock.connect(socket_address)
E   ConnectionRefusedError: [Errno 111] Connection refused

During handling of the above exception, another exception occurred:
tests/api/test_new_custom_alias.py:151: in test_wrongly_formatted_payload
    login(flask_client)
tests/utils.py:57: in login
    r = flask_client.post(
.venv/lib/python3.12/site-packages/werkzeug/test.py:1016: in post
    return self.open(*args, **kw)
           ^^^^^^^^^^^^^^^^^^^^^^
tests/conftest.py:60: in open
    return super().open(*args, **kwargs)
           ^^^^^^^^^^^^^^^^^^^^^^^^^^^^^
.venv/lib/python3.12/site-packages/flask/testing.py:222: in open
    return Client.open(
.venv/lib/python3.12/site-packages/werkzeug/test.py:970: in open
    response = self.run_wsgi_app(environ.copy(), buffered=buffered)
               ^^^^^^^^^^^^^^^^^^^^^^^^^^^^^^^^^^^^^^^^^^^^^^^^^^^^
.venv/lib/python3.12/site-packages/werkzeug/test.py:861: in run_wsgi_app
    rv = run_wsgi_app(self.application, environ, buffered=buffered)
         ^^^^^^^^^^^^^^^^^^^^^^^^^^^^^^^^^^^^^^^^^^^^^^^^^^^^^^^^^^
.venv/lib/python3.12/site-packages/werkzeug/test.py:1096: in run_wsgi_app
    app_rv = app(environ, start_response)
             ^^^^^^^^^^^^^^^^^^^^^^^^^^^^
.venv/lib/python3.12/site-packages/flask/app.py:2464: in __call__
    return self.wsgi_app(environ, start_response)
           ^^^^^^^^^^^^^^^^^^^^^^^^^^^^^^^^^^^^^^
.venv/lib/python3.12/site-packages/werkzeug/middleware/proxy_fix.py:169: in __call__
    return self.app(environ, start_response)
           ^^^^^^^^^^^^^^^^^^^^^^^^^^^^^^^^^
.venv/lib/python3.12/site-packages/flask/app.py:2450: in wsgi_app
    response = self.handle_exception(e)
               ^^^^^^^^^^^^^^^^^^^^^^^^
.venv/lib/python3.12/site-packages/flask_cors/extension.py:165: in wrapped_function
    return cors_after_request(app.make_response(f(*args, **kwargs)))
                                                ^^^^^^^^^^^^^^^^^^
.venv/lib/python3.12/site-packages/flask/app.py:1867: in handle_exception
    reraise(exc_type, exc_value, tb)
.venv/lib/python3.12/site-packages/flask/_compat.py:39: in reraise
    raise value
.venv/lib/python3.12/site-packages/flask/app.py:2447: in wsgi_app
    response = self.full_dispatch_request()
               ^^^^^^^^^^^^^^^^^^^^^^^^^^^^
.venv/lib/python3.12/site-packages/flask/app.py:1953: in full_dispatch_request
    return self.finalize_request(rv)
           ^^^^^^^^^^^^^^^^^^^^^^^^^
.venv/lib/python3.12/site-packages/flask/app.py:1970: in finalize_request
    response = self.process_response(response)
               ^^^^^^^^^^^^^^^^^^^^^^^^^^^^^^^
.venv/lib/python3.12/site-packages/flask/app.py:2269: in process_response
    self.session_interface.save_session(self, ctx.session, response)
app/session.py:97: in save_session
    self._redis_w.setex(
.venv/lib/python3.12/site-packages/redis/commands/core.py:2360: in setex
    return self.execute_command("SETEX", name, time, value)
           ^^^^^^^^^^^^^^^^^^^^^^^^^^^^^^^^^^^^^^^^^^^^^^^^
.venv/lib/python3.12/site-packages/redis/client.py:559: in execute_command
    return self._execute_command(*args, **options)
           ^^^^^^^^^^^^^^^^^^^^^^^^^^^^^^^^^^^^^^^
.venv/lib/python3.12/site-packages/redis/client.py:565: in _execute_command
    conn = self.connection or pool.get_connection(command_name, **options)
                              ^^^^^^^^^^^^^^^^^^^^^^^^^^^^^^^^^^^^^^^^^^^^
.venv/lib/python3.12/site-packages/redis/connection.py:1422: in get_connection
    connection.connect()
.venv/lib/python3.12/site-packages/redis/connection.py:363: in connect
    raise ConnectionError(self._error_message(e))
E   redis.exceptions.ConnectionError: Error 111 connecting to localhost:6379. Connection refused.
----------------------------- Captured stdout call -----------------------------
2026-02-09 12:29:43,655 - SL - INFO - 5326 - "/home/runner/work/simplelogin-app/simplelogin-app/app/events/event_dispatcher.py:62" - send_event() -  - Not sending events because webhook is not configured and allowed to be empty
_______________________ test_mailbox_ids_is_not_an_array _______________________
.venv/lib/python3.12/site-packages/redis/connection.py:357: in connect
    sock = self.retry.call_with_retry(
.venv/lib/python3.12/site-packages/redis/retry.py:62: in call_with_retry
    return do()
           ^^^^
.venv/lib/python3.12/site-packages/redis/connection.py:358: in <lambda>
    lambda: self._connect(), lambda error: self.disconnect(error)
            ^^^^^^^^^^^^^^^
.venv/lib/python3.12/site-packages/redis/connection.py:730: in _connect
    raise err
.venv/lib/python3.12/site-packages/redis/connection.py:718: in _connect
    sock.connect(socket_address)
E   ConnectionRefusedError: [Errno 111] Connection refused

During handling of the above exception, another exception occurred:
tests/api/test_new_custom_alias.py:163: in test_mailbox_ids_is_not_an_array
    login(flask_client)
tests/utils.py:57: in login
    r = flask_client.post(
.venv/lib/python3.12/site-packages/werkzeug/test.py:1016: in post
    return self.open(*args, **kw)
           ^^^^^^^^^^^^^^^^^^^^^^
tests/conftest.py:60: in open
    return super().open(*args, **kwargs)
           ^^^^^^^^^^^^^^^^^^^^^^^^^^^^^
.venv/lib/python3.12/site-packages/flask/testing.py:222: in open
    return Client.open(
.venv/lib/python3.12/site-packages/werkzeug/test.py:970: in open
    response = self.run_wsgi_app(environ.copy(), buffered=buffered)
               ^^^^^^^^^^^^^^^^^^^^^^^^^^^^^^^^^^^^^^^^^^^^^^^^^^^^
.venv/lib/python3.12/site-packages/werkzeug/test.py:861: in run_wsgi_app
    rv = run_wsgi_app(self.application, environ, buffered=buffered)
         ^^^^^^^^^^^^^^^^^^^^^^^^^^^^^^^^^^^^^^^^^^^^^^^^^^^^^^^^^^
.venv/lib/python3.12/site-packages/werkzeug/test.py:1096: in run_wsgi_app
    app_rv = app(environ, start_response)
             ^^^^^^^^^^^^^^^^^^^^^^^^^^^^
.venv/lib/python3.12/site-packages/flask/app.py:2464: in __call__
    return self.wsgi_app(environ, start_response)
           ^^^^^^^^^^^^^^^^^^^^^^^^^^^^^^^^^^^^^^
.venv/lib/python3.12/site-packages/werkzeug/middleware/proxy_fix.py:169: in __call__
    return self.app(environ, start_response)
           ^^^^^^^^^^^^^^^^^^^^^^^^^^^^^^^^^
.venv/lib/python3.12/site-packages/flask/app.py:2450: in wsgi_app
    response = self.handle_exception(e)
               ^^^^^^^^^^^^^^^^^^^^^^^^
.venv/lib/python3.12/site-packages/flask_cors/extension.py:165: in wrapped_function
    return cors_after_request(app.make_response(f(*args, **kwargs)))
                                                ^^^^^^^^^^^^^^^^^^
.venv/lib/python3.12/site-packages/flask/app.py:1867: in handle_exception
    reraise(exc_type, exc_value, tb)
.venv/lib/python3.12/site-packages/flask/_compat.py:39: in reraise
    raise value
.venv/lib/python3.12/site-packages/flask/app.py:2447: in wsgi_app
    response = self.full_dispatch_request()
               ^^^^^^^^^^^^^^^^^^^^^^^^^^^^
.venv/lib/python3.12/site-packages/flask/app.py:1953: in full_dispatch_request
    return self.finalize_request(rv)
           ^^^^^^^^^^^^^^^^^^^^^^^^^
.venv/lib/python3.12/site-packages/flask/app.py:1970: in finalize_request
    response = self.process_response(response)
               ^^^^^^^^^^^^^^^^^^^^^^^^^^^^^^^
.venv/lib/python3.12/site-packages/flask/app.py:2269: in process_response
    self.session_interface.save_session(self, ctx.session, response)
app/session.py:97: in save_session
    self._redis_w.setex(
.venv/lib/python3.12/site-packages/redis/commands/core.py:2360: in setex
    return self.execute_command("SETEX", name, time, value)
           ^^^^^^^^^^^^^^^^^^^^^^^^^^^^^^^^^^^^^^^^^^^^^^^^
.venv/lib/python3.12/site-packages/redis/client.py:559: in execute_command
    return self._execute_command(*args, **options)
           ^^^^^^^^^^^^^^^^^^^^^^^^^^^^^^^^^^^^^^^
.venv/lib/python3.12/site-packages/redis/client.py:565: in _execute_command
    conn = self.connection or pool.get_connection(command_name, **options)
                              ^^^^^^^^^^^^^^^^^^^^^^^^^^^^^^^^^^^^^^^^^^^^
.venv/lib/python3.12/site-packages/redis/connection.py:1422: in get_connection
    connection.connect()
.venv/lib/python3.12/site-packages/redis/connection.py:363: in connect
    raise ConnectionError(self._error_message(e))
E   redis.exceptions.ConnectionError: Error 111 connecting to localhost:6379. Connection refused.
----------------------------- Captured stdout call -----------------------------
2026-02-09 12:29:44,349 - SL - INFO - 5326 - "/home/runner/work/simplelogin-app/simplelogin-app/app/events/event_dispatcher.py:62" - send_event() -  - Not sending events because webhook is not configured and allowed to be empty
______________________________ test_out_of_quota _______________________________
.venv/lib/python3.12/site-packages/redis/connection.py:357: in connect
    sock = self.retry.call_with_retry(
.venv/lib/python3.12/site-packages/redis/retry.py:62: in call_with_retry
    return do()
           ^^^^
.venv/lib/python3.12/site-packages/redis/connection.py:358: in <lambda>
    lambda: self._connect(), lambda error: self.disconnect(error)
            ^^^^^^^^^^^^^^^
.venv/lib/python3.12/site-packages/redis/connection.py:730: in _connect
    raise err
.venv/lib/python3.12/site-packages/redis/connection.py:718: in _connect
    sock.connect(socket_address)
E   ConnectionRefusedError: [Errno 111] Connection refused

During handling of the above exception, another exception occurred:
tests/api/test_new_custom_alias.py:183: in test_out_of_quota
    user = login(flask_client)
           ^^^^^^^^^^^^^^^^^^^
tests/utils.py:57: in login
    r = flask_client.post(
.venv/lib/python3.12/site-packages/werkzeug/test.py:1016: in post
    return self.open(*args, **kw)
           ^^^^^^^^^^^^^^^^^^^^^^
tests/conftest.py:60: in open
    return super().open(*args, **kwargs)
           ^^^^^^^^^^^^^^^^^^^^^^^^^^^^^
.venv/lib/python3.12/site-packages/flask/testing.py:222: in open
    return Client.open(
.venv/lib/python3.12/site-packages/werkzeug/test.py:970: in open
    response = self.run_wsgi_app(environ.copy(), buffered=buffered)
               ^^^^^^^^^^^^^^^^^^^^^^^^^^^^^^^^^^^^^^^^^^^^^^^^^^^^
.venv/lib/python3.12/site-packages/werkzeug/test.py:861: in run_wsgi_app
    rv = run_wsgi_app(self.application, environ, buffered=buffered)
         ^^^^^^^^^^^^^^^^^^^^^^^^^^^^^^^^^^^^^^^^^^^^^^^^^^^^^^^^^^
.venv/lib/python3.12/site-packages/werkzeug/test.py:1096: in run_wsgi_app
    app_rv = app(environ, start_response)
             ^^^^^^^^^^^^^^^^^^^^^^^^^^^^
.venv/lib/python3.12/site-packages/flask/app.py:2464: in __call__
    return self.wsgi_app(environ, start_response)
           ^^^^^^^^^^^^^^^^^^^^^^^^^^^^^^^^^^^^^^
.venv/lib/python3.12/site-packages/werkzeug/middleware/proxy_fix.py:169: in __call__
    return self.app(environ, start_response)
           ^^^^^^^^^^^^^^^^^^^^^^^^^^^^^^^^^
.venv/lib/python3.12/site-packages/flask/app.py:2450: in wsgi_app
    response = self.handle_exception(e)
               ^^^^^^^^^^^^^^^^^^^^^^^^
.venv/lib/python3.12/site-packages/flask_cors/extension.py:165: in wrapped_function
    return cors_after_request(app.make_response(f(*args, **kwargs)))
                                                ^^^^^^^^^^^^^^^^^^
.venv/lib/python3.12/site-packages/flask/app.py:1867: in handle_exception
    reraise(exc_type, exc_value, tb)
.venv/lib/python3.12/site-packages/flask/_compat.py:39: in reraise
    raise value
.venv/lib/python3.12/site-packages/flask/app.py:2447: in wsgi_app
    response = self.full_dispatch_request()
               ^^^^^^^^^^^^^^^^^^^^^^^^^^^^
.venv/lib/python3.12/site-packages/flask/app.py:1953: in full_dispatch_request
    return self.finalize_request(rv)
           ^^^^^^^^^^^^^^^^^^^^^^^^^
.venv/lib/python3.12/site-packages/flask/app.py:1970: in finalize_request
    response = self.process_response(response)
               ^^^^^^^^^^^^^^^^^^^^^^^^^^^^^^^
.venv/lib/python3.12/site-packages/flask/app.py:2269: in process_response
    self.session_interface.save_session(self, ctx.session, response)
app/session.py:97: in save_session
    self._redis_w.setex(
.venv/lib/python3.12/site-packages/redis/commands/core.py:2360: in setex
    return self.execute_command("SETEX", name, time, value)
           ^^^^^^^^^^^^^^^^^^^^^^^^^^^^^^^^^^^^^^^^^^^^^^^^
.venv/lib/python3.12/site-packages/redis/client.py:559: in execute_command
    return self._execute_command(*args, **options)
           ^^^^^^^^^^^^^^^^^^^^^^^^^^^^^^^^^^^^^^^
.venv/lib/python3.12/site-packages/redis/client.py:565: in _execute_command
    conn = self.connection or pool.get_connection(command_name, **options)
                              ^^^^^^^^^^^^^^^^^^^^^^^^^^^^^^^^^^^^^^^^^^^^
.venv/lib/python3.12/site-packages/redis/connection.py:1422: in get_connection
    connection.connect()
.venv/lib/python3.12/site-packages/redis/connection.py:363: in connect
    raise ConnectionError(self._error_message(e))
E   redis.exceptions.ConnectionError: Error 111 connecting to localhost:6379. Connection refused.
----------------------------- Captured stdout call -----------------------------
2026-02-09 12:29:45,035 - SL - INFO - 5326 - "/home/runner/work/simplelogin-app/simplelogin-app/app/events/event_dispatcher.py:62" - send_event() -  - Not sending events because webhook is not configured and allowed to be empty
______________________ test_cannot_create_alias_in_trash _______________________
.venv/lib/python3.12/site-packages/redis/connection.py:357: in connect
    sock = self.retry.call_with_retry(
.venv/lib/python3.12/site-packages/redis/retry.py:62: in call_with_retry
    return do()
           ^^^^
.venv/lib/python3.12/site-packages/redis/connection.py:358: in <lambda>
    lambda: self._connect(), lambda error: self.disconnect(error)
            ^^^^^^^^^^^^^^^
.venv/lib/python3.12/site-packages/redis/connection.py:730: in _connect
    raise err
.venv/lib/python3.12/site-packages/redis/connection.py:718: in _connect
    sock.connect(socket_address)
E   ConnectionRefusedError: [Errno 111] Connection refused

During handling of the above exception, another exception occurred:
tests/api/test_new_custom_alias.py:214: in test_cannot_create_alias_in_trash
    user = login(flask_client)
           ^^^^^^^^^^^^^^^^^^^
tests/utils.py:57: in login
    r = flask_client.post(
.venv/lib/python3.12/site-packages/werkzeug/test.py:1016: in post
    return self.open(*args, **kw)
           ^^^^^^^^^^^^^^^^^^^^^^
tests/conftest.py:60: in open
    return super().open(*args, **kwargs)
           ^^^^^^^^^^^^^^^^^^^^^^^^^^^^^
.venv/lib/python3.12/site-packages/flask/testing.py:222: in open
    return Client.open(
.venv/lib/python3.12/site-packages/werkzeug/test.py:970: in open
    response = self.run_wsgi_app(environ.copy(), buffered=buffered)
               ^^^^^^^^^^^^^^^^^^^^^^^^^^^^^^^^^^^^^^^^^^^^^^^^^^^^
.venv/lib/python3.12/site-packages/werkzeug/test.py:861: in run_wsgi_app
    rv = run_wsgi_app(self.application, environ, buffered=buffered)
         ^^^^^^^^^^^^^^^^^^^^^^^^^^^^^^^^^^^^^^^^^^^^^^^^^^^^^^^^^^
.venv/lib/python3.12/site-packages/werkzeug/test.py:1096: in run_wsgi_app
    app_rv = app(environ, start_response)
             ^^^^^^^^^^^^^^^^^^^^^^^^^^^^
.venv/lib/python3.12/site-packages/flask/app.py:2464: in __call__
    return self.wsgi_app(environ, start_response)
           ^^^^^^^^^^^^^^^^^^^^^^^^^^^^^^^^^^^^^^
.venv/lib/python3.12/site-packages/werkzeug/middleware/proxy_fix.py:169: in __call__
    return self.app(environ, start_response)
           ^^^^^^^^^^^^^^^^^^^^^^^^^^^^^^^^^
.venv/lib/python3.12/site-packages/flask/app.py:2450: in wsgi_app
    response = self.handle_exception(e)
               ^^^^^^^^^^^^^^^^^^^^^^^^
.venv/lib/python3.12/site-packages/flask_cors/extension.py:165: in wrapped_function
    return cors_after_request(app.make_response(f(*args, **kwargs)))
                                                ^^^^^^^^^^^^^^^^^^
.venv/lib/python3.12/site-packages/flask/app.py:1867: in handle_exception
    reraise(exc_type, exc_value, tb)
.venv/lib/python3.12/site-packages/flask/_compat.py:39: in reraise
    raise value
.venv/lib/python3.12/site-packages/flask/app.py:2447: in wsgi_app
    response = self.full_dispatch_request()
               ^^^^^^^^^^^^^^^^^^^^^^^^^^^^
.venv/lib/python3.12/site-packages/flask/app.py:1953: in full_dispatch_request
    return self.finalize_request(rv)
           ^^^^^^^^^^^^^^^^^^^^^^^^^
.venv/lib/python3.12/site-packages/flask/app.py:1970: in finalize_request
    response = self.process_response(response)
               ^^^^^^^^^^^^^^^^^^^^^^^^^^^^^^^
.venv/lib/python3.12/site-packages/flask/app.py:2269: in process_response
    self.session_interface.save_session(self, ctx.session, response)
app/session.py:97: in save_session
    self._redis_w.setex(
.venv/lib/python3.12/site-packages/redis/commands/core.py:2360: in setex
    return self.execute_command("SETEX", name, time, value)
           ^^^^^^^^^^^^^^^^^^^^^^^^^^^^^^^^^^^^^^^^^^^^^^^^
.venv/lib/python3.12/site-packages/redis/client.py:559: in execute_command
    return self._execute_command(*args, **options)
           ^^^^^^^^^^^^^^^^^^^^^^^^^^^^^^^^^^^^^^^
.venv/lib/python3.12/site-packages/redis/client.py:565: in _execute_command
    conn = self.connection or pool.get_connection(command_name, **options)
                              ^^^^^^^^^^^^^^^^^^^^^^^^^^^^^^^^^^^^^^^^^^^^
.venv/lib/python3.12/site-packages/redis/connection.py:1422: in get_connection
    connection.connect()
.venv/lib/python3.12/site-packages/redis/connection.py:363: in connect
    raise ConnectionError(self._error_message(e))
E   redis.exceptions.ConnectionError: Error 111 connecting to localhost:6379. Connection refused.
----------------------------- Captured stdout call -----------------------------
2026-02-09 12:29:45,720 - SL - INFO - 5326 - "/home/runner/work/simplelogin-app/simplelogin-app/app/events/event_dispatcher.py:62" - send_event() -  - Not sending events because webhook is not configured and allowed to be empty
____________________________ test_too_many_requests ____________________________
.venv/lib/python3.12/site-packages/redis/connection.py:357: in connect
    sock = self.retry.call_with_retry(
.venv/lib/python3.12/site-packages/redis/retry.py:62: in call_with_retry
    return do()
           ^^^^
.venv/lib/python3.12/site-packages/redis/connection.py:358: in <lambda>
    lambda: self._connect(), lambda error: self.disconnect(error)
            ^^^^^^^^^^^^^^^
.venv/lib/python3.12/site-packages/redis/connection.py:730: in _connect
    raise err
.venv/lib/python3.12/site-packages/redis/connection.py:718: in _connect
    sock.connect(socket_address)
E   ConnectionRefusedError: [Errno 111] Connection refused

During handling of the above exception, another exception occurred:
tests/api/test_new_custom_alias.py:256: in test_too_many_requests
    user = login(flask_client)
           ^^^^^^^^^^^^^^^^^^^
tests/utils.py:57: in login
    r = flask_client.post(
.venv/lib/python3.12/site-packages/werkzeug/test.py:1016: in post
    return self.open(*args, **kw)
           ^^^^^^^^^^^^^^^^^^^^^^
tests/conftest.py:60: in open
    return super().open(*args, **kwargs)
           ^^^^^^^^^^^^^^^^^^^^^^^^^^^^^
.venv/lib/python3.12/site-packages/flask/testing.py:222: in open
    return Client.open(
.venv/lib/python3.12/site-packages/werkzeug/test.py:970: in open
    response = self.run_wsgi_app(environ.copy(), buffered=buffered)
               ^^^^^^^^^^^^^^^^^^^^^^^^^^^^^^^^^^^^^^^^^^^^^^^^^^^^
.venv/lib/python3.12/site-packages/werkzeug/test.py:861: in run_wsgi_app
    rv = run_wsgi_app(self.application, environ, buffered=buffered)
         ^^^^^^^^^^^^^^^^^^^^^^^^^^^^^^^^^^^^^^^^^^^^^^^^^^^^^^^^^^
.venv/lib/python3.12/site-packages/werkzeug/test.py:1096: in run_wsgi_app
    app_rv = app(environ, start_response)
             ^^^^^^^^^^^^^^^^^^^^^^^^^^^^
.venv/lib/python3.12/site-packages/flask/app.py:2464: in __call__
    return self.wsgi_app(environ, start_response)
           ^^^^^^^^^^^^^^^^^^^^^^^^^^^^^^^^^^^^^^
.venv/lib/python3.12/site-packages/werkzeug/middleware/proxy_fix.py:169: in __call__
    return self.app(environ, start_response)
           ^^^^^^^^^^^^^^^^^^^^^^^^^^^^^^^^^
.venv/lib/python3.12/site-packages/flask/app.py:2450: in wsgi_app
    response = self.handle_exception(e)
               ^^^^^^^^^^^^^^^^^^^^^^^^
.venv/lib/python3.12/site-packages/flask_cors/extension.py:165: in wrapped_function
    return cors_after_request(app.make_response(f(*args, **kwargs)))
                                                ^^^^^^^^^^^^^^^^^^
.venv/lib/python3.12/site-packages/flask/app.py:1867: in handle_exception
    reraise(exc_type, exc_value, tb)
.venv/lib/python3.12/site-packages/flask/_compat.py:39: in reraise
    raise value
.venv/lib/python3.12/site-packages/flask/app.py:2447: in wsgi_app
    response = self.full_dispatch_request()
               ^^^^^^^^^^^^^^^^^^^^^^^^^^^^
.venv/lib/python3.12/site-packages/flask/app.py:1953: in full_dispatch_request
    return self.finalize_request(rv)
           ^^^^^^^^^^^^^^^^^^^^^^^^^
.venv/lib/python3.12/site-packages/flask/app.py:1970: in finalize_request
    response = self.process_response(response)
               ^^^^^^^^^^^^^^^^^^^^^^^^^^^^^^^
.venv/lib/python3.12/site-packages/flask/app.py:2269: in process_response
    self.session_interface.save_session(self, ctx.session, response)
app/session.py:97: in save_session
    self._redis_w.setex(
.venv/lib/python3.12/site-packages/redis/commands/core.py:2360: in setex
    return self.execute_command("SETEX", name, time, value)
           ^^^^^^^^^^^^^^^^^^^^^^^^^^^^^^^^^^^^^^^^^^^^^^^^
.venv/lib/python3.12/site-packages/redis/client.py:559: in execute_command
    return self._execute_command(*args, **options)
           ^^^^^^^^^^^^^^^^^^^^^^^^^^^^^^^^^^^^^^^
.venv/lib/python3.12/site-packages/redis/client.py:565: in _execute_command
    conn = self.connection or pool.get_connection(command_name, **options)
                              ^^^^^^^^^^^^^^^^^^^^^^^^^^^^^^^^^^^^^^^^^^^^
.venv/lib/python3.12/site-packages/redis/connection.py:1422: in get_connection
    connection.connect()
.venv/lib/python3.12/site-packages/redis/connection.py:363: in connect
    raise ConnectionError(self._error_message(e))
E   redis.exceptions.ConnectionError: Error 111 connecting to localhost:6379. Connection refused.
----------------------------- Captured stdout call -----------------------------
2026-02-09 12:29:46,406 - SL - INFO - 5326 - "/home/runner/work/simplelogin-app/simplelogin-app/app/events/event_dispatcher.py:62" - send_event() -  - Not sending events because webhook is not configured and allowed to be empty
2026-02-09 12:29:46,411 - SL - ERROR - 5326 - guAcxxW4 - "/home/runner/work/simplelogin-app/simplelogin-app/server.py:368" - error_handler() -  - Error 111 connecting to localhost:6379. Connection refused.
Traceback (most recent call last):
  File "/home/runner/work/simplelogin-app/simplelogin-app/.venv/lib/python3.12/site-packages/redis/connection.py", line 357, in connect
    sock = self.retry.call_with_retry(
           ^^^^^^^^^^^^^^^^^^^^^^^^^^^
  File "/home/runner/work/simplelogin-app/simplelogin-app/.venv/lib/python3.12/site-packages/redis/retry.py", line 62, in call_with_retry
    return do()
           ^^^^
  File "/home/runner/work/simplelogin-app/simplelogin-app/.venv/lib/python3.12/site-packages/redis/connection.py", line 358, in <lambda>
    lambda: self._connect(), lambda error: self.disconnect(error)
            ^^^^^^^^^^^^^^^
  File "/home/runner/work/simplelogin-app/simplelogin-app/.venv/lib/python3.12/site-packages/redis/connection.py", line 730, in _connect
    raise err
  File "/home/runner/work/simplelogin-app/simplelogin-app/.venv/lib/python3.12/site-packages/redis/connection.py", line 718, in _connect
    sock.connect(socket_address)
ConnectionRefusedError: [Errno 111] Connection refused

During handling of the above exception, another exception occurred:

Traceback (most recent call last):
  File "/home/runner/work/simplelogin-app/simplelogin-app/.venv/lib/python3.12/site-packages/flask/app.py", line 1950, in full_dispatch_request
    rv = self.dispatch_request()
         ^^^^^^^^^^^^^^^^^^^^^^^
  File "/home/runner/work/simplelogin-app/simplelogin-app/.venv/lib/python3.12/site-packages/flask/app.py", line 1936, in dispatch_request
    return self.view_functions[rule.endpoint](**req.view_args)
           ^^^^^^^^^^^^^^^^^^^^^^^^^^^^^^^^^^^^^^^^^^^^^^^^^^^
  File "/home/runner/work/simplelogin-app/simplelogin-app/.venv/lib/python3.12/site-packages/flask_limiter/extension.py", line 703, in __inner
    self.__check_request_limit(False)
  File "/home/runner/work/simplelogin-app/simplelogin-app/.venv/lib/python3.12/site-packages/flask_limiter/extension.py", line 626, in __check_request_limit
    six.reraise(*sys.exc_info())
  File "/home/runner/work/simplelogin-app/simplelogin-app/.venv/lib/python3.12/site-packages/six.py", line 724, in reraise
    raise value
  File "/home/runner/work/simplelogin-app/simplelogin-app/.venv/lib/python3.12/site-packages/flask_limiter/extension.py", line 611, in __check_request_limit
    self.__evaluate_limits(endpoint, all_limits)
  File "/home/runner/work/simplelogin-app/simplelogin-app/.venv/lib/python3.12/site-packages/flask_limiter/extension.py", line 478, in __evaluate_limits
    if not method(lim.limit, *args):
           ^^^^^^^^^^^^^^^^^^^^^^^^
  File "/home/runner/work/simplelogin-app/simplelogin-app/.venv/lib/python3.12/site-packages/limits/strategies.py", line 159, in test
    return self.storage.get(item.key_for(*identifiers)) < item.amount - cost + 1
           ^^^^^^^^^^^^^^^^^^^^^^^^^^^^^^^^^^^^^^^^^^^^
  File "/home/runner/work/simplelogin-app/simplelogin-app/.venv/lib/python3.12/site-packages/limits/storage/base.py", line 27, in inner
    return fn(*args, **kwargs)
           ^^^^^^^^^^^^^^^^^^^
  File "/home/runner/work/simplelogin-app/simplelogin-app/.venv/lib/python3.12/site-packages/limits/storage/redis.py", line 217, in get
    return super()._get(key, self.storage)
           ^^^^^^^^^^^^^^^^^^^^^^^^^^^^^^^
  File "/home/runner/work/simplelogin-app/simplelogin-app/.venv/lib/python3.12/site-packages/limits/storage/redis.py", line 82, in _get
    return int(connection.get(key) or 0)
               ^^^^^^^^^^^^^^^^^^^
  File "/home/runner/work/simplelogin-app/simplelogin-app/.venv/lib/python3.12/site-packages/redis/commands/core.py", line 1822, in get
    return self.execute_command("GET", name, keys=[name])
           ^^^^^^^^^^^^^^^^^^^^^^^^^^^^^^^^^^^^^^^^^^^^^^
  File "/home/runner/work/simplelogin-app/simplelogin-app/.venv/lib/python3.12/site-packages/redis/client.py", line 559, in execute_command
    return self._execute_command(*args, **options)
           ^^^^^^^^^^^^^^^^^^^^^^^^^^^^^^^^^^^^^^^
  File "/home/runner/work/simplelogin-app/simplelogin-app/.venv/lib/python3.12/site-packages/redis/client.py", line 565, in _execute_command
    conn = self.connection or pool.get_connection(command_name, **options)
                              ^^^^^^^^^^^^^^^^^^^^^^^^^^^^^^^^^^^^^^^^^^^^
  File "/home/runner/work/simplelogin-app/simplelogin-app/.venv/lib/python3.12/site-packages/redis/connection.py", line 1422, in get_connection
    connection.connect()
  File "/home/runner/work/simplelogin-app/simplelogin-app/.venv/lib/python3.12/site-packages/redis/connection.py", line 363, in connect
    raise ConnectionError(self._error_message(e))
redis.exceptions.ConnectionError: Error 111 connecting to localhost:6379. Connection refused.
____________________ test_invalid_alias_2_consecutive_dots _____________________
.venv/lib/python3.12/site-packages/redis/connection.py:357: in connect
    sock = self.retry.call_with_retry(
.venv/lib/python3.12/site-packages/redis/retry.py:62: in call_with_retry
    return do()
           ^^^^
.venv/lib/python3.12/site-packages/redis/connection.py:358: in <lambda>
    lambda: self._connect(), lambda error: self.disconnect(error)
            ^^^^^^^^^^^^^^^
.venv/lib/python3.12/site-packages/redis/connection.py:730: in _connect
    raise err
.venv/lib/python3.12/site-packages/redis/connection.py:718: in _connect
    sock.connect(socket_address)
E   ConnectionRefusedError: [Errno 111] Connection refused

During handling of the above exception, another exception occurred:
tests/api/test_new_custom_alias.py:285: in test_invalid_alias_2_consecutive_dots
    user = login(flask_client)
           ^^^^^^^^^^^^^^^^^^^
tests/utils.py:57: in login
    r = flask_client.post(
.venv/lib/python3.12/site-packages/werkzeug/test.py:1016: in post
    return self.open(*args, **kw)
           ^^^^^^^^^^^^^^^^^^^^^^
tests/conftest.py:60: in open
    return super().open(*args, **kwargs)
           ^^^^^^^^^^^^^^^^^^^^^^^^^^^^^
.venv/lib/python3.12/site-packages/flask/testing.py:222: in open
    return Client.open(
.venv/lib/python3.12/site-packages/werkzeug/test.py:970: in open
    response = self.run_wsgi_app(environ.copy(), buffered=buffered)
               ^^^^^^^^^^^^^^^^^^^^^^^^^^^^^^^^^^^^^^^^^^^^^^^^^^^^
.venv/lib/python3.12/site-packages/werkzeug/test.py:861: in run_wsgi_app
    rv = run_wsgi_app(self.application, environ, buffered=buffered)
         ^^^^^^^^^^^^^^^^^^^^^^^^^^^^^^^^^^^^^^^^^^^^^^^^^^^^^^^^^^
.venv/lib/python3.12/site-packages/werkzeug/test.py:1096: in run_wsgi_app
    app_rv = app(environ, start_response)
             ^^^^^^^^^^^^^^^^^^^^^^^^^^^^
.venv/lib/python3.12/site-packages/flask/app.py:2464: in __call__
    return self.wsgi_app(environ, start_response)
           ^^^^^^^^^^^^^^^^^^^^^^^^^^^^^^^^^^^^^^
.venv/lib/python3.12/site-packages/werkzeug/middleware/proxy_fix.py:169: in __call__
    return self.app(environ, start_response)
           ^^^^^^^^^^^^^^^^^^^^^^^^^^^^^^^^^
.venv/lib/python3.12/site-packages/flask/app.py:2450: in wsgi_app
    response = self.handle_exception(e)
               ^^^^^^^^^^^^^^^^^^^^^^^^
.venv/lib/python3.12/site-packages/flask_cors/extension.py:165: in wrapped_function
    return cors_after_request(app.make_response(f(*args, **kwargs)))
                                                ^^^^^^^^^^^^^^^^^^
.venv/lib/python3.12/site-packages/flask/app.py:1867: in handle_exception
    reraise(exc_type, exc_value, tb)
.venv/lib/python3.12/site-packages/flask/_compat.py:39: in reraise
    raise value
.venv/lib/python3.12/site-packages/flask/app.py:2447: in wsgi_app
    response = self.full_dispatch_request()
               ^^^^^^^^^^^^^^^^^^^^^^^^^^^^
.venv/lib/python3.12/site-packages/flask/app.py:1953: in full_dispatch_request
    return self.finalize_request(rv)
           ^^^^^^^^^^^^^^^^^^^^^^^^^
.venv/lib/python3.12/site-packages/flask/app.py:1970: in finalize_request
    response = self.process_response(response)
               ^^^^^^^^^^^^^^^^^^^^^^^^^^^^^^^
.venv/lib/python3.12/site-packages/flask/app.py:2269: in process_response
    self.session_interface.save_session(self, ctx.session, response)
app/session.py:97: in save_session
    self._redis_w.setex(
.venv/lib/python3.12/site-packages/redis/commands/core.py:2360: in setex
    return self.execute_command("SETEX", name, time, value)
           ^^^^^^^^^^^^^^^^^^^^^^^^^^^^^^^^^^^^^^^^^^^^^^^^
.venv/lib/python3.12/site-packages/redis/client.py:559: in execute_command
    return self._execute_command(*args, **options)
           ^^^^^^^^^^^^^^^^^^^^^^^^^^^^^^^^^^^^^^^
.venv/lib/python3.12/site-packages/redis/client.py:565: in _execute_command
    conn = self.connection or pool.get_connection(command_name, **options)
                              ^^^^^^^^^^^^^^^^^^^^^^^^^^^^^^^^^^^^^^^^^^^^
.venv/lib/python3.12/site-packages/redis/connection.py:1422: in get_connection
    connection.connect()
.venv/lib/python3.12/site-packages/redis/connection.py:363: in connect
    raise ConnectionError(self._error_message(e))
E   redis.exceptions.ConnectionError: Error 111 connecting to localhost:6379. Connection refused.
----------------------------- Captured stdout call -----------------------------
2026-02-09 12:29:46,876 - SL - INFO - 5326 - "/home/runner/work/simplelogin-app/simplelogin-app/app/events/event_dispatcher.py:62" - send_event() -  - Not sending events because webhook is not configured and allowed to be empty
______________________________ test_with_hostname ______________________________
.venv/lib/python3.12/site-packages/redis/connection.py:357: in connect
    sock = self.retry.call_with_retry(
.venv/lib/python3.12/site-packages/redis/retry.py:62: in call_with_retry
    return do()
           ^^^^
.venv/lib/python3.12/site-packages/redis/connection.py:358: in <lambda>
    lambda: self._connect(), lambda error: self.disconnect(error)
            ^^^^^^^^^^^^^^^
.venv/lib/python3.12/site-packages/redis/connection.py:730: in _connect
    raise err
.venv/lib/python3.12/site-packages/redis/connection.py:718: in _connect
    sock.connect(socket_address)
E   ConnectionRefusedError: [Errno 111] Connection refused

During handling of the above exception, another exception occurred:
tests/api/test_new_random_alias.py:13: in test_with_hostname
    login(flask_client)
tests/utils.py:57: in login
    r = flask_client.post(
.venv/lib/python3.12/site-packages/werkzeug/test.py:1016: in post
    return self.open(*args, **kw)
           ^^^^^^^^^^^^^^^^^^^^^^
tests/conftest.py:60: in open
    return super().open(*args, **kwargs)
           ^^^^^^^^^^^^^^^^^^^^^^^^^^^^^
.venv/lib/python3.12/site-packages/flask/testing.py:222: in open
    return Client.open(
.venv/lib/python3.12/site-packages/werkzeug/test.py:970: in open
    response = self.run_wsgi_app(environ.copy(), buffered=buffered)
               ^^^^^^^^^^^^^^^^^^^^^^^^^^^^^^^^^^^^^^^^^^^^^^^^^^^^
.venv/lib/python3.12/site-packages/werkzeug/test.py:861: in run_wsgi_app
    rv = run_wsgi_app(self.application, environ, buffered=buffered)
         ^^^^^^^^^^^^^^^^^^^^^^^^^^^^^^^^^^^^^^^^^^^^^^^^^^^^^^^^^^
.venv/lib/python3.12/site-packages/werkzeug/test.py:1096: in run_wsgi_app
    app_rv = app(environ, start_response)
             ^^^^^^^^^^^^^^^^^^^^^^^^^^^^
.venv/lib/python3.12/site-packages/flask/app.py:2464: in __call__
    return self.wsgi_app(environ, start_response)
           ^^^^^^^^^^^^^^^^^^^^^^^^^^^^^^^^^^^^^^
.venv/lib/python3.12/site-packages/werkzeug/middleware/proxy_fix.py:169: in __call__
    return self.app(environ, start_response)
           ^^^^^^^^^^^^^^^^^^^^^^^^^^^^^^^^^
.venv/lib/python3.12/site-packages/flask/app.py:2450: in wsgi_app
    response = self.handle_exception(e)
               ^^^^^^^^^^^^^^^^^^^^^^^^
.venv/lib/python3.12/site-packages/flask_cors/extension.py:165: in wrapped_function
    return cors_after_request(app.make_response(f(*args, **kwargs)))
                                                ^^^^^^^^^^^^^^^^^^
.venv/lib/python3.12/site-packages/flask/app.py:1867: in handle_exception
    reraise(exc_type, exc_value, tb)
.venv/lib/python3.12/site-packages/flask/_compat.py:39: in reraise
    raise value
.venv/lib/python3.12/site-packages/flask/app.py:2447: in wsgi_app
    response = self.full_dispatch_request()
               ^^^^^^^^^^^^^^^^^^^^^^^^^^^^
.venv/lib/python3.12/site-packages/flask/app.py:1953: in full_dispatch_request
    return self.finalize_request(rv)
           ^^^^^^^^^^^^^^^^^^^^^^^^^
.venv/lib/python3.12/site-packages/flask/app.py:1970: in finalize_request
    response = self.process_response(response)
               ^^^^^^^^^^^^^^^^^^^^^^^^^^^^^^^
.venv/lib/python3.12/site-packages/flask/app.py:2269: in process_response
    self.session_interface.save_session(self, ctx.session, response)
app/session.py:97: in save_session
    self._redis_w.setex(
.venv/lib/python3.12/site-packages/redis/commands/core.py:2360: in setex
    return self.execute_command("SETEX", name, time, value)
           ^^^^^^^^^^^^^^^^^^^^^^^^^^^^^^^^^^^^^^^^^^^^^^^^
.venv/lib/python3.12/site-packages/redis/client.py:559: in execute_command
    return self._execute_command(*args, **options)
           ^^^^^^^^^^^^^^^^^^^^^^^^^^^^^^^^^^^^^^^
.venv/lib/python3.12/site-packages/redis/client.py:565: in _execute_command
    conn = self.connection or pool.get_connection(command_name, **options)
                              ^^^^^^^^^^^^^^^^^^^^^^^^^^^^^^^^^^^^^^^^^^^^
.venv/lib/python3.12/site-packages/redis/connection.py:1422: in get_connection
    connection.connect()
.venv/lib/python3.12/site-packages/redis/connection.py:363: in connect
    raise ConnectionError(self._error_message(e))
E   redis.exceptions.ConnectionError: Error 111 connecting to localhost:6379. Connection refused.
----------------------------- Captured stdout call -----------------------------
2026-02-09 12:29:47,566 - SL - INFO - 5326 - "/home/runner/work/simplelogin-app/simplelogin-app/app/events/event_dispatcher.py:62" - send_event() -  - Not sending events because webhook is not configured and allowed to be empty
___________________________ test_with_custom_domain ____________________________
.venv/lib/python3.12/site-packages/redis/connection.py:357: in connect
    sock = self.retry.call_with_retry(
.venv/lib/python3.12/site-packages/redis/retry.py:62: in call_with_retry
    return do()
           ^^^^
.venv/lib/python3.12/site-packages/redis/connection.py:358: in <lambda>
    lambda: self._connect(), lambda error: self.disconnect(error)
            ^^^^^^^^^^^^^^^
.venv/lib/python3.12/site-packages/redis/connection.py:730: in _connect
    raise err
.venv/lib/python3.12/site-packages/redis/connection.py:718: in _connect
    sock.connect(socket_address)
E   ConnectionRefusedError: [Errno 111] Connection refused

During handling of the above exception, another exception occurred:
tests/api/test_new_random_alias.py:43: in test_with_custom_domain
    user = login(flask_client)
           ^^^^^^^^^^^^^^^^^^^
tests/utils.py:57: in login
    r = flask_client.post(
.venv/lib/python3.12/site-packages/werkzeug/test.py:1016: in post
    return self.open(*args, **kw)
           ^^^^^^^^^^^^^^^^^^^^^^
tests/conftest.py:60: in open
    return super().open(*args, **kwargs)
           ^^^^^^^^^^^^^^^^^^^^^^^^^^^^^
.venv/lib/python3.12/site-packages/flask/testing.py:222: in open
    return Client.open(
.venv/lib/python3.12/site-packages/werkzeug/test.py:970: in open
    response = self.run_wsgi_app(environ.copy(), buffered=buffered)
               ^^^^^^^^^^^^^^^^^^^^^^^^^^^^^^^^^^^^^^^^^^^^^^^^^^^^
.venv/lib/python3.12/site-packages/werkzeug/test.py:861: in run_wsgi_app
    rv = run_wsgi_app(self.application, environ, buffered=buffered)
         ^^^^^^^^^^^^^^^^^^^^^^^^^^^^^^^^^^^^^^^^^^^^^^^^^^^^^^^^^^
.venv/lib/python3.12/site-packages/werkzeug/test.py:1096: in run_wsgi_app
    app_rv = app(environ, start_response)
             ^^^^^^^^^^^^^^^^^^^^^^^^^^^^
.venv/lib/python3.12/site-packages/flask/app.py:2464: in __call__
    return self.wsgi_app(environ, start_response)
           ^^^^^^^^^^^^^^^^^^^^^^^^^^^^^^^^^^^^^^
.venv/lib/python3.12/site-packages/werkzeug/middleware/proxy_fix.py:169: in __call__
    return self.app(environ, start_response)
           ^^^^^^^^^^^^^^^^^^^^^^^^^^^^^^^^^
.venv/lib/python3.12/site-packages/flask/app.py:2450: in wsgi_app
    response = self.handle_exception(e)
               ^^^^^^^^^^^^^^^^^^^^^^^^
.venv/lib/python3.12/site-packages/flask_cors/extension.py:165: in wrapped_function
    return cors_after_request(app.make_response(f(*args, **kwargs)))
                                                ^^^^^^^^^^^^^^^^^^
.venv/lib/python3.12/site-packages/flask/app.py:1867: in handle_exception
    reraise(exc_type, exc_value, tb)
.venv/lib/python3.12/site-packages/flask/_compat.py:39: in reraise
    raise value
.venv/lib/python3.12/site-packages/flask/app.py:2447: in wsgi_app
    response = self.full_dispatch_request()
               ^^^^^^^^^^^^^^^^^^^^^^^^^^^^
.venv/lib/python3.12/site-packages/flask/app.py:1953: in full_dispatch_request
    return self.finalize_request(rv)
           ^^^^^^^^^^^^^^^^^^^^^^^^^
.venv/lib/python3.12/site-packages/flask/app.py:1970: in finalize_request
    response = self.process_response(response)
               ^^^^^^^^^^^^^^^^^^^^^^^^^^^^^^^
.venv/lib/python3.12/site-packages/flask/app.py:2269: in process_response
    self.session_interface.save_session(self, ctx.session, response)
app/session.py:97: in save_session
    self._redis_w.setex(
.venv/lib/python3.12/site-packages/redis/commands/core.py:2360: in setex
    return self.execute_command("SETEX", name, time, value)
           ^^^^^^^^^^^^^^^^^^^^^^^^^^^^^^^^^^^^^^^^^^^^^^^^
.venv/lib/python3.12/site-packages/redis/client.py:559: in execute_command
    return self._execute_command(*args, **options)
           ^^^^^^^^^^^^^^^^^^^^^^^^^^^^^^^^^^^^^^^
.venv/lib/python3.12/site-packages/redis/client.py:565: in _execute_command
    conn = self.connection or pool.get_connection(command_name, **options)
                              ^^^^^^^^^^^^^^^^^^^^^^^^^^^^^^^^^^^^^^^^^^^^
.venv/lib/python3.12/site-packages/redis/connection.py:1422: in get_connection
    connection.connect()
.venv/lib/python3.12/site-packages/redis/connection.py:363: in connect
    raise ConnectionError(self._error_message(e))
E   redis.exceptions.ConnectionError: Error 111 connecting to localhost:6379. Connection refused.
----------------------------- Captured stdout call -----------------------------
2026-02-09 12:29:48,256 - SL - INFO - 5326 - "/home/runner/work/simplelogin-app/simplelogin-app/app/events/event_dispatcher.py:62" - send_event() -  - Not sending events because webhook is not configured and allowed to be empty
____________________________ test_without_hostname _____________________________
.venv/lib/python3.12/site-packages/redis/connection.py:357: in connect
    sock = self.retry.call_with_retry(
.venv/lib/python3.12/site-packages/redis/retry.py:62: in call_with_retry
    return do()
           ^^^^
.venv/lib/python3.12/site-packages/redis/connection.py:358: in <lambda>
    lambda: self._connect(), lambda error: self.disconnect(error)
            ^^^^^^^^^^^^^^^
.venv/lib/python3.12/site-packages/redis/connection.py:730: in _connect
    raise err
.venv/lib/python3.12/site-packages/redis/connection.py:718: in _connect
    sock.connect(socket_address)
E   ConnectionRefusedError: [Errno 111] Connection refused

During handling of the above exception, another exception occurred:
tests/api/test_new_random_alias.py:69: in test_without_hostname
    login(flask_client)
tests/utils.py:57: in login
    r = flask_client.post(
.venv/lib/python3.12/site-packages/werkzeug/test.py:1016: in post
    return self.open(*args, **kw)
           ^^^^^^^^^^^^^^^^^^^^^^
tests/conftest.py:60: in open
    return super().open(*args, **kwargs)
           ^^^^^^^^^^^^^^^^^^^^^^^^^^^^^
.venv/lib/python3.12/site-packages/flask/testing.py:222: in open
    return Client.open(
.venv/lib/python3.12/site-packages/werkzeug/test.py:970: in open
    response = self.run_wsgi_app(environ.copy(), buffered=buffered)
               ^^^^^^^^^^^^^^^^^^^^^^^^^^^^^^^^^^^^^^^^^^^^^^^^^^^^
.venv/lib/python3.12/site-packages/werkzeug/test.py:861: in run_wsgi_app
    rv = run_wsgi_app(self.application, environ, buffered=buffered)
         ^^^^^^^^^^^^^^^^^^^^^^^^^^^^^^^^^^^^^^^^^^^^^^^^^^^^^^^^^^
.venv/lib/python3.12/site-packages/werkzeug/test.py:1096: in run_wsgi_app
    app_rv = app(environ, start_response)
             ^^^^^^^^^^^^^^^^^^^^^^^^^^^^
.venv/lib/python3.12/site-packages/flask/app.py:2464: in __call__
    return self.wsgi_app(environ, start_response)
           ^^^^^^^^^^^^^^^^^^^^^^^^^^^^^^^^^^^^^^
.venv/lib/python3.12/site-packages/werkzeug/middleware/proxy_fix.py:169: in __call__
    return self.app(environ, start_response)
           ^^^^^^^^^^^^^^^^^^^^^^^^^^^^^^^^^
.venv/lib/python3.12/site-packages/flask/app.py:2450: in wsgi_app
    response = self.handle_exception(e)
               ^^^^^^^^^^^^^^^^^^^^^^^^
.venv/lib/python3.12/site-packages/flask_cors/extension.py:165: in wrapped_function
    return cors_after_request(app.make_response(f(*args, **kwargs)))
                                                ^^^^^^^^^^^^^^^^^^
.venv/lib/python3.12/site-packages/flask/app.py:1867: in handle_exception
    reraise(exc_type, exc_value, tb)
.venv/lib/python3.12/site-packages/flask/_compat.py:39: in reraise
    raise value
.venv/lib/python3.12/site-packages/flask/app.py:2447: in wsgi_app
    response = self.full_dispatch_request()
               ^^^^^^^^^^^^^^^^^^^^^^^^^^^^
.venv/lib/python3.12/site-packages/flask/app.py:1953: in full_dispatch_request
    return self.finalize_request(rv)
           ^^^^^^^^^^^^^^^^^^^^^^^^^
.venv/lib/python3.12/site-packages/flask/app.py:1970: in finalize_request
    response = self.process_response(response)
               ^^^^^^^^^^^^^^^^^^^^^^^^^^^^^^^
.venv/lib/python3.12/site-packages/flask/app.py:2269: in process_response
    self.session_interface.save_session(self, ctx.session, response)
app/session.py:97: in save_session
    self._redis_w.setex(
.venv/lib/python3.12/site-packages/redis/commands/core.py:2360: in setex
    return self.execute_command("SETEX", name, time, value)
           ^^^^^^^^^^^^^^^^^^^^^^^^^^^^^^^^^^^^^^^^^^^^^^^^
.venv/lib/python3.12/site-packages/redis/client.py:559: in execute_command
    return self._execute_command(*args, **options)
           ^^^^^^^^^^^^^^^^^^^^^^^^^^^^^^^^^^^^^^^
.venv/lib/python3.12/site-packages/redis/client.py:565: in _execute_command
    conn = self.connection or pool.get_connection(command_name, **options)
                              ^^^^^^^^^^^^^^^^^^^^^^^^^^^^^^^^^^^^^^^^^^^^
.venv/lib/python3.12/site-packages/redis/connection.py:1422: in get_connection
    connection.connect()
.venv/lib/python3.12/site-packages/redis/connection.py:363: in connect
    raise ConnectionError(self._error_message(e))
E   redis.exceptions.ConnectionError: Error 111 connecting to localhost:6379. Connection refused.
----------------------------- Captured stdout call -----------------------------
2026-02-09 12:29:48,943 - SL - INFO - 5326 - "/home/runner/work/simplelogin-app/simplelogin-app/app/events/event_dispatcher.py:62" - send_event() -  - Not sending events because webhook is not configured and allowed to be empty
_______________________________ test_custom_mode _______________________________
.venv/lib/python3.12/site-packages/redis/connection.py:357: in connect
    sock = self.retry.call_with_retry(
.venv/lib/python3.12/site-packages/redis/retry.py:62: in call_with_retry
    return do()
           ^^^^
.venv/lib/python3.12/site-packages/redis/connection.py:358: in <lambda>
    lambda: self._connect(), lambda error: self.disconnect(error)
            ^^^^^^^^^^^^^^^
.venv/lib/python3.12/site-packages/redis/connection.py:730: in _connect
    raise err
.venv/lib/python3.12/site-packages/redis/connection.py:718: in _connect
    sock.connect(socket_address)
E   ConnectionRefusedError: [Errno 111] Connection refused

During handling of the above exception, another exception occurred:
tests/api/test_new_random_alias.py:80: in test_custom_mode
    login(flask_client)
tests/utils.py:57: in login
    r = flask_client.post(
.venv/lib/python3.12/site-packages/werkzeug/test.py:1016: in post
    return self.open(*args, **kw)
           ^^^^^^^^^^^^^^^^^^^^^^
tests/conftest.py:60: in open
    return super().open(*args, **kwargs)
           ^^^^^^^^^^^^^^^^^^^^^^^^^^^^^
.venv/lib/python3.12/site-packages/flask/testing.py:222: in open
    return Client.open(
.venv/lib/python3.12/site-packages/werkzeug/test.py:970: in open
    response = self.run_wsgi_app(environ.copy(), buffered=buffered)
               ^^^^^^^^^^^^^^^^^^^^^^^^^^^^^^^^^^^^^^^^^^^^^^^^^^^^
.venv/lib/python3.12/site-packages/werkzeug/test.py:861: in run_wsgi_app
    rv = run_wsgi_app(self.application, environ, buffered=buffered)
         ^^^^^^^^^^^^^^^^^^^^^^^^^^^^^^^^^^^^^^^^^^^^^^^^^^^^^^^^^^
.venv/lib/python3.12/site-packages/werkzeug/test.py:1096: in run_wsgi_app
    app_rv = app(environ, start_response)
             ^^^^^^^^^^^^^^^^^^^^^^^^^^^^
.venv/lib/python3.12/site-packages/flask/app.py:2464: in __call__
    return self.wsgi_app(environ, start_response)
           ^^^^^^^^^^^^^^^^^^^^^^^^^^^^^^^^^^^^^^
.venv/lib/python3.12/site-packages/werkzeug/middleware/proxy_fix.py:169: in __call__
    return self.app(environ, start_response)
           ^^^^^^^^^^^^^^^^^^^^^^^^^^^^^^^^^
.venv/lib/python3.12/site-packages/flask/app.py:2450: in wsgi_app
    response = self.handle_exception(e)
               ^^^^^^^^^^^^^^^^^^^^^^^^
.venv/lib/python3.12/site-packages/flask_cors/extension.py:165: in wrapped_function
    return cors_after_request(app.make_response(f(*args, **kwargs)))
                                                ^^^^^^^^^^^^^^^^^^
.venv/lib/python3.12/site-packages/flask/app.py:1867: in handle_exception
    reraise(exc_type, exc_value, tb)
.venv/lib/python3.12/site-packages/flask/_compat.py:39: in reraise
    raise value
.venv/lib/python3.12/site-packages/flask/app.py:2447: in wsgi_app
    response = self.full_dispatch_request()
               ^^^^^^^^^^^^^^^^^^^^^^^^^^^^
.venv/lib/python3.12/site-packages/flask/app.py:1953: in full_dispatch_request
    return self.finalize_request(rv)
           ^^^^^^^^^^^^^^^^^^^^^^^^^
.venv/lib/python3.12/site-packages/flask/app.py:1970: in finalize_request
    response = self.process_response(response)
               ^^^^^^^^^^^^^^^^^^^^^^^^^^^^^^^
.venv/lib/python3.12/site-packages/flask/app.py:2269: in process_response
    self.session_interface.save_session(self, ctx.session, response)
app/session.py:97: in save_session
    self._redis_w.setex(
.venv/lib/python3.12/site-packages/redis/commands/core.py:2360: in setex
    return self.execute_command("SETEX", name, time, value)
           ^^^^^^^^^^^^^^^^^^^^^^^^^^^^^^^^^^^^^^^^^^^^^^^^
.venv/lib/python3.12/site-packages/redis/client.py:559: in execute_command
    return self._execute_command(*args, **options)
           ^^^^^^^^^^^^^^^^^^^^^^^^^^^^^^^^^^^^^^^
.venv/lib/python3.12/site-packages/redis/client.py:565: in _execute_command
    conn = self.connection or pool.get_connection(command_name, **options)
                              ^^^^^^^^^^^^^^^^^^^^^^^^^^^^^^^^^^^^^^^^^^^^
.venv/lib/python3.12/site-packages/redis/connection.py:1422: in get_connection
    connection.connect()
.venv/lib/python3.12/site-packages/redis/connection.py:363: in connect
    raise ConnectionError(self._error_message(e))
E   redis.exceptions.ConnectionError: Error 111 connecting to localhost:6379. Connection refused.
----------------------------- Captured stdout call -----------------------------
2026-02-09 12:29:49,762 - SL - INFO - 5326 - "/home/runner/work/simplelogin-app/simplelogin-app/app/events/event_dispatcher.py:62" - send_event() -  - Not sending events because webhook is not configured and allowed to be empty
______________________________ test_out_of_quota _______________________________
.venv/lib/python3.12/site-packages/redis/connection.py:357: in connect
    sock = self.retry.call_with_retry(
.venv/lib/python3.12/site-packages/redis/retry.py:62: in call_with_retry
    return do()
           ^^^^
.venv/lib/python3.12/site-packages/redis/connection.py:358: in <lambda>
    lambda: self._connect(), lambda error: self.disconnect(error)
            ^^^^^^^^^^^^^^^
.venv/lib/python3.12/site-packages/redis/connection.py:730: in _connect
    raise err
.venv/lib/python3.12/site-packages/redis/connection.py:718: in _connect
    sock.connect(socket_address)
E   ConnectionRefusedError: [Errno 111] Connection refused

During handling of the above exception, another exception occurred:
tests/api/test_new_random_alias.py:106: in test_out_of_quota
    user = login(flask_client)
           ^^^^^^^^^^^^^^^^^^^
tests/utils.py:57: in login
    r = flask_client.post(
.venv/lib/python3.12/site-packages/werkzeug/test.py:1016: in post
    return self.open(*args, **kw)
           ^^^^^^^^^^^^^^^^^^^^^^
tests/conftest.py:60: in open
    return super().open(*args, **kwargs)
           ^^^^^^^^^^^^^^^^^^^^^^^^^^^^^
.venv/lib/python3.12/site-packages/flask/testing.py:222: in open
    return Client.open(
.venv/lib/python3.12/site-packages/werkzeug/test.py:970: in open
    response = self.run_wsgi_app(environ.copy(), buffered=buffered)
               ^^^^^^^^^^^^^^^^^^^^^^^^^^^^^^^^^^^^^^^^^^^^^^^^^^^^
.venv/lib/python3.12/site-packages/werkzeug/test.py:861: in run_wsgi_app
    rv = run_wsgi_app(self.application, environ, buffered=buffered)
         ^^^^^^^^^^^^^^^^^^^^^^^^^^^^^^^^^^^^^^^^^^^^^^^^^^^^^^^^^^
.venv/lib/python3.12/site-packages/werkzeug/test.py:1096: in run_wsgi_app
    app_rv = app(environ, start_response)
             ^^^^^^^^^^^^^^^^^^^^^^^^^^^^
.venv/lib/python3.12/site-packages/flask/app.py:2464: in __call__
    return self.wsgi_app(environ, start_response)
           ^^^^^^^^^^^^^^^^^^^^^^^^^^^^^^^^^^^^^^
.venv/lib/python3.12/site-packages/werkzeug/middleware/proxy_fix.py:169: in __call__
    return self.app(environ, start_response)
           ^^^^^^^^^^^^^^^^^^^^^^^^^^^^^^^^^
.venv/lib/python3.12/site-packages/flask/app.py:2450: in wsgi_app
    response = self.handle_exception(e)
               ^^^^^^^^^^^^^^^^^^^^^^^^
.venv/lib/python3.12/site-packages/flask_cors/extension.py:165: in wrapped_function
    return cors_after_request(app.make_response(f(*args, **kwargs)))
                                                ^^^^^^^^^^^^^^^^^^
.venv/lib/python3.12/site-packages/flask/app.py:1867: in handle_exception
    reraise(exc_type, exc_value, tb)
.venv/lib/python3.12/site-packages/flask/_compat.py:39: in reraise
    raise value
.venv/lib/python3.12/site-packages/flask/app.py:2447: in wsgi_app
    response = self.full_dispatch_request()
               ^^^^^^^^^^^^^^^^^^^^^^^^^^^^
.venv/lib/python3.12/site-packages/flask/app.py:1953: in full_dispatch_request
    return self.finalize_request(rv)
           ^^^^^^^^^^^^^^^^^^^^^^^^^
.venv/lib/python3.12/site-packages/flask/app.py:1970: in finalize_request
    response = self.process_response(response)
               ^^^^^^^^^^^^^^^^^^^^^^^^^^^^^^^
.venv/lib/python3.12/site-packages/flask/app.py:2269: in process_response
    self.session_interface.save_session(self, ctx.session, response)
app/session.py:97: in save_session
    self._redis_w.setex(
.venv/lib/python3.12/site-packages/redis/commands/core.py:2360: in setex
    return self.execute_command("SETEX", name, time, value)
           ^^^^^^^^^^^^^^^^^^^^^^^^^^^^^^^^^^^^^^^^^^^^^^^^
.venv/lib/python3.12/site-packages/redis/client.py:559: in execute_command
    return self._execute_command(*args, **options)
           ^^^^^^^^^^^^^^^^^^^^^^^^^^^^^^^^^^^^^^^
.venv/lib/python3.12/site-packages/redis/client.py:565: in _execute_command
    conn = self.connection or pool.get_connection(command_name, **options)
                              ^^^^^^^^^^^^^^^^^^^^^^^^^^^^^^^^^^^^^^^^^^^^
.venv/lib/python3.12/site-packages/redis/connection.py:1422: in get_connection
    connection.connect()
.venv/lib/python3.12/site-packages/redis/connection.py:363: in connect
    raise ConnectionError(self._error_message(e))
E   redis.exceptions.ConnectionError: Error 111 connecting to localhost:6379. Connection refused.
----------------------------- Captured stdout call -----------------------------
2026-02-09 12:29:50,451 - SL - INFO - 5326 - "/home/runner/work/simplelogin-app/simplelogin-app/app/events/event_dispatcher.py:62" - send_event() -  - Not sending events because webhook is not configured and allowed to be empty
____________________________ test_too_many_requests ____________________________
.venv/lib/python3.12/site-packages/redis/connection.py:357: in connect
    sock = self.retry.call_with_retry(
.venv/lib/python3.12/site-packages/redis/retry.py:62: in call_with_retry
    return do()
           ^^^^
.venv/lib/python3.12/site-packages/redis/connection.py:358: in <lambda>
    lambda: self._connect(), lambda error: self.disconnect(error)
            ^^^^^^^^^^^^^^^
.venv/lib/python3.12/site-packages/redis/connection.py:730: in _connect
    raise err
.venv/lib/python3.12/site-packages/redis/connection.py:718: in _connect
    sock.connect(socket_address)
E   ConnectionRefusedError: [Errno 111] Connection refused

During handling of the above exception, another exception occurred:
tests/api/test_new_random_alias.py:127: in test_too_many_requests
    login(flask_client)
tests/utils.py:57: in login
    r = flask_client.post(
.venv/lib/python3.12/site-packages/werkzeug/test.py:1016: in post
    return self.open(*args, **kw)
           ^^^^^^^^^^^^^^^^^^^^^^
tests/conftest.py:60: in open
    return super().open(*args, **kwargs)
           ^^^^^^^^^^^^^^^^^^^^^^^^^^^^^
.venv/lib/python3.12/site-packages/flask/testing.py:222: in open
    return Client.open(
.venv/lib/python3.12/site-packages/werkzeug/test.py:970: in open
    response = self.run_wsgi_app(environ.copy(), buffered=buffered)
               ^^^^^^^^^^^^^^^^^^^^^^^^^^^^^^^^^^^^^^^^^^^^^^^^^^^^
.venv/lib/python3.12/site-packages/werkzeug/test.py:861: in run_wsgi_app
    rv = run_wsgi_app(self.application, environ, buffered=buffered)
         ^^^^^^^^^^^^^^^^^^^^^^^^^^^^^^^^^^^^^^^^^^^^^^^^^^^^^^^^^^
.venv/lib/python3.12/site-packages/werkzeug/test.py:1096: in run_wsgi_app
    app_rv = app(environ, start_response)
             ^^^^^^^^^^^^^^^^^^^^^^^^^^^^
.venv/lib/python3.12/site-packages/flask/app.py:2464: in __call__
    return self.wsgi_app(environ, start_response)
           ^^^^^^^^^^^^^^^^^^^^^^^^^^^^^^^^^^^^^^
.venv/lib/python3.12/site-packages/werkzeug/middleware/proxy_fix.py:169: in __call__
    return self.app(environ, start_response)
           ^^^^^^^^^^^^^^^^^^^^^^^^^^^^^^^^^
.venv/lib/python3.12/site-packages/flask/app.py:2450: in wsgi_app
    response = self.handle_exception(e)
               ^^^^^^^^^^^^^^^^^^^^^^^^
.venv/lib/python3.12/site-packages/flask_cors/extension.py:165: in wrapped_function
    return cors_after_request(app.make_response(f(*args, **kwargs)))
                                                ^^^^^^^^^^^^^^^^^^
.venv/lib/python3.12/site-packages/flask/app.py:1867: in handle_exception
    reraise(exc_type, exc_value, tb)
.venv/lib/python3.12/site-packages/flask/_compat.py:39: in reraise
    raise value
.venv/lib/python3.12/site-packages/flask/app.py:2447: in wsgi_app
    response = self.full_dispatch_request()
               ^^^^^^^^^^^^^^^^^^^^^^^^^^^^
.venv/lib/python3.12/site-packages/flask/app.py:1953: in full_dispatch_request
    return self.finalize_request(rv)
           ^^^^^^^^^^^^^^^^^^^^^^^^^
.venv/lib/python3.12/site-packages/flask/app.py:1970: in finalize_request
    response = self.process_response(response)
               ^^^^^^^^^^^^^^^^^^^^^^^^^^^^^^^
.venv/lib/python3.12/site-packages/flask/app.py:2269: in process_response
    self.session_interface.save_session(self, ctx.session, response)
app/session.py:97: in save_session
    self._redis_w.setex(
.venv/lib/python3.12/site-packages/redis/commands/core.py:2360: in setex
    return self.execute_command("SETEX", name, time, value)
           ^^^^^^^^^^^^^^^^^^^^^^^^^^^^^^^^^^^^^^^^^^^^^^^^
.venv/lib/python3.12/site-packages/redis/client.py:559: in execute_command
    return self._execute_command(*args, **options)
           ^^^^^^^^^^^^^^^^^^^^^^^^^^^^^^^^^^^^^^^
.venv/lib/python3.12/site-packages/redis/client.py:565: in _execute_command
    conn = self.connection or pool.get_connection(command_name, **options)
                              ^^^^^^^^^^^^^^^^^^^^^^^^^^^^^^^^^^^^^^^^^^^^
.venv/lib/python3.12/site-packages/redis/connection.py:1422: in get_connection
    connection.connect()
.venv/lib/python3.12/site-packages/redis/connection.py:363: in connect
    raise ConnectionError(self._error_message(e))
E   redis.exceptions.ConnectionError: Error 111 connecting to localhost:6379. Connection refused.
----------------------------- Captured stdout call -----------------------------
2026-02-09 12:29:51,146 - SL - INFO - 5326 - "/home/runner/work/simplelogin-app/simplelogin-app/app/events/event_dispatcher.py:62" - send_event() -  - Not sending events because webhook is not configured and allowed to be empty
2026-02-09 12:29:51,150 - SL - ERROR - 5326 - jG/7eFAT - "/home/runner/work/simplelogin-app/simplelogin-app/server.py:368" - error_handler() -  - Error 111 connecting to localhost:6379. Connection refused.
Traceback (most recent call last):
  File "/home/runner/work/simplelogin-app/simplelogin-app/.venv/lib/python3.12/site-packages/redis/connection.py", line 357, in connect
    sock = self.retry.call_with_retry(
           ^^^^^^^^^^^^^^^^^^^^^^^^^^^
  File "/home/runner/work/simplelogin-app/simplelogin-app/.venv/lib/python3.12/site-packages/redis/retry.py", line 62, in call_with_retry
    return do()
           ^^^^
  File "/home/runner/work/simplelogin-app/simplelogin-app/.venv/lib/python3.12/site-packages/redis/connection.py", line 358, in <lambda>
    lambda: self._connect(), lambda error: self.disconnect(error)
            ^^^^^^^^^^^^^^^
  File "/home/runner/work/simplelogin-app/simplelogin-app/.venv/lib/python3.12/site-packages/redis/connection.py", line 730, in _connect
    raise err
  File "/home/runner/work/simplelogin-app/simplelogin-app/.venv/lib/python3.12/site-packages/redis/connection.py", line 718, in _connect
    sock.connect(socket_address)
ConnectionRefusedError: [Errno 111] Connection refused

During handling of the above exception, another exception occurred:

Traceback (most recent call last):
  File "/home/runner/work/simplelogin-app/simplelogin-app/.venv/lib/python3.12/site-packages/flask/app.py", line 1950, in full_dispatch_request
    rv = self.dispatch_request()
         ^^^^^^^^^^^^^^^^^^^^^^^
  File "/home/runner/work/simplelogin-app/simplelogin-app/.venv/lib/python3.12/site-packages/flask/app.py", line 1936, in dispatch_request
    return self.view_functions[rule.endpoint](**req.view_args)
           ^^^^^^^^^^^^^^^^^^^^^^^^^^^^^^^^^^^^^^^^^^^^^^^^^^^
  File "/home/runner/work/simplelogin-app/simplelogin-app/.venv/lib/python3.12/site-packages/flask_limiter/extension.py", line 703, in __inner
    self.__check_request_limit(False)
  File "/home/runner/work/simplelogin-app/simplelogin-app/.venv/lib/python3.12/site-packages/flask_limiter/extension.py", line 626, in __check_request_limit
    six.reraise(*sys.exc_info())
  File "/home/runner/work/simplelogin-app/simplelogin-app/.venv/lib/python3.12/site-packages/six.py", line 724, in reraise
    raise value
  File "/home/runner/work/simplelogin-app/simplelogin-app/.venv/lib/python3.12/site-packages/flask_limiter/extension.py", line 611, in __check_request_limit
    self.__evaluate_limits(endpoint, all_limits)
  File "/home/runner/work/simplelogin-app/simplelogin-app/.venv/lib/python3.12/site-packages/flask_limiter/extension.py", line 478, in __evaluate_limits
    if not method(lim.limit, *args):
           ^^^^^^^^^^^^^^^^^^^^^^^^
  File "/home/runner/work/simplelogin-app/simplelogin-app/.venv/lib/python3.12/site-packages/limits/strategies.py", line 159, in test
    return self.storage.get(item.key_for(*identifiers)) < item.amount - cost + 1
           ^^^^^^^^^^^^^^^^^^^^^^^^^^^^^^^^^^^^^^^^^^^^
  File "/home/runner/work/simplelogin-app/simplelogin-app/.venv/lib/python3.12/site-packages/limits/storage/base.py", line 27, in inner
    return fn(*args, **kwargs)
           ^^^^^^^^^^^^^^^^^^^
  File "/home/runner/work/simplelogin-app/simplelogin-app/.venv/lib/python3.12/site-packages/limits/storage/redis.py", line 217, in get
    return super()._get(key, self.storage)
           ^^^^^^^^^^^^^^^^^^^^^^^^^^^^^^^
  File "/home/runner/work/simplelogin-app/simplelogin-app/.venv/lib/python3.12/site-packages/limits/storage/redis.py", line 82, in _get
    return int(connection.get(key) or 0)
               ^^^^^^^^^^^^^^^^^^^
  File "/home/runner/work/simplelogin-app/simplelogin-app/.venv/lib/python3.12/site-packages/redis/commands/core.py", line 1822, in get
    return self.execute_command("GET", name, keys=[name])
           ^^^^^^^^^^^^^^^^^^^^^^^^^^^^^^^^^^^^^^^^^^^^^^
  File "/home/runner/work/simplelogin-app/simplelogin-app/.venv/lib/python3.12/site-packages/redis/client.py", line 559, in execute_command
    return self._execute_command(*args, **options)
           ^^^^^^^^^^^^^^^^^^^^^^^^^^^^^^^^^^^^^^^
  File "/home/runner/work/simplelogin-app/simplelogin-app/.venv/lib/python3.12/site-packages/redis/client.py", line 565, in _execute_command
    conn = self.connection or pool.get_connection(command_name, **options)
                              ^^^^^^^^^^^^^^^^^^^^^^^^^^^^^^^^^^^^^^^^^^^^
  File "/home/runner/work/simplelogin-app/simplelogin-app/.venv/lib/python3.12/site-packages/redis/connection.py", line 1422, in get_connection
    connection.connect()
  File "/home/runner/work/simplelogin-app/simplelogin-app/.venv/lib/python3.12/site-packages/redis/connection.py", line 363, in connect
    raise ConnectionError(self._error_message(e))
redis.exceptions.ConnectionError: Error 111 connecting to localhost:6379. Connection refused.
____________________________ test_get_notifications ____________________________
.venv/lib/python3.12/site-packages/redis/connection.py:357: in connect
    sock = self.retry.call_with_retry(
.venv/lib/python3.12/site-packages/redis/retry.py:62: in call_with_retry
    return do()
           ^^^^
.venv/lib/python3.12/site-packages/redis/connection.py:358: in <lambda>
    lambda: self._connect(), lambda error: self.disconnect(error)
            ^^^^^^^^^^^^^^^
.venv/lib/python3.12/site-packages/redis/connection.py:730: in _connect
    raise err
.venv/lib/python3.12/site-packages/redis/connection.py:718: in _connect
    sock.connect(socket_address)
E   ConnectionRefusedError: [Errno 111] Connection refused

During handling of the above exception, another exception occurred:
tests/api/test_notification.py:16: in test_get_notifications
    r = flask_client.get(
.venv/lib/python3.12/site-packages/werkzeug/test.py:1006: in get
    return self.open(*args, **kw)
           ^^^^^^^^^^^^^^^^^^^^^^
tests/conftest.py:60: in open
    return super().open(*args, **kwargs)
           ^^^^^^^^^^^^^^^^^^^^^^^^^^^^^
.venv/lib/python3.12/site-packages/flask/testing.py:222: in open
    return Client.open(
.venv/lib/python3.12/site-packages/werkzeug/test.py:970: in open
    response = self.run_wsgi_app(environ.copy(), buffered=buffered)
               ^^^^^^^^^^^^^^^^^^^^^^^^^^^^^^^^^^^^^^^^^^^^^^^^^^^^
.venv/lib/python3.12/site-packages/werkzeug/test.py:861: in run_wsgi_app
    rv = run_wsgi_app(self.application, environ, buffered=buffered)
         ^^^^^^^^^^^^^^^^^^^^^^^^^^^^^^^^^^^^^^^^^^^^^^^^^^^^^^^^^^
.venv/lib/python3.12/site-packages/werkzeug/test.py:1096: in run_wsgi_app
    app_rv = app(environ, start_response)
             ^^^^^^^^^^^^^^^^^^^^^^^^^^^^
.venv/lib/python3.12/site-packages/flask/app.py:2464: in __call__
    return self.wsgi_app(environ, start_response)
           ^^^^^^^^^^^^^^^^^^^^^^^^^^^^^^^^^^^^^^
.venv/lib/python3.12/site-packages/werkzeug/middleware/proxy_fix.py:169: in __call__
    return self.app(environ, start_response)
           ^^^^^^^^^^^^^^^^^^^^^^^^^^^^^^^^^
.venv/lib/python3.12/site-packages/flask/app.py:2450: in wsgi_app
    response = self.handle_exception(e)
               ^^^^^^^^^^^^^^^^^^^^^^^^
.venv/lib/python3.12/site-packages/flask_cors/extension.py:165: in wrapped_function
    return cors_after_request(app.make_response(f(*args, **kwargs)))
                                                ^^^^^^^^^^^^^^^^^^
.venv/lib/python3.12/site-packages/flask/app.py:1867: in handle_exception
    reraise(exc_type, exc_value, tb)
.venv/lib/python3.12/site-packages/flask/_compat.py:39: in reraise
    raise value
.venv/lib/python3.12/site-packages/flask/app.py:2447: in wsgi_app
    response = self.full_dispatch_request()
               ^^^^^^^^^^^^^^^^^^^^^^^^^^^^
.venv/lib/python3.12/site-packages/flask/app.py:1953: in full_dispatch_request
    return self.finalize_request(rv)
           ^^^^^^^^^^^^^^^^^^^^^^^^^
.venv/lib/python3.12/site-packages/flask/app.py:1970: in finalize_request
    response = self.process_response(response)
               ^^^^^^^^^^^^^^^^^^^^^^^^^^^^^^^
.venv/lib/python3.12/site-packages/flask/app.py:2269: in process_response
    self.session_interface.save_session(self, ctx.session, response)
app/session.py:97: in save_session
    self._redis_w.setex(
.venv/lib/python3.12/site-packages/redis/commands/core.py:2360: in setex
    return self.execute_command("SETEX", name, time, value)
           ^^^^^^^^^^^^^^^^^^^^^^^^^^^^^^^^^^^^^^^^^^^^^^^^
.venv/lib/python3.12/site-packages/redis/client.py:559: in execute_command
    return self._execute_command(*args, **options)
           ^^^^^^^^^^^^^^^^^^^^^^^^^^^^^^^^^^^^^^^
.venv/lib/python3.12/site-packages/redis/client.py:565: in _execute_command
    conn = self.connection or pool.get_connection(command_name, **options)
                              ^^^^^^^^^^^^^^^^^^^^^^^^^^^^^^^^^^^^^^^^^^^^
.venv/lib/python3.12/site-packages/redis/connection.py:1422: in get_connection
    connection.connect()
.venv/lib/python3.12/site-packages/redis/connection.py:363: in connect
    raise ConnectionError(self._error_message(e))
E   redis.exceptions.ConnectionError: Error 111 connecting to localhost:6379. Connection refused.
----------------------------- Captured stdout call -----------------------------
2026-02-09 12:29:51,607 - SL - INFO - 5326 - "/home/runner/work/simplelogin-app/simplelogin-app/app/events/event_dispatcher.py:62" - send_event() -  - Not sending events because webhook is not configured and allowed to be empty
________________________ test_mark_notification_as_read ________________________
.venv/lib/python3.12/site-packages/redis/connection.py:357: in connect
    sock = self.retry.call_with_retry(
.venv/lib/python3.12/site-packages/redis/retry.py:62: in call_with_retry
    return do()
           ^^^^
.venv/lib/python3.12/site-packages/redis/connection.py:358: in <lambda>
    lambda: self._connect(), lambda error: self.disconnect(error)
            ^^^^^^^^^^^^^^^
.venv/lib/python3.12/site-packages/redis/connection.py:730: in _connect
    raise err
.venv/lib/python3.12/site-packages/redis/connection.py:718: in _connect
    sock.connect(socket_address)
E   ConnectionRefusedError: [Errno 111] Connection refused

During handling of the above exception, another exception occurred:
tests/api/test_notification.py:48: in test_mark_notification_as_read
    r = flask_client.post(
.venv/lib/python3.12/site-packages/werkzeug/test.py:1016: in post
    return self.open(*args, **kw)
           ^^^^^^^^^^^^^^^^^^^^^^
tests/conftest.py:60: in open
    return super().open(*args, **kwargs)
           ^^^^^^^^^^^^^^^^^^^^^^^^^^^^^
.venv/lib/python3.12/site-packages/flask/testing.py:222: in open
    return Client.open(
.venv/lib/python3.12/site-packages/werkzeug/test.py:970: in open
    response = self.run_wsgi_app(environ.copy(), buffered=buffered)
               ^^^^^^^^^^^^^^^^^^^^^^^^^^^^^^^^^^^^^^^^^^^^^^^^^^^^
.venv/lib/python3.12/site-packages/werkzeug/test.py:861: in run_wsgi_app
    rv = run_wsgi_app(self.application, environ, buffered=buffered)
         ^^^^^^^^^^^^^^^^^^^^^^^^^^^^^^^^^^^^^^^^^^^^^^^^^^^^^^^^^^
.venv/lib/python3.12/site-packages/werkzeug/test.py:1096: in run_wsgi_app
    app_rv = app(environ, start_response)
             ^^^^^^^^^^^^^^^^^^^^^^^^^^^^
.venv/lib/python3.12/site-packages/flask/app.py:2464: in __call__
    return self.wsgi_app(environ, start_response)
           ^^^^^^^^^^^^^^^^^^^^^^^^^^^^^^^^^^^^^^
.venv/lib/python3.12/site-packages/werkzeug/middleware/proxy_fix.py:169: in __call__
    return self.app(environ, start_response)
           ^^^^^^^^^^^^^^^^^^^^^^^^^^^^^^^^^
.venv/lib/python3.12/site-packages/flask/app.py:2450: in wsgi_app
    response = self.handle_exception(e)
               ^^^^^^^^^^^^^^^^^^^^^^^^
.venv/lib/python3.12/site-packages/flask_cors/extension.py:165: in wrapped_function
    return cors_after_request(app.make_response(f(*args, **kwargs)))
                                                ^^^^^^^^^^^^^^^^^^
.venv/lib/python3.12/site-packages/flask/app.py:1867: in handle_exception
    reraise(exc_type, exc_value, tb)
.venv/lib/python3.12/site-packages/flask/_compat.py:39: in reraise
    raise value
.venv/lib/python3.12/site-packages/flask/app.py:2447: in wsgi_app
    response = self.full_dispatch_request()
               ^^^^^^^^^^^^^^^^^^^^^^^^^^^^
.venv/lib/python3.12/site-packages/flask/app.py:1953: in full_dispatch_request
    return self.finalize_request(rv)
           ^^^^^^^^^^^^^^^^^^^^^^^^^
.venv/lib/python3.12/site-packages/flask/app.py:1970: in finalize_request
    response = self.process_response(response)
               ^^^^^^^^^^^^^^^^^^^^^^^^^^^^^^^
.venv/lib/python3.12/site-packages/flask/app.py:2269: in process_response
    self.session_interface.save_session(self, ctx.session, response)
app/session.py:97: in save_session
    self._redis_w.setex(
.venv/lib/python3.12/site-packages/redis/commands/core.py:2360: in setex
    return self.execute_command("SETEX", name, time, value)
           ^^^^^^^^^^^^^^^^^^^^^^^^^^^^^^^^^^^^^^^^^^^^^^^^
.venv/lib/python3.12/site-packages/redis/client.py:559: in execute_command
    return self._execute_command(*args, **options)
           ^^^^^^^^^^^^^^^^^^^^^^^^^^^^^^^^^^^^^^^
.venv/lib/python3.12/site-packages/redis/client.py:565: in _execute_command
    conn = self.connection or pool.get_connection(command_name, **options)
                              ^^^^^^^^^^^^^^^^^^^^^^^^^^^^^^^^^^^^^^^^^^^^
.venv/lib/python3.12/site-packages/redis/connection.py:1422: in get_connection
    connection.connect()
.venv/lib/python3.12/site-packages/redis/connection.py:363: in connect
    raise ConnectionError(self._error_message(e))
E   redis.exceptions.ConnectionError: Error 111 connecting to localhost:6379. Connection refused.
----------------------------- Captured stdout call -----------------------------
2026-02-09 12:29:52,070 - SL - INFO - 5326 - "/home/runner/work/simplelogin-app/simplelogin-app/app/events/event_dispatcher.py:62" - send_event() -  - Not sending events because webhook is not configured and allowed to be empty
_____________________________ test_phone_messages ______________________________
.venv/lib/python3.12/site-packages/redis/connection.py:357: in connect
    sock = self.retry.call_with_retry(
.venv/lib/python3.12/site-packages/redis/retry.py:62: in call_with_retry
    return do()
           ^^^^
.venv/lib/python3.12/site-packages/redis/connection.py:358: in <lambda>
    lambda: self._connect(), lambda error: self.disconnect(error)
            ^^^^^^^^^^^^^^^
.venv/lib/python3.12/site-packages/redis/connection.py:730: in _connect
    raise err
.venv/lib/python3.12/site-packages/redis/connection.py:718: in _connect
    sock.connect(socket_address)
E   ConnectionRefusedError: [Errno 111] Connection refused

During handling of the above exception, another exception occurred:
tests/api/test_phone.py:13: in test_phone_messages
    user = login(flask_client)
           ^^^^^^^^^^^^^^^^^^^
tests/utils.py:57: in login
    r = flask_client.post(
.venv/lib/python3.12/site-packages/werkzeug/test.py:1016: in post
    return self.open(*args, **kw)
           ^^^^^^^^^^^^^^^^^^^^^^
tests/conftest.py:60: in open
    return super().open(*args, **kwargs)
           ^^^^^^^^^^^^^^^^^^^^^^^^^^^^^
.venv/lib/python3.12/site-packages/flask/testing.py:222: in open
    return Client.open(
.venv/lib/python3.12/site-packages/werkzeug/test.py:970: in open
    response = self.run_wsgi_app(environ.copy(), buffered=buffered)
               ^^^^^^^^^^^^^^^^^^^^^^^^^^^^^^^^^^^^^^^^^^^^^^^^^^^^
.venv/lib/python3.12/site-packages/werkzeug/test.py:861: in run_wsgi_app
    rv = run_wsgi_app(self.application, environ, buffered=buffered)
         ^^^^^^^^^^^^^^^^^^^^^^^^^^^^^^^^^^^^^^^^^^^^^^^^^^^^^^^^^^
.venv/lib/python3.12/site-packages/werkzeug/test.py:1096: in run_wsgi_app
    app_rv = app(environ, start_response)
             ^^^^^^^^^^^^^^^^^^^^^^^^^^^^
.venv/lib/python3.12/site-packages/flask/app.py:2464: in __call__
    return self.wsgi_app(environ, start_response)
           ^^^^^^^^^^^^^^^^^^^^^^^^^^^^^^^^^^^^^^
.venv/lib/python3.12/site-packages/werkzeug/middleware/proxy_fix.py:169: in __call__
    return self.app(environ, start_response)
           ^^^^^^^^^^^^^^^^^^^^^^^^^^^^^^^^^
.venv/lib/python3.12/site-packages/flask/app.py:2450: in wsgi_app
    response = self.handle_exception(e)
               ^^^^^^^^^^^^^^^^^^^^^^^^
.venv/lib/python3.12/site-packages/flask_cors/extension.py:165: in wrapped_function
    return cors_after_request(app.make_response(f(*args, **kwargs)))
                                                ^^^^^^^^^^^^^^^^^^
.venv/lib/python3.12/site-packages/flask/app.py:1867: in handle_exception
    reraise(exc_type, exc_value, tb)
.venv/lib/python3.12/site-packages/flask/_compat.py:39: in reraise
    raise value
.venv/lib/python3.12/site-packages/flask/app.py:2447: in wsgi_app
    response = self.full_dispatch_request()
               ^^^^^^^^^^^^^^^^^^^^^^^^^^^^
.venv/lib/python3.12/site-packages/flask/app.py:1953: in full_dispatch_request
    return self.finalize_request(rv)
           ^^^^^^^^^^^^^^^^^^^^^^^^^
.venv/lib/python3.12/site-packages/flask/app.py:1970: in finalize_request
    response = self.process_response(response)
               ^^^^^^^^^^^^^^^^^^^^^^^^^^^^^^^
.venv/lib/python3.12/site-packages/flask/app.py:2269: in process_response
    self.session_interface.save_session(self, ctx.session, response)
app/session.py:97: in save_session
    self._redis_w.setex(
.venv/lib/python3.12/site-packages/redis/commands/core.py:2360: in setex
    return self.execute_command("SETEX", name, time, value)
           ^^^^^^^^^^^^^^^^^^^^^^^^^^^^^^^^^^^^^^^^^^^^^^^^
.venv/lib/python3.12/site-packages/redis/client.py:559: in execute_command
    return self._execute_command(*args, **options)
           ^^^^^^^^^^^^^^^^^^^^^^^^^^^^^^^^^^^^^^^
.venv/lib/python3.12/site-packages/redis/client.py:565: in _execute_command
    conn = self.connection or pool.get_connection(command_name, **options)
                              ^^^^^^^^^^^^^^^^^^^^^^^^^^^^^^^^^^^^^^^^^^^^
.venv/lib/python3.12/site-packages/redis/connection.py:1422: in get_connection
    connection.connect()
.venv/lib/python3.12/site-packages/redis/connection.py:363: in connect
    raise ConnectionError(self._error_message(e))
E   redis.exceptions.ConnectionError: Error 111 connecting to localhost:6379. Connection refused.
----------------------------- Captured stdout call -----------------------------
2026-02-09 12:29:52,536 - SL - INFO - 5326 - "/home/runner/work/simplelogin-app/simplelogin-app/app/events/event_dispatcher.py:62" - send_event() -  - Not sending events because webhook is not configured and allowed to be empty
____________________ test_phone_messages_ended_reservation _____________________
.venv/lib/python3.12/site-packages/redis/connection.py:357: in connect
    sock = self.retry.call_with_retry(
.venv/lib/python3.12/site-packages/redis/retry.py:62: in call_with_retry
    return do()
           ^^^^
.venv/lib/python3.12/site-packages/redis/connection.py:358: in <lambda>
    lambda: self._connect(), lambda error: self.disconnect(error)
            ^^^^^^^^^^^^^^^
.venv/lib/python3.12/site-packages/redis/connection.py:730: in _connect
    raise err
.venv/lib/python3.12/site-packages/redis/connection.py:718: in _connect
    sock.connect(socket_address)
E   ConnectionRefusedError: [Errno 111] Connection refused

During handling of the above exception, another exception occurred:
tests/api/test_phone.py:48: in test_phone_messages_ended_reservation
    user = login(flask_client)
           ^^^^^^^^^^^^^^^^^^^
tests/utils.py:57: in login
    r = flask_client.post(
.venv/lib/python3.12/site-packages/werkzeug/test.py:1016: in post
    return self.open(*args, **kw)
           ^^^^^^^^^^^^^^^^^^^^^^
tests/conftest.py:60: in open
    return super().open(*args, **kwargs)
           ^^^^^^^^^^^^^^^^^^^^^^^^^^^^^
.venv/lib/python3.12/site-packages/flask/testing.py:222: in open
    return Client.open(
.venv/lib/python3.12/site-packages/werkzeug/test.py:970: in open
    response = self.run_wsgi_app(environ.copy(), buffered=buffered)
               ^^^^^^^^^^^^^^^^^^^^^^^^^^^^^^^^^^^^^^^^^^^^^^^^^^^^
.venv/lib/python3.12/site-packages/werkzeug/test.py:861: in run_wsgi_app
    rv = run_wsgi_app(self.application, environ, buffered=buffered)
         ^^^^^^^^^^^^^^^^^^^^^^^^^^^^^^^^^^^^^^^^^^^^^^^^^^^^^^^^^^
.venv/lib/python3.12/site-packages/werkzeug/test.py:1096: in run_wsgi_app
    app_rv = app(environ, start_response)
             ^^^^^^^^^^^^^^^^^^^^^^^^^^^^
.venv/lib/python3.12/site-packages/flask/app.py:2464: in __call__
    return self.wsgi_app(environ, start_response)
           ^^^^^^^^^^^^^^^^^^^^^^^^^^^^^^^^^^^^^^
.venv/lib/python3.12/site-packages/werkzeug/middleware/proxy_fix.py:169: in __call__
    return self.app(environ, start_response)
           ^^^^^^^^^^^^^^^^^^^^^^^^^^^^^^^^^
.venv/lib/python3.12/site-packages/flask/app.py:2450: in wsgi_app
    response = self.handle_exception(e)
               ^^^^^^^^^^^^^^^^^^^^^^^^
.venv/lib/python3.12/site-packages/flask_cors/extension.py:165: in wrapped_function
    return cors_after_request(app.make_response(f(*args, **kwargs)))
                                                ^^^^^^^^^^^^^^^^^^
.venv/lib/python3.12/site-packages/flask/app.py:1867: in handle_exception
    reraise(exc_type, exc_value, tb)
.venv/lib/python3.12/site-packages/flask/_compat.py:39: in reraise
    raise value
.venv/lib/python3.12/site-packages/flask/app.py:2447: in wsgi_app
    response = self.full_dispatch_request()
               ^^^^^^^^^^^^^^^^^^^^^^^^^^^^
.venv/lib/python3.12/site-packages/flask/app.py:1953: in full_dispatch_request
    return self.finalize_request(rv)
           ^^^^^^^^^^^^^^^^^^^^^^^^^
.venv/lib/python3.12/site-packages/flask/app.py:1970: in finalize_request
    response = self.process_response(response)
               ^^^^^^^^^^^^^^^^^^^^^^^^^^^^^^^
.venv/lib/python3.12/site-packages/flask/app.py:2269: in process_response
    self.session_interface.save_session(self, ctx.session, response)
app/session.py:97: in save_session
    self._redis_w.setex(
.venv/lib/python3.12/site-packages/redis/commands/core.py:2360: in setex
    return self.execute_command("SETEX", name, time, value)
           ^^^^^^^^^^^^^^^^^^^^^^^^^^^^^^^^^^^^^^^^^^^^^^^^
.venv/lib/python3.12/site-packages/redis/client.py:559: in execute_command
    return self._execute_command(*args, **options)
           ^^^^^^^^^^^^^^^^^^^^^^^^^^^^^^^^^^^^^^^
.venv/lib/python3.12/site-packages/redis/client.py:565: in _execute_command
    conn = self.connection or pool.get_connection(command_name, **options)
                              ^^^^^^^^^^^^^^^^^^^^^^^^^^^^^^^^^^^^^^^^^^^^
.venv/lib/python3.12/site-packages/redis/connection.py:1422: in get_connection
    connection.connect()
.venv/lib/python3.12/site-packages/redis/connection.py:363: in connect
    raise ConnectionError(self._error_message(e))
E   redis.exceptions.ConnectionError: Error 111 connecting to localhost:6379. Connection refused.
----------------------------- Captured stdout call -----------------------------
2026-02-09 12:29:53,236 - SL - INFO - 5326 - "/home/runner/work/simplelogin-app/simplelogin-app/app/events/event_dispatcher.py:62" - send_event() -  - Not sending events because webhook is not configured and allowed to be empty
_______________________________ test_get_setting _______________________________
.venv/lib/python3.12/site-packages/redis/connection.py:357: in connect
    sock = self.retry.call_with_retry(
.venv/lib/python3.12/site-packages/redis/retry.py:62: in call_with_retry
    return do()
           ^^^^
.venv/lib/python3.12/site-packages/redis/connection.py:358: in <lambda>
    lambda: self._connect(), lambda error: self.disconnect(error)
            ^^^^^^^^^^^^^^^
.venv/lib/python3.12/site-packages/redis/connection.py:730: in _connect
    raise err
.venv/lib/python3.12/site-packages/redis/connection.py:718: in _connect
    sock.connect(socket_address)
E   ConnectionRefusedError: [Errno 111] Connection refused

During handling of the above exception, another exception occurred:
tests/api/test_setting.py:11: in test_get_setting
    login(flask_client)
tests/utils.py:57: in login
    r = flask_client.post(
.venv/lib/python3.12/site-packages/werkzeug/test.py:1016: in post
    return self.open(*args, **kw)
           ^^^^^^^^^^^^^^^^^^^^^^
tests/conftest.py:60: in open
    return super().open(*args, **kwargs)
           ^^^^^^^^^^^^^^^^^^^^^^^^^^^^^
.venv/lib/python3.12/site-packages/flask/testing.py:222: in open
    return Client.open(
.venv/lib/python3.12/site-packages/werkzeug/test.py:970: in open
    response = self.run_wsgi_app(environ.copy(), buffered=buffered)
               ^^^^^^^^^^^^^^^^^^^^^^^^^^^^^^^^^^^^^^^^^^^^^^^^^^^^
.venv/lib/python3.12/site-packages/werkzeug/test.py:861: in run_wsgi_app
    rv = run_wsgi_app(self.application, environ, buffered=buffered)
         ^^^^^^^^^^^^^^^^^^^^^^^^^^^^^^^^^^^^^^^^^^^^^^^^^^^^^^^^^^
.venv/lib/python3.12/site-packages/werkzeug/test.py:1096: in run_wsgi_app
    app_rv = app(environ, start_response)
             ^^^^^^^^^^^^^^^^^^^^^^^^^^^^
.venv/lib/python3.12/site-packages/flask/app.py:2464: in __call__
    return self.wsgi_app(environ, start_response)
           ^^^^^^^^^^^^^^^^^^^^^^^^^^^^^^^^^^^^^^
.venv/lib/python3.12/site-packages/werkzeug/middleware/proxy_fix.py:169: in __call__
    return self.app(environ, start_response)
           ^^^^^^^^^^^^^^^^^^^^^^^^^^^^^^^^^
.venv/lib/python3.12/site-packages/flask/app.py:2450: in wsgi_app
    response = self.handle_exception(e)
               ^^^^^^^^^^^^^^^^^^^^^^^^
.venv/lib/python3.12/site-packages/flask_cors/extension.py:165: in wrapped_function
    return cors_after_request(app.make_response(f(*args, **kwargs)))
                                                ^^^^^^^^^^^^^^^^^^
.venv/lib/python3.12/site-packages/flask/app.py:1867: in handle_exception
    reraise(exc_type, exc_value, tb)
.venv/lib/python3.12/site-packages/flask/_compat.py:39: in reraise
    raise value
.venv/lib/python3.12/site-packages/flask/app.py:2447: in wsgi_app
    response = self.full_dispatch_request()
               ^^^^^^^^^^^^^^^^^^^^^^^^^^^^
.venv/lib/python3.12/site-packages/flask/app.py:1953: in full_dispatch_request
    return self.finalize_request(rv)
           ^^^^^^^^^^^^^^^^^^^^^^^^^
.venv/lib/python3.12/site-packages/flask/app.py:1970: in finalize_request
    response = self.process_response(response)
               ^^^^^^^^^^^^^^^^^^^^^^^^^^^^^^^
.venv/lib/python3.12/site-packages/flask/app.py:2269: in process_response
    self.session_interface.save_session(self, ctx.session, response)
app/session.py:97: in save_session
    self._redis_w.setex(
.venv/lib/python3.12/site-packages/redis/commands/core.py:2360: in setex
    return self.execute_command("SETEX", name, time, value)
           ^^^^^^^^^^^^^^^^^^^^^^^^^^^^^^^^^^^^^^^^^^^^^^^^
.venv/lib/python3.12/site-packages/redis/client.py:559: in execute_command
    return self._execute_command(*args, **options)
           ^^^^^^^^^^^^^^^^^^^^^^^^^^^^^^^^^^^^^^^
.venv/lib/python3.12/site-packages/redis/client.py:565: in _execute_command
    conn = self.connection or pool.get_connection(command_name, **options)
                              ^^^^^^^^^^^^^^^^^^^^^^^^^^^^^^^^^^^^^^^^^^^^
.venv/lib/python3.12/site-packages/redis/connection.py:1422: in get_connection
    connection.connect()
.venv/lib/python3.12/site-packages/redis/connection.py:363: in connect
    raise ConnectionError(self._error_message(e))
E   redis.exceptions.ConnectionError: Error 111 connecting to localhost:6379. Connection refused.
----------------------------- Captured stdout call -----------------------------
2026-02-09 12:29:58,262 - SL - INFO - 5326 - "/home/runner/work/simplelogin-app/simplelogin-app/app/events/event_dispatcher.py:62" - send_event() -  - Not sending events because webhook is not configured and allowed to be empty
______________________ test_update_settings_notification _______________________
.venv/lib/python3.12/site-packages/redis/connection.py:357: in connect
    sock = self.retry.call_with_retry(
.venv/lib/python3.12/site-packages/redis/retry.py:62: in call_with_retry
    return do()
           ^^^^
.venv/lib/python3.12/site-packages/redis/connection.py:358: in <lambda>
    lambda: self._connect(), lambda error: self.disconnect(error)
            ^^^^^^^^^^^^^^^
.venv/lib/python3.12/site-packages/redis/connection.py:730: in _connect
    raise err
.venv/lib/python3.12/site-packages/redis/connection.py:718: in _connect
    sock.connect(socket_address)
E   ConnectionRefusedError: [Errno 111] Connection refused

During handling of the above exception, another exception occurred:
tests/api/test_setting.py:25: in test_update_settings_notification
    user = login(flask_client)
           ^^^^^^^^^^^^^^^^^^^
tests/utils.py:57: in login
    r = flask_client.post(
.venv/lib/python3.12/site-packages/werkzeug/test.py:1016: in post
    return self.open(*args, **kw)
           ^^^^^^^^^^^^^^^^^^^^^^
tests/conftest.py:60: in open
    return super().open(*args, **kwargs)
           ^^^^^^^^^^^^^^^^^^^^^^^^^^^^^
.venv/lib/python3.12/site-packages/flask/testing.py:222: in open
    return Client.open(
.venv/lib/python3.12/site-packages/werkzeug/test.py:970: in open
    response = self.run_wsgi_app(environ.copy(), buffered=buffered)
               ^^^^^^^^^^^^^^^^^^^^^^^^^^^^^^^^^^^^^^^^^^^^^^^^^^^^
.venv/lib/python3.12/site-packages/werkzeug/test.py:861: in run_wsgi_app
    rv = run_wsgi_app(self.application, environ, buffered=buffered)
         ^^^^^^^^^^^^^^^^^^^^^^^^^^^^^^^^^^^^^^^^^^^^^^^^^^^^^^^^^^
.venv/lib/python3.12/site-packages/werkzeug/test.py:1096: in run_wsgi_app
    app_rv = app(environ, start_response)
             ^^^^^^^^^^^^^^^^^^^^^^^^^^^^
.venv/lib/python3.12/site-packages/flask/app.py:2464: in __call__
    return self.wsgi_app(environ, start_response)
           ^^^^^^^^^^^^^^^^^^^^^^^^^^^^^^^^^^^^^^
.venv/lib/python3.12/site-packages/werkzeug/middleware/proxy_fix.py:169: in __call__
    return self.app(environ, start_response)
           ^^^^^^^^^^^^^^^^^^^^^^^^^^^^^^^^^
.venv/lib/python3.12/site-packages/flask/app.py:2450: in wsgi_app
    response = self.handle_exception(e)
               ^^^^^^^^^^^^^^^^^^^^^^^^
.venv/lib/python3.12/site-packages/flask_cors/extension.py:165: in wrapped_function
    return cors_after_request(app.make_response(f(*args, **kwargs)))
                                                ^^^^^^^^^^^^^^^^^^
.venv/lib/python3.12/site-packages/flask/app.py:1867: in handle_exception
    reraise(exc_type, exc_value, tb)
.venv/lib/python3.12/site-packages/flask/_compat.py:39: in reraise
    raise value
.venv/lib/python3.12/site-packages/flask/app.py:2447: in wsgi_app
    response = self.full_dispatch_request()
               ^^^^^^^^^^^^^^^^^^^^^^^^^^^^
.venv/lib/python3.12/site-packages/flask/app.py:1953: in full_dispatch_request
    return self.finalize_request(rv)
           ^^^^^^^^^^^^^^^^^^^^^^^^^
.venv/lib/python3.12/site-packages/flask/app.py:1970: in finalize_request
    response = self.process_response(response)
               ^^^^^^^^^^^^^^^^^^^^^^^^^^^^^^^
.venv/lib/python3.12/site-packages/flask/app.py:2269: in process_response
    self.session_interface.save_session(self, ctx.session, response)
app/session.py:97: in save_session
    self._redis_w.setex(
.venv/lib/python3.12/site-packages/redis/commands/core.py:2360: in setex
    return self.execute_command("SETEX", name, time, value)
           ^^^^^^^^^^^^^^^^^^^^^^^^^^^^^^^^^^^^^^^^^^^^^^^^
.venv/lib/python3.12/site-packages/redis/client.py:559: in execute_command
    return self._execute_command(*args, **options)
           ^^^^^^^^^^^^^^^^^^^^^^^^^^^^^^^^^^^^^^^
.venv/lib/python3.12/site-packages/redis/client.py:565: in _execute_command
    conn = self.connection or pool.get_connection(command_name, **options)
                              ^^^^^^^^^^^^^^^^^^^^^^^^^^^^^^^^^^^^^^^^^^^^
.venv/lib/python3.12/site-packages/redis/connection.py:1422: in get_connection
    connection.connect()
.venv/lib/python3.12/site-packages/redis/connection.py:363: in connect
    raise ConnectionError(self._error_message(e))
E   redis.exceptions.ConnectionError: Error 111 connecting to localhost:6379. Connection refused.
----------------------------- Captured stdout call -----------------------------
2026-02-09 12:29:58,958 - SL - INFO - 5326 - "/home/runner/work/simplelogin-app/simplelogin-app/app/events/event_dispatcher.py:62" - send_event() -  - Not sending events because webhook is not configured and allowed to be empty
_____________________ test_update_settings_alias_generator _____________________
.venv/lib/python3.12/site-packages/redis/connection.py:357: in connect
    sock = self.retry.call_with_retry(
.venv/lib/python3.12/site-packages/redis/retry.py:62: in call_with_retry
    return do()
           ^^^^
.venv/lib/python3.12/site-packages/redis/connection.py:358: in <lambda>
    lambda: self._connect(), lambda error: self.disconnect(error)
            ^^^^^^^^^^^^^^^
.venv/lib/python3.12/site-packages/redis/connection.py:730: in _connect
    raise err
.venv/lib/python3.12/site-packages/redis/connection.py:718: in _connect
    sock.connect(socket_address)
E   ConnectionRefusedError: [Errno 111] Connection refused

During handling of the above exception, another exception occurred:
tests/api/test_setting.py:34: in test_update_settings_alias_generator
    user = login(flask_client)
           ^^^^^^^^^^^^^^^^^^^
tests/utils.py:57: in login
    r = flask_client.post(
.venv/lib/python3.12/site-packages/werkzeug/test.py:1016: in post
    return self.open(*args, **kw)
           ^^^^^^^^^^^^^^^^^^^^^^
tests/conftest.py:60: in open
    return super().open(*args, **kwargs)
           ^^^^^^^^^^^^^^^^^^^^^^^^^^^^^
.venv/lib/python3.12/site-packages/flask/testing.py:222: in open
    return Client.open(
.venv/lib/python3.12/site-packages/werkzeug/test.py:970: in open
    response = self.run_wsgi_app(environ.copy(), buffered=buffered)
               ^^^^^^^^^^^^^^^^^^^^^^^^^^^^^^^^^^^^^^^^^^^^^^^^^^^^
.venv/lib/python3.12/site-packages/werkzeug/test.py:861: in run_wsgi_app
    rv = run_wsgi_app(self.application, environ, buffered=buffered)
         ^^^^^^^^^^^^^^^^^^^^^^^^^^^^^^^^^^^^^^^^^^^^^^^^^^^^^^^^^^
.venv/lib/python3.12/site-packages/werkzeug/test.py:1096: in run_wsgi_app
    app_rv = app(environ, start_response)
             ^^^^^^^^^^^^^^^^^^^^^^^^^^^^
.venv/lib/python3.12/site-packages/flask/app.py:2464: in __call__
    return self.wsgi_app(environ, start_response)
           ^^^^^^^^^^^^^^^^^^^^^^^^^^^^^^^^^^^^^^
.venv/lib/python3.12/site-packages/werkzeug/middleware/proxy_fix.py:169: in __call__
    return self.app(environ, start_response)
           ^^^^^^^^^^^^^^^^^^^^^^^^^^^^^^^^^
.venv/lib/python3.12/site-packages/flask/app.py:2450: in wsgi_app
    response = self.handle_exception(e)
               ^^^^^^^^^^^^^^^^^^^^^^^^
.venv/lib/python3.12/site-packages/flask_cors/extension.py:165: in wrapped_function
    return cors_after_request(app.make_response(f(*args, **kwargs)))
                                                ^^^^^^^^^^^^^^^^^^
.venv/lib/python3.12/site-packages/flask/app.py:1867: in handle_exception
    reraise(exc_type, exc_value, tb)
.venv/lib/python3.12/site-packages/flask/_compat.py:39: in reraise
    raise value
.venv/lib/python3.12/site-packages/flask/app.py:2447: in wsgi_app
    response = self.full_dispatch_request()
               ^^^^^^^^^^^^^^^^^^^^^^^^^^^^
.venv/lib/python3.12/site-packages/flask/app.py:1953: in full_dispatch_request
    return self.finalize_request(rv)
           ^^^^^^^^^^^^^^^^^^^^^^^^^
.venv/lib/python3.12/site-packages/flask/app.py:1970: in finalize_request
    response = self.process_response(response)
               ^^^^^^^^^^^^^^^^^^^^^^^^^^^^^^^
.venv/lib/python3.12/site-packages/flask/app.py:2269: in process_response
    self.session_interface.save_session(self, ctx.session, response)
app/session.py:97: in save_session
    self._redis_w.setex(
.venv/lib/python3.12/site-packages/redis/commands/core.py:2360: in setex
    return self.execute_command("SETEX", name, time, value)
           ^^^^^^^^^^^^^^^^^^^^^^^^^^^^^^^^^^^^^^^^^^^^^^^^
.venv/lib/python3.12/site-packages/redis/client.py:559: in execute_command
    return self._execute_command(*args, **options)
           ^^^^^^^^^^^^^^^^^^^^^^^^^^^^^^^^^^^^^^^
.venv/lib/python3.12/site-packages/redis/client.py:565: in _execute_command
    conn = self.connection or pool.get_connection(command_name, **options)
                              ^^^^^^^^^^^^^^^^^^^^^^^^^^^^^^^^^^^^^^^^^^^^
.venv/lib/python3.12/site-packages/redis/connection.py:1422: in get_connection
    connection.connect()
.venv/lib/python3.12/site-packages/redis/connection.py:363: in connect
    raise ConnectionError(self._error_message(e))
E   redis.exceptions.ConnectionError: Error 111 connecting to localhost:6379. Connection refused.
----------------------------- Captured stdout call -----------------------------
2026-02-09 12:29:59,647 - SL - INFO - 5326 - "/home/runner/work/simplelogin-app/simplelogin-app/app/events/event_dispatcher.py:62" - send_event() -  - Not sending events because webhook is not configured and allowed to be empty
_______________ test_update_settings_random_alias_default_domain _______________
.venv/lib/python3.12/site-packages/redis/connection.py:357: in connect
    sock = self.retry.call_with_retry(
.venv/lib/python3.12/site-packages/redis/retry.py:62: in call_with_retry
    return do()
           ^^^^
.venv/lib/python3.12/site-packages/redis/connection.py:358: in <lambda>
    lambda: self._connect(), lambda error: self.disconnect(error)
            ^^^^^^^^^^^^^^^
.venv/lib/python3.12/site-packages/redis/connection.py:730: in _connect
    raise err
.venv/lib/python3.12/site-packages/redis/connection.py:718: in _connect
    sock.connect(socket_address)
E   ConnectionRefusedError: [Errno 111] Connection refused

During handling of the above exception, another exception occurred:
tests/api/test_setting.py:46: in test_update_settings_random_alias_default_domain
    user = login(flask_client)
           ^^^^^^^^^^^^^^^^^^^
tests/utils.py:57: in login
    r = flask_client.post(
.venv/lib/python3.12/site-packages/werkzeug/test.py:1016: in post
    return self.open(*args, **kw)
           ^^^^^^^^^^^^^^^^^^^^^^
tests/conftest.py:60: in open
    return super().open(*args, **kwargs)
           ^^^^^^^^^^^^^^^^^^^^^^^^^^^^^
.venv/lib/python3.12/site-packages/flask/testing.py:222: in open
    return Client.open(
.venv/lib/python3.12/site-packages/werkzeug/test.py:970: in open
    response = self.run_wsgi_app(environ.copy(), buffered=buffered)
               ^^^^^^^^^^^^^^^^^^^^^^^^^^^^^^^^^^^^^^^^^^^^^^^^^^^^
.venv/lib/python3.12/site-packages/werkzeug/test.py:861: in run_wsgi_app
    rv = run_wsgi_app(self.application, environ, buffered=buffered)
         ^^^^^^^^^^^^^^^^^^^^^^^^^^^^^^^^^^^^^^^^^^^^^^^^^^^^^^^^^^
.venv/lib/python3.12/site-packages/werkzeug/test.py:1096: in run_wsgi_app
    app_rv = app(environ, start_response)
             ^^^^^^^^^^^^^^^^^^^^^^^^^^^^
.venv/lib/python3.12/site-packages/flask/app.py:2464: in __call__
    return self.wsgi_app(environ, start_response)
           ^^^^^^^^^^^^^^^^^^^^^^^^^^^^^^^^^^^^^^
.venv/lib/python3.12/site-packages/werkzeug/middleware/proxy_fix.py:169: in __call__
    return self.app(environ, start_response)
           ^^^^^^^^^^^^^^^^^^^^^^^^^^^^^^^^^
.venv/lib/python3.12/site-packages/flask/app.py:2450: in wsgi_app
    response = self.handle_exception(e)
               ^^^^^^^^^^^^^^^^^^^^^^^^
.venv/lib/python3.12/site-packages/flask_cors/extension.py:165: in wrapped_function
    return cors_after_request(app.make_response(f(*args, **kwargs)))
                                                ^^^^^^^^^^^^^^^^^^
.venv/lib/python3.12/site-packages/flask/app.py:1867: in handle_exception
    reraise(exc_type, exc_value, tb)
.venv/lib/python3.12/site-packages/flask/_compat.py:39: in reraise
    raise value
.venv/lib/python3.12/site-packages/flask/app.py:2447: in wsgi_app
    response = self.full_dispatch_request()
               ^^^^^^^^^^^^^^^^^^^^^^^^^^^^
.venv/lib/python3.12/site-packages/flask/app.py:1953: in full_dispatch_request
    return self.finalize_request(rv)
           ^^^^^^^^^^^^^^^^^^^^^^^^^
.venv/lib/python3.12/site-packages/flask/app.py:1970: in finalize_request
    response = self.process_response(response)
               ^^^^^^^^^^^^^^^^^^^^^^^^^^^^^^^
.venv/lib/python3.12/site-packages/flask/app.py:2269: in process_response
    self.session_interface.save_session(self, ctx.session, response)
app/session.py:97: in save_session
    self._redis_w.setex(
.venv/lib/python3.12/site-packages/redis/commands/core.py:2360: in setex
    return self.execute_command("SETEX", name, time, value)
           ^^^^^^^^^^^^^^^^^^^^^^^^^^^^^^^^^^^^^^^^^^^^^^^^
.venv/lib/python3.12/site-packages/redis/client.py:559: in execute_command
    return self._execute_command(*args, **options)
           ^^^^^^^^^^^^^^^^^^^^^^^^^^^^^^^^^^^^^^^
.venv/lib/python3.12/site-packages/redis/client.py:565: in _execute_command
    conn = self.connection or pool.get_connection(command_name, **options)
                              ^^^^^^^^^^^^^^^^^^^^^^^^^^^^^^^^^^^^^^^^^^^^
.venv/lib/python3.12/site-packages/redis/connection.py:1422: in get_connection
    connection.connect()
.venv/lib/python3.12/site-packages/redis/connection.py:363: in connect
    raise ConnectionError(self._error_message(e))
E   redis.exceptions.ConnectionError: Error 111 connecting to localhost:6379. Connection refused.
----------------------------- Captured stdout call -----------------------------
2026-02-09 12:30:00,337 - SL - INFO - 5326 - "/home/runner/work/simplelogin-app/simplelogin-app/app/events/event_dispatcher.py:62" - send_event() -  - Not sending events because webhook is not configured and allowed to be empty
______________________ test_update_settings_sender_format ______________________
.venv/lib/python3.12/site-packages/redis/connection.py:357: in connect
    sock = self.retry.call_with_retry(
.venv/lib/python3.12/site-packages/redis/retry.py:62: in call_with_retry
    return do()
           ^^^^
.venv/lib/python3.12/site-packages/redis/connection.py:358: in <lambda>
    lambda: self._connect(), lambda error: self.disconnect(error)
            ^^^^^^^^^^^^^^^
.venv/lib/python3.12/site-packages/redis/connection.py:730: in _connect
    raise err
.venv/lib/python3.12/site-packages/redis/connection.py:718: in _connect
    sock.connect(socket_address)
E   ConnectionRefusedError: [Errno 111] Connection refused

During handling of the above exception, another exception occurred:
tests/api/test_setting.py:71: in test_update_settings_sender_format
    user = login(flask_client)
           ^^^^^^^^^^^^^^^^^^^
tests/utils.py:57: in login
    r = flask_client.post(
.venv/lib/python3.12/site-packages/werkzeug/test.py:1016: in post
    return self.open(*args, **kw)
           ^^^^^^^^^^^^^^^^^^^^^^
tests/conftest.py:60: in open
    return super().open(*args, **kwargs)
           ^^^^^^^^^^^^^^^^^^^^^^^^^^^^^
.venv/lib/python3.12/site-packages/flask/testing.py:222: in open
    return Client.open(
.venv/lib/python3.12/site-packages/werkzeug/test.py:970: in open
    response = self.run_wsgi_app(environ.copy(), buffered=buffered)
               ^^^^^^^^^^^^^^^^^^^^^^^^^^^^^^^^^^^^^^^^^^^^^^^^^^^^
.venv/lib/python3.12/site-packages/werkzeug/test.py:861: in run_wsgi_app
    rv = run_wsgi_app(self.application, environ, buffered=buffered)
         ^^^^^^^^^^^^^^^^^^^^^^^^^^^^^^^^^^^^^^^^^^^^^^^^^^^^^^^^^^
.venv/lib/python3.12/site-packages/werkzeug/test.py:1096: in run_wsgi_app
    app_rv = app(environ, start_response)
             ^^^^^^^^^^^^^^^^^^^^^^^^^^^^
.venv/lib/python3.12/site-packages/flask/app.py:2464: in __call__
    return self.wsgi_app(environ, start_response)
           ^^^^^^^^^^^^^^^^^^^^^^^^^^^^^^^^^^^^^^
.venv/lib/python3.12/site-packages/werkzeug/middleware/proxy_fix.py:169: in __call__
    return self.app(environ, start_response)
           ^^^^^^^^^^^^^^^^^^^^^^^^^^^^^^^^^
.venv/lib/python3.12/site-packages/flask/app.py:2450: in wsgi_app
    response = self.handle_exception(e)
               ^^^^^^^^^^^^^^^^^^^^^^^^
.venv/lib/python3.12/site-packages/flask_cors/extension.py:165: in wrapped_function
    return cors_after_request(app.make_response(f(*args, **kwargs)))
                                                ^^^^^^^^^^^^^^^^^^
.venv/lib/python3.12/site-packages/flask/app.py:1867: in handle_exception
    reraise(exc_type, exc_value, tb)
.venv/lib/python3.12/site-packages/flask/_compat.py:39: in reraise
    raise value
.venv/lib/python3.12/site-packages/flask/app.py:2447: in wsgi_app
    response = self.full_dispatch_request()
               ^^^^^^^^^^^^^^^^^^^^^^^^^^^^
.venv/lib/python3.12/site-packages/flask/app.py:1953: in full_dispatch_request
    return self.finalize_request(rv)
           ^^^^^^^^^^^^^^^^^^^^^^^^^
.venv/lib/python3.12/site-packages/flask/app.py:1970: in finalize_request
    response = self.process_response(response)
               ^^^^^^^^^^^^^^^^^^^^^^^^^^^^^^^
.venv/lib/python3.12/site-packages/flask/app.py:2269: in process_response
    self.session_interface.save_session(self, ctx.session, response)
app/session.py:97: in save_session
    self._redis_w.setex(
.venv/lib/python3.12/site-packages/redis/commands/core.py:2360: in setex
    return self.execute_command("SETEX", name, time, value)
           ^^^^^^^^^^^^^^^^^^^^^^^^^^^^^^^^^^^^^^^^^^^^^^^^
.venv/lib/python3.12/site-packages/redis/client.py:559: in execute_command
    return self._execute_command(*args, **options)
           ^^^^^^^^^^^^^^^^^^^^^^^^^^^^^^^^^^^^^^^
.venv/lib/python3.12/site-packages/redis/client.py:565: in _execute_command
    conn = self.connection or pool.get_connection(command_name, **options)
                              ^^^^^^^^^^^^^^^^^^^^^^^^^^^^^^^^^^^^^^^^^^^^
.venv/lib/python3.12/site-packages/redis/connection.py:1422: in get_connection
    connection.connect()
.venv/lib/python3.12/site-packages/redis/connection.py:363: in connect
    raise ConnectionError(self._error_message(e))
E   redis.exceptions.ConnectionError: Error 111 connecting to localhost:6379. Connection refused.
----------------------------- Captured stdout call -----------------------------
2026-02-09 12:30:01,027 - SL - INFO - 5326 - "/home/runner/work/simplelogin-app/simplelogin-app/app/events/event_dispatcher.py:62" - send_event() -  - Not sending events because webhook is not configured and allowed to be empty
___________________________ test_get_setting_domains ___________________________
.venv/lib/python3.12/site-packages/redis/connection.py:357: in connect
    sock = self.retry.call_with_retry(
.venv/lib/python3.12/site-packages/redis/retry.py:62: in call_with_retry
    return do()
           ^^^^
.venv/lib/python3.12/site-packages/redis/connection.py:358: in <lambda>
    lambda: self._connect(), lambda error: self.disconnect(error)
            ^^^^^^^^^^^^^^^
.venv/lib/python3.12/site-packages/redis/connection.py:730: in _connect
    raise err
.venv/lib/python3.12/site-packages/redis/connection.py:718: in _connect
    sock.connect(socket_address)
E   ConnectionRefusedError: [Errno 111] Connection refused

During handling of the above exception, another exception occurred:
tests/api/test_setting.py:87: in test_get_setting_domains
    user = login(flask_client)
           ^^^^^^^^^^^^^^^^^^^
tests/utils.py:57: in login
    r = flask_client.post(
.venv/lib/python3.12/site-packages/werkzeug/test.py:1016: in post
    return self.open(*args, **kw)
           ^^^^^^^^^^^^^^^^^^^^^^
tests/conftest.py:60: in open
    return super().open(*args, **kwargs)
           ^^^^^^^^^^^^^^^^^^^^^^^^^^^^^
.venv/lib/python3.12/site-packages/flask/testing.py:222: in open
    return Client.open(
.venv/lib/python3.12/site-packages/werkzeug/test.py:970: in open
    response = self.run_wsgi_app(environ.copy(), buffered=buffered)
               ^^^^^^^^^^^^^^^^^^^^^^^^^^^^^^^^^^^^^^^^^^^^^^^^^^^^
.venv/lib/python3.12/site-packages/werkzeug/test.py:861: in run_wsgi_app
    rv = run_wsgi_app(self.application, environ, buffered=buffered)
         ^^^^^^^^^^^^^^^^^^^^^^^^^^^^^^^^^^^^^^^^^^^^^^^^^^^^^^^^^^
.venv/lib/python3.12/site-packages/werkzeug/test.py:1096: in run_wsgi_app
    app_rv = app(environ, start_response)
             ^^^^^^^^^^^^^^^^^^^^^^^^^^^^
.venv/lib/python3.12/site-packages/flask/app.py:2464: in __call__
    return self.wsgi_app(environ, start_response)
           ^^^^^^^^^^^^^^^^^^^^^^^^^^^^^^^^^^^^^^
.venv/lib/python3.12/site-packages/werkzeug/middleware/proxy_fix.py:169: in __call__
    return self.app(environ, start_response)
           ^^^^^^^^^^^^^^^^^^^^^^^^^^^^^^^^^
.venv/lib/python3.12/site-packages/flask/app.py:2450: in wsgi_app
    response = self.handle_exception(e)
               ^^^^^^^^^^^^^^^^^^^^^^^^
.venv/lib/python3.12/site-packages/flask_cors/extension.py:165: in wrapped_function
    return cors_after_request(app.make_response(f(*args, **kwargs)))
                                                ^^^^^^^^^^^^^^^^^^
.venv/lib/python3.12/site-packages/flask/app.py:1867: in handle_exception
    reraise(exc_type, exc_value, tb)
.venv/lib/python3.12/site-packages/flask/_compat.py:39: in reraise
    raise value
.venv/lib/python3.12/site-packages/flask/app.py:2447: in wsgi_app
    response = self.full_dispatch_request()
               ^^^^^^^^^^^^^^^^^^^^^^^^^^^^
.venv/lib/python3.12/site-packages/flask/app.py:1953: in full_dispatch_request
    return self.finalize_request(rv)
           ^^^^^^^^^^^^^^^^^^^^^^^^^
.venv/lib/python3.12/site-packages/flask/app.py:1970: in finalize_request
    response = self.process_response(response)
               ^^^^^^^^^^^^^^^^^^^^^^^^^^^^^^^
.venv/lib/python3.12/site-packages/flask/app.py:2269: in process_response
    self.session_interface.save_session(self, ctx.session, response)
app/session.py:97: in save_session
    self._redis_w.setex(
.venv/lib/python3.12/site-packages/redis/commands/core.py:2360: in setex
    return self.execute_command("SETEX", name, time, value)
           ^^^^^^^^^^^^^^^^^^^^^^^^^^^^^^^^^^^^^^^^^^^^^^^^
.venv/lib/python3.12/site-packages/redis/client.py:559: in execute_command
    return self._execute_command(*args, **options)
           ^^^^^^^^^^^^^^^^^^^^^^^^^^^^^^^^^^^^^^^
.venv/lib/python3.12/site-packages/redis/client.py:565: in _execute_command
    conn = self.connection or pool.get_connection(command_name, **options)
                              ^^^^^^^^^^^^^^^^^^^^^^^^^^^^^^^^^^^^^^^^^^^^
.venv/lib/python3.12/site-packages/redis/connection.py:1422: in get_connection
    connection.connect()
.venv/lib/python3.12/site-packages/redis/connection.py:363: in connect
    raise ConnectionError(self._error_message(e))
E   redis.exceptions.ConnectionError: Error 111 connecting to localhost:6379. Connection refused.
----------------------------- Captured stdout call -----------------------------
2026-02-09 12:30:01,715 - SL - INFO - 5326 - "/home/runner/work/simplelogin-app/simplelogin-app/app/events/event_dispatcher.py:62" - send_event() -  - Not sending events because webhook is not configured and allowed to be empty
_________________________ test_get_setting_domains_v2 __________________________
.venv/lib/python3.12/site-packages/redis/connection.py:357: in connect
    sock = self.retry.call_with_retry(
.venv/lib/python3.12/site-packages/redis/retry.py:62: in call_with_retry
    return do()
           ^^^^
.venv/lib/python3.12/site-packages/redis/connection.py:358: in <lambda>
    lambda: self._connect(), lambda error: self.disconnect(error)
            ^^^^^^^^^^^^^^^
.venv/lib/python3.12/site-packages/redis/connection.py:730: in _connect
    raise err
.venv/lib/python3.12/site-packages/redis/connection.py:718: in _connect
    sock.connect(socket_address)
E   ConnectionRefusedError: [Errno 111] Connection refused

During handling of the above exception, another exception occurred:
tests/api/test_setting.py:96: in test_get_setting_domains_v2
    user = login(flask_client)
           ^^^^^^^^^^^^^^^^^^^
tests/utils.py:57: in login
    r = flask_client.post(
.venv/lib/python3.12/site-packages/werkzeug/test.py:1016: in post
    return self.open(*args, **kw)
           ^^^^^^^^^^^^^^^^^^^^^^
tests/conftest.py:60: in open
    return super().open(*args, **kwargs)
           ^^^^^^^^^^^^^^^^^^^^^^^^^^^^^
.venv/lib/python3.12/site-packages/flask/testing.py:222: in open
    return Client.open(
.venv/lib/python3.12/site-packages/werkzeug/test.py:970: in open
    response = self.run_wsgi_app(environ.copy(), buffered=buffered)
               ^^^^^^^^^^^^^^^^^^^^^^^^^^^^^^^^^^^^^^^^^^^^^^^^^^^^
.venv/lib/python3.12/site-packages/werkzeug/test.py:861: in run_wsgi_app
    rv = run_wsgi_app(self.application, environ, buffered=buffered)
         ^^^^^^^^^^^^^^^^^^^^^^^^^^^^^^^^^^^^^^^^^^^^^^^^^^^^^^^^^^
.venv/lib/python3.12/site-packages/werkzeug/test.py:1096: in run_wsgi_app
    app_rv = app(environ, start_response)
             ^^^^^^^^^^^^^^^^^^^^^^^^^^^^
.venv/lib/python3.12/site-packages/flask/app.py:2464: in __call__
    return self.wsgi_app(environ, start_response)
           ^^^^^^^^^^^^^^^^^^^^^^^^^^^^^^^^^^^^^^
.venv/lib/python3.12/site-packages/werkzeug/middleware/proxy_fix.py:169: in __call__
    return self.app(environ, start_response)
           ^^^^^^^^^^^^^^^^^^^^^^^^^^^^^^^^^
.venv/lib/python3.12/site-packages/flask/app.py:2450: in wsgi_app
    response = self.handle_exception(e)
               ^^^^^^^^^^^^^^^^^^^^^^^^
.venv/lib/python3.12/site-packages/flask_cors/extension.py:165: in wrapped_function
    return cors_after_request(app.make_response(f(*args, **kwargs)))
                                                ^^^^^^^^^^^^^^^^^^
.venv/lib/python3.12/site-packages/flask/app.py:1867: in handle_exception
    reraise(exc_type, exc_value, tb)
.venv/lib/python3.12/site-packages/flask/_compat.py:39: in reraise
    raise value
.venv/lib/python3.12/site-packages/flask/app.py:2447: in wsgi_app
    response = self.full_dispatch_request()
               ^^^^^^^^^^^^^^^^^^^^^^^^^^^^
.venv/lib/python3.12/site-packages/flask/app.py:1953: in full_dispatch_request
    return self.finalize_request(rv)
           ^^^^^^^^^^^^^^^^^^^^^^^^^
.venv/lib/python3.12/site-packages/flask/app.py:1970: in finalize_request
    response = self.process_response(response)
               ^^^^^^^^^^^^^^^^^^^^^^^^^^^^^^^
.venv/lib/python3.12/site-packages/flask/app.py:2269: in process_response
    self.session_interface.save_session(self, ctx.session, response)
app/session.py:97: in save_session
    self._redis_w.setex(
.venv/lib/python3.12/site-packages/redis/commands/core.py:2360: in setex
    return self.execute_command("SETEX", name, time, value)
           ^^^^^^^^^^^^^^^^^^^^^^^^^^^^^^^^^^^^^^^^^^^^^^^^
.venv/lib/python3.12/site-packages/redis/client.py:559: in execute_command
    return self._execute_command(*args, **options)
           ^^^^^^^^^^^^^^^^^^^^^^^^^^^^^^^^^^^^^^^
.venv/lib/python3.12/site-packages/redis/client.py:565: in _execute_command
    conn = self.connection or pool.get_connection(command_name, **options)
                              ^^^^^^^^^^^^^^^^^^^^^^^^^^^^^^^^^^^^^^^^^^^^
.venv/lib/python3.12/site-packages/redis/connection.py:1422: in get_connection
    connection.connect()
.venv/lib/python3.12/site-packages/redis/connection.py:363: in connect
    raise ConnectionError(self._error_message(e))
E   redis.exceptions.ConnectionError: Error 111 connecting to localhost:6379. Connection refused.
----------------------------- Captured stdout call -----------------------------
2026-02-09 12:30:02,405 - SL - INFO - 5326 - "/home/runner/work/simplelogin-app/simplelogin-app/app/events/event_dispatcher.py:62" - send_event() -  - Not sending events because webhook is not configured and allowed to be empty
___________________ test_update_settings_random_alias_suffix ___________________
.venv/lib/python3.12/site-packages/redis/connection.py:357: in connect
    sock = self.retry.call_with_retry(
.venv/lib/python3.12/site-packages/redis/retry.py:62: in call_with_retry
    return do()
           ^^^^
.venv/lib/python3.12/site-packages/redis/connection.py:358: in <lambda>
    lambda: self._connect(), lambda error: self.disconnect(error)
            ^^^^^^^^^^^^^^^
.venv/lib/python3.12/site-packages/redis/connection.py:730: in _connect
    raise err
.venv/lib/python3.12/site-packages/redis/connection.py:718: in _connect
    sock.connect(socket_address)
E   ConnectionRefusedError: [Errno 111] Connection refused

During handling of the above exception, another exception occurred:
tests/api/test_setting.py:105: in test_update_settings_random_alias_suffix
    user = login(flask_client)
           ^^^^^^^^^^^^^^^^^^^
tests/utils.py:57: in login
    r = flask_client.post(
.venv/lib/python3.12/site-packages/werkzeug/test.py:1016: in post
    return self.open(*args, **kw)
           ^^^^^^^^^^^^^^^^^^^^^^
tests/conftest.py:60: in open
    return super().open(*args, **kwargs)
           ^^^^^^^^^^^^^^^^^^^^^^^^^^^^^
.venv/lib/python3.12/site-packages/flask/testing.py:222: in open
    return Client.open(
.venv/lib/python3.12/site-packages/werkzeug/test.py:970: in open
    response = self.run_wsgi_app(environ.copy(), buffered=buffered)
               ^^^^^^^^^^^^^^^^^^^^^^^^^^^^^^^^^^^^^^^^^^^^^^^^^^^^
.venv/lib/python3.12/site-packages/werkzeug/test.py:861: in run_wsgi_app
    rv = run_wsgi_app(self.application, environ, buffered=buffered)
         ^^^^^^^^^^^^^^^^^^^^^^^^^^^^^^^^^^^^^^^^^^^^^^^^^^^^^^^^^^
.venv/lib/python3.12/site-packages/werkzeug/test.py:1096: in run_wsgi_app
    app_rv = app(environ, start_response)
             ^^^^^^^^^^^^^^^^^^^^^^^^^^^^
.venv/lib/python3.12/site-packages/flask/app.py:2464: in __call__
    return self.wsgi_app(environ, start_response)
           ^^^^^^^^^^^^^^^^^^^^^^^^^^^^^^^^^^^^^^
.venv/lib/python3.12/site-packages/werkzeug/middleware/proxy_fix.py:169: in __call__
    return self.app(environ, start_response)
           ^^^^^^^^^^^^^^^^^^^^^^^^^^^^^^^^^
.venv/lib/python3.12/site-packages/flask/app.py:2450: in wsgi_app
    response = self.handle_exception(e)
               ^^^^^^^^^^^^^^^^^^^^^^^^
.venv/lib/python3.12/site-packages/flask_cors/extension.py:165: in wrapped_function
    return cors_after_request(app.make_response(f(*args, **kwargs)))
                                                ^^^^^^^^^^^^^^^^^^
.venv/lib/python3.12/site-packages/flask/app.py:1867: in handle_exception
    reraise(exc_type, exc_value, tb)
.venv/lib/python3.12/site-packages/flask/_compat.py:39: in reraise
    raise value
.venv/lib/python3.12/site-packages/flask/app.py:2447: in wsgi_app
    response = self.full_dispatch_request()
               ^^^^^^^^^^^^^^^^^^^^^^^^^^^^
.venv/lib/python3.12/site-packages/flask/app.py:1953: in full_dispatch_request
    return self.finalize_request(rv)
           ^^^^^^^^^^^^^^^^^^^^^^^^^
.venv/lib/python3.12/site-packages/flask/app.py:1970: in finalize_request
    response = self.process_response(response)
               ^^^^^^^^^^^^^^^^^^^^^^^^^^^^^^^
.venv/lib/python3.12/site-packages/flask/app.py:2269: in process_response
    self.session_interface.save_session(self, ctx.session, response)
app/session.py:97: in save_session
    self._redis_w.setex(
.venv/lib/python3.12/site-packages/redis/commands/core.py:2360: in setex
    return self.execute_command("SETEX", name, time, value)
           ^^^^^^^^^^^^^^^^^^^^^^^^^^^^^^^^^^^^^^^^^^^^^^^^
.venv/lib/python3.12/site-packages/redis/client.py:559: in execute_command
    return self._execute_command(*args, **options)
           ^^^^^^^^^^^^^^^^^^^^^^^^^^^^^^^^^^^^^^^
.venv/lib/python3.12/site-packages/redis/client.py:565: in _execute_command
    conn = self.connection or pool.get_connection(command_name, **options)
                              ^^^^^^^^^^^^^^^^^^^^^^^^^^^^^^^^^^^^^^^^^^^^
.venv/lib/python3.12/site-packages/redis/connection.py:1422: in get_connection
    connection.connect()
.venv/lib/python3.12/site-packages/redis/connection.py:363: in connect
    raise ConnectionError(self._error_message(e))
E   redis.exceptions.ConnectionError: Error 111 connecting to localhost:6379. Connection refused.
----------------------------- Captured stdout call -----------------------------
2026-02-09 12:30:03,110 - SL - INFO - 5326 - "/home/runner/work/simplelogin-app/simplelogin-app/app/events/event_dispatcher.py:62" - send_event() -  - Not sending events because webhook is not configured and allowed to be empty
_____________________________ test_enter_sudo_mode _____________________________
.venv/lib/python3.12/site-packages/redis/connection.py:357: in connect
    sock = self.retry.call_with_retry(
.venv/lib/python3.12/site-packages/redis/retry.py:62: in call_with_retry
    return do()
           ^^^^
.venv/lib/python3.12/site-packages/redis/connection.py:358: in <lambda>
    lambda: self._connect(), lambda error: self.disconnect(error)
            ^^^^^^^^^^^^^^^
.venv/lib/python3.12/site-packages/redis/connection.py:730: in _connect
    raise err
.venv/lib/python3.12/site-packages/redis/connection.py:718: in _connect
    sock.connect(socket_address)
E   ConnectionRefusedError: [Errno 111] Connection refused

During handling of the above exception, another exception occurred:
tests/api/test_sudo.py:17: in test_enter_sudo_mode
    r = flask_client.patch(
.venv/lib/python3.12/site-packages/werkzeug/test.py:1011: in patch
    return self.open(*args, **kw)
           ^^^^^^^^^^^^^^^^^^^^^^
tests/conftest.py:60: in open
    return super().open(*args, **kwargs)
           ^^^^^^^^^^^^^^^^^^^^^^^^^^^^^
.venv/lib/python3.12/site-packages/flask/testing.py:222: in open
    return Client.open(
.venv/lib/python3.12/site-packages/werkzeug/test.py:970: in open
    response = self.run_wsgi_app(environ.copy(), buffered=buffered)
               ^^^^^^^^^^^^^^^^^^^^^^^^^^^^^^^^^^^^^^^^^^^^^^^^^^^^
.venv/lib/python3.12/site-packages/werkzeug/test.py:861: in run_wsgi_app
    rv = run_wsgi_app(self.application, environ, buffered=buffered)
         ^^^^^^^^^^^^^^^^^^^^^^^^^^^^^^^^^^^^^^^^^^^^^^^^^^^^^^^^^^
.venv/lib/python3.12/site-packages/werkzeug/test.py:1096: in run_wsgi_app
    app_rv = app(environ, start_response)
             ^^^^^^^^^^^^^^^^^^^^^^^^^^^^
.venv/lib/python3.12/site-packages/flask/app.py:2464: in __call__
    return self.wsgi_app(environ, start_response)
           ^^^^^^^^^^^^^^^^^^^^^^^^^^^^^^^^^^^^^^
.venv/lib/python3.12/site-packages/werkzeug/middleware/proxy_fix.py:169: in __call__
    return self.app(environ, start_response)
           ^^^^^^^^^^^^^^^^^^^^^^^^^^^^^^^^^
.venv/lib/python3.12/site-packages/flask/app.py:2450: in wsgi_app
    response = self.handle_exception(e)
               ^^^^^^^^^^^^^^^^^^^^^^^^
.venv/lib/python3.12/site-packages/flask_cors/extension.py:165: in wrapped_function
    return cors_after_request(app.make_response(f(*args, **kwargs)))
                                                ^^^^^^^^^^^^^^^^^^
.venv/lib/python3.12/site-packages/flask/app.py:1867: in handle_exception
    reraise(exc_type, exc_value, tb)
.venv/lib/python3.12/site-packages/flask/_compat.py:39: in reraise
    raise value
.venv/lib/python3.12/site-packages/flask/app.py:2447: in wsgi_app
    response = self.full_dispatch_request()
               ^^^^^^^^^^^^^^^^^^^^^^^^^^^^
.venv/lib/python3.12/site-packages/flask/app.py:1953: in full_dispatch_request
    return self.finalize_request(rv)
           ^^^^^^^^^^^^^^^^^^^^^^^^^
.venv/lib/python3.12/site-packages/flask/app.py:1970: in finalize_request
    response = self.process_response(response)
               ^^^^^^^^^^^^^^^^^^^^^^^^^^^^^^^
.venv/lib/python3.12/site-packages/flask/app.py:2269: in process_response
    self.session_interface.save_session(self, ctx.session, response)
app/session.py:97: in save_session
    self._redis_w.setex(
.venv/lib/python3.12/site-packages/redis/commands/core.py:2360: in setex
    return self.execute_command("SETEX", name, time, value)
           ^^^^^^^^^^^^^^^^^^^^^^^^^^^^^^^^^^^^^^^^^^^^^^^^
.venv/lib/python3.12/site-packages/redis/client.py:559: in execute_command
    return self._execute_command(*args, **options)
           ^^^^^^^^^^^^^^^^^^^^^^^^^^^^^^^^^^^^^^^
.venv/lib/python3.12/site-packages/redis/client.py:565: in _execute_command
    conn = self.connection or pool.get_connection(command_name, **options)
                              ^^^^^^^^^^^^^^^^^^^^^^^^^^^^^^^^^^^^^^^^^^^^
.venv/lib/python3.12/site-packages/redis/connection.py:1422: in get_connection
    connection.connect()
.venv/lib/python3.12/site-packages/redis/connection.py:363: in connect
    raise ConnectionError(self._error_message(e))
E   redis.exceptions.ConnectionError: Error 111 connecting to localhost:6379. Connection refused.
----------------------------- Captured stdout call -----------------------------
2026-02-09 12:30:03,939 - SL - INFO - 5326 - "/home/runner/work/simplelogin-app/simplelogin-app/app/events/event_dispatcher.py:62" - send_event() -  - Not sending events because webhook is not configured and allowed to be empty
___________________________ test_delete_without_sudo ___________________________
.venv/lib/python3.12/site-packages/redis/connection.py:357: in connect
    sock = self.retry.call_with_retry(
.venv/lib/python3.12/site-packages/redis/retry.py:62: in call_with_retry
    return do()
           ^^^^
.venv/lib/python3.12/site-packages/redis/connection.py:358: in <lambda>
    lambda: self._connect(), lambda error: self.disconnect(error)
            ^^^^^^^^^^^^^^^
.venv/lib/python3.12/site-packages/redis/connection.py:730: in _connect
    raise err
.venv/lib/python3.12/site-packages/redis/connection.py:718: in _connect
    sock.connect(socket_address)
E   ConnectionRefusedError: [Errno 111] Connection refused

During handling of the above exception, another exception occurred:
tests/api/test_user.py:17: in test_delete_without_sudo
    r = flask_client.delete(
.venv/lib/python3.12/site-packages/werkzeug/test.py:1031: in delete
    return self.open(*args, **kw)
           ^^^^^^^^^^^^^^^^^^^^^^
tests/conftest.py:60: in open
    return super().open(*args, **kwargs)
           ^^^^^^^^^^^^^^^^^^^^^^^^^^^^^
.venv/lib/python3.12/site-packages/flask/testing.py:222: in open
    return Client.open(
.venv/lib/python3.12/site-packages/werkzeug/test.py:970: in open
    response = self.run_wsgi_app(environ.copy(), buffered=buffered)
               ^^^^^^^^^^^^^^^^^^^^^^^^^^^^^^^^^^^^^^^^^^^^^^^^^^^^
.venv/lib/python3.12/site-packages/werkzeug/test.py:861: in run_wsgi_app
    rv = run_wsgi_app(self.application, environ, buffered=buffered)
         ^^^^^^^^^^^^^^^^^^^^^^^^^^^^^^^^^^^^^^^^^^^^^^^^^^^^^^^^^^
.venv/lib/python3.12/site-packages/werkzeug/test.py:1096: in run_wsgi_app
    app_rv = app(environ, start_response)
             ^^^^^^^^^^^^^^^^^^^^^^^^^^^^
.venv/lib/python3.12/site-packages/flask/app.py:2464: in __call__
    return self.wsgi_app(environ, start_response)
           ^^^^^^^^^^^^^^^^^^^^^^^^^^^^^^^^^^^^^^
.venv/lib/python3.12/site-packages/werkzeug/middleware/proxy_fix.py:169: in __call__
    return self.app(environ, start_response)
           ^^^^^^^^^^^^^^^^^^^^^^^^^^^^^^^^^
.venv/lib/python3.12/site-packages/flask/app.py:2450: in wsgi_app
    response = self.handle_exception(e)
               ^^^^^^^^^^^^^^^^^^^^^^^^
.venv/lib/python3.12/site-packages/flask_cors/extension.py:165: in wrapped_function
    return cors_after_request(app.make_response(f(*args, **kwargs)))
                                                ^^^^^^^^^^^^^^^^^^
.venv/lib/python3.12/site-packages/flask/app.py:1867: in handle_exception
    reraise(exc_type, exc_value, tb)
.venv/lib/python3.12/site-packages/flask/_compat.py:39: in reraise
    raise value
.venv/lib/python3.12/site-packages/flask/app.py:2447: in wsgi_app
    response = self.full_dispatch_request()
               ^^^^^^^^^^^^^^^^^^^^^^^^^^^^
.venv/lib/python3.12/site-packages/flask/app.py:1953: in full_dispatch_request
    return self.finalize_request(rv)
           ^^^^^^^^^^^^^^^^^^^^^^^^^
.venv/lib/python3.12/site-packages/flask/app.py:1970: in finalize_request
    response = self.process_response(response)
               ^^^^^^^^^^^^^^^^^^^^^^^^^^^^^^^
.venv/lib/python3.12/site-packages/flask/app.py:2269: in process_response
    self.session_interface.save_session(self, ctx.session, response)
app/session.py:97: in save_session
    self._redis_w.setex(
.venv/lib/python3.12/site-packages/redis/commands/core.py:2360: in setex
    return self.execute_command("SETEX", name, time, value)
           ^^^^^^^^^^^^^^^^^^^^^^^^^^^^^^^^^^^^^^^^^^^^^^^^
.venv/lib/python3.12/site-packages/redis/client.py:559: in execute_command
    return self._execute_command(*args, **options)
           ^^^^^^^^^^^^^^^^^^^^^^^^^^^^^^^^^^^^^^^
.venv/lib/python3.12/site-packages/redis/client.py:565: in _execute_command
    conn = self.connection or pool.get_connection(command_name, **options)
                              ^^^^^^^^^^^^^^^^^^^^^^^^^^^^^^^^^^^^^^^^^^^^
.venv/lib/python3.12/site-packages/redis/connection.py:1422: in get_connection
    connection.connect()
.venv/lib/python3.12/site-packages/redis/connection.py:363: in connect
    raise ConnectionError(self._error_message(e))
E   redis.exceptions.ConnectionError: Error 111 connecting to localhost:6379. Connection refused.
----------------------------- Captured stdout call -----------------------------
2026-02-09 12:30:04,863 - SL - INFO - 5326 - "/home/runner/work/simplelogin-app/simplelogin-app/app/events/event_dispatcher.py:62" - send_event() -  - Not sending events because webhook is not configured and allowed to be empty
____________________________ test_delete_with_sudo _____________________________
.venv/lib/python3.12/site-packages/redis/connection.py:357: in connect
    sock = self.retry.call_with_retry(
.venv/lib/python3.12/site-packages/redis/retry.py:62: in call_with_retry
    return do()
           ^^^^
.venv/lib/python3.12/site-packages/redis/connection.py:358: in <lambda>
    lambda: self._connect(), lambda error: self.disconnect(error)
            ^^^^^^^^^^^^^^^
.venv/lib/python3.12/site-packages/redis/connection.py:730: in _connect
    raise err
.venv/lib/python3.12/site-packages/redis/connection.py:718: in _connect
    sock.connect(socket_address)
E   ConnectionRefusedError: [Errno 111] Connection refused

During handling of the above exception, another exception occurred:
tests/api/test_user.py:34: in test_delete_with_sudo
    r = flask_client.patch(
.venv/lib/python3.12/site-packages/werkzeug/test.py:1011: in patch
    return self.open(*args, **kw)
           ^^^^^^^^^^^^^^^^^^^^^^
tests/conftest.py:60: in open
    return super().open(*args, **kwargs)
           ^^^^^^^^^^^^^^^^^^^^^^^^^^^^^
.venv/lib/python3.12/site-packages/flask/testing.py:222: in open
    return Client.open(
.venv/lib/python3.12/site-packages/werkzeug/test.py:970: in open
    response = self.run_wsgi_app(environ.copy(), buffered=buffered)
               ^^^^^^^^^^^^^^^^^^^^^^^^^^^^^^^^^^^^^^^^^^^^^^^^^^^^
.venv/lib/python3.12/site-packages/werkzeug/test.py:861: in run_wsgi_app
    rv = run_wsgi_app(self.application, environ, buffered=buffered)
         ^^^^^^^^^^^^^^^^^^^^^^^^^^^^^^^^^^^^^^^^^^^^^^^^^^^^^^^^^^
.venv/lib/python3.12/site-packages/werkzeug/test.py:1096: in run_wsgi_app
    app_rv = app(environ, start_response)
             ^^^^^^^^^^^^^^^^^^^^^^^^^^^^
.venv/lib/python3.12/site-packages/flask/app.py:2464: in __call__
    return self.wsgi_app(environ, start_response)
           ^^^^^^^^^^^^^^^^^^^^^^^^^^^^^^^^^^^^^^
.venv/lib/python3.12/site-packages/werkzeug/middleware/proxy_fix.py:169: in __call__
    return self.app(environ, start_response)
           ^^^^^^^^^^^^^^^^^^^^^^^^^^^^^^^^^
.venv/lib/python3.12/site-packages/flask/app.py:2450: in wsgi_app
    response = self.handle_exception(e)
               ^^^^^^^^^^^^^^^^^^^^^^^^
.venv/lib/python3.12/site-packages/flask_cors/extension.py:165: in wrapped_function
    return cors_after_request(app.make_response(f(*args, **kwargs)))
                                                ^^^^^^^^^^^^^^^^^^
.venv/lib/python3.12/site-packages/flask/app.py:1867: in handle_exception
    reraise(exc_type, exc_value, tb)
.venv/lib/python3.12/site-packages/flask/_compat.py:39: in reraise
    raise value
.venv/lib/python3.12/site-packages/flask/app.py:2447: in wsgi_app
    response = self.full_dispatch_request()
               ^^^^^^^^^^^^^^^^^^^^^^^^^^^^
.venv/lib/python3.12/site-packages/flask/app.py:1953: in full_dispatch_request
    return self.finalize_request(rv)
           ^^^^^^^^^^^^^^^^^^^^^^^^^
.venv/lib/python3.12/site-packages/flask/app.py:1970: in finalize_request
    response = self.process_response(response)
               ^^^^^^^^^^^^^^^^^^^^^^^^^^^^^^^
.venv/lib/python3.12/site-packages/flask/app.py:2269: in process_response
    self.session_interface.save_session(self, ctx.session, response)
app/session.py:97: in save_session
    self._redis_w.setex(
.venv/lib/python3.12/site-packages/redis/commands/core.py:2360: in setex
    return self.execute_command("SETEX", name, time, value)
           ^^^^^^^^^^^^^^^^^^^^^^^^^^^^^^^^^^^^^^^^^^^^^^^^
.venv/lib/python3.12/site-packages/redis/client.py:559: in execute_command
    return self._execute_command(*args, **options)
           ^^^^^^^^^^^^^^^^^^^^^^^^^^^^^^^^^^^^^^^
.venv/lib/python3.12/site-packages/redis/client.py:565: in _execute_command
    conn = self.connection or pool.get_connection(command_name, **options)
                              ^^^^^^^^^^^^^^^^^^^^^^^^^^^^^^^^^^^^^^^^^^^^
.venv/lib/python3.12/site-packages/redis/connection.py:1422: in get_connection
    connection.connect()
.venv/lib/python3.12/site-packages/redis/connection.py:363: in connect
    raise ConnectionError(self._error_message(e))
E   redis.exceptions.ConnectionError: Error 111 connecting to localhost:6379. Connection refused.
----------------------------- Captured stdout call -----------------------------
2026-02-09 12:30:05,349 - SL - INFO - 5326 - "/home/runner/work/simplelogin-app/simplelogin-app/app/events/event_dispatcher.py:62" - send_event() -  - Not sending events because webhook is not configured and allowed to be empty
____________________________ test_get_cookie_token _____________________________
.venv/lib/python3.12/site-packages/redis/connection.py:357: in connect
    sock = self.retry.call_with_retry(
.venv/lib/python3.12/site-packages/redis/retry.py:62: in call_with_retry
    return do()
           ^^^^
.venv/lib/python3.12/site-packages/redis/connection.py:358: in <lambda>
    lambda: self._connect(), lambda error: self.disconnect(error)
            ^^^^^^^^^^^^^^^
.venv/lib/python3.12/site-packages/redis/connection.py:730: in _connect
    raise err
.venv/lib/python3.12/site-packages/redis/connection.py:718: in _connect
    sock.connect(socket_address)
E   ConnectionRefusedError: [Errno 111] Connection refused

During handling of the above exception, another exception occurred:
tests/api/test_user.py:58: in test_get_cookie_token
    r = flask_client.get(
.venv/lib/python3.12/site-packages/werkzeug/test.py:1006: in get
    return self.open(*args, **kw)
           ^^^^^^^^^^^^^^^^^^^^^^
tests/conftest.py:60: in open
    return super().open(*args, **kwargs)
           ^^^^^^^^^^^^^^^^^^^^^^^^^^^^^
.venv/lib/python3.12/site-packages/flask/testing.py:222: in open
    return Client.open(
.venv/lib/python3.12/site-packages/werkzeug/test.py:970: in open
    response = self.run_wsgi_app(environ.copy(), buffered=buffered)
               ^^^^^^^^^^^^^^^^^^^^^^^^^^^^^^^^^^^^^^^^^^^^^^^^^^^^
.venv/lib/python3.12/site-packages/werkzeug/test.py:861: in run_wsgi_app
    rv = run_wsgi_app(self.application, environ, buffered=buffered)
         ^^^^^^^^^^^^^^^^^^^^^^^^^^^^^^^^^^^^^^^^^^^^^^^^^^^^^^^^^^
.venv/lib/python3.12/site-packages/werkzeug/test.py:1096: in run_wsgi_app
    app_rv = app(environ, start_response)
             ^^^^^^^^^^^^^^^^^^^^^^^^^^^^
.venv/lib/python3.12/site-packages/flask/app.py:2464: in __call__
    return self.wsgi_app(environ, start_response)
           ^^^^^^^^^^^^^^^^^^^^^^^^^^^^^^^^^^^^^^
.venv/lib/python3.12/site-packages/werkzeug/middleware/proxy_fix.py:169: in __call__
    return self.app(environ, start_response)
           ^^^^^^^^^^^^^^^^^^^^^^^^^^^^^^^^^
.venv/lib/python3.12/site-packages/flask/app.py:2450: in wsgi_app
    response = self.handle_exception(e)
               ^^^^^^^^^^^^^^^^^^^^^^^^
.venv/lib/python3.12/site-packages/flask_cors/extension.py:165: in wrapped_function
    return cors_after_request(app.make_response(f(*args, **kwargs)))
                                                ^^^^^^^^^^^^^^^^^^
.venv/lib/python3.12/site-packages/flask/app.py:1867: in handle_exception
    reraise(exc_type, exc_value, tb)
.venv/lib/python3.12/site-packages/flask/_compat.py:39: in reraise
    raise value
.venv/lib/python3.12/site-packages/flask/app.py:2447: in wsgi_app
    response = self.full_dispatch_request()
               ^^^^^^^^^^^^^^^^^^^^^^^^^^^^
.venv/lib/python3.12/site-packages/flask/app.py:1953: in full_dispatch_request
    return self.finalize_request(rv)
           ^^^^^^^^^^^^^^^^^^^^^^^^^
.venv/lib/python3.12/site-packages/flask/app.py:1970: in finalize_request
    response = self.process_response(response)
               ^^^^^^^^^^^^^^^^^^^^^^^^^^^^^^^
.venv/lib/python3.12/site-packages/flask/app.py:2269: in process_response
    self.session_interface.save_session(self, ctx.session, response)
app/session.py:97: in save_session
    self._redis_w.setex(
.venv/lib/python3.12/site-packages/redis/commands/core.py:2360: in setex
    return self.execute_command("SETEX", name, time, value)
           ^^^^^^^^^^^^^^^^^^^^^^^^^^^^^^^^^^^^^^^^^^^^^^^^
.venv/lib/python3.12/site-packages/redis/client.py:559: in execute_command
    return self._execute_command(*args, **options)
           ^^^^^^^^^^^^^^^^^^^^^^^^^^^^^^^^^^^^^^^
.venv/lib/python3.12/site-packages/redis/client.py:565: in _execute_command
    conn = self.connection or pool.get_connection(command_name, **options)
                              ^^^^^^^^^^^^^^^^^^^^^^^^^^^^^^^^^^^^^^^^^^^^
.venv/lib/python3.12/site-packages/redis/connection.py:1422: in get_connection
    connection.connect()
.venv/lib/python3.12/site-packages/redis/connection.py:363: in connect
    raise ConnectionError(self._error_message(e))
E   redis.exceptions.ConnectionError: Error 111 connecting to localhost:6379. Connection refused.
----------------------------- Captured stdout call -----------------------------
2026-02-09 12:30:06,293 - SL - INFO - 5326 - "/home/runner/work/simplelogin-app/simplelogin-app/app/events/event_dispatcher.py:62" - send_event() -  - Not sending events because webhook is not configured and allowed to be empty
______________________________ test_user_in_trial ______________________________
.venv/lib/python3.12/site-packages/redis/connection.py:357: in connect
    sock = self.retry.call_with_retry(
.venv/lib/python3.12/site-packages/redis/retry.py:62: in call_with_retry
    return do()
           ^^^^
.venv/lib/python3.12/site-packages/redis/connection.py:358: in <lambda>
    lambda: self._connect(), lambda error: self.disconnect(error)
            ^^^^^^^^^^^^^^^
.venv/lib/python3.12/site-packages/redis/connection.py:730: in _connect
    raise err
.venv/lib/python3.12/site-packages/redis/connection.py:718: in _connect
    sock.connect(socket_address)
E   ConnectionRefusedError: [Errno 111] Connection refused

During handling of the above exception, another exception occurred:
tests/api/test_user_info.py:14: in test_user_in_trial
    r = flask_client.get(
.venv/lib/python3.12/site-packages/werkzeug/test.py:1006: in get
    return self.open(*args, **kw)
           ^^^^^^^^^^^^^^^^^^^^^^
tests/conftest.py:60: in open
    return super().open(*args, **kwargs)
           ^^^^^^^^^^^^^^^^^^^^^^^^^^^^^
.venv/lib/python3.12/site-packages/flask/testing.py:222: in open
    return Client.open(
.venv/lib/python3.12/site-packages/werkzeug/test.py:970: in open
    response = self.run_wsgi_app(environ.copy(), buffered=buffered)
               ^^^^^^^^^^^^^^^^^^^^^^^^^^^^^^^^^^^^^^^^^^^^^^^^^^^^
.venv/lib/python3.12/site-packages/werkzeug/test.py:861: in run_wsgi_app
    rv = run_wsgi_app(self.application, environ, buffered=buffered)
         ^^^^^^^^^^^^^^^^^^^^^^^^^^^^^^^^^^^^^^^^^^^^^^^^^^^^^^^^^^
.venv/lib/python3.12/site-packages/werkzeug/test.py:1096: in run_wsgi_app
    app_rv = app(environ, start_response)
             ^^^^^^^^^^^^^^^^^^^^^^^^^^^^
.venv/lib/python3.12/site-packages/flask/app.py:2464: in __call__
    return self.wsgi_app(environ, start_response)
           ^^^^^^^^^^^^^^^^^^^^^^^^^^^^^^^^^^^^^^
.venv/lib/python3.12/site-packages/werkzeug/middleware/proxy_fix.py:169: in __call__
    return self.app(environ, start_response)
           ^^^^^^^^^^^^^^^^^^^^^^^^^^^^^^^^^
.venv/lib/python3.12/site-packages/flask/app.py:2450: in wsgi_app
    response = self.handle_exception(e)
               ^^^^^^^^^^^^^^^^^^^^^^^^
.venv/lib/python3.12/site-packages/flask_cors/extension.py:165: in wrapped_function
    return cors_after_request(app.make_response(f(*args, **kwargs)))
                                                ^^^^^^^^^^^^^^^^^^
.venv/lib/python3.12/site-packages/flask/app.py:1867: in handle_exception
    reraise(exc_type, exc_value, tb)
.venv/lib/python3.12/site-packages/flask/_compat.py:39: in reraise
    raise value
.venv/lib/python3.12/site-packages/flask/app.py:2447: in wsgi_app
    response = self.full_dispatch_request()
               ^^^^^^^^^^^^^^^^^^^^^^^^^^^^
.venv/lib/python3.12/site-packages/flask/app.py:1953: in full_dispatch_request
    return self.finalize_request(rv)
           ^^^^^^^^^^^^^^^^^^^^^^^^^
.venv/lib/python3.12/site-packages/flask/app.py:1970: in finalize_request
    response = self.process_response(response)
               ^^^^^^^^^^^^^^^^^^^^^^^^^^^^^^^
.venv/lib/python3.12/site-packages/flask/app.py:2269: in process_response
    self.session_interface.save_session(self, ctx.session, response)
app/session.py:97: in save_session
    self._redis_w.setex(
.venv/lib/python3.12/site-packages/redis/commands/core.py:2360: in setex
    return self.execute_command("SETEX", name, time, value)
           ^^^^^^^^^^^^^^^^^^^^^^^^^^^^^^^^^^^^^^^^^^^^^^^^
.venv/lib/python3.12/site-packages/redis/client.py:559: in execute_command
    return self._execute_command(*args, **options)
           ^^^^^^^^^^^^^^^^^^^^^^^^^^^^^^^^^^^^^^^
.venv/lib/python3.12/site-packages/redis/client.py:565: in _execute_command
    conn = self.connection or pool.get_connection(command_name, **options)
                              ^^^^^^^^^^^^^^^^^^^^^^^^^^^^^^^^^^^^^^^^^^^^
.venv/lib/python3.12/site-packages/redis/connection.py:1422: in get_connection
    connection.connect()
.venv/lib/python3.12/site-packages/redis/connection.py:363: in connect
    raise ConnectionError(self._error_message(e))
E   redis.exceptions.ConnectionError: Error 111 connecting to localhost:6379. Connection refused.
----------------------------- Captured stdout call -----------------------------
2026-02-09 12:30:06,754 - SL - INFO - 5326 - "/home/runner/work/simplelogin-app/simplelogin-app/app/events/event_dispatcher.py:62" - send_event() -  - Not sending events because webhook is not configured and allowed to be empty
__________________________ test_user_linked_to_proton __________________________
.venv/lib/python3.12/site-packages/redis/connection.py:357: in connect
    sock = self.retry.call_with_retry(
.venv/lib/python3.12/site-packages/redis/retry.py:62: in call_with_retry
    return do()
           ^^^^
.venv/lib/python3.12/site-packages/redis/connection.py:358: in <lambda>
    lambda: self._connect(), lambda error: self.disconnect(error)
            ^^^^^^^^^^^^^^^
.venv/lib/python3.12/site-packages/redis/connection.py:730: in _connect
    raise err
.venv/lib/python3.12/site-packages/redis/connection.py:718: in _connect
    sock.connect(socket_address)
E   ConnectionRefusedError: [Errno 111] Connection refused

During handling of the above exception, another exception occurred:
tests/api/test_user_info.py:44: in test_user_linked_to_proton
    r = flask_client.get(
.venv/lib/python3.12/site-packages/werkzeug/test.py:1006: in get
    return self.open(*args, **kw)
           ^^^^^^^^^^^^^^^^^^^^^^
tests/conftest.py:60: in open
    return super().open(*args, **kwargs)
           ^^^^^^^^^^^^^^^^^^^^^^^^^^^^^
.venv/lib/python3.12/site-packages/flask/testing.py:222: in open
    return Client.open(
.venv/lib/python3.12/site-packages/werkzeug/test.py:970: in open
    response = self.run_wsgi_app(environ.copy(), buffered=buffered)
               ^^^^^^^^^^^^^^^^^^^^^^^^^^^^^^^^^^^^^^^^^^^^^^^^^^^^
.venv/lib/python3.12/site-packages/werkzeug/test.py:861: in run_wsgi_app
    rv = run_wsgi_app(self.application, environ, buffered=buffered)
         ^^^^^^^^^^^^^^^^^^^^^^^^^^^^^^^^^^^^^^^^^^^^^^^^^^^^^^^^^^
.venv/lib/python3.12/site-packages/werkzeug/test.py:1096: in run_wsgi_app
    app_rv = app(environ, start_response)
             ^^^^^^^^^^^^^^^^^^^^^^^^^^^^
.venv/lib/python3.12/site-packages/flask/app.py:2464: in __call__
    return self.wsgi_app(environ, start_response)
           ^^^^^^^^^^^^^^^^^^^^^^^^^^^^^^^^^^^^^^
.venv/lib/python3.12/site-packages/werkzeug/middleware/proxy_fix.py:169: in __call__
    return self.app(environ, start_response)
           ^^^^^^^^^^^^^^^^^^^^^^^^^^^^^^^^^
.venv/lib/python3.12/site-packages/flask/app.py:2450: in wsgi_app
    response = self.handle_exception(e)
               ^^^^^^^^^^^^^^^^^^^^^^^^
.venv/lib/python3.12/site-packages/flask_cors/extension.py:165: in wrapped_function
    return cors_after_request(app.make_response(f(*args, **kwargs)))
                                                ^^^^^^^^^^^^^^^^^^
.venv/lib/python3.12/site-packages/flask/app.py:1867: in handle_exception
    reraise(exc_type, exc_value, tb)
.venv/lib/python3.12/site-packages/flask/_compat.py:39: in reraise
    raise value
.venv/lib/python3.12/site-packages/flask/app.py:2447: in wsgi_app
    response = self.full_dispatch_request()
               ^^^^^^^^^^^^^^^^^^^^^^^^^^^^
.venv/lib/python3.12/site-packages/flask/app.py:1953: in full_dispatch_request
    return self.finalize_request(rv)
           ^^^^^^^^^^^^^^^^^^^^^^^^^
.venv/lib/python3.12/site-packages/flask/app.py:1970: in finalize_request
    response = self.process_response(response)
               ^^^^^^^^^^^^^^^^^^^^^^^^^^^^^^^
.venv/lib/python3.12/site-packages/flask/app.py:2269: in process_response
    self.session_interface.save_session(self, ctx.session, response)
app/session.py:97: in save_session
    self._redis_w.setex(
.venv/lib/python3.12/site-packages/redis/commands/core.py:2360: in setex
    return self.execute_command("SETEX", name, time, value)
           ^^^^^^^^^^^^^^^^^^^^^^^^^^^^^^^^^^^^^^^^^^^^^^^^
.venv/lib/python3.12/site-packages/redis/client.py:559: in execute_command
    return self._execute_command(*args, **options)
           ^^^^^^^^^^^^^^^^^^^^^^^^^^^^^^^^^^^^^^^
.venv/lib/python3.12/site-packages/redis/client.py:565: in _execute_command
    conn = self.connection or pool.get_connection(command_name, **options)
                              ^^^^^^^^^^^^^^^^^^^^^^^^^^^^^^^^^^^^^^^^^^^^
.venv/lib/python3.12/site-packages/redis/connection.py:1422: in get_connection
    connection.connect()
.venv/lib/python3.12/site-packages/redis/connection.py:363: in connect
    raise ConnectionError(self._error_message(e))
E   redis.exceptions.ConnectionError: Error 111 connecting to localhost:6379. Connection refused.
----------------------------- Captured stdout call -----------------------------
2026-02-09 12:30:07,228 - SL - INFO - 5326 - "/home/runner/work/simplelogin-app/simplelogin-app/app/events/event_dispatcher.py:62" - send_event() -  - Not sending events because webhook is not configured and allowed to be empty
_______________________ test_cannot_create_reverse_alias _______________________
.venv/lib/python3.12/site-packages/redis/connection.py:357: in connect
    sock = self.retry.call_with_retry(
.venv/lib/python3.12/site-packages/redis/retry.py:62: in call_with_retry
    return do()
           ^^^^
.venv/lib/python3.12/site-packages/redis/connection.py:358: in <lambda>
    lambda: self._connect(), lambda error: self.disconnect(error)
            ^^^^^^^^^^^^^^^
.venv/lib/python3.12/site-packages/redis/connection.py:730: in _connect
    raise err
.venv/lib/python3.12/site-packages/redis/connection.py:718: in _connect
    sock.connect(socket_address)
E   ConnectionRefusedError: [Errno 111] Connection refused

During handling of the above exception, another exception occurred:
tests/api/test_user_info.py:67: in test_cannot_create_reverse_alias
    r = flask_client.get(
.venv/lib/python3.12/site-packages/werkzeug/test.py:1006: in get
    return self.open(*args, **kw)
           ^^^^^^^^^^^^^^^^^^^^^^
tests/conftest.py:60: in open
    return super().open(*args, **kwargs)
           ^^^^^^^^^^^^^^^^^^^^^^^^^^^^^
.venv/lib/python3.12/site-packages/flask/testing.py:222: in open
    return Client.open(
.venv/lib/python3.12/site-packages/werkzeug/test.py:970: in open
    response = self.run_wsgi_app(environ.copy(), buffered=buffered)
               ^^^^^^^^^^^^^^^^^^^^^^^^^^^^^^^^^^^^^^^^^^^^^^^^^^^^
.venv/lib/python3.12/site-packages/werkzeug/test.py:861: in run_wsgi_app
    rv = run_wsgi_app(self.application, environ, buffered=buffered)
         ^^^^^^^^^^^^^^^^^^^^^^^^^^^^^^^^^^^^^^^^^^^^^^^^^^^^^^^^^^
.venv/lib/python3.12/site-packages/werkzeug/test.py:1096: in run_wsgi_app
    app_rv = app(environ, start_response)
             ^^^^^^^^^^^^^^^^^^^^^^^^^^^^
.venv/lib/python3.12/site-packages/flask/app.py:2464: in __call__
    return self.wsgi_app(environ, start_response)
           ^^^^^^^^^^^^^^^^^^^^^^^^^^^^^^^^^^^^^^
.venv/lib/python3.12/site-packages/werkzeug/middleware/proxy_fix.py:169: in __call__
    return self.app(environ, start_response)
           ^^^^^^^^^^^^^^^^^^^^^^^^^^^^^^^^^
.venv/lib/python3.12/site-packages/flask/app.py:2450: in wsgi_app
    response = self.handle_exception(e)
               ^^^^^^^^^^^^^^^^^^^^^^^^
.venv/lib/python3.12/site-packages/flask_cors/extension.py:165: in wrapped_function
    return cors_after_request(app.make_response(f(*args, **kwargs)))
                                                ^^^^^^^^^^^^^^^^^^
.venv/lib/python3.12/site-packages/flask/app.py:1867: in handle_exception
    reraise(exc_type, exc_value, tb)
.venv/lib/python3.12/site-packages/flask/_compat.py:39: in reraise
    raise value
.venv/lib/python3.12/site-packages/flask/app.py:2447: in wsgi_app
    response = self.full_dispatch_request()
               ^^^^^^^^^^^^^^^^^^^^^^^^^^^^
.venv/lib/python3.12/site-packages/flask/app.py:1953: in full_dispatch_request
    return self.finalize_request(rv)
           ^^^^^^^^^^^^^^^^^^^^^^^^^
.venv/lib/python3.12/site-packages/flask/app.py:1970: in finalize_request
    response = self.process_response(response)
               ^^^^^^^^^^^^^^^^^^^^^^^^^^^^^^^
.venv/lib/python3.12/site-packages/flask/app.py:2269: in process_response
    self.session_interface.save_session(self, ctx.session, response)
app/session.py:97: in save_session
    self._redis_w.setex(
.venv/lib/python3.12/site-packages/redis/commands/core.py:2360: in setex
    return self.execute_command("SETEX", name, time, value)
           ^^^^^^^^^^^^^^^^^^^^^^^^^^^^^^^^^^^^^^^^^^^^^^^^
.venv/lib/python3.12/site-packages/redis/client.py:559: in execute_command
    return self._execute_command(*args, **options)
           ^^^^^^^^^^^^^^^^^^^^^^^^^^^^^^^^^^^^^^^
.venv/lib/python3.12/site-packages/redis/client.py:565: in _execute_command
    conn = self.connection or pool.get_connection(command_name, **options)
                              ^^^^^^^^^^^^^^^^^^^^^^^^^^^^^^^^^^^^^^^^^^^^
.venv/lib/python3.12/site-packages/redis/connection.py:1422: in get_connection
    connection.connect()
.venv/lib/python3.12/site-packages/redis/connection.py:363: in connect
    raise ConnectionError(self._error_message(e))
E   redis.exceptions.ConnectionError: Error 111 connecting to localhost:6379. Connection refused.
----------------------------- Captured stdout call -----------------------------
2026-02-09 12:30:07,702 - SL - INFO - 5326 - "/home/runner/work/simplelogin-app/simplelogin-app/app/events/event_dispatcher.py:62" - send_event() -  - Not sending events because webhook is not configured and allowed to be empty
______________________________ test_wrong_api_key ______________________________
.venv/lib/python3.12/site-packages/redis/connection.py:357: in connect
    sock = self.retry.call_with_retry(
.venv/lib/python3.12/site-packages/redis/retry.py:62: in call_with_retry
    return do()
           ^^^^
.venv/lib/python3.12/site-packages/redis/connection.py:358: in <lambda>
    lambda: self._connect(), lambda error: self.disconnect(error)
            ^^^^^^^^^^^^^^^
.venv/lib/python3.12/site-packages/redis/connection.py:730: in _connect
    raise err
.venv/lib/python3.12/site-packages/redis/connection.py:718: in _connect
    sock.connect(socket_address)
E   ConnectionRefusedError: [Errno 111] Connection refused

During handling of the above exception, another exception occurred:
tests/api/test_user_info.py:76: in test_wrong_api_key
    r = flask_client.get(
.venv/lib/python3.12/site-packages/werkzeug/test.py:1006: in get
    return self.open(*args, **kw)
           ^^^^^^^^^^^^^^^^^^^^^^
tests/conftest.py:60: in open
    return super().open(*args, **kwargs)
           ^^^^^^^^^^^^^^^^^^^^^^^^^^^^^
.venv/lib/python3.12/site-packages/flask/testing.py:222: in open
    return Client.open(
.venv/lib/python3.12/site-packages/werkzeug/test.py:970: in open
    response = self.run_wsgi_app(environ.copy(), buffered=buffered)
               ^^^^^^^^^^^^^^^^^^^^^^^^^^^^^^^^^^^^^^^^^^^^^^^^^^^^
.venv/lib/python3.12/site-packages/werkzeug/test.py:861: in run_wsgi_app
    rv = run_wsgi_app(self.application, environ, buffered=buffered)
         ^^^^^^^^^^^^^^^^^^^^^^^^^^^^^^^^^^^^^^^^^^^^^^^^^^^^^^^^^^
.venv/lib/python3.12/site-packages/werkzeug/test.py:1096: in run_wsgi_app
    app_rv = app(environ, start_response)
             ^^^^^^^^^^^^^^^^^^^^^^^^^^^^
.venv/lib/python3.12/site-packages/flask/app.py:2464: in __call__
    return self.wsgi_app(environ, start_response)
           ^^^^^^^^^^^^^^^^^^^^^^^^^^^^^^^^^^^^^^
.venv/lib/python3.12/site-packages/werkzeug/middleware/proxy_fix.py:169: in __call__
    return self.app(environ, start_response)
           ^^^^^^^^^^^^^^^^^^^^^^^^^^^^^^^^^
.venv/lib/python3.12/site-packages/flask/app.py:2450: in wsgi_app
    response = self.handle_exception(e)
               ^^^^^^^^^^^^^^^^^^^^^^^^
.venv/lib/python3.12/site-packages/flask_cors/extension.py:165: in wrapped_function
    return cors_after_request(app.make_response(f(*args, **kwargs)))
                                                ^^^^^^^^^^^^^^^^^^
.venv/lib/python3.12/site-packages/flask/app.py:1867: in handle_exception
    reraise(exc_type, exc_value, tb)
.venv/lib/python3.12/site-packages/flask/_compat.py:39: in reraise
    raise value
.venv/lib/python3.12/site-packages/flask/app.py:2447: in wsgi_app
    response = self.full_dispatch_request()
               ^^^^^^^^^^^^^^^^^^^^^^^^^^^^
.venv/lib/python3.12/site-packages/flask/app.py:1953: in full_dispatch_request
    return self.finalize_request(rv)
           ^^^^^^^^^^^^^^^^^^^^^^^^^
.venv/lib/python3.12/site-packages/flask/app.py:1970: in finalize_request
    response = self.process_response(response)
               ^^^^^^^^^^^^^^^^^^^^^^^^^^^^^^^
.venv/lib/python3.12/site-packages/flask/app.py:2269: in process_response
    self.session_interface.save_session(self, ctx.session, response)
app/session.py:97: in save_session
    self._redis_w.setex(
.venv/lib/python3.12/site-packages/redis/commands/core.py:2360: in setex
    return self.execute_command("SETEX", name, time, value)
           ^^^^^^^^^^^^^^^^^^^^^^^^^^^^^^^^^^^^^^^^^^^^^^^^
.venv/lib/python3.12/site-packages/redis/client.py:559: in execute_command
    return self._execute_command(*args, **options)
           ^^^^^^^^^^^^^^^^^^^^^^^^^^^^^^^^^^^^^^^
.venv/lib/python3.12/site-packages/redis/client.py:565: in _execute_command
    conn = self.connection or pool.get_connection(command_name, **options)
                              ^^^^^^^^^^^^^^^^^^^^^^^^^^^^^^^^^^^^^^^^^^^^
.venv/lib/python3.12/site-packages/redis/connection.py:1422: in get_connection
    connection.connect()
.venv/lib/python3.12/site-packages/redis/connection.py:363: in connect
    raise ConnectionError(self._error_message(e))
E   redis.exceptions.ConnectionError: Error 111 connecting to localhost:6379. Connection refused.
_____________________________ test_create_api_key ______________________________
.venv/lib/python3.12/site-packages/redis/connection.py:357: in connect
    sock = self.retry.call_with_retry(
.venv/lib/python3.12/site-packages/redis/retry.py:62: in call_with_retry
    return do()
           ^^^^
.venv/lib/python3.12/site-packages/redis/connection.py:358: in <lambda>
    lambda: self._connect(), lambda error: self.disconnect(error)
            ^^^^^^^^^^^^^^^
.venv/lib/python3.12/site-packages/redis/connection.py:730: in _connect
    raise err
.venv/lib/python3.12/site-packages/redis/connection.py:718: in _connect
    sock.connect(socket_address)
E   ConnectionRefusedError: [Errno 111] Connection refused

During handling of the above exception, another exception occurred:
tests/api/test_user_info.py:86: in test_create_api_key
    login(flask_client)
tests/utils.py:57: in login
    r = flask_client.post(
.venv/lib/python3.12/site-packages/werkzeug/test.py:1016: in post
    return self.open(*args, **kw)
           ^^^^^^^^^^^^^^^^^^^^^^
tests/conftest.py:60: in open
    return super().open(*args, **kwargs)
           ^^^^^^^^^^^^^^^^^^^^^^^^^^^^^
.venv/lib/python3.12/site-packages/flask/testing.py:222: in open
    return Client.open(
.venv/lib/python3.12/site-packages/werkzeug/test.py:970: in open
    response = self.run_wsgi_app(environ.copy(), buffered=buffered)
               ^^^^^^^^^^^^^^^^^^^^^^^^^^^^^^^^^^^^^^^^^^^^^^^^^^^^
.venv/lib/python3.12/site-packages/werkzeug/test.py:861: in run_wsgi_app
    rv = run_wsgi_app(self.application, environ, buffered=buffered)
         ^^^^^^^^^^^^^^^^^^^^^^^^^^^^^^^^^^^^^^^^^^^^^^^^^^^^^^^^^^
.venv/lib/python3.12/site-packages/werkzeug/test.py:1096: in run_wsgi_app
    app_rv = app(environ, start_response)
             ^^^^^^^^^^^^^^^^^^^^^^^^^^^^
.venv/lib/python3.12/site-packages/flask/app.py:2464: in __call__
    return self.wsgi_app(environ, start_response)
           ^^^^^^^^^^^^^^^^^^^^^^^^^^^^^^^^^^^^^^
.venv/lib/python3.12/site-packages/werkzeug/middleware/proxy_fix.py:169: in __call__
    return self.app(environ, start_response)
           ^^^^^^^^^^^^^^^^^^^^^^^^^^^^^^^^^
.venv/lib/python3.12/site-packages/flask/app.py:2450: in wsgi_app
    response = self.handle_exception(e)
               ^^^^^^^^^^^^^^^^^^^^^^^^
.venv/lib/python3.12/site-packages/flask_cors/extension.py:165: in wrapped_function
    return cors_after_request(app.make_response(f(*args, **kwargs)))
                                                ^^^^^^^^^^^^^^^^^^
.venv/lib/python3.12/site-packages/flask/app.py:1867: in handle_exception
    reraise(exc_type, exc_value, tb)
.venv/lib/python3.12/site-packages/flask/_compat.py:39: in reraise
    raise value
.venv/lib/python3.12/site-packages/flask/app.py:2447: in wsgi_app
    response = self.full_dispatch_request()
               ^^^^^^^^^^^^^^^^^^^^^^^^^^^^
.venv/lib/python3.12/site-packages/flask/app.py:1953: in full_dispatch_request
    return self.finalize_request(rv)
           ^^^^^^^^^^^^^^^^^^^^^^^^^
.venv/lib/python3.12/site-packages/flask/app.py:1970: in finalize_request
    response = self.process_response(response)
               ^^^^^^^^^^^^^^^^^^^^^^^^^^^^^^^
.venv/lib/python3.12/site-packages/flask/app.py:2269: in process_response
    self.session_interface.save_session(self, ctx.session, response)
app/session.py:97: in save_session
    self._redis_w.setex(
.venv/lib/python3.12/site-packages/redis/commands/core.py:2360: in setex
    return self.execute_command("SETEX", name, time, value)
           ^^^^^^^^^^^^^^^^^^^^^^^^^^^^^^^^^^^^^^^^^^^^^^^^
.venv/lib/python3.12/site-packages/redis/client.py:559: in execute_command
    return self._execute_command(*args, **options)
           ^^^^^^^^^^^^^^^^^^^^^^^^^^^^^^^^^^^^^^^
.venv/lib/python3.12/site-packages/redis/client.py:565: in _execute_command
    conn = self.connection or pool.get_connection(command_name, **options)
                              ^^^^^^^^^^^^^^^^^^^^^^^^^^^^^^^^^^^^^^^^^^^^
.venv/lib/python3.12/site-packages/redis/connection.py:1422: in get_connection
    connection.connect()
.venv/lib/python3.12/site-packages/redis/connection.py:363: in connect
    raise ConnectionError(self._error_message(e))
E   redis.exceptions.ConnectionError: Error 111 connecting to localhost:6379. Connection refused.
----------------------------- Captured stdout call -----------------------------
2026-02-09 12:30:08,392 - SL - INFO - 5326 - "/home/runner/work/simplelogin-app/simplelogin-app/app/events/event_dispatcher.py:62" - send_event() -  - Not sending events because webhook is not configured and allowed to be empty
_________________________________ test_logout __________________________________
.venv/lib/python3.12/site-packages/redis/connection.py:357: in connect
    sock = self.retry.call_with_retry(
.venv/lib/python3.12/site-packages/redis/retry.py:62: in call_with_retry
    return do()
           ^^^^
.venv/lib/python3.12/site-packages/redis/connection.py:358: in <lambda>
    lambda: self._connect(), lambda error: self.disconnect(error)
            ^^^^^^^^^^^^^^^
.venv/lib/python3.12/site-packages/redis/connection.py:730: in _connect
    raise err
.venv/lib/python3.12/site-packages/redis/connection.py:718: in _connect
    sock.connect(socket_address)
E   ConnectionRefusedError: [Errno 111] Connection refused

During handling of the above exception, another exception occurred:
tests/api/test_user_info.py:96: in test_logout
    login(flask_client)
tests/utils.py:57: in login
    r = flask_client.post(
.venv/lib/python3.12/site-packages/werkzeug/test.py:1016: in post
    return self.open(*args, **kw)
           ^^^^^^^^^^^^^^^^^^^^^^
tests/conftest.py:60: in open
    return super().open(*args, **kwargs)
           ^^^^^^^^^^^^^^^^^^^^^^^^^^^^^
.venv/lib/python3.12/site-packages/flask/testing.py:222: in open
    return Client.open(
.venv/lib/python3.12/site-packages/werkzeug/test.py:970: in open
    response = self.run_wsgi_app(environ.copy(), buffered=buffered)
               ^^^^^^^^^^^^^^^^^^^^^^^^^^^^^^^^^^^^^^^^^^^^^^^^^^^^
.venv/lib/python3.12/site-packages/werkzeug/test.py:861: in run_wsgi_app
    rv = run_wsgi_app(self.application, environ, buffered=buffered)
         ^^^^^^^^^^^^^^^^^^^^^^^^^^^^^^^^^^^^^^^^^^^^^^^^^^^^^^^^^^
.venv/lib/python3.12/site-packages/werkzeug/test.py:1096: in run_wsgi_app
    app_rv = app(environ, start_response)
             ^^^^^^^^^^^^^^^^^^^^^^^^^^^^
.venv/lib/python3.12/site-packages/flask/app.py:2464: in __call__
    return self.wsgi_app(environ, start_response)
           ^^^^^^^^^^^^^^^^^^^^^^^^^^^^^^^^^^^^^^
.venv/lib/python3.12/site-packages/werkzeug/middleware/proxy_fix.py:169: in __call__
    return self.app(environ, start_response)
           ^^^^^^^^^^^^^^^^^^^^^^^^^^^^^^^^^
.venv/lib/python3.12/site-packages/flask/app.py:2450: in wsgi_app
    response = self.handle_exception(e)
               ^^^^^^^^^^^^^^^^^^^^^^^^
.venv/lib/python3.12/site-packages/flask_cors/extension.py:165: in wrapped_function
    return cors_after_request(app.make_response(f(*args, **kwargs)))
                                                ^^^^^^^^^^^^^^^^^^
.venv/lib/python3.12/site-packages/flask/app.py:1867: in handle_exception
    reraise(exc_type, exc_value, tb)
.venv/lib/python3.12/site-packages/flask/_compat.py:39: in reraise
    raise value
.venv/lib/python3.12/site-packages/flask/app.py:2447: in wsgi_app
    response = self.full_dispatch_request()
               ^^^^^^^^^^^^^^^^^^^^^^^^^^^^
.venv/lib/python3.12/site-packages/flask/app.py:1953: in full_dispatch_request
    return self.finalize_request(rv)
           ^^^^^^^^^^^^^^^^^^^^^^^^^
.venv/lib/python3.12/site-packages/flask/app.py:1970: in finalize_request
    response = self.process_response(response)
               ^^^^^^^^^^^^^^^^^^^^^^^^^^^^^^^
.venv/lib/python3.12/site-packages/flask/app.py:2269: in process_response
    self.session_interface.save_session(self, ctx.session, response)
app/session.py:97: in save_session
    self._redis_w.setex(
.venv/lib/python3.12/site-packages/redis/commands/core.py:2360: in setex
    return self.execute_command("SETEX", name, time, value)
           ^^^^^^^^^^^^^^^^^^^^^^^^^^^^^^^^^^^^^^^^^^^^^^^^
.venv/lib/python3.12/site-packages/redis/client.py:559: in execute_command
    return self._execute_command(*args, **options)
           ^^^^^^^^^^^^^^^^^^^^^^^^^^^^^^^^^^^^^^^
.venv/lib/python3.12/site-packages/redis/client.py:565: in _execute_command
    conn = self.connection or pool.get_connection(command_name, **options)
                              ^^^^^^^^^^^^^^^^^^^^^^^^^^^^^^^^^^^^^^^^^^^^
.venv/lib/python3.12/site-packages/redis/connection.py:1422: in get_connection
    connection.connect()
.venv/lib/python3.12/site-packages/redis/connection.py:363: in connect
    raise ConnectionError(self._error_message(e))
E   redis.exceptions.ConnectionError: Error 111 connecting to localhost:6379. Connection refused.
----------------------------- Captured stdout call -----------------------------
2026-02-09 12:30:09,097 - SL - INFO - 5326 - "/home/runner/work/simplelogin-app/simplelogin-app/app/events/event_dispatcher.py:62" - send_event() -  - Not sending events because webhook is not configured and allowed to be empty
_________________________ test_change_profile_picture __________________________
.venv/lib/python3.12/site-packages/redis/connection.py:357: in connect
    sock = self.retry.call_with_retry(
.venv/lib/python3.12/site-packages/redis/retry.py:62: in call_with_retry
    return do()
           ^^^^
.venv/lib/python3.12/site-packages/redis/connection.py:358: in <lambda>
    lambda: self._connect(), lambda error: self.disconnect(error)
            ^^^^^^^^^^^^^^^
.venv/lib/python3.12/site-packages/redis/connection.py:730: in _connect
    raise err
.venv/lib/python3.12/site-packages/redis/connection.py:718: in _connect
    sock.connect(socket_address)
E   ConnectionRefusedError: [Errno 111] Connection refused

During handling of the above exception, another exception occurred:
tests/api/test_user_info.py:108: in test_change_profile_picture
    user = login(flask_client)
           ^^^^^^^^^^^^^^^^^^^
tests/utils.py:57: in login
    r = flask_client.post(
.venv/lib/python3.12/site-packages/werkzeug/test.py:1016: in post
    return self.open(*args, **kw)
           ^^^^^^^^^^^^^^^^^^^^^^
tests/conftest.py:60: in open
    return super().open(*args, **kwargs)
           ^^^^^^^^^^^^^^^^^^^^^^^^^^^^^
.venv/lib/python3.12/site-packages/flask/testing.py:222: in open
    return Client.open(
.venv/lib/python3.12/site-packages/werkzeug/test.py:970: in open
    response = self.run_wsgi_app(environ.copy(), buffered=buffered)
               ^^^^^^^^^^^^^^^^^^^^^^^^^^^^^^^^^^^^^^^^^^^^^^^^^^^^
.venv/lib/python3.12/site-packages/werkzeug/test.py:861: in run_wsgi_app
    rv = run_wsgi_app(self.application, environ, buffered=buffered)
         ^^^^^^^^^^^^^^^^^^^^^^^^^^^^^^^^^^^^^^^^^^^^^^^^^^^^^^^^^^
.venv/lib/python3.12/site-packages/werkzeug/test.py:1096: in run_wsgi_app
    app_rv = app(environ, start_response)
             ^^^^^^^^^^^^^^^^^^^^^^^^^^^^
.venv/lib/python3.12/site-packages/flask/app.py:2464: in __call__
    return self.wsgi_app(environ, start_response)
           ^^^^^^^^^^^^^^^^^^^^^^^^^^^^^^^^^^^^^^
.venv/lib/python3.12/site-packages/werkzeug/middleware/proxy_fix.py:169: in __call__
    return self.app(environ, start_response)
           ^^^^^^^^^^^^^^^^^^^^^^^^^^^^^^^^^
.venv/lib/python3.12/site-packages/flask/app.py:2450: in wsgi_app
    response = self.handle_exception(e)
               ^^^^^^^^^^^^^^^^^^^^^^^^
.venv/lib/python3.12/site-packages/flask_cors/extension.py:165: in wrapped_function
    return cors_after_request(app.make_response(f(*args, **kwargs)))
                                                ^^^^^^^^^^^^^^^^^^
.venv/lib/python3.12/site-packages/flask/app.py:1867: in handle_exception
    reraise(exc_type, exc_value, tb)
.venv/lib/python3.12/site-packages/flask/_compat.py:39: in reraise
    raise value
.venv/lib/python3.12/site-packages/flask/app.py:2447: in wsgi_app
    response = self.full_dispatch_request()
               ^^^^^^^^^^^^^^^^^^^^^^^^^^^^
.venv/lib/python3.12/site-packages/flask/app.py:1953: in full_dispatch_request
    return self.finalize_request(rv)
           ^^^^^^^^^^^^^^^^^^^^^^^^^
.venv/lib/python3.12/site-packages/flask/app.py:1970: in finalize_request
    response = self.process_response(response)
               ^^^^^^^^^^^^^^^^^^^^^^^^^^^^^^^
.venv/lib/python3.12/site-packages/flask/app.py:2269: in process_response
    self.session_interface.save_session(self, ctx.session, response)
app/session.py:97: in save_session
    self._redis_w.setex(
.venv/lib/python3.12/site-packages/redis/commands/core.py:2360: in setex
    return self.execute_command("SETEX", name, time, value)
           ^^^^^^^^^^^^^^^^^^^^^^^^^^^^^^^^^^^^^^^^^^^^^^^^
.venv/lib/python3.12/site-packages/redis/client.py:559: in execute_command
    return self._execute_command(*args, **options)
           ^^^^^^^^^^^^^^^^^^^^^^^^^^^^^^^^^^^^^^^
.venv/lib/python3.12/site-packages/redis/client.py:565: in _execute_command
    conn = self.connection or pool.get_connection(command_name, **options)
                              ^^^^^^^^^^^^^^^^^^^^^^^^^^^^^^^^^^^^^^^^^^^^
.venv/lib/python3.12/site-packages/redis/connection.py:1422: in get_connection
    connection.connect()
.venv/lib/python3.12/site-packages/redis/connection.py:363: in connect
    raise ConnectionError(self._error_message(e))
E   redis.exceptions.ConnectionError: Error 111 connecting to localhost:6379. Connection refused.
----------------------------- Captured stdout call -----------------------------
2026-02-09 12:30:09,806 - SL - INFO - 5326 - "/home/runner/work/simplelogin-app/simplelogin-app/app/events/event_dispatcher.py:62" - send_event() -  - Not sending events because webhook is not configured and allowed to be empty
_______________________________ test_change_name _______________________________
.venv/lib/python3.12/site-packages/redis/connection.py:357: in connect
    sock = self.retry.call_with_retry(
.venv/lib/python3.12/site-packages/redis/retry.py:62: in call_with_retry
    return do()
           ^^^^
.venv/lib/python3.12/site-packages/redis/connection.py:358: in <lambda>
    lambda: self._connect(), lambda error: self.disconnect(error)
            ^^^^^^^^^^^^^^^
.venv/lib/python3.12/site-packages/redis/connection.py:730: in _connect
    raise err
.venv/lib/python3.12/site-packages/redis/connection.py:718: in _connect
    sock.connect(socket_address)
E   ConnectionRefusedError: [Errno 111] Connection refused

During handling of the above exception, another exception occurred:
tests/api/test_user_info.py:137: in test_change_name
    user = login(flask_client)
           ^^^^^^^^^^^^^^^^^^^
tests/utils.py:57: in login
    r = flask_client.post(
.venv/lib/python3.12/site-packages/werkzeug/test.py:1016: in post
    return self.open(*args, **kw)
           ^^^^^^^^^^^^^^^^^^^^^^
tests/conftest.py:60: in open
    return super().open(*args, **kwargs)
           ^^^^^^^^^^^^^^^^^^^^^^^^^^^^^
.venv/lib/python3.12/site-packages/flask/testing.py:222: in open
    return Client.open(
.venv/lib/python3.12/site-packages/werkzeug/test.py:970: in open
    response = self.run_wsgi_app(environ.copy(), buffered=buffered)
               ^^^^^^^^^^^^^^^^^^^^^^^^^^^^^^^^^^^^^^^^^^^^^^^^^^^^
.venv/lib/python3.12/site-packages/werkzeug/test.py:861: in run_wsgi_app
    rv = run_wsgi_app(self.application, environ, buffered=buffered)
         ^^^^^^^^^^^^^^^^^^^^^^^^^^^^^^^^^^^^^^^^^^^^^^^^^^^^^^^^^^
.venv/lib/python3.12/site-packages/werkzeug/test.py:1096: in run_wsgi_app
    app_rv = app(environ, start_response)
             ^^^^^^^^^^^^^^^^^^^^^^^^^^^^
.venv/lib/python3.12/site-packages/flask/app.py:2464: in __call__
    return self.wsgi_app(environ, start_response)
           ^^^^^^^^^^^^^^^^^^^^^^^^^^^^^^^^^^^^^^
.venv/lib/python3.12/site-packages/werkzeug/middleware/proxy_fix.py:169: in __call__
    return self.app(environ, start_response)
           ^^^^^^^^^^^^^^^^^^^^^^^^^^^^^^^^^
.venv/lib/python3.12/site-packages/flask/app.py:2450: in wsgi_app
    response = self.handle_exception(e)
               ^^^^^^^^^^^^^^^^^^^^^^^^
.venv/lib/python3.12/site-packages/flask_cors/extension.py:165: in wrapped_function
    return cors_after_request(app.make_response(f(*args, **kwargs)))
                                                ^^^^^^^^^^^^^^^^^^
.venv/lib/python3.12/site-packages/flask/app.py:1867: in handle_exception
    reraise(exc_type, exc_value, tb)
.venv/lib/python3.12/site-packages/flask/_compat.py:39: in reraise
    raise value
.venv/lib/python3.12/site-packages/flask/app.py:2447: in wsgi_app
    response = self.full_dispatch_request()
               ^^^^^^^^^^^^^^^^^^^^^^^^^^^^
.venv/lib/python3.12/site-packages/flask/app.py:1953: in full_dispatch_request
    return self.finalize_request(rv)
           ^^^^^^^^^^^^^^^^^^^^^^^^^
.venv/lib/python3.12/site-packages/flask/app.py:1970: in finalize_request
    response = self.process_response(response)
               ^^^^^^^^^^^^^^^^^^^^^^^^^^^^^^^
.venv/lib/python3.12/site-packages/flask/app.py:2269: in process_response
    self.session_interface.save_session(self, ctx.session, response)
app/session.py:97: in save_session
    self._redis_w.setex(
.venv/lib/python3.12/site-packages/redis/commands/core.py:2360: in setex
    return self.execute_command("SETEX", name, time, value)
           ^^^^^^^^^^^^^^^^^^^^^^^^^^^^^^^^^^^^^^^^^^^^^^^^
.venv/lib/python3.12/site-packages/redis/client.py:559: in execute_command
    return self._execute_command(*args, **options)
           ^^^^^^^^^^^^^^^^^^^^^^^^^^^^^^^^^^^^^^^
.venv/lib/python3.12/site-packages/redis/client.py:565: in _execute_command
    conn = self.connection or pool.get_connection(command_name, **options)
                              ^^^^^^^^^^^^^^^^^^^^^^^^^^^^^^^^^^^^^^^^^^^^
.venv/lib/python3.12/site-packages/redis/connection.py:1422: in get_connection
    connection.connect()
.venv/lib/python3.12/site-packages/redis/connection.py:363: in connect
    raise ConnectionError(self._error_message(e))
E   redis.exceptions.ConnectionError: Error 111 connecting to localhost:6379. Connection refused.
----------------------------- Captured stdout call -----------------------------
2026-02-09 12:30:10,638 - SL - INFO - 5326 - "/home/runner/work/simplelogin-app/simplelogin-app/app/events/event_dispatcher.py:62" - send_event() -  - Not sending events because webhook is not configured and allowed to be empty
__________________________________ test_stats __________________________________
.venv/lib/python3.12/site-packages/redis/connection.py:357: in connect
    sock = self.retry.call_with_retry(
.venv/lib/python3.12/site-packages/redis/retry.py:62: in call_with_retry
    return do()
           ^^^^
.venv/lib/python3.12/site-packages/redis/connection.py:358: in <lambda>
    lambda: self._connect(), lambda error: self.disconnect(error)
            ^^^^^^^^^^^^^^^
.venv/lib/python3.12/site-packages/redis/connection.py:730: in _connect
    raise err
.venv/lib/python3.12/site-packages/redis/connection.py:718: in _connect
    sock.connect(socket_address)
E   ConnectionRefusedError: [Errno 111] Connection refused

During handling of the above exception, another exception occurred:
tests/api/test_user_info.py:152: in test_stats
    login(flask_client)
tests/utils.py:57: in login
    r = flask_client.post(
.venv/lib/python3.12/site-packages/werkzeug/test.py:1016: in post
    return self.open(*args, **kw)
           ^^^^^^^^^^^^^^^^^^^^^^
tests/conftest.py:60: in open
    return super().open(*args, **kwargs)
           ^^^^^^^^^^^^^^^^^^^^^^^^^^^^^
.venv/lib/python3.12/site-packages/flask/testing.py:222: in open
    return Client.open(
.venv/lib/python3.12/site-packages/werkzeug/test.py:970: in open
    response = self.run_wsgi_app(environ.copy(), buffered=buffered)
               ^^^^^^^^^^^^^^^^^^^^^^^^^^^^^^^^^^^^^^^^^^^^^^^^^^^^
.venv/lib/python3.12/site-packages/werkzeug/test.py:861: in run_wsgi_app
    rv = run_wsgi_app(self.application, environ, buffered=buffered)
         ^^^^^^^^^^^^^^^^^^^^^^^^^^^^^^^^^^^^^^^^^^^^^^^^^^^^^^^^^^
.venv/lib/python3.12/site-packages/werkzeug/test.py:1096: in run_wsgi_app
    app_rv = app(environ, start_response)
             ^^^^^^^^^^^^^^^^^^^^^^^^^^^^
.venv/lib/python3.12/site-packages/flask/app.py:2464: in __call__
    return self.wsgi_app(environ, start_response)
           ^^^^^^^^^^^^^^^^^^^^^^^^^^^^^^^^^^^^^^
.venv/lib/python3.12/site-packages/werkzeug/middleware/proxy_fix.py:169: in __call__
    return self.app(environ, start_response)
           ^^^^^^^^^^^^^^^^^^^^^^^^^^^^^^^^^
.venv/lib/python3.12/site-packages/flask/app.py:2450: in wsgi_app
    response = self.handle_exception(e)
               ^^^^^^^^^^^^^^^^^^^^^^^^
.venv/lib/python3.12/site-packages/flask_cors/extension.py:165: in wrapped_function
    return cors_after_request(app.make_response(f(*args, **kwargs)))
                                                ^^^^^^^^^^^^^^^^^^
.venv/lib/python3.12/site-packages/flask/app.py:1867: in handle_exception
    reraise(exc_type, exc_value, tb)
.venv/lib/python3.12/site-packages/flask/_compat.py:39: in reraise
    raise value
.venv/lib/python3.12/site-packages/flask/app.py:2447: in wsgi_app
    response = self.full_dispatch_request()
               ^^^^^^^^^^^^^^^^^^^^^^^^^^^^
.venv/lib/python3.12/site-packages/flask/app.py:1953: in full_dispatch_request
    return self.finalize_request(rv)
           ^^^^^^^^^^^^^^^^^^^^^^^^^
.venv/lib/python3.12/site-packages/flask/app.py:1970: in finalize_request
    response = self.process_response(response)
               ^^^^^^^^^^^^^^^^^^^^^^^^^^^^^^^
.venv/lib/python3.12/site-packages/flask/app.py:2269: in process_response
    self.session_interface.save_session(self, ctx.session, response)
app/session.py:97: in save_session
    self._redis_w.setex(
.venv/lib/python3.12/site-packages/redis/commands/core.py:2360: in setex
    return self.execute_command("SETEX", name, time, value)
           ^^^^^^^^^^^^^^^^^^^^^^^^^^^^^^^^^^^^^^^^^^^^^^^^
.venv/lib/python3.12/site-packages/redis/client.py:559: in execute_command
    return self._execute_command(*args, **options)
           ^^^^^^^^^^^^^^^^^^^^^^^^^^^^^^^^^^^^^^^
.venv/lib/python3.12/site-packages/redis/client.py:565: in _execute_command
    conn = self.connection or pool.get_connection(command_name, **options)
                              ^^^^^^^^^^^^^^^^^^^^^^^^^^^^^^^^^^^^^^^^^^^^
.venv/lib/python3.12/site-packages/redis/connection.py:1422: in get_connection
    connection.connect()
.venv/lib/python3.12/site-packages/redis/connection.py:363: in connect
    raise ConnectionError(self._error_message(e))
E   redis.exceptions.ConnectionError: Error 111 connecting to localhost:6379. Connection refused.
----------------------------- Captured stdout call -----------------------------
2026-02-09 12:30:11,343 - SL - INFO - 5326 - "/home/runner/work/simplelogin-app/simplelogin-app/app/events/event_dispatcher.py:62" - send_event() -  - Not sending events because webhook is not configured and allowed to be empty
_______________________________ test_get_cookie ________________________________
.venv/lib/python3.12/site-packages/redis/connection.py:357: in connect
    sock = self.retry.call_with_retry(
.venv/lib/python3.12/site-packages/redis/retry.py:62: in call_with_retry
    return do()
           ^^^^
.venv/lib/python3.12/site-packages/redis/connection.py:358: in <lambda>
    lambda: self._connect(), lambda error: self.disconnect(error)
            ^^^^^^^^^^^^^^^
.venv/lib/python3.12/site-packages/redis/connection.py:730: in _connect
    raise err
.venv/lib/python3.12/site-packages/redis/connection.py:718: in _connect
    sock.connect(socket_address)
E   ConnectionRefusedError: [Errno 111] Connection refused

During handling of the above exception, another exception occurred:
tests/auth/test_api_to_cookie.py:21: in test_get_cookie
    r = flask_client.get(
.venv/lib/python3.12/site-packages/werkzeug/test.py:1006: in get
    return self.open(*args, **kw)
           ^^^^^^^^^^^^^^^^^^^^^^
tests/conftest.py:60: in open
    return super().open(*args, **kwargs)
           ^^^^^^^^^^^^^^^^^^^^^^^^^^^^^
.venv/lib/python3.12/site-packages/flask/testing.py:222: in open
    return Client.open(
.venv/lib/python3.12/site-packages/werkzeug/test.py:970: in open
    response = self.run_wsgi_app(environ.copy(), buffered=buffered)
               ^^^^^^^^^^^^^^^^^^^^^^^^^^^^^^^^^^^^^^^^^^^^^^^^^^^^
.venv/lib/python3.12/site-packages/werkzeug/test.py:861: in run_wsgi_app
    rv = run_wsgi_app(self.application, environ, buffered=buffered)
         ^^^^^^^^^^^^^^^^^^^^^^^^^^^^^^^^^^^^^^^^^^^^^^^^^^^^^^^^^^
.venv/lib/python3.12/site-packages/werkzeug/test.py:1096: in run_wsgi_app
    app_rv = app(environ, start_response)
             ^^^^^^^^^^^^^^^^^^^^^^^^^^^^
.venv/lib/python3.12/site-packages/flask/app.py:2464: in __call__
    return self.wsgi_app(environ, start_response)
           ^^^^^^^^^^^^^^^^^^^^^^^^^^^^^^^^^^^^^^
.venv/lib/python3.12/site-packages/werkzeug/middleware/proxy_fix.py:169: in __call__
    return self.app(environ, start_response)
           ^^^^^^^^^^^^^^^^^^^^^^^^^^^^^^^^^
.venv/lib/python3.12/site-packages/flask/app.py:2450: in wsgi_app
    response = self.handle_exception(e)
               ^^^^^^^^^^^^^^^^^^^^^^^^
.venv/lib/python3.12/site-packages/flask_cors/extension.py:165: in wrapped_function
    return cors_after_request(app.make_response(f(*args, **kwargs)))
                                                ^^^^^^^^^^^^^^^^^^
.venv/lib/python3.12/site-packages/flask/app.py:1867: in handle_exception
    reraise(exc_type, exc_value, tb)
.venv/lib/python3.12/site-packages/flask/_compat.py:39: in reraise
    raise value
.venv/lib/python3.12/site-packages/flask/app.py:2447: in wsgi_app
    response = self.full_dispatch_request()
               ^^^^^^^^^^^^^^^^^^^^^^^^^^^^
.venv/lib/python3.12/site-packages/flask/app.py:1953: in full_dispatch_request
    return self.finalize_request(rv)
           ^^^^^^^^^^^^^^^^^^^^^^^^^
.venv/lib/python3.12/site-packages/flask/app.py:1970: in finalize_request
    response = self.process_response(response)
               ^^^^^^^^^^^^^^^^^^^^^^^^^^^^^^^
.venv/lib/python3.12/site-packages/flask/app.py:2269: in process_response
    self.session_interface.save_session(self, ctx.session, response)
app/session.py:97: in save_session
    self._redis_w.setex(
.venv/lib/python3.12/site-packages/redis/commands/core.py:2360: in setex
    return self.execute_command("SETEX", name, time, value)
           ^^^^^^^^^^^^^^^^^^^^^^^^^^^^^^^^^^^^^^^^^^^^^^^^
.venv/lib/python3.12/site-packages/redis/client.py:559: in execute_command
    return self._execute_command(*args, **options)
           ^^^^^^^^^^^^^^^^^^^^^^^^^^^^^^^^^^^^^^^
.venv/lib/python3.12/site-packages/redis/client.py:565: in _execute_command
    conn = self.connection or pool.get_connection(command_name, **options)
                              ^^^^^^^^^^^^^^^^^^^^^^^^^^^^^^^^^^^^^^^^^^^^
.venv/lib/python3.12/site-packages/redis/connection.py:1422: in get_connection
    connection.connect()
.venv/lib/python3.12/site-packages/redis/connection.py:363: in connect
    raise ConnectionError(self._error_message(e))
E   redis.exceptions.ConnectionError: Error 111 connecting to localhost:6379. Connection refused.
----------------------------- Captured stdout call -----------------------------
2026-02-09 12:30:12,043 - SL - INFO - 5326 - "/home/runner/work/simplelogin-app/simplelogin-app/app/events/event_dispatcher.py:62" - send_event() -  - Not sending events because webhook is not configured and allowed to be empty
________________ test_get_cookie_does_not_allow_to_change_user _________________
.venv/lib/python3.12/site-packages/redis/connection.py:357: in connect
    sock = self.retry.call_with_retry(
.venv/lib/python3.12/site-packages/redis/retry.py:62: in call_with_retry
    return do()
           ^^^^
.venv/lib/python3.12/site-packages/redis/connection.py:358: in <lambda>
    lambda: self._connect(), lambda error: self.disconnect(error)
            ^^^^^^^^^^^^^^^
.venv/lib/python3.12/site-packages/redis/connection.py:730: in _connect
    raise err
.venv/lib/python3.12/site-packages/redis/connection.py:718: in _connect
    sock.connect(socket_address)
E   ConnectionRefusedError: [Errno 111] Connection refused

During handling of the above exception, another exception occurred:
tests/auth/test_api_to_cookie.py:46: in test_get_cookie_does_not_allow_to_change_user
    login(flask_client, other_user)
tests/utils.py:57: in login
    r = flask_client.post(
.venv/lib/python3.12/site-packages/werkzeug/test.py:1016: in post
    return self.open(*args, **kw)
           ^^^^^^^^^^^^^^^^^^^^^^
tests/conftest.py:60: in open
    return super().open(*args, **kwargs)
           ^^^^^^^^^^^^^^^^^^^^^^^^^^^^^
.venv/lib/python3.12/site-packages/flask/testing.py:222: in open
    return Client.open(
.venv/lib/python3.12/site-packages/werkzeug/test.py:970: in open
    response = self.run_wsgi_app(environ.copy(), buffered=buffered)
               ^^^^^^^^^^^^^^^^^^^^^^^^^^^^^^^^^^^^^^^^^^^^^^^^^^^^
.venv/lib/python3.12/site-packages/werkzeug/test.py:861: in run_wsgi_app
    rv = run_wsgi_app(self.application, environ, buffered=buffered)
         ^^^^^^^^^^^^^^^^^^^^^^^^^^^^^^^^^^^^^^^^^^^^^^^^^^^^^^^^^^
.venv/lib/python3.12/site-packages/werkzeug/test.py:1096: in run_wsgi_app
    app_rv = app(environ, start_response)
             ^^^^^^^^^^^^^^^^^^^^^^^^^^^^
.venv/lib/python3.12/site-packages/flask/app.py:2464: in __call__
    return self.wsgi_app(environ, start_response)
           ^^^^^^^^^^^^^^^^^^^^^^^^^^^^^^^^^^^^^^
.venv/lib/python3.12/site-packages/werkzeug/middleware/proxy_fix.py:169: in __call__
    return self.app(environ, start_response)
           ^^^^^^^^^^^^^^^^^^^^^^^^^^^^^^^^^
.venv/lib/python3.12/site-packages/flask/app.py:2450: in wsgi_app
    response = self.handle_exception(e)
               ^^^^^^^^^^^^^^^^^^^^^^^^
.venv/lib/python3.12/site-packages/flask_cors/extension.py:165: in wrapped_function
    return cors_after_request(app.make_response(f(*args, **kwargs)))
                                                ^^^^^^^^^^^^^^^^^^
.venv/lib/python3.12/site-packages/flask/app.py:1867: in handle_exception
    reraise(exc_type, exc_value, tb)
.venv/lib/python3.12/site-packages/flask/_compat.py:39: in reraise
    raise value
.venv/lib/python3.12/site-packages/flask/app.py:2447: in wsgi_app
    response = self.full_dispatch_request()
               ^^^^^^^^^^^^^^^^^^^^^^^^^^^^
.venv/lib/python3.12/site-packages/flask/app.py:1953: in full_dispatch_request
    return self.finalize_request(rv)
           ^^^^^^^^^^^^^^^^^^^^^^^^^
.venv/lib/python3.12/site-packages/flask/app.py:1970: in finalize_request
    response = self.process_response(response)
               ^^^^^^^^^^^^^^^^^^^^^^^^^^^^^^^
.venv/lib/python3.12/site-packages/flask/app.py:2269: in process_response
    self.session_interface.save_session(self, ctx.session, response)
app/session.py:97: in save_session
    self._redis_w.setex(
.venv/lib/python3.12/site-packages/redis/commands/core.py:2360: in setex
    return self.execute_command("SETEX", name, time, value)
           ^^^^^^^^^^^^^^^^^^^^^^^^^^^^^^^^^^^^^^^^^^^^^^^^
.venv/lib/python3.12/site-packages/redis/client.py:559: in execute_command
    return self._execute_command(*args, **options)
           ^^^^^^^^^^^^^^^^^^^^^^^^^^^^^^^^^^^^^^^
.venv/lib/python3.12/site-packages/redis/client.py:565: in _execute_command
    conn = self.connection or pool.get_connection(command_name, **options)
                              ^^^^^^^^^^^^^^^^^^^^^^^^^^^^^^^^^^^^^^^^^^^^
.venv/lib/python3.12/site-packages/redis/connection.py:1422: in get_connection
    connection.connect()
.venv/lib/python3.12/site-packages/redis/connection.py:363: in connect
    raise ConnectionError(self._error_message(e))
E   redis.exceptions.ConnectionError: Error 111 connecting to localhost:6379. Connection refused.
----------------------------- Captured stdout call -----------------------------
2026-02-09 12:30:12,524 - SL - INFO - 5326 - "/home/runner/work/simplelogin-app/simplelogin-app/app/events/event_dispatcher.py:62" - send_event() -  - Not sending events because webhook is not configured and allowed to be empty
2026-02-09 12:30:12,783 - SL - INFO - 5326 - "/home/runner/work/simplelogin-app/simplelogin-app/app/events/event_dispatcher.py:62" - send_event() -  - Not sending events because webhook is not configured and allowed to be empty
______________________________ test_change_email _______________________________
.venv/lib/python3.12/site-packages/redis/connection.py:357: in connect
    sock = self.retry.call_with_retry(
.venv/lib/python3.12/site-packages/redis/retry.py:62: in call_with_retry
    return do()
           ^^^^
.venv/lib/python3.12/site-packages/redis/connection.py:358: in <lambda>
    lambda: self._connect(), lambda error: self.disconnect(error)
            ^^^^^^^^^^^^^^^
.venv/lib/python3.12/site-packages/redis/connection.py:730: in _connect
    raise err
.venv/lib/python3.12/site-packages/redis/connection.py:718: in _connect
    sock.connect(socket_address)
E   ConnectionRefusedError: [Errno 111] Connection refused

During handling of the above exception, another exception occurred:
tests/auth/test_change_email.py:23: in test_change_email
    r = flask_client.get(
.venv/lib/python3.12/site-packages/werkzeug/test.py:1006: in get
    return self.open(*args, **kw)
           ^^^^^^^^^^^^^^^^^^^^^^
tests/conftest.py:60: in open
    return super().open(*args, **kwargs)
           ^^^^^^^^^^^^^^^^^^^^^^^^^^^^^
.venv/lib/python3.12/site-packages/flask/testing.py:222: in open
    return Client.open(
.venv/lib/python3.12/site-packages/werkzeug/test.py:970: in open
    response = self.run_wsgi_app(environ.copy(), buffered=buffered)
               ^^^^^^^^^^^^^^^^^^^^^^^^^^^^^^^^^^^^^^^^^^^^^^^^^^^^
.venv/lib/python3.12/site-packages/werkzeug/test.py:861: in run_wsgi_app
    rv = run_wsgi_app(self.application, environ, buffered=buffered)
         ^^^^^^^^^^^^^^^^^^^^^^^^^^^^^^^^^^^^^^^^^^^^^^^^^^^^^^^^^^
.venv/lib/python3.12/site-packages/werkzeug/test.py:1096: in run_wsgi_app
    app_rv = app(environ, start_response)
             ^^^^^^^^^^^^^^^^^^^^^^^^^^^^
.venv/lib/python3.12/site-packages/flask/app.py:2464: in __call__
    return self.wsgi_app(environ, start_response)
           ^^^^^^^^^^^^^^^^^^^^^^^^^^^^^^^^^^^^^^
.venv/lib/python3.12/site-packages/werkzeug/middleware/proxy_fix.py:169: in __call__
    return self.app(environ, start_response)
           ^^^^^^^^^^^^^^^^^^^^^^^^^^^^^^^^^
.venv/lib/python3.12/site-packages/flask/app.py:2450: in wsgi_app
    response = self.handle_exception(e)
               ^^^^^^^^^^^^^^^^^^^^^^^^
.venv/lib/python3.12/site-packages/flask_cors/extension.py:165: in wrapped_function
    return cors_after_request(app.make_response(f(*args, **kwargs)))
                                                ^^^^^^^^^^^^^^^^^^
.venv/lib/python3.12/site-packages/flask/app.py:1867: in handle_exception
    reraise(exc_type, exc_value, tb)
.venv/lib/python3.12/site-packages/flask/_compat.py:39: in reraise
    raise value
.venv/lib/python3.12/site-packages/flask/app.py:2447: in wsgi_app
    response = self.full_dispatch_request()
               ^^^^^^^^^^^^^^^^^^^^^^^^^^^^
.venv/lib/python3.12/site-packages/flask/app.py:1953: in full_dispatch_request
    return self.finalize_request(rv)
           ^^^^^^^^^^^^^^^^^^^^^^^^^
.venv/lib/python3.12/site-packages/flask/app.py:1970: in finalize_request
    response = self.process_response(response)
               ^^^^^^^^^^^^^^^^^^^^^^^^^^^^^^^
.venv/lib/python3.12/site-packages/flask/app.py:2269: in process_response
    self.session_interface.save_session(self, ctx.session, response)
app/session.py:97: in save_session
    self._redis_w.setex(
.venv/lib/python3.12/site-packages/redis/commands/core.py:2360: in setex
    return self.execute_command("SETEX", name, time, value)
           ^^^^^^^^^^^^^^^^^^^^^^^^^^^^^^^^^^^^^^^^^^^^^^^^
.venv/lib/python3.12/site-packages/redis/client.py:559: in execute_command
    return self._execute_command(*args, **options)
           ^^^^^^^^^^^^^^^^^^^^^^^^^^^^^^^^^^^^^^^
.venv/lib/python3.12/site-packages/redis/client.py:565: in _execute_command
    conn = self.connection or pool.get_connection(command_name, **options)
                              ^^^^^^^^^^^^^^^^^^^^^^^^^^^^^^^^^^^^^^^^^^^^
.venv/lib/python3.12/site-packages/redis/connection.py:1422: in get_connection
    connection.connect()
.venv/lib/python3.12/site-packages/redis/connection.py:363: in connect
    raise ConnectionError(self._error_message(e))
E   redis.exceptions.ConnectionError: Error 111 connecting to localhost:6379. Connection refused.
----------------------------- Captured stdout call -----------------------------
2026-02-09 12:30:13,479 - SL - INFO - 5326 - "/home/runner/work/simplelogin-app/simplelogin-app/app/events/event_dispatcher.py:62" - send_event() -  - Not sending events because webhook is not configured and allowed to be empty
2026-02-09 12:30:13,491 - SL - INFO - 5326 - Tj7WxVRp - "/home/runner/work/simplelogin-app/simplelogin-app/app/auth/views/change_email.py:35" - change_email() -  - User <User 185 Test User hxrwrgvixlwxxbtgkerw@hxrwrgvixlwxxbtgkerw.com> has changed their email from user_6jlsmfsmw4@mailbox.lan to hxrwrgvixlwxxbtgkerw@hxrwrgvixlwxxbtgkerw.com
_________________________ test_unactivated_user_login __________________________
.venv/lib/python3.12/site-packages/redis/connection.py:357: in connect
    sock = self.retry.call_with_retry(
.venv/lib/python3.12/site-packages/redis/retry.py:62: in call_with_retry
    return do()
           ^^^^
.venv/lib/python3.12/site-packages/redis/connection.py:358: in <lambda>
    lambda: self._connect(), lambda error: self.disconnect(error)
            ^^^^^^^^^^^^^^^
.venv/lib/python3.12/site-packages/redis/connection.py:730: in _connect
    raise err
.venv/lib/python3.12/site-packages/redis/connection.py:718: in _connect
    sock.connect(socket_address)
E   ConnectionRefusedError: [Errno 111] Connection refused

During handling of the above exception, another exception occurred:
tests/auth/test_login.py:23: in test_unactivated_user_login
    r = flask_client.post(
.venv/lib/python3.12/site-packages/werkzeug/test.py:1016: in post
    return self.open(*args, **kw)
           ^^^^^^^^^^^^^^^^^^^^^^
tests/conftest.py:60: in open
    return super().open(*args, **kwargs)
           ^^^^^^^^^^^^^^^^^^^^^^^^^^^^^
.venv/lib/python3.12/site-packages/flask/testing.py:222: in open
    return Client.open(
.venv/lib/python3.12/site-packages/werkzeug/test.py:970: in open
    response = self.run_wsgi_app(environ.copy(), buffered=buffered)
               ^^^^^^^^^^^^^^^^^^^^^^^^^^^^^^^^^^^^^^^^^^^^^^^^^^^^
.venv/lib/python3.12/site-packages/werkzeug/test.py:861: in run_wsgi_app
    rv = run_wsgi_app(self.application, environ, buffered=buffered)
         ^^^^^^^^^^^^^^^^^^^^^^^^^^^^^^^^^^^^^^^^^^^^^^^^^^^^^^^^^^
.venv/lib/python3.12/site-packages/werkzeug/test.py:1096: in run_wsgi_app
    app_rv = app(environ, start_response)
             ^^^^^^^^^^^^^^^^^^^^^^^^^^^^
.venv/lib/python3.12/site-packages/flask/app.py:2464: in __call__
    return self.wsgi_app(environ, start_response)
           ^^^^^^^^^^^^^^^^^^^^^^^^^^^^^^^^^^^^^^
.venv/lib/python3.12/site-packages/werkzeug/middleware/proxy_fix.py:169: in __call__
    return self.app(environ, start_response)
           ^^^^^^^^^^^^^^^^^^^^^^^^^^^^^^^^^
.venv/lib/python3.12/site-packages/flask/app.py:2450: in wsgi_app
    response = self.handle_exception(e)
               ^^^^^^^^^^^^^^^^^^^^^^^^
.venv/lib/python3.12/site-packages/flask_cors/extension.py:165: in wrapped_function
    return cors_after_request(app.make_response(f(*args, **kwargs)))
                                                ^^^^^^^^^^^^^^^^^^
.venv/lib/python3.12/site-packages/flask/app.py:1867: in handle_exception
    reraise(exc_type, exc_value, tb)
.venv/lib/python3.12/site-packages/flask/_compat.py:39: in reraise
    raise value
.venv/lib/python3.12/site-packages/flask/app.py:2447: in wsgi_app
    response = self.full_dispatch_request()
               ^^^^^^^^^^^^^^^^^^^^^^^^^^^^
.venv/lib/python3.12/site-packages/flask/app.py:1953: in full_dispatch_request
    return self.finalize_request(rv)
           ^^^^^^^^^^^^^^^^^^^^^^^^^
.venv/lib/python3.12/site-packages/flask/app.py:1970: in finalize_request
    response = self.process_response(response)
               ^^^^^^^^^^^^^^^^^^^^^^^^^^^^^^^
.venv/lib/python3.12/site-packages/flask/app.py:2269: in process_response
    self.session_interface.save_session(self, ctx.session, response)
app/session.py:97: in save_session
    self._redis_w.setex(
.venv/lib/python3.12/site-packages/redis/commands/core.py:2360: in setex
    return self.execute_command("SETEX", name, time, value)
           ^^^^^^^^^^^^^^^^^^^^^^^^^^^^^^^^^^^^^^^^^^^^^^^^
.venv/lib/python3.12/site-packages/redis/client.py:559: in execute_command
    return self._execute_command(*args, **options)
           ^^^^^^^^^^^^^^^^^^^^^^^^^^^^^^^^^^^^^^^
.venv/lib/python3.12/site-packages/redis/client.py:565: in _execute_command
    conn = self.connection or pool.get_connection(command_name, **options)
                              ^^^^^^^^^^^^^^^^^^^^^^^^^^^^^^^^^^^^^^^^^^^^
.venv/lib/python3.12/site-packages/redis/connection.py:1422: in get_connection
    connection.connect()
.venv/lib/python3.12/site-packages/redis/connection.py:363: in connect
    raise ConnectionError(self._error_message(e))
E   redis.exceptions.ConnectionError: Error 111 connecting to localhost:6379. Connection refused.
----------------------------- Captured stdout call -----------------------------
2026-02-09 12:30:13,954 - SL - INFO - 5326 - "/home/runner/work/simplelogin-app/simplelogin-app/app/events/event_dispatcher.py:62" - send_event() -  - Not sending events because webhook is not configured and allowed to be empty
___________________________ test_non_canonical_login ___________________________
.venv/lib/python3.12/site-packages/redis/connection.py:357: in connect
    sock = self.retry.call_with_retry(
.venv/lib/python3.12/site-packages/redis/retry.py:62: in call_with_retry
    return do()
           ^^^^
.venv/lib/python3.12/site-packages/redis/connection.py:358: in <lambda>
    lambda: self._connect(), lambda error: self.disconnect(error)
            ^^^^^^^^^^^^^^^
.venv/lib/python3.12/site-packages/redis/connection.py:730: in _connect
    raise err
.venv/lib/python3.12/site-packages/redis/connection.py:718: in _connect
    sock.connect(socket_address)
E   ConnectionRefusedError: [Errno 111] Connection refused

During handling of the above exception, another exception occurred:
tests/auth/test_login.py:58: in test_non_canonical_login
    r = flask_client.post(
.venv/lib/python3.12/site-packages/werkzeug/test.py:1016: in post
    return self.open(*args, **kw)
           ^^^^^^^^^^^^^^^^^^^^^^
tests/conftest.py:60: in open
    return super().open(*args, **kwargs)
           ^^^^^^^^^^^^^^^^^^^^^^^^^^^^^
.venv/lib/python3.12/site-packages/flask/testing.py:222: in open
    return Client.open(
.venv/lib/python3.12/site-packages/werkzeug/test.py:970: in open
    response = self.run_wsgi_app(environ.copy(), buffered=buffered)
               ^^^^^^^^^^^^^^^^^^^^^^^^^^^^^^^^^^^^^^^^^^^^^^^^^^^^
.venv/lib/python3.12/site-packages/werkzeug/test.py:861: in run_wsgi_app
    rv = run_wsgi_app(self.application, environ, buffered=buffered)
         ^^^^^^^^^^^^^^^^^^^^^^^^^^^^^^^^^^^^^^^^^^^^^^^^^^^^^^^^^^
.venv/lib/python3.12/site-packages/werkzeug/test.py:1096: in run_wsgi_app
    app_rv = app(environ, start_response)
             ^^^^^^^^^^^^^^^^^^^^^^^^^^^^
.venv/lib/python3.12/site-packages/flask/app.py:2464: in __call__
    return self.wsgi_app(environ, start_response)
           ^^^^^^^^^^^^^^^^^^^^^^^^^^^^^^^^^^^^^^
.venv/lib/python3.12/site-packages/werkzeug/middleware/proxy_fix.py:169: in __call__
    return self.app(environ, start_response)
           ^^^^^^^^^^^^^^^^^^^^^^^^^^^^^^^^^
.venv/lib/python3.12/site-packages/flask/app.py:2450: in wsgi_app
    response = self.handle_exception(e)
               ^^^^^^^^^^^^^^^^^^^^^^^^
.venv/lib/python3.12/site-packages/flask_cors/extension.py:165: in wrapped_function
    return cors_after_request(app.make_response(f(*args, **kwargs)))
                                                ^^^^^^^^^^^^^^^^^^
.venv/lib/python3.12/site-packages/flask/app.py:1867: in handle_exception
    reraise(exc_type, exc_value, tb)
.venv/lib/python3.12/site-packages/flask/_compat.py:39: in reraise
    raise value
.venv/lib/python3.12/site-packages/flask/app.py:2447: in wsgi_app
    response = self.full_dispatch_request()
               ^^^^^^^^^^^^^^^^^^^^^^^^^^^^
.venv/lib/python3.12/site-packages/flask/app.py:1953: in full_dispatch_request
    return self.finalize_request(rv)
           ^^^^^^^^^^^^^^^^^^^^^^^^^
.venv/lib/python3.12/site-packages/flask/app.py:1970: in finalize_request
    response = self.process_response(response)
               ^^^^^^^^^^^^^^^^^^^^^^^^^^^^^^^
.venv/lib/python3.12/site-packages/flask/app.py:2269: in process_response
    self.session_interface.save_session(self, ctx.session, response)
app/session.py:97: in save_session
    self._redis_w.setex(
.venv/lib/python3.12/site-packages/redis/commands/core.py:2360: in setex
    return self.execute_command("SETEX", name, time, value)
           ^^^^^^^^^^^^^^^^^^^^^^^^^^^^^^^^^^^^^^^^^^^^^^^^
.venv/lib/python3.12/site-packages/redis/client.py:559: in execute_command
    return self._execute_command(*args, **options)
           ^^^^^^^^^^^^^^^^^^^^^^^^^^^^^^^^^^^^^^^
.venv/lib/python3.12/site-packages/redis/client.py:565: in _execute_command
    conn = self.connection or pool.get_connection(command_name, **options)
                              ^^^^^^^^^^^^^^^^^^^^^^^^^^^^^^^^^^^^^^^^^^^^
.venv/lib/python3.12/site-packages/redis/connection.py:1422: in get_connection
    connection.connect()
.venv/lib/python3.12/site-packages/redis/connection.py:363: in connect
    raise ConnectionError(self._error_message(e))
E   redis.exceptions.ConnectionError: Error 111 connecting to localhost:6379. Connection refused.
----------------------------- Captured stdout call -----------------------------
2026-02-09 12:30:14,651 - SL - INFO - 5326 - "/home/runner/work/simplelogin-app/simplelogin-app/app/events/event_dispatcher.py:62" - send_event() -  - Not sending events because webhook is not configured and allowed to be empty
________________ test_canonical_login_with_non_canonical_email _________________
.venv/lib/python3.12/site-packages/redis/connection.py:357: in connect
    sock = self.retry.call_with_retry(
.venv/lib/python3.12/site-packages/redis/retry.py:62: in call_with_retry
    return do()
           ^^^^
.venv/lib/python3.12/site-packages/redis/connection.py:358: in <lambda>
    lambda: self._connect(), lambda error: self.disconnect(error)
            ^^^^^^^^^^^^^^^
.venv/lib/python3.12/site-packages/redis/connection.py:730: in _connect
    raise err
.venv/lib/python3.12/site-packages/redis/connection.py:718: in _connect
    sock.connect(socket_address)
E   ConnectionRefusedError: [Errno 111] Connection refused

During handling of the above exception, another exception occurred:
tests/auth/test_login.py:111: in test_canonical_login_with_non_canonical_email
    r = flask_client.post(
.venv/lib/python3.12/site-packages/werkzeug/test.py:1016: in post
    return self.open(*args, **kw)
           ^^^^^^^^^^^^^^^^^^^^^^
tests/conftest.py:60: in open
    return super().open(*args, **kwargs)
           ^^^^^^^^^^^^^^^^^^^^^^^^^^^^^
.venv/lib/python3.12/site-packages/flask/testing.py:222: in open
    return Client.open(
.venv/lib/python3.12/site-packages/werkzeug/test.py:970: in open
    response = self.run_wsgi_app(environ.copy(), buffered=buffered)
               ^^^^^^^^^^^^^^^^^^^^^^^^^^^^^^^^^^^^^^^^^^^^^^^^^^^^
.venv/lib/python3.12/site-packages/werkzeug/test.py:861: in run_wsgi_app
    rv = run_wsgi_app(self.application, environ, buffered=buffered)
         ^^^^^^^^^^^^^^^^^^^^^^^^^^^^^^^^^^^^^^^^^^^^^^^^^^^^^^^^^^
.venv/lib/python3.12/site-packages/werkzeug/test.py:1096: in run_wsgi_app
    app_rv = app(environ, start_response)
             ^^^^^^^^^^^^^^^^^^^^^^^^^^^^
.venv/lib/python3.12/site-packages/flask/app.py:2464: in __call__
    return self.wsgi_app(environ, start_response)
           ^^^^^^^^^^^^^^^^^^^^^^^^^^^^^^^^^^^^^^
.venv/lib/python3.12/site-packages/werkzeug/middleware/proxy_fix.py:169: in __call__
    return self.app(environ, start_response)
           ^^^^^^^^^^^^^^^^^^^^^^^^^^^^^^^^^
.venv/lib/python3.12/site-packages/flask/app.py:2450: in wsgi_app
    response = self.handle_exception(e)
               ^^^^^^^^^^^^^^^^^^^^^^^^
.venv/lib/python3.12/site-packages/flask_cors/extension.py:165: in wrapped_function
    return cors_after_request(app.make_response(f(*args, **kwargs)))
                                                ^^^^^^^^^^^^^^^^^^
.venv/lib/python3.12/site-packages/flask/app.py:1867: in handle_exception
    reraise(exc_type, exc_value, tb)
.venv/lib/python3.12/site-packages/flask/_compat.py:39: in reraise
    raise value
.venv/lib/python3.12/site-packages/flask/app.py:2447: in wsgi_app
    response = self.full_dispatch_request()
               ^^^^^^^^^^^^^^^^^^^^^^^^^^^^
.venv/lib/python3.12/site-packages/flask/app.py:1953: in full_dispatch_request
    return self.finalize_request(rv)
           ^^^^^^^^^^^^^^^^^^^^^^^^^
.venv/lib/python3.12/site-packages/flask/app.py:1970: in finalize_request
    response = self.process_response(response)
               ^^^^^^^^^^^^^^^^^^^^^^^^^^^^^^^
.venv/lib/python3.12/site-packages/flask/app.py:2269: in process_response
    self.session_interface.save_session(self, ctx.session, response)
app/session.py:97: in save_session
    self._redis_w.setex(
.venv/lib/python3.12/site-packages/redis/commands/core.py:2360: in setex
    return self.execute_command("SETEX", name, time, value)
           ^^^^^^^^^^^^^^^^^^^^^^^^^^^^^^^^^^^^^^^^^^^^^^^^
.venv/lib/python3.12/site-packages/redis/client.py:559: in execute_command
    return self._execute_command(*args, **options)
           ^^^^^^^^^^^^^^^^^^^^^^^^^^^^^^^^^^^^^^^
.venv/lib/python3.12/site-packages/redis/client.py:565: in _execute_command
    conn = self.connection or pool.get_connection(command_name, **options)
                              ^^^^^^^^^^^^^^^^^^^^^^^^^^^^^^^^^^^^^^^^^^^^
.venv/lib/python3.12/site-packages/redis/connection.py:1422: in get_connection
    connection.connect()
.venv/lib/python3.12/site-packages/redis/connection.py:363: in connect
    raise ConnectionError(self._error_message(e))
E   redis.exceptions.ConnectionError: Error 111 connecting to localhost:6379. Connection refused.
----------------------------- Captured stdout call -----------------------------
2026-02-09 12:30:15,338 - SL - INFO - 5326 - "/home/runner/work/simplelogin-app/simplelogin-app/app/events/event_dispatcher.py:62" - send_event() -  - Not sending events because webhook is not configured and allowed to be empty
_______________________________ test_oidc_login ________________________________
.venv/lib/python3.12/site-packages/redis/connection.py:357: in connect
    sock = self.retry.call_with_retry(
.venv/lib/python3.12/site-packages/redis/retry.py:62: in call_with_retry
    return do()
           ^^^^
.venv/lib/python3.12/site-packages/redis/connection.py:358: in <lambda>
    lambda: self._connect(), lambda error: self.disconnect(error)
            ^^^^^^^^^^^^^^^
.venv/lib/python3.12/site-packages/redis/connection.py:730: in _connect
    raise err
.venv/lib/python3.12/site-packages/redis/connection.py:718: in _connect
    sock.connect(socket_address)
E   ConnectionRefusedError: [Errno 111] Connection refused

During handling of the above exception, another exception occurred:
tests/auth/test_oidc.py:23: in test_oidc_login
    with flask_client.session_transaction() as sess:
         ^^^^^^^^^^^^^^^^^^^^^^^^^^^^^^^^^^
../../../.local/share/uv/python/cpython-3.12.8-linux-x86_64-gnu/lib/python3.12/contextlib.py:144: in __exit__
    next(self.gen)
.venv/lib/python3.12/site-packages/flask/testing.py:188: in session_transaction
    session_interface.save_session(app, sess, resp)
app/session.py:97: in save_session
    self._redis_w.setex(
.venv/lib/python3.12/site-packages/redis/commands/core.py:2360: in setex
    return self.execute_command("SETEX", name, time, value)
           ^^^^^^^^^^^^^^^^^^^^^^^^^^^^^^^^^^^^^^^^^^^^^^^^
.venv/lib/python3.12/site-packages/redis/client.py:559: in execute_command
    return self._execute_command(*args, **options)
           ^^^^^^^^^^^^^^^^^^^^^^^^^^^^^^^^^^^^^^^
.venv/lib/python3.12/site-packages/redis/client.py:565: in _execute_command
    conn = self.connection or pool.get_connection(command_name, **options)
                              ^^^^^^^^^^^^^^^^^^^^^^^^^^^^^^^^^^^^^^^^^^^^
.venv/lib/python3.12/site-packages/redis/connection.py:1422: in get_connection
    connection.connect()
.venv/lib/python3.12/site-packages/redis/connection.py:363: in connect
    raise ConnectionError(self._error_message(e))
E   redis.exceptions.ConnectionError: Error 111 connecting to localhost:6379. Connection refused.
___________________________ test_oidc_login_next_url ___________________________
.venv/lib/python3.12/site-packages/redis/connection.py:357: in connect
    sock = self.retry.call_with_retry(
.venv/lib/python3.12/site-packages/redis/retry.py:62: in call_with_retry
    return do()
           ^^^^
.venv/lib/python3.12/site-packages/redis/connection.py:358: in <lambda>
    lambda: self._connect(), lambda error: self.disconnect(error)
            ^^^^^^^^^^^^^^^
.venv/lib/python3.12/site-packages/redis/connection.py:730: in _connect
    raise err
.venv/lib/python3.12/site-packages/redis/connection.py:718: in _connect
    sock.connect(socket_address)
E   ConnectionRefusedError: [Errno 111] Connection refused

During handling of the above exception, another exception occurred:
tests/auth/test_oidc.py:48: in test_oidc_login_next_url
    with flask_client.session_transaction() as sess:
         ^^^^^^^^^^^^^^^^^^^^^^^^^^^^^^^^^^
../../../.local/share/uv/python/cpython-3.12.8-linux-x86_64-gnu/lib/python3.12/contextlib.py:144: in __exit__
    next(self.gen)
.venv/lib/python3.12/site-packages/flask/testing.py:188: in session_transaction
    session_interface.save_session(app, sess, resp)
app/session.py:97: in save_session
    self._redis_w.setex(
.venv/lib/python3.12/site-packages/redis/commands/core.py:2360: in setex
    return self.execute_command("SETEX", name, time, value)
           ^^^^^^^^^^^^^^^^^^^^^^^^^^^^^^^^^^^^^^^^^^^^^^^^
.venv/lib/python3.12/site-packages/redis/client.py:559: in execute_command
    return self._execute_command(*args, **options)
           ^^^^^^^^^^^^^^^^^^^^^^^^^^^^^^^^^^^^^^^
.venv/lib/python3.12/site-packages/redis/client.py:565: in _execute_command
    conn = self.connection or pool.get_connection(command_name, **options)
                              ^^^^^^^^^^^^^^^^^^^^^^^^^^^^^^^^^^^^^^^^^^^^
.venv/lib/python3.12/site-packages/redis/connection.py:1422: in get_connection
    connection.connect()
.venv/lib/python3.12/site-packages/redis/connection.py:363: in connect
    raise ConnectionError(self._error_message(e))
E   redis.exceptions.ConnectionError: Error 111 connecting to localhost:6379. Connection refused.
_________________________ test_oidc_login_no_client_id _________________________
.venv/lib/python3.12/site-packages/redis/connection.py:357: in connect
    sock = self.retry.call_with_retry(
.venv/lib/python3.12/site-packages/redis/retry.py:62: in call_with_retry
    return do()
           ^^^^
.venv/lib/python3.12/site-packages/redis/connection.py:358: in <lambda>
    lambda: self._connect(), lambda error: self.disconnect(error)
            ^^^^^^^^^^^^^^^
.venv/lib/python3.12/site-packages/redis/connection.py:730: in _connect
    raise err
.venv/lib/python3.12/site-packages/redis/connection.py:718: in _connect
    sock.connect(socket_address)
E   ConnectionRefusedError: [Errno 111] Connection refused

During handling of the above exception, another exception occurred:
tests/auth/test_oidc.py:76: in test_oidc_login_no_client_id
    with flask_client.session_transaction() as sess:
         ^^^^^^^^^^^^^^^^^^^^^^^^^^^^^^^^^^
../../../.local/share/uv/python/cpython-3.12.8-linux-x86_64-gnu/lib/python3.12/contextlib.py:144: in __exit__
    next(self.gen)
.venv/lib/python3.12/site-packages/flask/testing.py:188: in session_transaction
    session_interface.save_session(app, sess, resp)
app/session.py:97: in save_session
    self._redis_w.setex(
.venv/lib/python3.12/site-packages/redis/commands/core.py:2360: in setex
    return self.execute_command("SETEX", name, time, value)
           ^^^^^^^^^^^^^^^^^^^^^^^^^^^^^^^^^^^^^^^^^^^^^^^^
.venv/lib/python3.12/site-packages/redis/client.py:559: in execute_command
    return self._execute_command(*args, **options)
           ^^^^^^^^^^^^^^^^^^^^^^^^^^^^^^^^^^^^^^^
.venv/lib/python3.12/site-packages/redis/client.py:565: in _execute_command
    conn = self.connection or pool.get_connection(command_name, **options)
                              ^^^^^^^^^^^^^^^^^^^^^^^^^^^^^^^^^^^^^^^^^^^^
.venv/lib/python3.12/site-packages/redis/connection.py:1422: in get_connection
    connection.connect()
.venv/lib/python3.12/site-packages/redis/connection.py:363: in connect
    raise ConnectionError(self._error_message(e))
E   redis.exceptions.ConnectionError: Error 111 connecting to localhost:6379. Connection refused.
_______________________ test_oidc_login_no_client_secret _______________________
.venv/lib/python3.12/site-packages/redis/connection.py:357: in connect
    sock = self.retry.call_with_retry(
.venv/lib/python3.12/site-packages/redis/retry.py:62: in call_with_retry
    return do()
           ^^^^
.venv/lib/python3.12/site-packages/redis/connection.py:358: in <lambda>
    lambda: self._connect(), lambda error: self.disconnect(error)
            ^^^^^^^^^^^^^^^
.venv/lib/python3.12/site-packages/redis/connection.py:730: in _connect
    raise err
.venv/lib/python3.12/site-packages/redis/connection.py:718: in _connect
    sock.connect(socket_address)
E   ConnectionRefusedError: [Errno 111] Connection refused

During handling of the above exception, another exception occurred:
tests/auth/test_oidc.py:101: in test_oidc_login_no_client_secret
    with flask_client.session_transaction() as sess:
         ^^^^^^^^^^^^^^^^^^^^^^^^^^^^^^^^^^
../../../.local/share/uv/python/cpython-3.12.8-linux-x86_64-gnu/lib/python3.12/contextlib.py:144: in __exit__
    next(self.gen)
.venv/lib/python3.12/site-packages/flask/testing.py:188: in session_transaction
    session_interface.save_session(app, sess, resp)
app/session.py:97: in save_session
    self._redis_w.setex(
.venv/lib/python3.12/site-packages/redis/commands/core.py:2360: in setex
    return self.execute_command("SETEX", name, time, value)
           ^^^^^^^^^^^^^^^^^^^^^^^^^^^^^^^^^^^^^^^^^^^^^^^^
.venv/lib/python3.12/site-packages/redis/client.py:559: in execute_command
    return self._execute_command(*args, **options)
           ^^^^^^^^^^^^^^^^^^^^^^^^^^^^^^^^^^^^^^^
.venv/lib/python3.12/site-packages/redis/client.py:565: in _execute_command
    conn = self.connection or pool.get_connection(command_name, **options)
                              ^^^^^^^^^^^^^^^^^^^^^^^^^^^^^^^^^^^^^^^^^^^^
.venv/lib/python3.12/site-packages/redis/connection.py:1422: in get_connection
    connection.connect()
.venv/lib/python3.12/site-packages/redis/connection.py:363: in connect
    raise ConnectionError(self._error_message(e))
E   redis.exceptions.ConnectionError: Error 111 connecting to localhost:6379. Connection refused.
______________________ test_oidc_callback_no_oauth_state _______________________
.venv/lib/python3.12/site-packages/redis/connection.py:357: in connect
    sock = self.retry.call_with_retry(
.venv/lib/python3.12/site-packages/redis/retry.py:62: in call_with_retry
    return do()
           ^^^^
.venv/lib/python3.12/site-packages/redis/connection.py:358: in <lambda>
    lambda: self._connect(), lambda error: self.disconnect(error)
            ^^^^^^^^^^^^^^^
.venv/lib/python3.12/site-packages/redis/connection.py:730: in _connect
    raise err
.venv/lib/python3.12/site-packages/redis/connection.py:718: in _connect
    sock.connect(socket_address)
E   ConnectionRefusedError: [Errno 111] Connection refused

During handling of the above exception, another exception occurred:
tests/auth/test_oidc.py:125: in test_oidc_callback_no_oauth_state
    with flask_client.session_transaction() as sess:
         ^^^^^^^^^^^^^^^^^^^^^^^^^^^^^^^^^^
../../../.local/share/uv/python/cpython-3.12.8-linux-x86_64-gnu/lib/python3.12/contextlib.py:144: in __exit__
    next(self.gen)
.venv/lib/python3.12/site-packages/flask/testing.py:188: in session_transaction
    session_interface.save_session(app, sess, resp)
app/session.py:97: in save_session
    self._redis_w.setex(
.venv/lib/python3.12/site-packages/redis/commands/core.py:2360: in setex
    return self.execute_command("SETEX", name, time, value)
           ^^^^^^^^^^^^^^^^^^^^^^^^^^^^^^^^^^^^^^^^^^^^^^^^
.venv/lib/python3.12/site-packages/redis/client.py:559: in execute_command
    return self._execute_command(*args, **options)
           ^^^^^^^^^^^^^^^^^^^^^^^^^^^^^^^^^^^^^^^
.venv/lib/python3.12/site-packages/redis/client.py:565: in _execute_command
    conn = self.connection or pool.get_connection(command_name, **options)
                              ^^^^^^^^^^^^^^^^^^^^^^^^^^^^^^^^^^^^^^^^^^^^
.venv/lib/python3.12/site-packages/redis/connection.py:1422: in get_connection
    connection.connect()
.venv/lib/python3.12/site-packages/redis/connection.py:363: in connect
    raise ConnectionError(self._error_message(e))
E   redis.exceptions.ConnectionError: Error 111 connecting to localhost:6379. Connection refused.
_______________________ test_oidc_callback_no_client_id ________________________
.venv/lib/python3.12/site-packages/redis/connection.py:357: in connect
    sock = self.retry.call_with_retry(
.venv/lib/python3.12/site-packages/redis/retry.py:62: in call_with_retry
    return do()
           ^^^^
.venv/lib/python3.12/site-packages/redis/connection.py:358: in <lambda>
    lambda: self._connect(), lambda error: self.disconnect(error)
            ^^^^^^^^^^^^^^^
.venv/lib/python3.12/site-packages/redis/connection.py:730: in _connect
    raise err
.venv/lib/python3.12/site-packages/redis/connection.py:718: in _connect
    sock.connect(socket_address)
E   ConnectionRefusedError: [Errno 111] Connection refused

During handling of the above exception, another exception occurred:
tests/auth/test_oidc.py:142: in test_oidc_callback_no_client_id
    with flask_client.session_transaction() as sess:
         ^^^^^^^^^^^^^^^^^^^^^^^^^^^^^^^^^^
../../../.local/share/uv/python/cpython-3.12.8-linux-x86_64-gnu/lib/python3.12/contextlib.py:144: in __exit__
    next(self.gen)
.venv/lib/python3.12/site-packages/flask/testing.py:188: in session_transaction
    session_interface.save_session(app, sess, resp)
app/session.py:97: in save_session
    self._redis_w.setex(
.venv/lib/python3.12/site-packages/redis/commands/core.py:2360: in setex
    return self.execute_command("SETEX", name, time, value)
           ^^^^^^^^^^^^^^^^^^^^^^^^^^^^^^^^^^^^^^^^^^^^^^^^
.venv/lib/python3.12/site-packages/redis/client.py:559: in execute_command
    return self._execute_command(*args, **options)
           ^^^^^^^^^^^^^^^^^^^^^^^^^^^^^^^^^^^^^^^
.venv/lib/python3.12/site-packages/redis/client.py:565: in _execute_command
    conn = self.connection or pool.get_connection(command_name, **options)
                              ^^^^^^^^^^^^^^^^^^^^^^^^^^^^^^^^^^^^^^^^^^^^
.venv/lib/python3.12/site-packages/redis/connection.py:1422: in get_connection
    connection.connect()
.venv/lib/python3.12/site-packages/redis/connection.py:363: in connect
    raise ConnectionError(self._error_message(e))
E   redis.exceptions.ConnectionError: Error 111 connecting to localhost:6379. Connection refused.
_____________________ test_oidc_callback_no_client_secret ______________________
.venv/lib/python3.12/site-packages/redis/connection.py:357: in connect
    sock = self.retry.call_with_retry(
.venv/lib/python3.12/site-packages/redis/retry.py:62: in call_with_retry
    return do()
           ^^^^
.venv/lib/python3.12/site-packages/redis/connection.py:358: in <lambda>
    lambda: self._connect(), lambda error: self.disconnect(error)
            ^^^^^^^^^^^^^^^
.venv/lib/python3.12/site-packages/redis/connection.py:730: in _connect
    raise err
.venv/lib/python3.12/site-packages/redis/connection.py:718: in _connect
    sock.connect(socket_address)
E   ConnectionRefusedError: [Errno 111] Connection refused

During handling of the above exception, another exception occurred:
tests/auth/test_oidc.py:170: in test_oidc_callback_no_client_secret
    with flask_client.session_transaction() as sess:
         ^^^^^^^^^^^^^^^^^^^^^^^^^^^^^^^^^^
../../../.local/share/uv/python/cpython-3.12.8-linux-x86_64-gnu/lib/python3.12/contextlib.py:144: in __exit__
    next(self.gen)
.venv/lib/python3.12/site-packages/flask/testing.py:188: in session_transaction
    session_interface.save_session(app, sess, resp)
app/session.py:97: in save_session
    self._redis_w.setex(
.venv/lib/python3.12/site-packages/redis/commands/core.py:2360: in setex
    return self.execute_command("SETEX", name, time, value)
           ^^^^^^^^^^^^^^^^^^^^^^^^^^^^^^^^^^^^^^^^^^^^^^^^
.venv/lib/python3.12/site-packages/redis/client.py:559: in execute_command
    return self._execute_command(*args, **options)
           ^^^^^^^^^^^^^^^^^^^^^^^^^^^^^^^^^^^^^^^
.venv/lib/python3.12/site-packages/redis/client.py:565: in _execute_command
    conn = self.connection or pool.get_connection(command_name, **options)
                              ^^^^^^^^^^^^^^^^^^^^^^^^^^^^^^^^^^^^^^^^^^^^
.venv/lib/python3.12/site-packages/redis/connection.py:1422: in get_connection
    connection.connect()
.venv/lib/python3.12/site-packages/redis/connection.py:363: in connect
    raise ConnectionError(self._error_message(e))
E   redis.exceptions.ConnectionError: Error 111 connecting to localhost:6379. Connection refused.
_______________________ test_oidc_callback_invalid_user ________________________
.venv/lib/python3.12/site-packages/redis/connection.py:357: in connect
    sock = self.retry.call_with_retry(
.venv/lib/python3.12/site-packages/redis/retry.py:62: in call_with_retry
    return do()
           ^^^^
.venv/lib/python3.12/site-packages/redis/connection.py:358: in <lambda>
    lambda: self._connect(), lambda error: self.disconnect(error)
            ^^^^^^^^^^^^^^^
.venv/lib/python3.12/site-packages/redis/connection.py:730: in _connect
    raise err
.venv/lib/python3.12/site-packages/redis/connection.py:718: in _connect
    sock.connect(socket_address)
E   ConnectionRefusedError: [Errno 111] Connection refused

During handling of the above exception, another exception occurred:
tests/auth/test_oidc.py:203: in test_oidc_callback_invalid_user
    with flask_client.session_transaction() as sess:
         ^^^^^^^^^^^^^^^^^^^^^^^^^^^^^^^^^^
../../../.local/share/uv/python/cpython-3.12.8-linux-x86_64-gnu/lib/python3.12/contextlib.py:144: in __exit__
    next(self.gen)
.venv/lib/python3.12/site-packages/flask/testing.py:188: in session_transaction
    session_interface.save_session(app, sess, resp)
app/session.py:97: in save_session
    self._redis_w.setex(
.venv/lib/python3.12/site-packages/redis/commands/core.py:2360: in setex
    return self.execute_command("SETEX", name, time, value)
           ^^^^^^^^^^^^^^^^^^^^^^^^^^^^^^^^^^^^^^^^^^^^^^^^
.venv/lib/python3.12/site-packages/redis/client.py:559: in execute_command
    return self._execute_command(*args, **options)
           ^^^^^^^^^^^^^^^^^^^^^^^^^^^^^^^^^^^^^^^
.venv/lib/python3.12/site-packages/redis/client.py:565: in _execute_command
    conn = self.connection or pool.get_connection(command_name, **options)
                              ^^^^^^^^^^^^^^^^^^^^^^^^^^^^^^^^^^^^^^^^^^^^
.venv/lib/python3.12/site-packages/redis/connection.py:1422: in get_connection
    connection.connect()
.venv/lib/python3.12/site-packages/redis/connection.py:363: in connect
    raise ConnectionError(self._error_message(e))
E   redis.exceptions.ConnectionError: Error 111 connecting to localhost:6379. Connection refused.
_________________________ test_oidc_callback_no_email __________________________
.venv/lib/python3.12/site-packages/redis/connection.py:357: in connect
    sock = self.retry.call_with_retry(
.venv/lib/python3.12/site-packages/redis/retry.py:62: in call_with_retry
    return do()
           ^^^^
.venv/lib/python3.12/site-packages/redis/connection.py:358: in <lambda>
    lambda: self._connect(), lambda error: self.disconnect(error)
            ^^^^^^^^^^^^^^^
.venv/lib/python3.12/site-packages/redis/connection.py:730: in _connect
    raise err
.venv/lib/python3.12/site-packages/redis/connection.py:718: in _connect
    sock.connect(socket_address)
E   ConnectionRefusedError: [Errno 111] Connection refused

During handling of the above exception, another exception occurred:
tests/auth/test_oidc.py:235: in test_oidc_callback_no_email
    with flask_client.session_transaction() as sess:
         ^^^^^^^^^^^^^^^^^^^^^^^^^^^^^^^^^^
../../../.local/share/uv/python/cpython-3.12.8-linux-x86_64-gnu/lib/python3.12/contextlib.py:144: in __exit__
    next(self.gen)
.venv/lib/python3.12/site-packages/flask/testing.py:188: in session_transaction
    session_interface.save_session(app, sess, resp)
app/session.py:97: in save_session
    self._redis_w.setex(
.venv/lib/python3.12/site-packages/redis/commands/core.py:2360: in setex
    return self.execute_command("SETEX", name, time, value)
           ^^^^^^^^^^^^^^^^^^^^^^^^^^^^^^^^^^^^^^^^^^^^^^^^
.venv/lib/python3.12/site-packages/redis/client.py:559: in execute_command
    return self._execute_command(*args, **options)
           ^^^^^^^^^^^^^^^^^^^^^^^^^^^^^^^^^^^^^^^
.venv/lib/python3.12/site-packages/redis/client.py:565: in _execute_command
    conn = self.connection or pool.get_connection(command_name, **options)
                              ^^^^^^^^^^^^^^^^^^^^^^^^^^^^^^^^^^^^^^^^^^^^
.venv/lib/python3.12/site-packages/redis/connection.py:1422: in get_connection
    connection.connect()
.venv/lib/python3.12/site-packages/redis/connection.py:363: in connect
    raise ConnectionError(self._error_message(e))
E   redis.exceptions.ConnectionError: Error 111 connecting to localhost:6379. Connection refused.
___________________ test_oidc_callback_disabled_registration ___________________
.venv/lib/python3.12/site-packages/redis/connection.py:357: in connect
    sock = self.retry.call_with_retry(
.venv/lib/python3.12/site-packages/redis/retry.py:62: in call_with_retry
    return do()
           ^^^^
.venv/lib/python3.12/site-packages/redis/connection.py:358: in <lambda>
    lambda: self._connect(), lambda error: self.disconnect(error)
            ^^^^^^^^^^^^^^^
.venv/lib/python3.12/site-packages/redis/connection.py:730: in _connect
    raise err
.venv/lib/python3.12/site-packages/redis/connection.py:718: in _connect
    sock.connect(socket_address)
E   ConnectionRefusedError: [Errno 111] Connection refused

During handling of the above exception, another exception occurred:
tests/auth/test_oidc.py:269: in test_oidc_callback_disabled_registration
    with flask_client.session_transaction() as sess:
         ^^^^^^^^^^^^^^^^^^^^^^^^^^^^^^^^^^
../../../.local/share/uv/python/cpython-3.12.8-linux-x86_64-gnu/lib/python3.12/contextlib.py:144: in __exit__
    next(self.gen)
.venv/lib/python3.12/site-packages/flask/testing.py:188: in session_transaction
    session_interface.save_session(app, sess, resp)
app/session.py:97: in save_session
    self._redis_w.setex(
.venv/lib/python3.12/site-packages/redis/commands/core.py:2360: in setex
    return self.execute_command("SETEX", name, time, value)
           ^^^^^^^^^^^^^^^^^^^^^^^^^^^^^^^^^^^^^^^^^^^^^^^^
.venv/lib/python3.12/site-packages/redis/client.py:559: in execute_command
    return self._execute_command(*args, **options)
           ^^^^^^^^^^^^^^^^^^^^^^^^^^^^^^^^^^^^^^^
.venv/lib/python3.12/site-packages/redis/client.py:565: in _execute_command
    conn = self.connection or pool.get_connection(command_name, **options)
                              ^^^^^^^^^^^^^^^^^^^^^^^^^^^^^^^^^^^^^^^^^^^^
.venv/lib/python3.12/site-packages/redis/connection.py:1422: in get_connection
    connection.connect()
.venv/lib/python3.12/site-packages/redis/connection.py:363: in connect
    raise ConnectionError(self._error_message(e))
E   redis.exceptions.ConnectionError: Error 111 connecting to localhost:6379. Connection refused.
_______________________ test_oidc_callback_registration ________________________
.venv/lib/python3.12/site-packages/redis/connection.py:357: in connect
    sock = self.retry.call_with_retry(
.venv/lib/python3.12/site-packages/redis/retry.py:62: in call_with_retry
    return do()
           ^^^^
.venv/lib/python3.12/site-packages/redis/connection.py:358: in <lambda>
    lambda: self._connect(), lambda error: self.disconnect(error)
            ^^^^^^^^^^^^^^^
.venv/lib/python3.12/site-packages/redis/connection.py:730: in _connect
    raise err
.venv/lib/python3.12/site-packages/redis/connection.py:718: in _connect
    sock.connect(socket_address)
E   ConnectionRefusedError: [Errno 111] Connection refused

During handling of the above exception, another exception occurred:
tests/auth/test_oidc.py:309: in test_oidc_callback_registration
    with flask_client.session_transaction() as sess:
         ^^^^^^^^^^^^^^^^^^^^^^^^^^^^^^^^^^
../../../.local/share/uv/python/cpython-3.12.8-linux-x86_64-gnu/lib/python3.12/contextlib.py:144: in __exit__
    next(self.gen)
.venv/lib/python3.12/site-packages/flask/testing.py:188: in session_transaction
    session_interface.save_session(app, sess, resp)
app/session.py:97: in save_session
    self._redis_w.setex(
.venv/lib/python3.12/site-packages/redis/commands/core.py:2360: in setex
    return self.execute_command("SETEX", name, time, value)
           ^^^^^^^^^^^^^^^^^^^^^^^^^^^^^^^^^^^^^^^^^^^^^^^^
.venv/lib/python3.12/site-packages/redis/client.py:559: in execute_command
    return self._execute_command(*args, **options)
           ^^^^^^^^^^^^^^^^^^^^^^^^^^^^^^^^^^^^^^^
.venv/lib/python3.12/site-packages/redis/client.py:565: in _execute_command
    conn = self.connection or pool.get_connection(command_name, **options)
                              ^^^^^^^^^^^^^^^^^^^^^^^^^^^^^^^^^^^^^^^^^^^^
.venv/lib/python3.12/site-packages/redis/connection.py:1422: in get_connection
    connection.connect()
.venv/lib/python3.12/site-packages/redis/connection.py:363: in connect
    raise ConnectionError(self._error_message(e))
E   redis.exceptions.ConnectionError: Error 111 connecting to localhost:6379. Connection refused.
___________________________ test_oidc_callback_login ___________________________
.venv/lib/python3.12/site-packages/redis/connection.py:357: in connect
    sock = self.retry.call_with_retry(
.venv/lib/python3.12/site-packages/redis/retry.py:62: in call_with_retry
    return do()
           ^^^^
.venv/lib/python3.12/site-packages/redis/connection.py:358: in <lambda>
    lambda: self._connect(), lambda error: self.disconnect(error)
            ^^^^^^^^^^^^^^^
.venv/lib/python3.12/site-packages/redis/connection.py:730: in _connect
    raise err
.venv/lib/python3.12/site-packages/redis/connection.py:718: in _connect
    sock.connect(socket_address)
E   ConnectionRefusedError: [Errno 111] Connection refused

During handling of the above exception, another exception occurred:
tests/auth/test_oidc.py:352: in test_oidc_callback_login
    with flask_client.session_transaction() as sess:
         ^^^^^^^^^^^^^^^^^^^^^^^^^^^^^^^^^^
../../../.local/share/uv/python/cpython-3.12.8-linux-x86_64-gnu/lib/python3.12/contextlib.py:144: in __exit__
    next(self.gen)
.venv/lib/python3.12/site-packages/flask/testing.py:188: in session_transaction
    session_interface.save_session(app, sess, resp)
app/session.py:97: in save_session
    self._redis_w.setex(
.venv/lib/python3.12/site-packages/redis/commands/core.py:2360: in setex
    return self.execute_command("SETEX", name, time, value)
           ^^^^^^^^^^^^^^^^^^^^^^^^^^^^^^^^^^^^^^^^^^^^^^^^
.venv/lib/python3.12/site-packages/redis/client.py:559: in execute_command
    return self._execute_command(*args, **options)
           ^^^^^^^^^^^^^^^^^^^^^^^^^^^^^^^^^^^^^^^
.venv/lib/python3.12/site-packages/redis/client.py:565: in _execute_command
    conn = self.connection or pool.get_connection(command_name, **options)
                              ^^^^^^^^^^^^^^^^^^^^^^^^^^^^^^^^^^^^^^^^^^^^
.venv/lib/python3.12/site-packages/redis/connection.py:1422: in get_connection
    connection.connect()
.venv/lib/python3.12/site-packages/redis/connection.py:363: in connect
    raise ConnectionError(self._error_message(e))
E   redis.exceptions.ConnectionError: Error 111 connecting to localhost:6379. Connection refused.
____________________ test_oidc_callback_login_with_next_url ____________________
.venv/lib/python3.12/site-packages/redis/connection.py:357: in connect
    sock = self.retry.call_with_retry(
.venv/lib/python3.12/site-packages/redis/retry.py:62: in call_with_retry
    return do()
           ^^^^
.venv/lib/python3.12/site-packages/redis/connection.py:358: in <lambda>
    lambda: self._connect(), lambda error: self.disconnect(error)
            ^^^^^^^^^^^^^^^
.venv/lib/python3.12/site-packages/redis/connection.py:730: in _connect
    raise err
.venv/lib/python3.12/site-packages/redis/connection.py:718: in _connect
    sock.connect(socket_address)
E   ConnectionRefusedError: [Errno 111] Connection refused

During handling of the above exception, another exception occurred:
tests/auth/test_oidc.py:399: in test_oidc_callback_login_with_next_url
    with flask_client.session_transaction() as sess:
         ^^^^^^^^^^^^^^^^^^^^^^^^^^^^^^^^^^
../../../.local/share/uv/python/cpython-3.12.8-linux-x86_64-gnu/lib/python3.12/contextlib.py:144: in __exit__
    next(self.gen)
.venv/lib/python3.12/site-packages/flask/testing.py:188: in session_transaction
    session_interface.save_session(app, sess, resp)
app/session.py:97: in save_session
    self._redis_w.setex(
.venv/lib/python3.12/site-packages/redis/commands/core.py:2360: in setex
    return self.execute_command("SETEX", name, time, value)
           ^^^^^^^^^^^^^^^^^^^^^^^^^^^^^^^^^^^^^^^^^^^^^^^^
.venv/lib/python3.12/site-packages/redis/client.py:559: in execute_command
    return self._execute_command(*args, **options)
           ^^^^^^^^^^^^^^^^^^^^^^^^^^^^^^^^^^^^^^^
.venv/lib/python3.12/site-packages/redis/client.py:565: in _execute_command
    conn = self.connection or pool.get_connection(command_name, **options)
                              ^^^^^^^^^^^^^^^^^^^^^^^^^^^^^^^^^^^^^^^^^^^^
.venv/lib/python3.12/site-packages/redis/connection.py:1422: in get_connection
    connection.connect()
.venv/lib/python3.12/site-packages/redis/connection.py:363: in connect
    raise ConnectionError(self._error_message(e))
E   redis.exceptions.ConnectionError: Error 111 connecting to localhost:6379. Connection refused.
____________________________ test_login_with_proton ____________________________
.venv/lib/python3.12/site-packages/redis/connection.py:357: in connect
    sock = self.retry.call_with_retry(
.venv/lib/python3.12/site-packages/redis/retry.py:62: in call_with_retry
    return do()
           ^^^^
.venv/lib/python3.12/site-packages/redis/connection.py:358: in <lambda>
    lambda: self._connect(), lambda error: self.disconnect(error)
            ^^^^^^^^^^^^^^^
.venv/lib/python3.12/site-packages/redis/connection.py:730: in _connect
    raise err
.venv/lib/python3.12/site-packages/redis/connection.py:718: in _connect
    sock.connect(socket_address)
E   ConnectionRefusedError: [Errno 111] Connection refused

During handling of the above exception, another exception occurred:
tests/auth/test_proton.py:9: in test_login_with_proton
    r = flask_client.get(
.venv/lib/python3.12/site-packages/werkzeug/test.py:1006: in get
    return self.open(*args, **kw)
           ^^^^^^^^^^^^^^^^^^^^^^
tests/conftest.py:60: in open
    return super().open(*args, **kwargs)
           ^^^^^^^^^^^^^^^^^^^^^^^^^^^^^
.venv/lib/python3.12/site-packages/flask/testing.py:222: in open
    return Client.open(
.venv/lib/python3.12/site-packages/werkzeug/test.py:970: in open
    response = self.run_wsgi_app(environ.copy(), buffered=buffered)
               ^^^^^^^^^^^^^^^^^^^^^^^^^^^^^^^^^^^^^^^^^^^^^^^^^^^^
.venv/lib/python3.12/site-packages/werkzeug/test.py:861: in run_wsgi_app
    rv = run_wsgi_app(self.application, environ, buffered=buffered)
         ^^^^^^^^^^^^^^^^^^^^^^^^^^^^^^^^^^^^^^^^^^^^^^^^^^^^^^^^^^
.venv/lib/python3.12/site-packages/werkzeug/test.py:1096: in run_wsgi_app
    app_rv = app(environ, start_response)
             ^^^^^^^^^^^^^^^^^^^^^^^^^^^^
.venv/lib/python3.12/site-packages/flask/app.py:2464: in __call__
    return self.wsgi_app(environ, start_response)
           ^^^^^^^^^^^^^^^^^^^^^^^^^^^^^^^^^^^^^^
.venv/lib/python3.12/site-packages/werkzeug/middleware/proxy_fix.py:169: in __call__
    return self.app(environ, start_response)
           ^^^^^^^^^^^^^^^^^^^^^^^^^^^^^^^^^
.venv/lib/python3.12/site-packages/flask/app.py:2450: in wsgi_app
    response = self.handle_exception(e)
               ^^^^^^^^^^^^^^^^^^^^^^^^
.venv/lib/python3.12/site-packages/flask_cors/extension.py:165: in wrapped_function
    return cors_after_request(app.make_response(f(*args, **kwargs)))
                                                ^^^^^^^^^^^^^^^^^^
.venv/lib/python3.12/site-packages/flask/app.py:1867: in handle_exception
    reraise(exc_type, exc_value, tb)
.venv/lib/python3.12/site-packages/flask/_compat.py:39: in reraise
    raise value
.venv/lib/python3.12/site-packages/flask/app.py:2447: in wsgi_app
    response = self.full_dispatch_request()
               ^^^^^^^^^^^^^^^^^^^^^^^^^^^^
.venv/lib/python3.12/site-packages/flask/app.py:1953: in full_dispatch_request
    return self.finalize_request(rv)
           ^^^^^^^^^^^^^^^^^^^^^^^^^
.venv/lib/python3.12/site-packages/flask/app.py:1970: in finalize_request
    response = self.process_response(response)
               ^^^^^^^^^^^^^^^^^^^^^^^^^^^^^^^
.venv/lib/python3.12/site-packages/flask/app.py:2269: in process_response
    self.session_interface.save_session(self, ctx.session, response)
app/session.py:97: in save_session
    self._redis_w.setex(
.venv/lib/python3.12/site-packages/redis/commands/core.py:2360: in setex
    return self.execute_command("SETEX", name, time, value)
           ^^^^^^^^^^^^^^^^^^^^^^^^^^^^^^^^^^^^^^^^^^^^^^^^
.venv/lib/python3.12/site-packages/redis/client.py:559: in execute_command
    return self._execute_command(*args, **options)
           ^^^^^^^^^^^^^^^^^^^^^^^^^^^^^^^^^^^^^^^
.venv/lib/python3.12/site-packages/redis/client.py:565: in _execute_command
    conn = self.connection or pool.get_connection(command_name, **options)
                              ^^^^^^^^^^^^^^^^^^^^^^^^^^^^^^^^^^^^^^^^^^^^
.venv/lib/python3.12/site-packages/redis/connection.py:1422: in get_connection
    connection.connect()
.venv/lib/python3.12/site-packages/redis/connection.py:363: in connect
    raise ConnectionError(self._error_message(e))
E   redis.exceptions.ConnectionError: Error 111 connecting to localhost:6379. Connection refused.
____________________________ test_register_success _____________________________
.venv/lib/python3.12/site-packages/redis/connection.py:357: in connect
    sock = self.retry.call_with_retry(
.venv/lib/python3.12/site-packages/redis/retry.py:62: in call_with_retry
    return do()
           ^^^^
.venv/lib/python3.12/site-packages/redis/connection.py:358: in <lambda>
    lambda: self._connect(), lambda error: self.disconnect(error)
            ^^^^^^^^^^^^^^^
.venv/lib/python3.12/site-packages/redis/connection.py:730: in _connect
    raise err
.venv/lib/python3.12/site-packages/redis/connection.py:718: in _connect
    sock.connect(socket_address)
E   ConnectionRefusedError: [Errno 111] Connection refused

During handling of the above exception, another exception occurred:
tests/auth/test_register.py:20: in test_register_success
    r = flask_client.post(
.venv/lib/python3.12/site-packages/werkzeug/test.py:1016: in post
    return self.open(*args, **kw)
           ^^^^^^^^^^^^^^^^^^^^^^
tests/conftest.py:60: in open
    return super().open(*args, **kwargs)
           ^^^^^^^^^^^^^^^^^^^^^^^^^^^^^
.venv/lib/python3.12/site-packages/flask/testing.py:222: in open
    return Client.open(
.venv/lib/python3.12/site-packages/werkzeug/test.py:970: in open
    response = self.run_wsgi_app(environ.copy(), buffered=buffered)
               ^^^^^^^^^^^^^^^^^^^^^^^^^^^^^^^^^^^^^^^^^^^^^^^^^^^^
.venv/lib/python3.12/site-packages/werkzeug/test.py:861: in run_wsgi_app
    rv = run_wsgi_app(self.application, environ, buffered=buffered)
         ^^^^^^^^^^^^^^^^^^^^^^^^^^^^^^^^^^^^^^^^^^^^^^^^^^^^^^^^^^
.venv/lib/python3.12/site-packages/werkzeug/test.py:1096: in run_wsgi_app
    app_rv = app(environ, start_response)
             ^^^^^^^^^^^^^^^^^^^^^^^^^^^^
.venv/lib/python3.12/site-packages/flask/app.py:2464: in __call__
    return self.wsgi_app(environ, start_response)
           ^^^^^^^^^^^^^^^^^^^^^^^^^^^^^^^^^^^^^^
.venv/lib/python3.12/site-packages/werkzeug/middleware/proxy_fix.py:169: in __call__
    return self.app(environ, start_response)
           ^^^^^^^^^^^^^^^^^^^^^^^^^^^^^^^^^
.venv/lib/python3.12/site-packages/flask/app.py:2450: in wsgi_app
    response = self.handle_exception(e)
               ^^^^^^^^^^^^^^^^^^^^^^^^
.venv/lib/python3.12/site-packages/flask_cors/extension.py:165: in wrapped_function
    return cors_after_request(app.make_response(f(*args, **kwargs)))
                                                ^^^^^^^^^^^^^^^^^^
.venv/lib/python3.12/site-packages/flask/app.py:1867: in handle_exception
    reraise(exc_type, exc_value, tb)
.venv/lib/python3.12/site-packages/flask/_compat.py:39: in reraise
    raise value
.venv/lib/python3.12/site-packages/flask/app.py:2447: in wsgi_app
    response = self.full_dispatch_request()
               ^^^^^^^^^^^^^^^^^^^^^^^^^^^^
.venv/lib/python3.12/site-packages/flask/app.py:1953: in full_dispatch_request
    return self.finalize_request(rv)
           ^^^^^^^^^^^^^^^^^^^^^^^^^
.venv/lib/python3.12/site-packages/flask/app.py:1970: in finalize_request
    response = self.process_response(response)
               ^^^^^^^^^^^^^^^^^^^^^^^^^^^^^^^
.venv/lib/python3.12/site-packages/flask/app.py:2269: in process_response
    self.session_interface.save_session(self, ctx.session, response)
app/session.py:97: in save_session
    self._redis_w.setex(
.venv/lib/python3.12/site-packages/redis/commands/core.py:2360: in setex
    return self.execute_command("SETEX", name, time, value)
           ^^^^^^^^^^^^^^^^^^^^^^^^^^^^^^^^^^^^^^^^^^^^^^^^
.venv/lib/python3.12/site-packages/redis/client.py:559: in execute_command
    return self._execute_command(*args, **options)
           ^^^^^^^^^^^^^^^^^^^^^^^^^^^^^^^^^^^^^^^
.venv/lib/python3.12/site-packages/redis/client.py:565: in _execute_command
    conn = self.connection or pool.get_connection(command_name, **options)
                              ^^^^^^^^^^^^^^^^^^^^^^^^^^^^^^^^^^^^^^^^^^^^
.venv/lib/python3.12/site-packages/redis/connection.py:1422: in get_connection
    connection.connect()
.venv/lib/python3.12/site-packages/redis/connection.py:363: in connect
    raise ConnectionError(self._error_message(e))
E   redis.exceptions.ConnectionError: Error 111 connecting to localhost:6379. Connection refused.
______________ test_register_increment_nb_new_web_non_proton_user ______________
.venv/lib/python3.12/site-packages/redis/connection.py:357: in connect
    sock = self.retry.call_with_retry(
.venv/lib/python3.12/site-packages/redis/retry.py:62: in call_with_retry
    return do()
           ^^^^
.venv/lib/python3.12/site-packages/redis/connection.py:358: in <lambda>
    lambda: self._connect(), lambda error: self.disconnect(error)
            ^^^^^^^^^^^^^^^
.venv/lib/python3.12/site-packages/redis/connection.py:730: in _connect
    raise err
.venv/lib/python3.12/site-packages/redis/connection.py:718: in _connect
    sock.connect(socket_address)
E   ConnectionRefusedError: [Errno 111] Connection refused

During handling of the above exception, another exception occurred:
tests/auth/test_register.py:36: in test_register_increment_nb_new_web_non_proton_user
    r = flask_client.post(
.venv/lib/python3.12/site-packages/werkzeug/test.py:1016: in post
    return self.open(*args, **kw)
           ^^^^^^^^^^^^^^^^^^^^^^
tests/conftest.py:60: in open
    return super().open(*args, **kwargs)
           ^^^^^^^^^^^^^^^^^^^^^^^^^^^^^
.venv/lib/python3.12/site-packages/flask/testing.py:222: in open
    return Client.open(
.venv/lib/python3.12/site-packages/werkzeug/test.py:970: in open
    response = self.run_wsgi_app(environ.copy(), buffered=buffered)
               ^^^^^^^^^^^^^^^^^^^^^^^^^^^^^^^^^^^^^^^^^^^^^^^^^^^^
.venv/lib/python3.12/site-packages/werkzeug/test.py:861: in run_wsgi_app
    rv = run_wsgi_app(self.application, environ, buffered=buffered)
         ^^^^^^^^^^^^^^^^^^^^^^^^^^^^^^^^^^^^^^^^^^^^^^^^^^^^^^^^^^
.venv/lib/python3.12/site-packages/werkzeug/test.py:1096: in run_wsgi_app
    app_rv = app(environ, start_response)
             ^^^^^^^^^^^^^^^^^^^^^^^^^^^^
.venv/lib/python3.12/site-packages/flask/app.py:2464: in __call__
    return self.wsgi_app(environ, start_response)
           ^^^^^^^^^^^^^^^^^^^^^^^^^^^^^^^^^^^^^^
.venv/lib/python3.12/site-packages/werkzeug/middleware/proxy_fix.py:169: in __call__
    return self.app(environ, start_response)
           ^^^^^^^^^^^^^^^^^^^^^^^^^^^^^^^^^
.venv/lib/python3.12/site-packages/flask/app.py:2450: in wsgi_app
    response = self.handle_exception(e)
               ^^^^^^^^^^^^^^^^^^^^^^^^
.venv/lib/python3.12/site-packages/flask_cors/extension.py:165: in wrapped_function
    return cors_after_request(app.make_response(f(*args, **kwargs)))
                                                ^^^^^^^^^^^^^^^^^^
.venv/lib/python3.12/site-packages/flask/app.py:1867: in handle_exception
    reraise(exc_type, exc_value, tb)
.venv/lib/python3.12/site-packages/flask/_compat.py:39: in reraise
    raise value
.venv/lib/python3.12/site-packages/flask/app.py:2447: in wsgi_app
    response = self.full_dispatch_request()
               ^^^^^^^^^^^^^^^^^^^^^^^^^^^^
.venv/lib/python3.12/site-packages/flask/app.py:1953: in full_dispatch_request
    return self.finalize_request(rv)
           ^^^^^^^^^^^^^^^^^^^^^^^^^
.venv/lib/python3.12/site-packages/flask/app.py:1970: in finalize_request
    response = self.process_response(response)
               ^^^^^^^^^^^^^^^^^^^^^^^^^^^^^^^
.venv/lib/python3.12/site-packages/flask/app.py:2269: in process_response
    self.session_interface.save_session(self, ctx.session, response)
app/session.py:97: in save_session
    self._redis_w.setex(
.venv/lib/python3.12/site-packages/redis/commands/core.py:2360: in setex
    return self.execute_command("SETEX", name, time, value)
           ^^^^^^^^^^^^^^^^^^^^^^^^^^^^^^^^^^^^^^^^^^^^^^^^
.venv/lib/python3.12/site-packages/redis/client.py:559: in execute_command
    return self._execute_command(*args, **options)
           ^^^^^^^^^^^^^^^^^^^^^^^^^^^^^^^^^^^^^^^
.venv/lib/python3.12/site-packages/redis/client.py:565: in _execute_command
    conn = self.connection or pool.get_connection(command_name, **options)
                              ^^^^^^^^^^^^^^^^^^^^^^^^^^^^^^^^^^^^^^^^^^^^
.venv/lib/python3.12/site-packages/redis/connection.py:1422: in get_connection
    connection.connect()
.venv/lib/python3.12/site-packages/redis/connection.py:363: in connect
    raise ConnectionError(self._error_message(e))
E   redis.exceptions.ConnectionError: Error 111 connecting to localhost:6379. Connection refused.
____________________________ test_register_disabled ____________________________
.venv/lib/python3.12/site-packages/redis/connection.py:357: in connect
    sock = self.retry.call_with_retry(
.venv/lib/python3.12/site-packages/redis/retry.py:62: in call_with_retry
    return do()
           ^^^^
.venv/lib/python3.12/site-packages/redis/connection.py:358: in <lambda>
    lambda: self._connect(), lambda error: self.disconnect(error)
            ^^^^^^^^^^^^^^^
.venv/lib/python3.12/site-packages/redis/connection.py:730: in _connect
    raise err
.venv/lib/python3.12/site-packages/redis/connection.py:718: in _connect
    sock.connect(socket_address)
E   ConnectionRefusedError: [Errno 111] Connection refused

During handling of the above exception, another exception occurred:
tests/auth/test_register.py:52: in test_register_disabled
    r = flask_client.post(
.venv/lib/python3.12/site-packages/werkzeug/test.py:1016: in post
    return self.open(*args, **kw)
           ^^^^^^^^^^^^^^^^^^^^^^
tests/conftest.py:60: in open
    return super().open(*args, **kwargs)
           ^^^^^^^^^^^^^^^^^^^^^^^^^^^^^
.venv/lib/python3.12/site-packages/flask/testing.py:222: in open
    return Client.open(
.venv/lib/python3.12/site-packages/werkzeug/test.py:970: in open
    response = self.run_wsgi_app(environ.copy(), buffered=buffered)
               ^^^^^^^^^^^^^^^^^^^^^^^^^^^^^^^^^^^^^^^^^^^^^^^^^^^^
.venv/lib/python3.12/site-packages/werkzeug/test.py:861: in run_wsgi_app
    rv = run_wsgi_app(self.application, environ, buffered=buffered)
         ^^^^^^^^^^^^^^^^^^^^^^^^^^^^^^^^^^^^^^^^^^^^^^^^^^^^^^^^^^
.venv/lib/python3.12/site-packages/werkzeug/test.py:1096: in run_wsgi_app
    app_rv = app(environ, start_response)
             ^^^^^^^^^^^^^^^^^^^^^^^^^^^^
.venv/lib/python3.12/site-packages/flask/app.py:2464: in __call__
    return self.wsgi_app(environ, start_response)
           ^^^^^^^^^^^^^^^^^^^^^^^^^^^^^^^^^^^^^^
.venv/lib/python3.12/site-packages/werkzeug/middleware/proxy_fix.py:169: in __call__
    return self.app(environ, start_response)
           ^^^^^^^^^^^^^^^^^^^^^^^^^^^^^^^^^
.venv/lib/python3.12/site-packages/flask/app.py:2450: in wsgi_app
    response = self.handle_exception(e)
               ^^^^^^^^^^^^^^^^^^^^^^^^
.venv/lib/python3.12/site-packages/flask_cors/extension.py:165: in wrapped_function
    return cors_after_request(app.make_response(f(*args, **kwargs)))
                                                ^^^^^^^^^^^^^^^^^^
.venv/lib/python3.12/site-packages/flask/app.py:1867: in handle_exception
    reraise(exc_type, exc_value, tb)
.venv/lib/python3.12/site-packages/flask/_compat.py:39: in reraise
    raise value
.venv/lib/python3.12/site-packages/flask/app.py:2447: in wsgi_app
    response = self.full_dispatch_request()
               ^^^^^^^^^^^^^^^^^^^^^^^^^^^^
.venv/lib/python3.12/site-packages/flask/app.py:1953: in full_dispatch_request
    return self.finalize_request(rv)
           ^^^^^^^^^^^^^^^^^^^^^^^^^
.venv/lib/python3.12/site-packages/flask/app.py:1970: in finalize_request
    response = self.process_response(response)
               ^^^^^^^^^^^^^^^^^^^^^^^^^^^^^^^
.venv/lib/python3.12/site-packages/flask/app.py:2269: in process_response
    self.session_interface.save_session(self, ctx.session, response)
app/session.py:97: in save_session
    self._redis_w.setex(
.venv/lib/python3.12/site-packages/redis/commands/core.py:2360: in setex
    return self.execute_command("SETEX", name, time, value)
           ^^^^^^^^^^^^^^^^^^^^^^^^^^^^^^^^^^^^^^^^^^^^^^^^
.venv/lib/python3.12/site-packages/redis/client.py:559: in execute_command
    return self._execute_command(*args, **options)
           ^^^^^^^^^^^^^^^^^^^^^^^^^^^^^^^^^^^^^^^
.venv/lib/python3.12/site-packages/redis/client.py:565: in _execute_command
    conn = self.connection or pool.get_connection(command_name, **options)
                              ^^^^^^^^^^^^^^^^^^^^^^^^^^^^^^^^^^^^^^^^^^^^
.venv/lib/python3.12/site-packages/redis/connection.py:1422: in get_connection
    connection.connect()
.venv/lib/python3.12/site-packages/redis/connection.py:363: in connect
    raise ConnectionError(self._error_message(e))
E   redis.exceptions.ConnectionError: Error 111 connecting to localhost:6379. Connection refused.
________ test_register_non_canonical_if_canonical_exists_is_not_allowed ________
.venv/lib/python3.12/site-packages/redis/connection.py:357: in connect
    sock = self.retry.call_with_retry(
.venv/lib/python3.12/site-packages/redis/retry.py:62: in call_with_retry
    return do()
           ^^^^
.venv/lib/python3.12/site-packages/redis/connection.py:358: in <lambda>
    lambda: self._connect(), lambda error: self.disconnect(error)
            ^^^^^^^^^^^^^^^
.venv/lib/python3.12/site-packages/redis/connection.py:730: in _connect
    raise err
.venv/lib/python3.12/site-packages/redis/connection.py:718: in _connect
    sock.connect(socket_address)
E   ConnectionRefusedError: [Errno 111] Connection refused

During handling of the above exception, another exception occurred:
tests/auth/test_register.py:68: in test_register_non_canonical_if_canonical_exists_is_not_allowed
    r = flask_client.post(
.venv/lib/python3.12/site-packages/werkzeug/test.py:1016: in post
    return self.open(*args, **kw)
           ^^^^^^^^^^^^^^^^^^^^^^
tests/conftest.py:60: in open
    return super().open(*args, **kwargs)
           ^^^^^^^^^^^^^^^^^^^^^^^^^^^^^
.venv/lib/python3.12/site-packages/flask/testing.py:222: in open
    return Client.open(
.venv/lib/python3.12/site-packages/werkzeug/test.py:970: in open
    response = self.run_wsgi_app(environ.copy(), buffered=buffered)
               ^^^^^^^^^^^^^^^^^^^^^^^^^^^^^^^^^^^^^^^^^^^^^^^^^^^^
.venv/lib/python3.12/site-packages/werkzeug/test.py:861: in run_wsgi_app
    rv = run_wsgi_app(self.application, environ, buffered=buffered)
         ^^^^^^^^^^^^^^^^^^^^^^^^^^^^^^^^^^^^^^^^^^^^^^^^^^^^^^^^^^
.venv/lib/python3.12/site-packages/werkzeug/test.py:1096: in run_wsgi_app
    app_rv = app(environ, start_response)
             ^^^^^^^^^^^^^^^^^^^^^^^^^^^^
.venv/lib/python3.12/site-packages/flask/app.py:2464: in __call__
    return self.wsgi_app(environ, start_response)
           ^^^^^^^^^^^^^^^^^^^^^^^^^^^^^^^^^^^^^^
.venv/lib/python3.12/site-packages/werkzeug/middleware/proxy_fix.py:169: in __call__
    return self.app(environ, start_response)
           ^^^^^^^^^^^^^^^^^^^^^^^^^^^^^^^^^
.venv/lib/python3.12/site-packages/flask/app.py:2450: in wsgi_app
    response = self.handle_exception(e)
               ^^^^^^^^^^^^^^^^^^^^^^^^
.venv/lib/python3.12/site-packages/flask_cors/extension.py:165: in wrapped_function
    return cors_after_request(app.make_response(f(*args, **kwargs)))
                                                ^^^^^^^^^^^^^^^^^^
.venv/lib/python3.12/site-packages/flask/app.py:1867: in handle_exception
    reraise(exc_type, exc_value, tb)
.venv/lib/python3.12/site-packages/flask/_compat.py:39: in reraise
    raise value
.venv/lib/python3.12/site-packages/flask/app.py:2447: in wsgi_app
    response = self.full_dispatch_request()
               ^^^^^^^^^^^^^^^^^^^^^^^^^^^^
.venv/lib/python3.12/site-packages/flask/app.py:1953: in full_dispatch_request
    return self.finalize_request(rv)
           ^^^^^^^^^^^^^^^^^^^^^^^^^
.venv/lib/python3.12/site-packages/flask/app.py:1970: in finalize_request
    response = self.process_response(response)
               ^^^^^^^^^^^^^^^^^^^^^^^^^^^^^^^
.venv/lib/python3.12/site-packages/flask/app.py:2269: in process_response
    self.session_interface.save_session(self, ctx.session, response)
app/session.py:97: in save_session
    self._redis_w.setex(
.venv/lib/python3.12/site-packages/redis/commands/core.py:2360: in setex
    return self.execute_command("SETEX", name, time, value)
           ^^^^^^^^^^^^^^^^^^^^^^^^^^^^^^^^^^^^^^^^^^^^^^^^
.venv/lib/python3.12/site-packages/redis/client.py:559: in execute_command
    return self._execute_command(*args, **options)
           ^^^^^^^^^^^^^^^^^^^^^^^^^^^^^^^^^^^^^^^
.venv/lib/python3.12/site-packages/redis/client.py:565: in _execute_command
    conn = self.connection or pool.get_connection(command_name, **options)
                              ^^^^^^^^^^^^^^^^^^^^^^^^^^^^^^^^^^^^^^^^^^^^
.venv/lib/python3.12/site-packages/redis/connection.py:1422: in get_connection
    connection.connect()
.venv/lib/python3.12/site-packages/redis/connection.py:363: in connect
    raise ConnectionError(self._error_message(e))
E   redis.exceptions.ConnectionError: Error 111 connecting to localhost:6379. Connection refused.
----------------------------- Captured stdout call -----------------------------
2026-02-09 12:30:18,859 - SL - INFO - 5326 - "/home/runner/work/simplelogin-app/simplelogin-app/app/events/event_dispatcher.py:62" - send_event() -  - Not sending events because webhook is not configured and allowed to be empty
_________________ test_register_non_canonical_is_canonicalized _________________
.venv/lib/python3.12/site-packages/redis/connection.py:357: in connect
    sock = self.retry.call_with_retry(
.venv/lib/python3.12/site-packages/redis/retry.py:62: in call_with_retry
    return do()
           ^^^^
.venv/lib/python3.12/site-packages/redis/connection.py:358: in <lambda>
    lambda: self._connect(), lambda error: self.disconnect(error)
            ^^^^^^^^^^^^^^^
.venv/lib/python3.12/site-packages/redis/connection.py:730: in _connect
    raise err
.venv/lib/python3.12/site-packages/redis/connection.py:718: in _connect
    sock.connect(socket_address)
E   ConnectionRefusedError: [Errno 111] Connection refused

During handling of the above exception, another exception occurred:
tests/auth/test_register.py:81: in test_register_non_canonical_is_canonicalized
    r = flask_client.post(
.venv/lib/python3.12/site-packages/werkzeug/test.py:1016: in post
    return self.open(*args, **kw)
           ^^^^^^^^^^^^^^^^^^^^^^
tests/conftest.py:60: in open
    return super().open(*args, **kwargs)
           ^^^^^^^^^^^^^^^^^^^^^^^^^^^^^
.venv/lib/python3.12/site-packages/flask/testing.py:222: in open
    return Client.open(
.venv/lib/python3.12/site-packages/werkzeug/test.py:970: in open
    response = self.run_wsgi_app(environ.copy(), buffered=buffered)
               ^^^^^^^^^^^^^^^^^^^^^^^^^^^^^^^^^^^^^^^^^^^^^^^^^^^^
.venv/lib/python3.12/site-packages/werkzeug/test.py:861: in run_wsgi_app
    rv = run_wsgi_app(self.application, environ, buffered=buffered)
         ^^^^^^^^^^^^^^^^^^^^^^^^^^^^^^^^^^^^^^^^^^^^^^^^^^^^^^^^^^
.venv/lib/python3.12/site-packages/werkzeug/test.py:1096: in run_wsgi_app
    app_rv = app(environ, start_response)
             ^^^^^^^^^^^^^^^^^^^^^^^^^^^^
.venv/lib/python3.12/site-packages/flask/app.py:2464: in __call__
    return self.wsgi_app(environ, start_response)
           ^^^^^^^^^^^^^^^^^^^^^^^^^^^^^^^^^^^^^^
.venv/lib/python3.12/site-packages/werkzeug/middleware/proxy_fix.py:169: in __call__
    return self.app(environ, start_response)
           ^^^^^^^^^^^^^^^^^^^^^^^^^^^^^^^^^
.venv/lib/python3.12/site-packages/flask/app.py:2450: in wsgi_app
    response = self.handle_exception(e)
               ^^^^^^^^^^^^^^^^^^^^^^^^
.venv/lib/python3.12/site-packages/flask_cors/extension.py:165: in wrapped_function
    return cors_after_request(app.make_response(f(*args, **kwargs)))
                                                ^^^^^^^^^^^^^^^^^^
.venv/lib/python3.12/site-packages/flask/app.py:1867: in handle_exception
    reraise(exc_type, exc_value, tb)
.venv/lib/python3.12/site-packages/flask/_compat.py:39: in reraise
    raise value
.venv/lib/python3.12/site-packages/flask/app.py:2447: in wsgi_app
    response = self.full_dispatch_request()
               ^^^^^^^^^^^^^^^^^^^^^^^^^^^^
.venv/lib/python3.12/site-packages/flask/app.py:1953: in full_dispatch_request
    return self.finalize_request(rv)
           ^^^^^^^^^^^^^^^^^^^^^^^^^
.venv/lib/python3.12/site-packages/flask/app.py:1970: in finalize_request
    response = self.process_response(response)
               ^^^^^^^^^^^^^^^^^^^^^^^^^^^^^^^
.venv/lib/python3.12/site-packages/flask/app.py:2269: in process_response
    self.session_interface.save_session(self, ctx.session, response)
app/session.py:97: in save_session
    self._redis_w.setex(
.venv/lib/python3.12/site-packages/redis/commands/core.py:2360: in setex
    return self.execute_command("SETEX", name, time, value)
           ^^^^^^^^^^^^^^^^^^^^^^^^^^^^^^^^^^^^^^^^^^^^^^^^
.venv/lib/python3.12/site-packages/redis/client.py:559: in execute_command
    return self._execute_command(*args, **options)
           ^^^^^^^^^^^^^^^^^^^^^^^^^^^^^^^^^^^^^^^
.venv/lib/python3.12/site-packages/redis/client.py:565: in _execute_command
    conn = self.connection or pool.get_connection(command_name, **options)
                              ^^^^^^^^^^^^^^^^^^^^^^^^^^^^^^^^^^^^^^^^^^^^
.venv/lib/python3.12/site-packages/redis/connection.py:1422: in get_connection
    connection.connect()
.venv/lib/python3.12/site-packages/redis/connection.py:363: in connect
    raise ConnectionError(self._error_message(e))
E   redis.exceptions.ConnectionError: Error 111 connecting to localhost:6379. Connection refused.
________________________ test_successful_reset_password ________________________
.venv/lib/python3.12/site-packages/redis/connection.py:357: in connect
    sock = self.retry.call_with_retry(
.venv/lib/python3.12/site-packages/redis/retry.py:62: in call_with_retry
    return do()
           ^^^^
.venv/lib/python3.12/site-packages/redis/connection.py:358: in <lambda>
    lambda: self._connect(), lambda error: self.disconnect(error)
            ^^^^^^^^^^^^^^^
.venv/lib/python3.12/site-packages/redis/connection.py:730: in _connect
    raise err
.venv/lib/python3.12/site-packages/redis/connection.py:718: in _connect
    sock.connect(socket_address)
E   ConnectionRefusedError: [Errno 111] Connection refused

During handling of the above exception, another exception occurred:
tests/auth/test_reset_password.py:17: in test_successful_reset_password
    r = flask_client.post(
.venv/lib/python3.12/site-packages/werkzeug/test.py:1016: in post
    return self.open(*args, **kw)
           ^^^^^^^^^^^^^^^^^^^^^^
tests/conftest.py:60: in open
    return super().open(*args, **kwargs)
           ^^^^^^^^^^^^^^^^^^^^^^^^^^^^^
.venv/lib/python3.12/site-packages/flask/testing.py:222: in open
    return Client.open(
.venv/lib/python3.12/site-packages/werkzeug/test.py:970: in open
    response = self.run_wsgi_app(environ.copy(), buffered=buffered)
               ^^^^^^^^^^^^^^^^^^^^^^^^^^^^^^^^^^^^^^^^^^^^^^^^^^^^
.venv/lib/python3.12/site-packages/werkzeug/test.py:861: in run_wsgi_app
    rv = run_wsgi_app(self.application, environ, buffered=buffered)
         ^^^^^^^^^^^^^^^^^^^^^^^^^^^^^^^^^^^^^^^^^^^^^^^^^^^^^^^^^^
.venv/lib/python3.12/site-packages/werkzeug/test.py:1096: in run_wsgi_app
    app_rv = app(environ, start_response)
             ^^^^^^^^^^^^^^^^^^^^^^^^^^^^
.venv/lib/python3.12/site-packages/flask/app.py:2464: in __call__
    return self.wsgi_app(environ, start_response)
           ^^^^^^^^^^^^^^^^^^^^^^^^^^^^^^^^^^^^^^
.venv/lib/python3.12/site-packages/werkzeug/middleware/proxy_fix.py:169: in __call__
    return self.app(environ, start_response)
           ^^^^^^^^^^^^^^^^^^^^^^^^^^^^^^^^^
.venv/lib/python3.12/site-packages/flask/app.py:2450: in wsgi_app
    response = self.handle_exception(e)
               ^^^^^^^^^^^^^^^^^^^^^^^^
.venv/lib/python3.12/site-packages/flask_cors/extension.py:165: in wrapped_function
    return cors_after_request(app.make_response(f(*args, **kwargs)))
                                                ^^^^^^^^^^^^^^^^^^
.venv/lib/python3.12/site-packages/flask/app.py:1867: in handle_exception
    reraise(exc_type, exc_value, tb)
.venv/lib/python3.12/site-packages/flask/_compat.py:39: in reraise
    raise value
.venv/lib/python3.12/site-packages/flask/app.py:2447: in wsgi_app
    response = self.full_dispatch_request()
               ^^^^^^^^^^^^^^^^^^^^^^^^^^^^
.venv/lib/python3.12/site-packages/flask/app.py:1953: in full_dispatch_request
    return self.finalize_request(rv)
           ^^^^^^^^^^^^^^^^^^^^^^^^^
.venv/lib/python3.12/site-packages/flask/app.py:1970: in finalize_request
    response = self.process_response(response)
               ^^^^^^^^^^^^^^^^^^^^^^^^^^^^^^^
.venv/lib/python3.12/site-packages/flask/app.py:2269: in process_response
    self.session_interface.save_session(self, ctx.session, response)
app/session.py:97: in save_session
    self._redis_w.setex(
.venv/lib/python3.12/site-packages/redis/commands/core.py:2360: in setex
    return self.execute_command("SETEX", name, time, value)
           ^^^^^^^^^^^^^^^^^^^^^^^^^^^^^^^^^^^^^^^^^^^^^^^^
.venv/lib/python3.12/site-packages/redis/client.py:559: in execute_command
    return self._execute_command(*args, **options)
           ^^^^^^^^^^^^^^^^^^^^^^^^^^^^^^^^^^^^^^^
.venv/lib/python3.12/site-packages/redis/client.py:565: in _execute_command
    conn = self.connection or pool.get_connection(command_name, **options)
                              ^^^^^^^^^^^^^^^^^^^^^^^^^^^^^^^^^^^^^^^^^^^^
.venv/lib/python3.12/site-packages/redis/connection.py:1422: in get_connection
    connection.connect()
.venv/lib/python3.12/site-packages/redis/connection.py:363: in connect
    raise ConnectionError(self._error_message(e))
E   redis.exceptions.ConnectionError: Error 111 connecting to localhost:6379. Connection refused.
----------------------------- Captured stdout call -----------------------------
2026-02-09 12:30:19,527 - SL - INFO - 5326 - "/home/runner/work/simplelogin-app/simplelogin-app/app/events/event_dispatcher.py:62" - send_event() -  - Not sending events because webhook is not configured and allowed to be empty
___________________________ test_add_contact_success ___________________________
.venv/lib/python3.12/site-packages/redis/connection.py:357: in connect
    sock = self.retry.call_with_retry(
.venv/lib/python3.12/site-packages/redis/retry.py:62: in call_with_retry
    return do()
           ^^^^
.venv/lib/python3.12/site-packages/redis/connection.py:358: in <lambda>
    lambda: self._connect(), lambda error: self.disconnect(error)
            ^^^^^^^^^^^^^^^
.venv/lib/python3.12/site-packages/redis/connection.py:730: in _connect
    raise err
.venv/lib/python3.12/site-packages/redis/connection.py:718: in _connect
    sock.connect(socket_address)
E   ConnectionRefusedError: [Errno 111] Connection refused

During handling of the above exception, another exception occurred:
tests/dashboard/test_alias_contact_manager.py:11: in test_add_contact_success
    user = login(flask_client)
           ^^^^^^^^^^^^^^^^^^^
tests/utils.py:57: in login
    r = flask_client.post(
.venv/lib/python3.12/site-packages/werkzeug/test.py:1016: in post
    return self.open(*args, **kw)
           ^^^^^^^^^^^^^^^^^^^^^^
tests/conftest.py:60: in open
    return super().open(*args, **kwargs)
           ^^^^^^^^^^^^^^^^^^^^^^^^^^^^^
.venv/lib/python3.12/site-packages/flask/testing.py:222: in open
    return Client.open(
.venv/lib/python3.12/site-packages/werkzeug/test.py:970: in open
    response = self.run_wsgi_app(environ.copy(), buffered=buffered)
               ^^^^^^^^^^^^^^^^^^^^^^^^^^^^^^^^^^^^^^^^^^^^^^^^^^^^
.venv/lib/python3.12/site-packages/werkzeug/test.py:861: in run_wsgi_app
    rv = run_wsgi_app(self.application, environ, buffered=buffered)
         ^^^^^^^^^^^^^^^^^^^^^^^^^^^^^^^^^^^^^^^^^^^^^^^^^^^^^^^^^^
.venv/lib/python3.12/site-packages/werkzeug/test.py:1096: in run_wsgi_app
    app_rv = app(environ, start_response)
             ^^^^^^^^^^^^^^^^^^^^^^^^^^^^
.venv/lib/python3.12/site-packages/flask/app.py:2464: in __call__
    return self.wsgi_app(environ, start_response)
           ^^^^^^^^^^^^^^^^^^^^^^^^^^^^^^^^^^^^^^
.venv/lib/python3.12/site-packages/werkzeug/middleware/proxy_fix.py:169: in __call__
    return self.app(environ, start_response)
           ^^^^^^^^^^^^^^^^^^^^^^^^^^^^^^^^^
.venv/lib/python3.12/site-packages/flask/app.py:2450: in wsgi_app
    response = self.handle_exception(e)
               ^^^^^^^^^^^^^^^^^^^^^^^^
.venv/lib/python3.12/site-packages/flask_cors/extension.py:165: in wrapped_function
    return cors_after_request(app.make_response(f(*args, **kwargs)))
                                                ^^^^^^^^^^^^^^^^^^
.venv/lib/python3.12/site-packages/flask/app.py:1867: in handle_exception
    reraise(exc_type, exc_value, tb)
.venv/lib/python3.12/site-packages/flask/_compat.py:39: in reraise
    raise value
.venv/lib/python3.12/site-packages/flask/app.py:2447: in wsgi_app
    response = self.full_dispatch_request()
               ^^^^^^^^^^^^^^^^^^^^^^^^^^^^
.venv/lib/python3.12/site-packages/flask/app.py:1953: in full_dispatch_request
    return self.finalize_request(rv)
           ^^^^^^^^^^^^^^^^^^^^^^^^^
.venv/lib/python3.12/site-packages/flask/app.py:1970: in finalize_request
    response = self.process_response(response)
               ^^^^^^^^^^^^^^^^^^^^^^^^^^^^^^^
.venv/lib/python3.12/site-packages/flask/app.py:2269: in process_response
    self.session_interface.save_session(self, ctx.session, response)
app/session.py:97: in save_session
    self._redis_w.setex(
.venv/lib/python3.12/site-packages/redis/commands/core.py:2360: in setex
    return self.execute_command("SETEX", name, time, value)
           ^^^^^^^^^^^^^^^^^^^^^^^^^^^^^^^^^^^^^^^^^^^^^^^^
.venv/lib/python3.12/site-packages/redis/client.py:559: in execute_command
    return self._execute_command(*args, **options)
           ^^^^^^^^^^^^^^^^^^^^^^^^^^^^^^^^^^^^^^^
.venv/lib/python3.12/site-packages/redis/client.py:565: in _execute_command
    conn = self.connection or pool.get_connection(command_name, **options)
                              ^^^^^^^^^^^^^^^^^^^^^^^^^^^^^^^^^^^^^^^^^^^^
.venv/lib/python3.12/site-packages/redis/connection.py:1422: in get_connection
    connection.connect()
.venv/lib/python3.12/site-packages/redis/connection.py:363: in connect
    raise ConnectionError(self._error_message(e))
E   redis.exceptions.ConnectionError: Error 111 connecting to localhost:6379. Connection refused.
----------------------------- Captured stdout call -----------------------------
2026-02-09 12:30:25,642 - SL - INFO - 5326 - "/home/runner/work/simplelogin-app/simplelogin-app/app/events/event_dispatcher.py:62" - send_event() -  - Not sending events because webhook is not configured and allowed to be empty
______________________________ test_alias_export _______________________________
.venv/lib/python3.12/site-packages/redis/connection.py:357: in connect
    sock = self.retry.call_with_retry(
.venv/lib/python3.12/site-packages/redis/retry.py:62: in call_with_retry
    return do()
           ^^^^
.venv/lib/python3.12/site-packages/redis/connection.py:358: in <lambda>
    lambda: self._connect(), lambda error: self.disconnect(error)
            ^^^^^^^^^^^^^^^
.venv/lib/python3.12/site-packages/redis/connection.py:730: in _connect
    raise err
.venv/lib/python3.12/site-packages/redis/connection.py:718: in _connect
    sock.connect(socket_address)
E   ConnectionRefusedError: [Errno 111] Connection refused

During handling of the above exception, another exception occurred:
tests/dashboard/test_alias_csv_export.py:5: in test_alias_export
    alias_export(flask_client, "dashboard.alias_export_route")
tests/utils_test_alias.py:14: in alias_export
    user1 = login(flask_client)
            ^^^^^^^^^^^^^^^^^^^
tests/utils.py:57: in login
    r = flask_client.post(
.venv/lib/python3.12/site-packages/werkzeug/test.py:1016: in post
    return self.open(*args, **kw)
           ^^^^^^^^^^^^^^^^^^^^^^
tests/conftest.py:60: in open
    return super().open(*args, **kwargs)
           ^^^^^^^^^^^^^^^^^^^^^^^^^^^^^
.venv/lib/python3.12/site-packages/flask/testing.py:222: in open
    return Client.open(
.venv/lib/python3.12/site-packages/werkzeug/test.py:970: in open
    response = self.run_wsgi_app(environ.copy(), buffered=buffered)
               ^^^^^^^^^^^^^^^^^^^^^^^^^^^^^^^^^^^^^^^^^^^^^^^^^^^^
.venv/lib/python3.12/site-packages/werkzeug/test.py:861: in run_wsgi_app
    rv = run_wsgi_app(self.application, environ, buffered=buffered)
         ^^^^^^^^^^^^^^^^^^^^^^^^^^^^^^^^^^^^^^^^^^^^^^^^^^^^^^^^^^
.venv/lib/python3.12/site-packages/werkzeug/test.py:1096: in run_wsgi_app
    app_rv = app(environ, start_response)
             ^^^^^^^^^^^^^^^^^^^^^^^^^^^^
.venv/lib/python3.12/site-packages/flask/app.py:2464: in __call__
    return self.wsgi_app(environ, start_response)
           ^^^^^^^^^^^^^^^^^^^^^^^^^^^^^^^^^^^^^^
.venv/lib/python3.12/site-packages/werkzeug/middleware/proxy_fix.py:169: in __call__
    return self.app(environ, start_response)
           ^^^^^^^^^^^^^^^^^^^^^^^^^^^^^^^^^
.venv/lib/python3.12/site-packages/flask/app.py:2450: in wsgi_app
    response = self.handle_exception(e)
               ^^^^^^^^^^^^^^^^^^^^^^^^
.venv/lib/python3.12/site-packages/flask_cors/extension.py:165: in wrapped_function
    return cors_after_request(app.make_response(f(*args, **kwargs)))
                                                ^^^^^^^^^^^^^^^^^^
.venv/lib/python3.12/site-packages/flask/app.py:1867: in handle_exception
    reraise(exc_type, exc_value, tb)
.venv/lib/python3.12/site-packages/flask/_compat.py:39: in reraise
    raise value
.venv/lib/python3.12/site-packages/flask/app.py:2447: in wsgi_app
    response = self.full_dispatch_request()
               ^^^^^^^^^^^^^^^^^^^^^^^^^^^^
.venv/lib/python3.12/site-packages/flask/app.py:1953: in full_dispatch_request
    return self.finalize_request(rv)
           ^^^^^^^^^^^^^^^^^^^^^^^^^
.venv/lib/python3.12/site-packages/flask/app.py:1970: in finalize_request
    response = self.process_response(response)
               ^^^^^^^^^^^^^^^^^^^^^^^^^^^^^^^
.venv/lib/python3.12/site-packages/flask/app.py:2269: in process_response
    self.session_interface.save_session(self, ctx.session, response)
app/session.py:97: in save_session
    self._redis_w.setex(
.venv/lib/python3.12/site-packages/redis/commands/core.py:2360: in setex
    return self.execute_command("SETEX", name, time, value)
           ^^^^^^^^^^^^^^^^^^^^^^^^^^^^^^^^^^^^^^^^^^^^^^^^
.venv/lib/python3.12/site-packages/redis/client.py:559: in execute_command
    return self._execute_command(*args, **options)
           ^^^^^^^^^^^^^^^^^^^^^^^^^^^^^^^^^^^^^^^
.venv/lib/python3.12/site-packages/redis/client.py:565: in _execute_command
    conn = self.connection or pool.get_connection(command_name, **options)
                              ^^^^^^^^^^^^^^^^^^^^^^^^^^^^^^^^^^^^^^^^^^^^
.venv/lib/python3.12/site-packages/redis/connection.py:1422: in get_connection
    connection.connect()
.venv/lib/python3.12/site-packages/redis/connection.py:363: in connect
    raise ConnectionError(self._error_message(e))
E   redis.exceptions.ConnectionError: Error 111 connecting to localhost:6379. Connection refused.
----------------------------- Captured stdout call -----------------------------
2026-02-09 12:30:26,334 - SL - INFO - 5326 - "/home/runner/work/simplelogin-app/simplelogin-app/app/events/event_dispatcher.py:62" - send_event() -  - Not sending events because webhook is not configured and allowed to be empty
_____________________________ test_alias_transfer ______________________________
.venv/lib/python3.12/site-packages/redis/connection.py:357: in connect
    sock = self.retry.call_with_retry(
.venv/lib/python3.12/site-packages/redis/retry.py:62: in call_with_retry
    return do()
           ^^^^
.venv/lib/python3.12/site-packages/redis/connection.py:358: in <lambda>
    lambda: self._connect(), lambda error: self.disconnect(error)
            ^^^^^^^^^^^^^^^
.venv/lib/python3.12/site-packages/redis/connection.py:730: in _connect
    raise err
.venv/lib/python3.12/site-packages/redis/connection.py:718: in _connect
    sock.connect(socket_address)
E   ConnectionRefusedError: [Errno 111] Connection refused

During handling of the above exception, another exception occurred:
tests/dashboard/test_alias_transfer.py:32: in test_alias_transfer
    source_user = login(flask_client, source_user)
                  ^^^^^^^^^^^^^^^^^^^^^^^^^^^^^^^^
tests/utils.py:57: in login
    r = flask_client.post(
.venv/lib/python3.12/site-packages/werkzeug/test.py:1016: in post
    return self.open(*args, **kw)
           ^^^^^^^^^^^^^^^^^^^^^^
tests/conftest.py:60: in open
    return super().open(*args, **kwargs)
           ^^^^^^^^^^^^^^^^^^^^^^^^^^^^^
.venv/lib/python3.12/site-packages/flask/testing.py:222: in open
    return Client.open(
.venv/lib/python3.12/site-packages/werkzeug/test.py:970: in open
    response = self.run_wsgi_app(environ.copy(), buffered=buffered)
               ^^^^^^^^^^^^^^^^^^^^^^^^^^^^^^^^^^^^^^^^^^^^^^^^^^^^
.venv/lib/python3.12/site-packages/werkzeug/test.py:861: in run_wsgi_app
    rv = run_wsgi_app(self.application, environ, buffered=buffered)
         ^^^^^^^^^^^^^^^^^^^^^^^^^^^^^^^^^^^^^^^^^^^^^^^^^^^^^^^^^^
.venv/lib/python3.12/site-packages/werkzeug/test.py:1096: in run_wsgi_app
    app_rv = app(environ, start_response)
             ^^^^^^^^^^^^^^^^^^^^^^^^^^^^
.venv/lib/python3.12/site-packages/flask/app.py:2464: in __call__
    return self.wsgi_app(environ, start_response)
           ^^^^^^^^^^^^^^^^^^^^^^^^^^^^^^^^^^^^^^
.venv/lib/python3.12/site-packages/werkzeug/middleware/proxy_fix.py:169: in __call__
    return self.app(environ, start_response)
           ^^^^^^^^^^^^^^^^^^^^^^^^^^^^^^^^^
.venv/lib/python3.12/site-packages/flask/app.py:2450: in wsgi_app
    response = self.handle_exception(e)
               ^^^^^^^^^^^^^^^^^^^^^^^^
.venv/lib/python3.12/site-packages/flask_cors/extension.py:165: in wrapped_function
    return cors_after_request(app.make_response(f(*args, **kwargs)))
                                                ^^^^^^^^^^^^^^^^^^
.venv/lib/python3.12/site-packages/flask/app.py:1867: in handle_exception
    reraise(exc_type, exc_value, tb)
.venv/lib/python3.12/site-packages/flask/_compat.py:39: in reraise
    raise value
.venv/lib/python3.12/site-packages/flask/app.py:2447: in wsgi_app
    response = self.full_dispatch_request()
               ^^^^^^^^^^^^^^^^^^^^^^^^^^^^
.venv/lib/python3.12/site-packages/flask/app.py:1953: in full_dispatch_request
    return self.finalize_request(rv)
           ^^^^^^^^^^^^^^^^^^^^^^^^^
.venv/lib/python3.12/site-packages/flask/app.py:1970: in finalize_request
    response = self.process_response(response)
               ^^^^^^^^^^^^^^^^^^^^^^^^^^^^^^^
.venv/lib/python3.12/site-packages/flask/app.py:2269: in process_response
    self.session_interface.save_session(self, ctx.session, response)
app/session.py:97: in save_session
    self._redis_w.setex(
.venv/lib/python3.12/site-packages/redis/commands/core.py:2360: in setex
    return self.execute_command("SETEX", name, time, value)
           ^^^^^^^^^^^^^^^^^^^^^^^^^^^^^^^^^^^^^^^^^^^^^^^^
.venv/lib/python3.12/site-packages/redis/client.py:559: in execute_command
    return self._execute_command(*args, **options)
           ^^^^^^^^^^^^^^^^^^^^^^^^^^^^^^^^^^^^^^^
.venv/lib/python3.12/site-packages/redis/client.py:565: in _execute_command
    conn = self.connection or pool.get_connection(command_name, **options)
                              ^^^^^^^^^^^^^^^^^^^^^^^^^^^^^^^^^^^^^^^^^^^^
.venv/lib/python3.12/site-packages/redis/connection.py:1422: in get_connection
    connection.connect()
.venv/lib/python3.12/site-packages/redis/connection.py:363: in connect
    raise ConnectionError(self._error_message(e))
E   redis.exceptions.ConnectionError: Error 111 connecting to localhost:6379. Connection refused.
----------------------------- Captured stdout call -----------------------------
2026-02-09 12:30:27,026 - SL - INFO - 5326 - "/home/runner/work/simplelogin-app/simplelogin-app/app/events/event_dispatcher.py:69" - send_event() -  - Not sending events because there's no partner user for user <User 212 Test User user_qih1yo0kcn@mailbox.lan>
_____________________ test_api_key_page_requires_password ______________________
.venv/lib/python3.12/site-packages/redis/connection.py:357: in connect
    sock = self.retry.call_with_retry(
.venv/lib/python3.12/site-packages/redis/retry.py:62: in call_with_retry
    return do()
           ^^^^
.venv/lib/python3.12/site-packages/redis/connection.py:358: in <lambda>
    lambda: self._connect(), lambda error: self.disconnect(error)
            ^^^^^^^^^^^^^^^
.venv/lib/python3.12/site-packages/redis/connection.py:730: in _connect
    raise err
.venv/lib/python3.12/site-packages/redis/connection.py:718: in _connect
    sock.connect(socket_address)
E   ConnectionRefusedError: [Errno 111] Connection refused

During handling of the above exception, another exception occurred:
tests/dashboard/test_api_keys.py:14: in test_api_key_page_requires_password
    r = flask_client.get(
.venv/lib/python3.12/site-packages/werkzeug/test.py:1006: in get
    return self.open(*args, **kw)
           ^^^^^^^^^^^^^^^^^^^^^^
tests/conftest.py:60: in open
    return super().open(*args, **kwargs)
           ^^^^^^^^^^^^^^^^^^^^^^^^^^^^^
.venv/lib/python3.12/site-packages/flask/testing.py:222: in open
    return Client.open(
.venv/lib/python3.12/site-packages/werkzeug/test.py:970: in open
    response = self.run_wsgi_app(environ.copy(), buffered=buffered)
               ^^^^^^^^^^^^^^^^^^^^^^^^^^^^^^^^^^^^^^^^^^^^^^^^^^^^
.venv/lib/python3.12/site-packages/werkzeug/test.py:861: in run_wsgi_app
    rv = run_wsgi_app(self.application, environ, buffered=buffered)
         ^^^^^^^^^^^^^^^^^^^^^^^^^^^^^^^^^^^^^^^^^^^^^^^^^^^^^^^^^^
.venv/lib/python3.12/site-packages/werkzeug/test.py:1096: in run_wsgi_app
    app_rv = app(environ, start_response)
             ^^^^^^^^^^^^^^^^^^^^^^^^^^^^
.venv/lib/python3.12/site-packages/flask/app.py:2464: in __call__
    return self.wsgi_app(environ, start_response)
           ^^^^^^^^^^^^^^^^^^^^^^^^^^^^^^^^^^^^^^
.venv/lib/python3.12/site-packages/werkzeug/middleware/proxy_fix.py:169: in __call__
    return self.app(environ, start_response)
           ^^^^^^^^^^^^^^^^^^^^^^^^^^^^^^^^^
.venv/lib/python3.12/site-packages/flask/app.py:2450: in wsgi_app
    response = self.handle_exception(e)
               ^^^^^^^^^^^^^^^^^^^^^^^^
.venv/lib/python3.12/site-packages/flask_cors/extension.py:165: in wrapped_function
    return cors_after_request(app.make_response(f(*args, **kwargs)))
                                                ^^^^^^^^^^^^^^^^^^
.venv/lib/python3.12/site-packages/flask/app.py:1867: in handle_exception
    reraise(exc_type, exc_value, tb)
.venv/lib/python3.12/site-packages/flask/_compat.py:39: in reraise
    raise value
.venv/lib/python3.12/site-packages/flask/app.py:2447: in wsgi_app
    response = self.full_dispatch_request()
               ^^^^^^^^^^^^^^^^^^^^^^^^^^^^
.venv/lib/python3.12/site-packages/flask/app.py:1953: in full_dispatch_request
    return self.finalize_request(rv)
           ^^^^^^^^^^^^^^^^^^^^^^^^^
.venv/lib/python3.12/site-packages/flask/app.py:1970: in finalize_request
    response = self.process_response(response)
               ^^^^^^^^^^^^^^^^^^^^^^^^^^^^^^^
.venv/lib/python3.12/site-packages/flask/app.py:2269: in process_response
    self.session_interface.save_session(self, ctx.session, response)
app/session.py:97: in save_session
    self._redis_w.setex(
.venv/lib/python3.12/site-packages/redis/commands/core.py:2360: in setex
    return self.execute_command("SETEX", name, time, value)
           ^^^^^^^^^^^^^^^^^^^^^^^^^^^^^^^^^^^^^^^^^^^^^^^^
.venv/lib/python3.12/site-packages/redis/client.py:559: in execute_command
    return self._execute_command(*args, **options)
           ^^^^^^^^^^^^^^^^^^^^^^^^^^^^^^^^^^^^^^^
.venv/lib/python3.12/site-packages/redis/client.py:565: in _execute_command
    conn = self.connection or pool.get_connection(command_name, **options)
                              ^^^^^^^^^^^^^^^^^^^^^^^^^^^^^^^^^^^^^^^^^^^^
.venv/lib/python3.12/site-packages/redis/connection.py:1422: in get_connection
    connection.connect()
.venv/lib/python3.12/site-packages/redis/connection.py:363: in connect
    raise ConnectionError(self._error_message(e))
E   redis.exceptions.ConnectionError: Error 111 connecting to localhost:6379. Connection refused.
__________________________ test_create_delete_api_key __________________________
.venv/lib/python3.12/site-packages/redis/connection.py:357: in connect
    sock = self.retry.call_with_retry(
.venv/lib/python3.12/site-packages/redis/retry.py:62: in call_with_retry
    return do()
           ^^^^
.venv/lib/python3.12/site-packages/redis/connection.py:358: in <lambda>
    lambda: self._connect(), lambda error: self.disconnect(error)
            ^^^^^^^^^^^^^^^
.venv/lib/python3.12/site-packages/redis/connection.py:730: in _connect
    raise err
.venv/lib/python3.12/site-packages/redis/connection.py:718: in _connect
    sock.connect(socket_address)
E   ConnectionRefusedError: [Errno 111] Connection refused

During handling of the above exception, another exception occurred:
tests/dashboard/test_api_keys.py:22: in test_create_delete_api_key
    user = login(flask_client)
           ^^^^^^^^^^^^^^^^^^^
tests/utils.py:57: in login
    r = flask_client.post(
.venv/lib/python3.12/site-packages/werkzeug/test.py:1016: in post
    return self.open(*args, **kw)
           ^^^^^^^^^^^^^^^^^^^^^^
tests/conftest.py:60: in open
    return super().open(*args, **kwargs)
           ^^^^^^^^^^^^^^^^^^^^^^^^^^^^^
.venv/lib/python3.12/site-packages/flask/testing.py:222: in open
    return Client.open(
.venv/lib/python3.12/site-packages/werkzeug/test.py:970: in open
    response = self.run_wsgi_app(environ.copy(), buffered=buffered)
               ^^^^^^^^^^^^^^^^^^^^^^^^^^^^^^^^^^^^^^^^^^^^^^^^^^^^
.venv/lib/python3.12/site-packages/werkzeug/test.py:861: in run_wsgi_app
    rv = run_wsgi_app(self.application, environ, buffered=buffered)
         ^^^^^^^^^^^^^^^^^^^^^^^^^^^^^^^^^^^^^^^^^^^^^^^^^^^^^^^^^^
.venv/lib/python3.12/site-packages/werkzeug/test.py:1096: in run_wsgi_app
    app_rv = app(environ, start_response)
             ^^^^^^^^^^^^^^^^^^^^^^^^^^^^
.venv/lib/python3.12/site-packages/flask/app.py:2464: in __call__
    return self.wsgi_app(environ, start_response)
           ^^^^^^^^^^^^^^^^^^^^^^^^^^^^^^^^^^^^^^
.venv/lib/python3.12/site-packages/werkzeug/middleware/proxy_fix.py:169: in __call__
    return self.app(environ, start_response)
           ^^^^^^^^^^^^^^^^^^^^^^^^^^^^^^^^^
.venv/lib/python3.12/site-packages/flask/app.py:2450: in wsgi_app
    response = self.handle_exception(e)
               ^^^^^^^^^^^^^^^^^^^^^^^^
.venv/lib/python3.12/site-packages/flask_cors/extension.py:165: in wrapped_function
    return cors_after_request(app.make_response(f(*args, **kwargs)))
                                                ^^^^^^^^^^^^^^^^^^
.venv/lib/python3.12/site-packages/flask/app.py:1867: in handle_exception
    reraise(exc_type, exc_value, tb)
.venv/lib/python3.12/site-packages/flask/_compat.py:39: in reraise
    raise value
.venv/lib/python3.12/site-packages/flask/app.py:2447: in wsgi_app
    response = self.full_dispatch_request()
               ^^^^^^^^^^^^^^^^^^^^^^^^^^^^
.venv/lib/python3.12/site-packages/flask/app.py:1953: in full_dispatch_request
    return self.finalize_request(rv)
           ^^^^^^^^^^^^^^^^^^^^^^^^^
.venv/lib/python3.12/site-packages/flask/app.py:1970: in finalize_request
    response = self.process_response(response)
               ^^^^^^^^^^^^^^^^^^^^^^^^^^^^^^^
.venv/lib/python3.12/site-packages/flask/app.py:2269: in process_response
    self.session_interface.save_session(self, ctx.session, response)
app/session.py:97: in save_session
    self._redis_w.setex(
.venv/lib/python3.12/site-packages/redis/commands/core.py:2360: in setex
    return self.execute_command("SETEX", name, time, value)
           ^^^^^^^^^^^^^^^^^^^^^^^^^^^^^^^^^^^^^^^^^^^^^^^^
.venv/lib/python3.12/site-packages/redis/client.py:559: in execute_command
    return self._execute_command(*args, **options)
           ^^^^^^^^^^^^^^^^^^^^^^^^^^^^^^^^^^^^^^^
.venv/lib/python3.12/site-packages/redis/client.py:565: in _execute_command
    conn = self.connection or pool.get_connection(command_name, **options)
                              ^^^^^^^^^^^^^^^^^^^^^^^^^^^^^^^^^^^^^^^^^^^^
.venv/lib/python3.12/site-packages/redis/connection.py:1422: in get_connection
    connection.connect()
.venv/lib/python3.12/site-packages/redis/connection.py:363: in connect
    raise ConnectionError(self._error_message(e))
E   redis.exceptions.ConnectionError: Error 111 connecting to localhost:6379. Connection refused.
----------------------------- Captured stdout call -----------------------------
2026-02-09 12:30:27,913 - SL - INFO - 5326 - "/home/runner/work/simplelogin-app/simplelogin-app/app/events/event_dispatcher.py:62" - send_event() -  - Not sending events because webhook is not configured and allowed to be empty
___________________________ test_delete_all_api_keys ___________________________
.venv/lib/python3.12/site-packages/redis/connection.py:357: in connect
    sock = self.retry.call_with_retry(
.venv/lib/python3.12/site-packages/redis/retry.py:62: in call_with_retry
    return do()
           ^^^^
.venv/lib/python3.12/site-packages/redis/connection.py:358: in <lambda>
    lambda: self._connect(), lambda error: self.disconnect(error)
            ^^^^^^^^^^^^^^^
.venv/lib/python3.12/site-packages/redis/connection.py:730: in _connect
    raise err
.venv/lib/python3.12/site-packages/redis/connection.py:718: in _connect
    sock.connect(socket_address)
E   ConnectionRefusedError: [Errno 111] Connection refused

During handling of the above exception, another exception occurred:
tests/dashboard/test_api_keys.py:65: in test_delete_all_api_keys
    user_1 = login(flask_client)
             ^^^^^^^^^^^^^^^^^^^
tests/utils.py:57: in login
    r = flask_client.post(
.venv/lib/python3.12/site-packages/werkzeug/test.py:1016: in post
    return self.open(*args, **kw)
           ^^^^^^^^^^^^^^^^^^^^^^
tests/conftest.py:60: in open
    return super().open(*args, **kwargs)
           ^^^^^^^^^^^^^^^^^^^^^^^^^^^^^
.venv/lib/python3.12/site-packages/flask/testing.py:222: in open
    return Client.open(
.venv/lib/python3.12/site-packages/werkzeug/test.py:970: in open
    response = self.run_wsgi_app(environ.copy(), buffered=buffered)
               ^^^^^^^^^^^^^^^^^^^^^^^^^^^^^^^^^^^^^^^^^^^^^^^^^^^^
.venv/lib/python3.12/site-packages/werkzeug/test.py:861: in run_wsgi_app
    rv = run_wsgi_app(self.application, environ, buffered=buffered)
         ^^^^^^^^^^^^^^^^^^^^^^^^^^^^^^^^^^^^^^^^^^^^^^^^^^^^^^^^^^
.venv/lib/python3.12/site-packages/werkzeug/test.py:1096: in run_wsgi_app
    app_rv = app(environ, start_response)
             ^^^^^^^^^^^^^^^^^^^^^^^^^^^^
.venv/lib/python3.12/site-packages/flask/app.py:2464: in __call__
    return self.wsgi_app(environ, start_response)
           ^^^^^^^^^^^^^^^^^^^^^^^^^^^^^^^^^^^^^^
.venv/lib/python3.12/site-packages/werkzeug/middleware/proxy_fix.py:169: in __call__
    return self.app(environ, start_response)
           ^^^^^^^^^^^^^^^^^^^^^^^^^^^^^^^^^
.venv/lib/python3.12/site-packages/flask/app.py:2450: in wsgi_app
    response = self.handle_exception(e)
               ^^^^^^^^^^^^^^^^^^^^^^^^
.venv/lib/python3.12/site-packages/flask_cors/extension.py:165: in wrapped_function
    return cors_after_request(app.make_response(f(*args, **kwargs)))
                                                ^^^^^^^^^^^^^^^^^^
.venv/lib/python3.12/site-packages/flask/app.py:1867: in handle_exception
    reraise(exc_type, exc_value, tb)
.venv/lib/python3.12/site-packages/flask/_compat.py:39: in reraise
    raise value
.venv/lib/python3.12/site-packages/flask/app.py:2447: in wsgi_app
    response = self.full_dispatch_request()
               ^^^^^^^^^^^^^^^^^^^^^^^^^^^^
.venv/lib/python3.12/site-packages/flask/app.py:1953: in full_dispatch_request
    return self.finalize_request(rv)
           ^^^^^^^^^^^^^^^^^^^^^^^^^
.venv/lib/python3.12/site-packages/flask/app.py:1970: in finalize_request
    response = self.process_response(response)
               ^^^^^^^^^^^^^^^^^^^^^^^^^^^^^^^
.venv/lib/python3.12/site-packages/flask/app.py:2269: in process_response
    self.session_interface.save_session(self, ctx.session, response)
app/session.py:97: in save_session
    self._redis_w.setex(
.venv/lib/python3.12/site-packages/redis/commands/core.py:2360: in setex
    return self.execute_command("SETEX", name, time, value)
           ^^^^^^^^^^^^^^^^^^^^^^^^^^^^^^^^^^^^^^^^^^^^^^^^
.venv/lib/python3.12/site-packages/redis/client.py:559: in execute_command
    return self._execute_command(*args, **options)
           ^^^^^^^^^^^^^^^^^^^^^^^^^^^^^^^^^^^^^^^
.venv/lib/python3.12/site-packages/redis/client.py:565: in _execute_command
    conn = self.connection or pool.get_connection(command_name, **options)
                              ^^^^^^^^^^^^^^^^^^^^^^^^^^^^^^^^^^^^^^^^^^^^
.venv/lib/python3.12/site-packages/redis/connection.py:1422: in get_connection
    connection.connect()
.venv/lib/python3.12/site-packages/redis/connection.py:363: in connect
    raise ConnectionError(self._error_message(e))
E   redis.exceptions.ConnectionError: Error 111 connecting to localhost:6379. Connection refused.
----------------------------- Captured stdout call -----------------------------
2026-02-09 12:30:28,605 - SL - INFO - 5326 - "/home/runner/work/simplelogin-app/simplelogin-app/app/events/event_dispatcher.py:62" - send_event() -  - Not sending events because webhook is not configured and allowed to be empty
___________________ test_redeem_coupon_without_subscription ____________________
.venv/lib/python3.12/site-packages/redis/connection.py:357: in connect
    sock = self.retry.call_with_retry(
.venv/lib/python3.12/site-packages/redis/retry.py:62: in call_with_retry
    return do()
           ^^^^
.venv/lib/python3.12/site-packages/redis/connection.py:358: in <lambda>
    lambda: self._connect(), lambda error: self.disconnect(error)
            ^^^^^^^^^^^^^^^
.venv/lib/python3.12/site-packages/redis/connection.py:730: in _connect
    raise err
.venv/lib/python3.12/site-packages/redis/connection.py:718: in _connect
    sock.connect(socket_address)
E   ConnectionRefusedError: [Errno 111] Connection refused

During handling of the above exception, another exception occurred:
tests/dashboard/test_coupon.py:9: in test_redeem_coupon_without_subscription
    user = login(flask_client)
           ^^^^^^^^^^^^^^^^^^^
tests/utils.py:57: in login
    r = flask_client.post(
.venv/lib/python3.12/site-packages/werkzeug/test.py:1016: in post
    return self.open(*args, **kw)
           ^^^^^^^^^^^^^^^^^^^^^^
tests/conftest.py:60: in open
    return super().open(*args, **kwargs)
           ^^^^^^^^^^^^^^^^^^^^^^^^^^^^^
.venv/lib/python3.12/site-packages/flask/testing.py:222: in open
    return Client.open(
.venv/lib/python3.12/site-packages/werkzeug/test.py:970: in open
    response = self.run_wsgi_app(environ.copy(), buffered=buffered)
               ^^^^^^^^^^^^^^^^^^^^^^^^^^^^^^^^^^^^^^^^^^^^^^^^^^^^
.venv/lib/python3.12/site-packages/werkzeug/test.py:861: in run_wsgi_app
    rv = run_wsgi_app(self.application, environ, buffered=buffered)
         ^^^^^^^^^^^^^^^^^^^^^^^^^^^^^^^^^^^^^^^^^^^^^^^^^^^^^^^^^^
.venv/lib/python3.12/site-packages/werkzeug/test.py:1096: in run_wsgi_app
    app_rv = app(environ, start_response)
             ^^^^^^^^^^^^^^^^^^^^^^^^^^^^
.venv/lib/python3.12/site-packages/flask/app.py:2464: in __call__
    return self.wsgi_app(environ, start_response)
           ^^^^^^^^^^^^^^^^^^^^^^^^^^^^^^^^^^^^^^
.venv/lib/python3.12/site-packages/werkzeug/middleware/proxy_fix.py:169: in __call__
    return self.app(environ, start_response)
           ^^^^^^^^^^^^^^^^^^^^^^^^^^^^^^^^^
.venv/lib/python3.12/site-packages/flask/app.py:2450: in wsgi_app
    response = self.handle_exception(e)
               ^^^^^^^^^^^^^^^^^^^^^^^^
.venv/lib/python3.12/site-packages/flask_cors/extension.py:165: in wrapped_function
    return cors_after_request(app.make_response(f(*args, **kwargs)))
                                                ^^^^^^^^^^^^^^^^^^
.venv/lib/python3.12/site-packages/flask/app.py:1867: in handle_exception
    reraise(exc_type, exc_value, tb)
.venv/lib/python3.12/site-packages/flask/_compat.py:39: in reraise
    raise value
.venv/lib/python3.12/site-packages/flask/app.py:2447: in wsgi_app
    response = self.full_dispatch_request()
               ^^^^^^^^^^^^^^^^^^^^^^^^^^^^
.venv/lib/python3.12/site-packages/flask/app.py:1953: in full_dispatch_request
    return self.finalize_request(rv)
           ^^^^^^^^^^^^^^^^^^^^^^^^^
.venv/lib/python3.12/site-packages/flask/app.py:1970: in finalize_request
    response = self.process_response(response)
               ^^^^^^^^^^^^^^^^^^^^^^^^^^^^^^^
.venv/lib/python3.12/site-packages/flask/app.py:2269: in process_response
    self.session_interface.save_session(self, ctx.session, response)
app/session.py:97: in save_session
    self._redis_w.setex(
.venv/lib/python3.12/site-packages/redis/commands/core.py:2360: in setex
    return self.execute_command("SETEX", name, time, value)
           ^^^^^^^^^^^^^^^^^^^^^^^^^^^^^^^^^^^^^^^^^^^^^^^^
.venv/lib/python3.12/site-packages/redis/client.py:559: in execute_command
    return self._execute_command(*args, **options)
           ^^^^^^^^^^^^^^^^^^^^^^^^^^^^^^^^^^^^^^^
.venv/lib/python3.12/site-packages/redis/client.py:565: in _execute_command
    conn = self.connection or pool.get_connection(command_name, **options)
                              ^^^^^^^^^^^^^^^^^^^^^^^^^^^^^^^^^^^^^^^^^^^^
.venv/lib/python3.12/site-packages/redis/connection.py:1422: in get_connection
    connection.connect()
.venv/lib/python3.12/site-packages/redis/connection.py:363: in connect
    raise ConnectionError(self._error_message(e))
E   redis.exceptions.ConnectionError: Error 111 connecting to localhost:6379. Connection refused.
----------------------------- Captured stdout call -----------------------------
2026-02-09 12:30:29,570 - SL - INFO - 5326 - "/home/runner/work/simplelogin-app/simplelogin-app/app/events/event_dispatcher.py:62" - send_event() -  - Not sending events because webhook is not configured and allowed to be empty
_________________________ test_redeem_lifetime_coupon __________________________
.venv/lib/python3.12/site-packages/redis/connection.py:357: in connect
    sock = self.retry.call_with_retry(
.venv/lib/python3.12/site-packages/redis/retry.py:62: in call_with_retry
    return do()
           ^^^^
.venv/lib/python3.12/site-packages/redis/connection.py:358: in <lambda>
    lambda: self._connect(), lambda error: self.disconnect(error)
            ^^^^^^^^^^^^^^^
.venv/lib/python3.12/site-packages/redis/connection.py:730: in _connect
    raise err
.venv/lib/python3.12/site-packages/redis/connection.py:718: in _connect
    sock.connect(socket_address)
E   ConnectionRefusedError: [Errno 111] Connection refused

During handling of the above exception, another exception occurred:
tests/dashboard/test_coupon.py:25: in test_redeem_lifetime_coupon
    login(flask_client)
tests/utils.py:57: in login
    r = flask_client.post(
.venv/lib/python3.12/site-packages/werkzeug/test.py:1016: in post
    return self.open(*args, **kw)
           ^^^^^^^^^^^^^^^^^^^^^^
tests/conftest.py:60: in open
    return super().open(*args, **kwargs)
           ^^^^^^^^^^^^^^^^^^^^^^^^^^^^^
.venv/lib/python3.12/site-packages/flask/testing.py:222: in open
    return Client.open(
.venv/lib/python3.12/site-packages/werkzeug/test.py:970: in open
    response = self.run_wsgi_app(environ.copy(), buffered=buffered)
               ^^^^^^^^^^^^^^^^^^^^^^^^^^^^^^^^^^^^^^^^^^^^^^^^^^^^
.venv/lib/python3.12/site-packages/werkzeug/test.py:861: in run_wsgi_app
    rv = run_wsgi_app(self.application, environ, buffered=buffered)
         ^^^^^^^^^^^^^^^^^^^^^^^^^^^^^^^^^^^^^^^^^^^^^^^^^^^^^^^^^^
.venv/lib/python3.12/site-packages/werkzeug/test.py:1096: in run_wsgi_app
    app_rv = app(environ, start_response)
             ^^^^^^^^^^^^^^^^^^^^^^^^^^^^
.venv/lib/python3.12/site-packages/flask/app.py:2464: in __call__
    return self.wsgi_app(environ, start_response)
           ^^^^^^^^^^^^^^^^^^^^^^^^^^^^^^^^^^^^^^
.venv/lib/python3.12/site-packages/werkzeug/middleware/proxy_fix.py:169: in __call__
    return self.app(environ, start_response)
           ^^^^^^^^^^^^^^^^^^^^^^^^^^^^^^^^^
.venv/lib/python3.12/site-packages/flask/app.py:2450: in wsgi_app
    response = self.handle_exception(e)
               ^^^^^^^^^^^^^^^^^^^^^^^^
.venv/lib/python3.12/site-packages/flask_cors/extension.py:165: in wrapped_function
    return cors_after_request(app.make_response(f(*args, **kwargs)))
                                                ^^^^^^^^^^^^^^^^^^
.venv/lib/python3.12/site-packages/flask/app.py:1867: in handle_exception
    reraise(exc_type, exc_value, tb)
.venv/lib/python3.12/site-packages/flask/_compat.py:39: in reraise
    raise value
.venv/lib/python3.12/site-packages/flask/app.py:2447: in wsgi_app
    response = self.full_dispatch_request()
               ^^^^^^^^^^^^^^^^^^^^^^^^^^^^
.venv/lib/python3.12/site-packages/flask/app.py:1953: in full_dispatch_request
    return self.finalize_request(rv)
           ^^^^^^^^^^^^^^^^^^^^^^^^^
.venv/lib/python3.12/site-packages/flask/app.py:1970: in finalize_request
    response = self.process_response(response)
               ^^^^^^^^^^^^^^^^^^^^^^^^^^^^^^^
.venv/lib/python3.12/site-packages/flask/app.py:2269: in process_response
    self.session_interface.save_session(self, ctx.session, response)
app/session.py:97: in save_session
    self._redis_w.setex(
.venv/lib/python3.12/site-packages/redis/commands/core.py:2360: in setex
    return self.execute_command("SETEX", name, time, value)
           ^^^^^^^^^^^^^^^^^^^^^^^^^^^^^^^^^^^^^^^^^^^^^^^^
.venv/lib/python3.12/site-packages/redis/client.py:559: in execute_command
    return self._execute_command(*args, **options)
           ^^^^^^^^^^^^^^^^^^^^^^^^^^^^^^^^^^^^^^^
.venv/lib/python3.12/site-packages/redis/client.py:565: in _execute_command
    conn = self.connection or pool.get_connection(command_name, **options)
                              ^^^^^^^^^^^^^^^^^^^^^^^^^^^^^^^^^^^^^^^^^^^^
.venv/lib/python3.12/site-packages/redis/connection.py:1422: in get_connection
    connection.connect()
.venv/lib/python3.12/site-packages/redis/connection.py:363: in connect
    raise ConnectionError(self._error_message(e))
E   redis.exceptions.ConnectionError: Error 111 connecting to localhost:6379. Connection refused.
----------------------------- Captured stdout call -----------------------------
2026-02-09 12:30:30,262 - SL - INFO - 5326 - "/home/runner/work/simplelogin-app/simplelogin-app/app/events/event_dispatcher.py:62" - send_event() -  - Not sending events because webhook is not configured and allowed to be empty
____________________________ test_add_alias_success ____________________________
.venv/lib/python3.12/site-packages/redis/connection.py:357: in connect
    sock = self.retry.call_with_retry(
.venv/lib/python3.12/site-packages/redis/retry.py:62: in call_with_retry
    return do()
           ^^^^
.venv/lib/python3.12/site-packages/redis/connection.py:358: in <lambda>
    lambda: self._connect(), lambda error: self.disconnect(error)
            ^^^^^^^^^^^^^^^
.venv/lib/python3.12/site-packages/redis/connection.py:730: in _connect
    raise err
.venv/lib/python3.12/site-packages/redis/connection.py:718: in _connect
    sock.connect(socket_address)
E   ConnectionRefusedError: [Errno 111] Connection refused

During handling of the above exception, another exception occurred:
tests/dashboard/test_custom_alias.py:34: in test_add_alias_success
    user = login(flask_client)
           ^^^^^^^^^^^^^^^^^^^
tests/utils.py:57: in login
    r = flask_client.post(
.venv/lib/python3.12/site-packages/werkzeug/test.py:1016: in post
    return self.open(*args, **kw)
           ^^^^^^^^^^^^^^^^^^^^^^
tests/conftest.py:60: in open
    return super().open(*args, **kwargs)
           ^^^^^^^^^^^^^^^^^^^^^^^^^^^^^
.venv/lib/python3.12/site-packages/flask/testing.py:222: in open
    return Client.open(
.venv/lib/python3.12/site-packages/werkzeug/test.py:970: in open
    response = self.run_wsgi_app(environ.copy(), buffered=buffered)
               ^^^^^^^^^^^^^^^^^^^^^^^^^^^^^^^^^^^^^^^^^^^^^^^^^^^^
.venv/lib/python3.12/site-packages/werkzeug/test.py:861: in run_wsgi_app
    rv = run_wsgi_app(self.application, environ, buffered=buffered)
         ^^^^^^^^^^^^^^^^^^^^^^^^^^^^^^^^^^^^^^^^^^^^^^^^^^^^^^^^^^
.venv/lib/python3.12/site-packages/werkzeug/test.py:1096: in run_wsgi_app
    app_rv = app(environ, start_response)
             ^^^^^^^^^^^^^^^^^^^^^^^^^^^^
.venv/lib/python3.12/site-packages/flask/app.py:2464: in __call__
    return self.wsgi_app(environ, start_response)
           ^^^^^^^^^^^^^^^^^^^^^^^^^^^^^^^^^^^^^^
.venv/lib/python3.12/site-packages/werkzeug/middleware/proxy_fix.py:169: in __call__
    return self.app(environ, start_response)
           ^^^^^^^^^^^^^^^^^^^^^^^^^^^^^^^^^
.venv/lib/python3.12/site-packages/flask/app.py:2450: in wsgi_app
    response = self.handle_exception(e)
               ^^^^^^^^^^^^^^^^^^^^^^^^
.venv/lib/python3.12/site-packages/flask_cors/extension.py:165: in wrapped_function
    return cors_after_request(app.make_response(f(*args, **kwargs)))
                                                ^^^^^^^^^^^^^^^^^^
.venv/lib/python3.12/site-packages/flask/app.py:1867: in handle_exception
    reraise(exc_type, exc_value, tb)
.venv/lib/python3.12/site-packages/flask/_compat.py:39: in reraise
    raise value
.venv/lib/python3.12/site-packages/flask/app.py:2447: in wsgi_app
    response = self.full_dispatch_request()
               ^^^^^^^^^^^^^^^^^^^^^^^^^^^^
.venv/lib/python3.12/site-packages/flask/app.py:1953: in full_dispatch_request
    return self.finalize_request(rv)
           ^^^^^^^^^^^^^^^^^^^^^^^^^
.venv/lib/python3.12/site-packages/flask/app.py:1970: in finalize_request
    response = self.process_response(response)
               ^^^^^^^^^^^^^^^^^^^^^^^^^^^^^^^
.venv/lib/python3.12/site-packages/flask/app.py:2269: in process_response
    self.session_interface.save_session(self, ctx.session, response)
app/session.py:97: in save_session
    self._redis_w.setex(
.venv/lib/python3.12/site-packages/redis/commands/core.py:2360: in setex
    return self.execute_command("SETEX", name, time, value)
           ^^^^^^^^^^^^^^^^^^^^^^^^^^^^^^^^^^^^^^^^^^^^^^^^
.venv/lib/python3.12/site-packages/redis/client.py:559: in execute_command
    return self._execute_command(*args, **options)
           ^^^^^^^^^^^^^^^^^^^^^^^^^^^^^^^^^^^^^^^
.venv/lib/python3.12/site-packages/redis/client.py:565: in _execute_command
    conn = self.connection or pool.get_connection(command_name, **options)
                              ^^^^^^^^^^^^^^^^^^^^^^^^^^^^^^^^^^^^^^^^^^^^
.venv/lib/python3.12/site-packages/redis/connection.py:1422: in get_connection
    connection.connect()
.venv/lib/python3.12/site-packages/redis/connection.py:363: in connect
    raise ConnectionError(self._error_message(e))
E   redis.exceptions.ConnectionError: Error 111 connecting to localhost:6379. Connection refused.
----------------------------- Captured stdout call -----------------------------
2026-02-09 12:30:30,952 - SL - INFO - 5326 - "/home/runner/work/simplelogin-app/simplelogin-app/app/events/event_dispatcher.py:62" - send_event() -  - Not sending events because webhook is not configured and allowed to be empty
________________ test_add_alias_increment_nb_daily_metric_alias ________________
.venv/lib/python3.12/site-packages/redis/connection.py:357: in connect
    sock = self.retry.call_with_retry(
.venv/lib/python3.12/site-packages/redis/retry.py:62: in call_with_retry
    return do()
           ^^^^
.venv/lib/python3.12/site-packages/redis/connection.py:358: in <lambda>
    lambda: self._connect(), lambda error: self.disconnect(error)
            ^^^^^^^^^^^^^^^
.venv/lib/python3.12/site-packages/redis/connection.py:730: in _connect
    raise err
.venv/lib/python3.12/site-packages/redis/connection.py:718: in _connect
    sock.connect(socket_address)
E   ConnectionRefusedError: [Errno 111] Connection refused

During handling of the above exception, another exception occurred:
tests/dashboard/test_custom_alias.py:63: in test_add_alias_increment_nb_daily_metric_alias
    user = login(flask_client)
           ^^^^^^^^^^^^^^^^^^^
tests/utils.py:57: in login
    r = flask_client.post(
.venv/lib/python3.12/site-packages/werkzeug/test.py:1016: in post
    return self.open(*args, **kw)
           ^^^^^^^^^^^^^^^^^^^^^^
tests/conftest.py:60: in open
    return super().open(*args, **kwargs)
           ^^^^^^^^^^^^^^^^^^^^^^^^^^^^^
.venv/lib/python3.12/site-packages/flask/testing.py:222: in open
    return Client.open(
.venv/lib/python3.12/site-packages/werkzeug/test.py:970: in open
    response = self.run_wsgi_app(environ.copy(), buffered=buffered)
               ^^^^^^^^^^^^^^^^^^^^^^^^^^^^^^^^^^^^^^^^^^^^^^^^^^^^
.venv/lib/python3.12/site-packages/werkzeug/test.py:861: in run_wsgi_app
    rv = run_wsgi_app(self.application, environ, buffered=buffered)
         ^^^^^^^^^^^^^^^^^^^^^^^^^^^^^^^^^^^^^^^^^^^^^^^^^^^^^^^^^^
.venv/lib/python3.12/site-packages/werkzeug/test.py:1096: in run_wsgi_app
    app_rv = app(environ, start_response)
             ^^^^^^^^^^^^^^^^^^^^^^^^^^^^
.venv/lib/python3.12/site-packages/flask/app.py:2464: in __call__
    return self.wsgi_app(environ, start_response)
           ^^^^^^^^^^^^^^^^^^^^^^^^^^^^^^^^^^^^^^
.venv/lib/python3.12/site-packages/werkzeug/middleware/proxy_fix.py:169: in __call__
    return self.app(environ, start_response)
           ^^^^^^^^^^^^^^^^^^^^^^^^^^^^^^^^^
.venv/lib/python3.12/site-packages/flask/app.py:2450: in wsgi_app
    response = self.handle_exception(e)
               ^^^^^^^^^^^^^^^^^^^^^^^^
.venv/lib/python3.12/site-packages/flask_cors/extension.py:165: in wrapped_function
    return cors_after_request(app.make_response(f(*args, **kwargs)))
                                                ^^^^^^^^^^^^^^^^^^
.venv/lib/python3.12/site-packages/flask/app.py:1867: in handle_exception
    reraise(exc_type, exc_value, tb)
.venv/lib/python3.12/site-packages/flask/_compat.py:39: in reraise
    raise value
.venv/lib/python3.12/site-packages/flask/app.py:2447: in wsgi_app
    response = self.full_dispatch_request()
               ^^^^^^^^^^^^^^^^^^^^^^^^^^^^
.venv/lib/python3.12/site-packages/flask/app.py:1953: in full_dispatch_request
    return self.finalize_request(rv)
           ^^^^^^^^^^^^^^^^^^^^^^^^^
.venv/lib/python3.12/site-packages/flask/app.py:1970: in finalize_request
    response = self.process_response(response)
               ^^^^^^^^^^^^^^^^^^^^^^^^^^^^^^^
.venv/lib/python3.12/site-packages/flask/app.py:2269: in process_response
    self.session_interface.save_session(self, ctx.session, response)
app/session.py:97: in save_session
    self._redis_w.setex(
.venv/lib/python3.12/site-packages/redis/commands/core.py:2360: in setex
    return self.execute_command("SETEX", name, time, value)
           ^^^^^^^^^^^^^^^^^^^^^^^^^^^^^^^^^^^^^^^^^^^^^^^^
.venv/lib/python3.12/site-packages/redis/client.py:559: in execute_command
    return self._execute_command(*args, **options)
           ^^^^^^^^^^^^^^^^^^^^^^^^^^^^^^^^^^^^^^^
.venv/lib/python3.12/site-packages/redis/client.py:565: in _execute_command
    conn = self.connection or pool.get_connection(command_name, **options)
                              ^^^^^^^^^^^^^^^^^^^^^^^^^^^^^^^^^^^^^^^^^^^^
.venv/lib/python3.12/site-packages/redis/connection.py:1422: in get_connection
    connection.connect()
.venv/lib/python3.12/site-packages/redis/connection.py:363: in connect
    raise ConnectionError(self._error_message(e))
E   redis.exceptions.ConnectionError: Error 111 connecting to localhost:6379. Connection refused.
----------------------------- Captured stdout call -----------------------------
2026-02-09 12:30:31,646 - SL - INFO - 5326 - "/home/runner/work/simplelogin-app/simplelogin-app/app/events/event_dispatcher.py:62" - send_event() -  - Not sending events because webhook is not configured and allowed to be empty
______________________ test_add_alias_multiple_mailboxes _______________________
.venv/lib/python3.12/site-packages/redis/connection.py:357: in connect
    sock = self.retry.call_with_retry(
.venv/lib/python3.12/site-packages/redis/retry.py:62: in call_with_retry
    return do()
           ^^^^
.venv/lib/python3.12/site-packages/redis/connection.py:358: in <lambda>
    lambda: self._connect(), lambda error: self.disconnect(error)
            ^^^^^^^^^^^^^^^
.venv/lib/python3.12/site-packages/redis/connection.py:730: in _connect
    raise err
.venv/lib/python3.12/site-packages/redis/connection.py:718: in _connect
    sock.connect(socket_address)
E   ConnectionRefusedError: [Errno 111] Connection refused

During handling of the above exception, another exception occurred:
tests/dashboard/test_custom_alias.py:94: in test_add_alias_multiple_mailboxes
    user = login(flask_client)
           ^^^^^^^^^^^^^^^^^^^
tests/utils.py:57: in login
    r = flask_client.post(
.venv/lib/python3.12/site-packages/werkzeug/test.py:1016: in post
    return self.open(*args, **kw)
           ^^^^^^^^^^^^^^^^^^^^^^
tests/conftest.py:60: in open
    return super().open(*args, **kwargs)
           ^^^^^^^^^^^^^^^^^^^^^^^^^^^^^
.venv/lib/python3.12/site-packages/flask/testing.py:222: in open
    return Client.open(
.venv/lib/python3.12/site-packages/werkzeug/test.py:970: in open
    response = self.run_wsgi_app(environ.copy(), buffered=buffered)
               ^^^^^^^^^^^^^^^^^^^^^^^^^^^^^^^^^^^^^^^^^^^^^^^^^^^^
.venv/lib/python3.12/site-packages/werkzeug/test.py:861: in run_wsgi_app
    rv = run_wsgi_app(self.application, environ, buffered=buffered)
         ^^^^^^^^^^^^^^^^^^^^^^^^^^^^^^^^^^^^^^^^^^^^^^^^^^^^^^^^^^
.venv/lib/python3.12/site-packages/werkzeug/test.py:1096: in run_wsgi_app
    app_rv = app(environ, start_response)
             ^^^^^^^^^^^^^^^^^^^^^^^^^^^^
.venv/lib/python3.12/site-packages/flask/app.py:2464: in __call__
    return self.wsgi_app(environ, start_response)
           ^^^^^^^^^^^^^^^^^^^^^^^^^^^^^^^^^^^^^^
.venv/lib/python3.12/site-packages/werkzeug/middleware/proxy_fix.py:169: in __call__
    return self.app(environ, start_response)
           ^^^^^^^^^^^^^^^^^^^^^^^^^^^^^^^^^
.venv/lib/python3.12/site-packages/flask/app.py:2450: in wsgi_app
    response = self.handle_exception(e)
               ^^^^^^^^^^^^^^^^^^^^^^^^
.venv/lib/python3.12/site-packages/flask_cors/extension.py:165: in wrapped_function
    return cors_after_request(app.make_response(f(*args, **kwargs)))
                                                ^^^^^^^^^^^^^^^^^^
.venv/lib/python3.12/site-packages/flask/app.py:1867: in handle_exception
    reraise(exc_type, exc_value, tb)
.venv/lib/python3.12/site-packages/flask/_compat.py:39: in reraise
    raise value
.venv/lib/python3.12/site-packages/flask/app.py:2447: in wsgi_app
    response = self.full_dispatch_request()
               ^^^^^^^^^^^^^^^^^^^^^^^^^^^^
.venv/lib/python3.12/site-packages/flask/app.py:1953: in full_dispatch_request
    return self.finalize_request(rv)
           ^^^^^^^^^^^^^^^^^^^^^^^^^
.venv/lib/python3.12/site-packages/flask/app.py:1970: in finalize_request
    response = self.process_response(response)
               ^^^^^^^^^^^^^^^^^^^^^^^^^^^^^^^
.venv/lib/python3.12/site-packages/flask/app.py:2269: in process_response
    self.session_interface.save_session(self, ctx.session, response)
app/session.py:97: in save_session
    self._redis_w.setex(
.venv/lib/python3.12/site-packages/redis/commands/core.py:2360: in setex
    return self.execute_command("SETEX", name, time, value)
           ^^^^^^^^^^^^^^^^^^^^^^^^^^^^^^^^^^^^^^^^^^^^^^^^
.venv/lib/python3.12/site-packages/redis/client.py:559: in execute_command
    return self._execute_command(*args, **options)
           ^^^^^^^^^^^^^^^^^^^^^^^^^^^^^^^^^^^^^^^
.venv/lib/python3.12/site-packages/redis/client.py:565: in _execute_command
    conn = self.connection or pool.get_connection(command_name, **options)
                              ^^^^^^^^^^^^^^^^^^^^^^^^^^^^^^^^^^^^^^^^^^^^
.venv/lib/python3.12/site-packages/redis/connection.py:1422: in get_connection
    connection.connect()
.venv/lib/python3.12/site-packages/redis/connection.py:363: in connect
    raise ConnectionError(self._error_message(e))
E   redis.exceptions.ConnectionError: Error 111 connecting to localhost:6379. Connection refused.
----------------------------- Captured stdout call -----------------------------
2026-02-09 12:30:32,339 - SL - INFO - 5326 - "/home/runner/work/simplelogin-app/simplelogin-app/app/events/event_dispatcher.py:62" - send_event() -  - Not sending events because webhook is not configured and allowed to be empty
_______________________ test_not_show_unverified_mailbox _______________________
.venv/lib/python3.12/site-packages/redis/connection.py:357: in connect
    sock = self.retry.call_with_retry(
.venv/lib/python3.12/site-packages/redis/retry.py:62: in call_with_retry
    return do()
           ^^^^
.venv/lib/python3.12/site-packages/redis/connection.py:358: in <lambda>
    lambda: self._connect(), lambda error: self.disconnect(error)
            ^^^^^^^^^^^^^^^
.venv/lib/python3.12/site-packages/redis/connection.py:730: in _connect
    raise err
.venv/lib/python3.12/site-packages/redis/connection.py:718: in _connect
    sock.connect(socket_address)
E   ConnectionRefusedError: [Errno 111] Connection refused

During handling of the above exception, another exception occurred:
tests/dashboard/test_custom_alias.py:128: in test_not_show_unverified_mailbox
    user = login(flask_client)
           ^^^^^^^^^^^^^^^^^^^
tests/utils.py:57: in login
    r = flask_client.post(
.venv/lib/python3.12/site-packages/werkzeug/test.py:1016: in post
    return self.open(*args, **kw)
           ^^^^^^^^^^^^^^^^^^^^^^
tests/conftest.py:60: in open
    return super().open(*args, **kwargs)
           ^^^^^^^^^^^^^^^^^^^^^^^^^^^^^
.venv/lib/python3.12/site-packages/flask/testing.py:222: in open
    return Client.open(
.venv/lib/python3.12/site-packages/werkzeug/test.py:970: in open
    response = self.run_wsgi_app(environ.copy(), buffered=buffered)
               ^^^^^^^^^^^^^^^^^^^^^^^^^^^^^^^^^^^^^^^^^^^^^^^^^^^^
.venv/lib/python3.12/site-packages/werkzeug/test.py:861: in run_wsgi_app
    rv = run_wsgi_app(self.application, environ, buffered=buffered)
         ^^^^^^^^^^^^^^^^^^^^^^^^^^^^^^^^^^^^^^^^^^^^^^^^^^^^^^^^^^
.venv/lib/python3.12/site-packages/werkzeug/test.py:1096: in run_wsgi_app
    app_rv = app(environ, start_response)
             ^^^^^^^^^^^^^^^^^^^^^^^^^^^^
.venv/lib/python3.12/site-packages/flask/app.py:2464: in __call__
    return self.wsgi_app(environ, start_response)
           ^^^^^^^^^^^^^^^^^^^^^^^^^^^^^^^^^^^^^^
.venv/lib/python3.12/site-packages/werkzeug/middleware/proxy_fix.py:169: in __call__
    return self.app(environ, start_response)
           ^^^^^^^^^^^^^^^^^^^^^^^^^^^^^^^^^
.venv/lib/python3.12/site-packages/flask/app.py:2450: in wsgi_app
    response = self.handle_exception(e)
               ^^^^^^^^^^^^^^^^^^^^^^^^
.venv/lib/python3.12/site-packages/flask_cors/extension.py:165: in wrapped_function
    return cors_after_request(app.make_response(f(*args, **kwargs)))
                                                ^^^^^^^^^^^^^^^^^^
.venv/lib/python3.12/site-packages/flask/app.py:1867: in handle_exception
    reraise(exc_type, exc_value, tb)
.venv/lib/python3.12/site-packages/flask/_compat.py:39: in reraise
    raise value
.venv/lib/python3.12/site-packages/flask/app.py:2447: in wsgi_app
    response = self.full_dispatch_request()
               ^^^^^^^^^^^^^^^^^^^^^^^^^^^^
.venv/lib/python3.12/site-packages/flask/app.py:1953: in full_dispatch_request
    return self.finalize_request(rv)
           ^^^^^^^^^^^^^^^^^^^^^^^^^
.venv/lib/python3.12/site-packages/flask/app.py:1970: in finalize_request
    response = self.process_response(response)
               ^^^^^^^^^^^^^^^^^^^^^^^^^^^^^^^
.venv/lib/python3.12/site-packages/flask/app.py:2269: in process_response
    self.session_interface.save_session(self, ctx.session, response)
app/session.py:97: in save_session
    self._redis_w.setex(
.venv/lib/python3.12/site-packages/redis/commands/core.py:2360: in setex
    return self.execute_command("SETEX", name, time, value)
           ^^^^^^^^^^^^^^^^^^^^^^^^^^^^^^^^^^^^^^^^^^^^^^^^
.venv/lib/python3.12/site-packages/redis/client.py:559: in execute_command
    return self._execute_command(*args, **options)
           ^^^^^^^^^^^^^^^^^^^^^^^^^^^^^^^^^^^^^^^
.venv/lib/python3.12/site-packages/redis/client.py:565: in _execute_command
    conn = self.connection or pool.get_connection(command_name, **options)
                              ^^^^^^^^^^^^^^^^^^^^^^^^^^^^^^^^^^^^^^^^^^^^
.venv/lib/python3.12/site-packages/redis/connection.py:1422: in get_connection
    connection.connect()
.venv/lib/python3.12/site-packages/redis/connection.py:363: in connect
    raise ConnectionError(self._error_message(e))
E   redis.exceptions.ConnectionError: Error 111 connecting to localhost:6379. Connection refused.
----------------------------- Captured stdout call -----------------------------
2026-02-09 12:30:33,029 - SL - INFO - 5326 - "/home/runner/work/simplelogin-app/simplelogin-app/app/events/event_dispatcher.py:62" - send_event() -  - Not sending events because webhook is not configured and allowed to be empty
__________________________ test_verify_prefix_suffix ___________________________
.venv/lib/python3.12/site-packages/redis/connection.py:357: in connect
    sock = self.retry.call_with_retry(
.venv/lib/python3.12/site-packages/redis/retry.py:62: in call_with_retry
    return do()
           ^^^^
.venv/lib/python3.12/site-packages/redis/connection.py:358: in <lambda>
    lambda: self._connect(), lambda error: self.disconnect(error)
            ^^^^^^^^^^^^^^^
.venv/lib/python3.12/site-packages/redis/connection.py:730: in _connect
    raise err
.venv/lib/python3.12/site-packages/redis/connection.py:718: in _connect
    sock.connect(socket_address)
E   ConnectionRefusedError: [Errno 111] Connection refused

During handling of the above exception, another exception occurred:
tests/dashboard/test_custom_alias.py:142: in test_verify_prefix_suffix
    user = login(flask_client)
           ^^^^^^^^^^^^^^^^^^^
tests/utils.py:57: in login
    r = flask_client.post(
.venv/lib/python3.12/site-packages/werkzeug/test.py:1016: in post
    return self.open(*args, **kw)
           ^^^^^^^^^^^^^^^^^^^^^^
tests/conftest.py:60: in open
    return super().open(*args, **kwargs)
           ^^^^^^^^^^^^^^^^^^^^^^^^^^^^^
.venv/lib/python3.12/site-packages/flask/testing.py:222: in open
    return Client.open(
.venv/lib/python3.12/site-packages/werkzeug/test.py:970: in open
    response = self.run_wsgi_app(environ.copy(), buffered=buffered)
               ^^^^^^^^^^^^^^^^^^^^^^^^^^^^^^^^^^^^^^^^^^^^^^^^^^^^
.venv/lib/python3.12/site-packages/werkzeug/test.py:861: in run_wsgi_app
    rv = run_wsgi_app(self.application, environ, buffered=buffered)
         ^^^^^^^^^^^^^^^^^^^^^^^^^^^^^^^^^^^^^^^^^^^^^^^^^^^^^^^^^^
.venv/lib/python3.12/site-packages/werkzeug/test.py:1096: in run_wsgi_app
    app_rv = app(environ, start_response)
             ^^^^^^^^^^^^^^^^^^^^^^^^^^^^
.venv/lib/python3.12/site-packages/flask/app.py:2464: in __call__
    return self.wsgi_app(environ, start_response)
           ^^^^^^^^^^^^^^^^^^^^^^^^^^^^^^^^^^^^^^
.venv/lib/python3.12/site-packages/werkzeug/middleware/proxy_fix.py:169: in __call__
    return self.app(environ, start_response)
           ^^^^^^^^^^^^^^^^^^^^^^^^^^^^^^^^^
.venv/lib/python3.12/site-packages/flask/app.py:2450: in wsgi_app
    response = self.handle_exception(e)
               ^^^^^^^^^^^^^^^^^^^^^^^^
.venv/lib/python3.12/site-packages/flask_cors/extension.py:165: in wrapped_function
    return cors_after_request(app.make_response(f(*args, **kwargs)))
                                                ^^^^^^^^^^^^^^^^^^
.venv/lib/python3.12/site-packages/flask/app.py:1867: in handle_exception
    reraise(exc_type, exc_value, tb)
.venv/lib/python3.12/site-packages/flask/_compat.py:39: in reraise
    raise value
.venv/lib/python3.12/site-packages/flask/app.py:2447: in wsgi_app
    response = self.full_dispatch_request()
               ^^^^^^^^^^^^^^^^^^^^^^^^^^^^
.venv/lib/python3.12/site-packages/flask/app.py:1953: in full_dispatch_request
    return self.finalize_request(rv)
           ^^^^^^^^^^^^^^^^^^^^^^^^^
.venv/lib/python3.12/site-packages/flask/app.py:1970: in finalize_request
    response = self.process_response(response)
               ^^^^^^^^^^^^^^^^^^^^^^^^^^^^^^^
.venv/lib/python3.12/site-packages/flask/app.py:2269: in process_response
    self.session_interface.save_session(self, ctx.session, response)
app/session.py:97: in save_session
    self._redis_w.setex(
.venv/lib/python3.12/site-packages/redis/commands/core.py:2360: in setex
    return self.execute_command("SETEX", name, time, value)
           ^^^^^^^^^^^^^^^^^^^^^^^^^^^^^^^^^^^^^^^^^^^^^^^^
.venv/lib/python3.12/site-packages/redis/client.py:559: in execute_command
    return self._execute_command(*args, **options)
           ^^^^^^^^^^^^^^^^^^^^^^^^^^^^^^^^^^^^^^^
.venv/lib/python3.12/site-packages/redis/client.py:565: in _execute_command
    conn = self.connection or pool.get_connection(command_name, **options)
                              ^^^^^^^^^^^^^^^^^^^^^^^^^^^^^^^^^^^^^^^^^^^^
.venv/lib/python3.12/site-packages/redis/connection.py:1422: in get_connection
    connection.connect()
.venv/lib/python3.12/site-packages/redis/connection.py:363: in connect
    raise ConnectionError(self._error_message(e))
E   redis.exceptions.ConnectionError: Error 111 connecting to localhost:6379. Connection refused.
----------------------------- Captured stdout call -----------------------------
2026-02-09 12:30:33,861 - SL - INFO - 5326 - "/home/runner/work/simplelogin-app/simplelogin-app/app/events/event_dispatcher.py:62" - send_event() -  - Not sending events because webhook is not configured and allowed to be empty
___________________________ test_available_suffixes ____________________________
.venv/lib/python3.12/site-packages/redis/connection.py:357: in connect
    sock = self.retry.call_with_retry(
.venv/lib/python3.12/site-packages/redis/retry.py:62: in call_with_retry
    return do()
           ^^^^
.venv/lib/python3.12/site-packages/redis/connection.py:358: in <lambda>
    lambda: self._connect(), lambda error: self.disconnect(error)
            ^^^^^^^^^^^^^^^
.venv/lib/python3.12/site-packages/redis/connection.py:730: in _connect
    raise err
.venv/lib/python3.12/site-packages/redis/connection.py:718: in _connect
    sock.connect(socket_address)
E   ConnectionRefusedError: [Errno 111] Connection refused

During handling of the above exception, another exception occurred:
tests/dashboard/test_custom_alias.py:156: in test_available_suffixes
    user = login(flask_client)
           ^^^^^^^^^^^^^^^^^^^
tests/utils.py:57: in login
    r = flask_client.post(
.venv/lib/python3.12/site-packages/werkzeug/test.py:1016: in post
    return self.open(*args, **kw)
           ^^^^^^^^^^^^^^^^^^^^^^
tests/conftest.py:60: in open
    return super().open(*args, **kwargs)
           ^^^^^^^^^^^^^^^^^^^^^^^^^^^^^
.venv/lib/python3.12/site-packages/flask/testing.py:222: in open
    return Client.open(
.venv/lib/python3.12/site-packages/werkzeug/test.py:970: in open
    response = self.run_wsgi_app(environ.copy(), buffered=buffered)
               ^^^^^^^^^^^^^^^^^^^^^^^^^^^^^^^^^^^^^^^^^^^^^^^^^^^^
.venv/lib/python3.12/site-packages/werkzeug/test.py:861: in run_wsgi_app
    rv = run_wsgi_app(self.application, environ, buffered=buffered)
         ^^^^^^^^^^^^^^^^^^^^^^^^^^^^^^^^^^^^^^^^^^^^^^^^^^^^^^^^^^
.venv/lib/python3.12/site-packages/werkzeug/test.py:1096: in run_wsgi_app
    app_rv = app(environ, start_response)
             ^^^^^^^^^^^^^^^^^^^^^^^^^^^^
.venv/lib/python3.12/site-packages/flask/app.py:2464: in __call__
    return self.wsgi_app(environ, start_response)
           ^^^^^^^^^^^^^^^^^^^^^^^^^^^^^^^^^^^^^^
.venv/lib/python3.12/site-packages/werkzeug/middleware/proxy_fix.py:169: in __call__
    return self.app(environ, start_response)
           ^^^^^^^^^^^^^^^^^^^^^^^^^^^^^^^^^
.venv/lib/python3.12/site-packages/flask/app.py:2450: in wsgi_app
    response = self.handle_exception(e)
               ^^^^^^^^^^^^^^^^^^^^^^^^
.venv/lib/python3.12/site-packages/flask_cors/extension.py:165: in wrapped_function
    return cors_after_request(app.make_response(f(*args, **kwargs)))
                                                ^^^^^^^^^^^^^^^^^^
.venv/lib/python3.12/site-packages/flask/app.py:1867: in handle_exception
    reraise(exc_type, exc_value, tb)
.venv/lib/python3.12/site-packages/flask/_compat.py:39: in reraise
    raise value
.venv/lib/python3.12/site-packages/flask/app.py:2447: in wsgi_app
    response = self.full_dispatch_request()
               ^^^^^^^^^^^^^^^^^^^^^^^^^^^^
.venv/lib/python3.12/site-packages/flask/app.py:1953: in full_dispatch_request
    return self.finalize_request(rv)
           ^^^^^^^^^^^^^^^^^^^^^^^^^
.venv/lib/python3.12/site-packages/flask/app.py:1970: in finalize_request
    response = self.process_response(response)
               ^^^^^^^^^^^^^^^^^^^^^^^^^^^^^^^
.venv/lib/python3.12/site-packages/flask/app.py:2269: in process_response
    self.session_interface.save_session(self, ctx.session, response)
app/session.py:97: in save_session
    self._redis_w.setex(
.venv/lib/python3.12/site-packages/redis/commands/core.py:2360: in setex
    return self.execute_command("SETEX", name, time, value)
           ^^^^^^^^^^^^^^^^^^^^^^^^^^^^^^^^^^^^^^^^^^^^^^^^
.venv/lib/python3.12/site-packages/redis/client.py:559: in execute_command
    return self._execute_command(*args, **options)
           ^^^^^^^^^^^^^^^^^^^^^^^^^^^^^^^^^^^^^^^
.venv/lib/python3.12/site-packages/redis/client.py:565: in _execute_command
    conn = self.connection or pool.get_connection(command_name, **options)
                              ^^^^^^^^^^^^^^^^^^^^^^^^^^^^^^^^^^^^^^^^^^^^
.venv/lib/python3.12/site-packages/redis/connection.py:1422: in get_connection
    connection.connect()
.venv/lib/python3.12/site-packages/redis/connection.py:363: in connect
    raise ConnectionError(self._error_message(e))
E   redis.exceptions.ConnectionError: Error 111 connecting to localhost:6379. Connection refused.
----------------------------- Captured stdout call -----------------------------
2026-02-09 12:30:34,552 - SL - INFO - 5326 - "/home/runner/work/simplelogin-app/simplelogin-app/app/events/event_dispatcher.py:62" - send_event() -  - Not sending events because webhook is not configured and allowed to be empty
____________________ test_available_suffixes_default_domain ____________________
.venv/lib/python3.12/site-packages/redis/connection.py:357: in connect
    sock = self.retry.call_with_retry(
.venv/lib/python3.12/site-packages/redis/retry.py:62: in call_with_retry
    return do()
           ^^^^
.venv/lib/python3.12/site-packages/redis/connection.py:358: in <lambda>
    lambda: self._connect(), lambda error: self.disconnect(error)
            ^^^^^^^^^^^^^^^
.venv/lib/python3.12/site-packages/redis/connection.py:730: in _connect
    raise err
.venv/lib/python3.12/site-packages/redis/connection.py:718: in _connect
    sock.connect(socket_address)
E   ConnectionRefusedError: [Errno 111] Connection refused

During handling of the above exception, another exception occurred:
tests/dashboard/test_custom_alias.py:170: in test_available_suffixes_default_domain
    user = login(flask_client)
           ^^^^^^^^^^^^^^^^^^^
tests/utils.py:57: in login
    r = flask_client.post(
.venv/lib/python3.12/site-packages/werkzeug/test.py:1016: in post
    return self.open(*args, **kw)
           ^^^^^^^^^^^^^^^^^^^^^^
tests/conftest.py:60: in open
    return super().open(*args, **kwargs)
           ^^^^^^^^^^^^^^^^^^^^^^^^^^^^^
.venv/lib/python3.12/site-packages/flask/testing.py:222: in open
    return Client.open(
.venv/lib/python3.12/site-packages/werkzeug/test.py:970: in open
    response = self.run_wsgi_app(environ.copy(), buffered=buffered)
               ^^^^^^^^^^^^^^^^^^^^^^^^^^^^^^^^^^^^^^^^^^^^^^^^^^^^
.venv/lib/python3.12/site-packages/werkzeug/test.py:861: in run_wsgi_app
    rv = run_wsgi_app(self.application, environ, buffered=buffered)
         ^^^^^^^^^^^^^^^^^^^^^^^^^^^^^^^^^^^^^^^^^^^^^^^^^^^^^^^^^^
.venv/lib/python3.12/site-packages/werkzeug/test.py:1096: in run_wsgi_app
    app_rv = app(environ, start_response)
             ^^^^^^^^^^^^^^^^^^^^^^^^^^^^
.venv/lib/python3.12/site-packages/flask/app.py:2464: in __call__
    return self.wsgi_app(environ, start_response)
           ^^^^^^^^^^^^^^^^^^^^^^^^^^^^^^^^^^^^^^
.venv/lib/python3.12/site-packages/werkzeug/middleware/proxy_fix.py:169: in __call__
    return self.app(environ, start_response)
           ^^^^^^^^^^^^^^^^^^^^^^^^^^^^^^^^^
.venv/lib/python3.12/site-packages/flask/app.py:2450: in wsgi_app
    response = self.handle_exception(e)
               ^^^^^^^^^^^^^^^^^^^^^^^^
.venv/lib/python3.12/site-packages/flask_cors/extension.py:165: in wrapped_function
    return cors_after_request(app.make_response(f(*args, **kwargs)))
                                                ^^^^^^^^^^^^^^^^^^
.venv/lib/python3.12/site-packages/flask/app.py:1867: in handle_exception
    reraise(exc_type, exc_value, tb)
.venv/lib/python3.12/site-packages/flask/_compat.py:39: in reraise
    raise value
.venv/lib/python3.12/site-packages/flask/app.py:2447: in wsgi_app
    response = self.full_dispatch_request()
               ^^^^^^^^^^^^^^^^^^^^^^^^^^^^
.venv/lib/python3.12/site-packages/flask/app.py:1953: in full_dispatch_request
    return self.finalize_request(rv)
           ^^^^^^^^^^^^^^^^^^^^^^^^^
.venv/lib/python3.12/site-packages/flask/app.py:1970: in finalize_request
    response = self.process_response(response)
               ^^^^^^^^^^^^^^^^^^^^^^^^^^^^^^^
.venv/lib/python3.12/site-packages/flask/app.py:2269: in process_response
    self.session_interface.save_session(self, ctx.session, response)
app/session.py:97: in save_session
    self._redis_w.setex(
.venv/lib/python3.12/site-packages/redis/commands/core.py:2360: in setex
    return self.execute_command("SETEX", name, time, value)
           ^^^^^^^^^^^^^^^^^^^^^^^^^^^^^^^^^^^^^^^^^^^^^^^^
.venv/lib/python3.12/site-packages/redis/client.py:559: in execute_command
    return self._execute_command(*args, **options)
           ^^^^^^^^^^^^^^^^^^^^^^^^^^^^^^^^^^^^^^^
.venv/lib/python3.12/site-packages/redis/client.py:565: in _execute_command
    conn = self.connection or pool.get_connection(command_name, **options)
                              ^^^^^^^^^^^^^^^^^^^^^^^^^^^^^^^^^^^^^^^^^^^^
.venv/lib/python3.12/site-packages/redis/connection.py:1422: in get_connection
    connection.connect()
.venv/lib/python3.12/site-packages/redis/connection.py:363: in connect
    raise ConnectionError(self._error_message(e))
E   redis.exceptions.ConnectionError: Error 111 connecting to localhost:6379. Connection refused.
----------------------------- Captured stdout call -----------------------------
2026-02-09 12:30:35,247 - SL - INFO - 5326 - "/home/runner/work/simplelogin-app/simplelogin-app/app/events/event_dispatcher.py:62" - send_event() -  - Not sending events because webhook is not configured and allowed to be empty
_______________ test_available_suffixes_random_prefix_generation _______________
.venv/lib/python3.12/site-packages/redis/connection.py:357: in connect
    sock = self.retry.call_with_retry(
.venv/lib/python3.12/site-packages/redis/retry.py:62: in call_with_retry
    return do()
           ^^^^
.venv/lib/python3.12/site-packages/redis/connection.py:358: in <lambda>
    lambda: self._connect(), lambda error: self.disconnect(error)
            ^^^^^^^^^^^^^^^
.venv/lib/python3.12/site-packages/redis/connection.py:730: in _connect
    raise err
.venv/lib/python3.12/site-packages/redis/connection.py:718: in _connect
    sock.connect(socket_address)
E   ConnectionRefusedError: [Errno 111] Connection refused

During handling of the above exception, another exception occurred:
tests/dashboard/test_custom_alias.py:190: in test_available_suffixes_random_prefix_generation
    user = login(flask_client)
           ^^^^^^^^^^^^^^^^^^^
tests/utils.py:57: in login
    r = flask_client.post(
.venv/lib/python3.12/site-packages/werkzeug/test.py:1016: in post
    return self.open(*args, **kw)
           ^^^^^^^^^^^^^^^^^^^^^^
tests/conftest.py:60: in open
    return super().open(*args, **kwargs)
           ^^^^^^^^^^^^^^^^^^^^^^^^^^^^^
.venv/lib/python3.12/site-packages/flask/testing.py:222: in open
    return Client.open(
.venv/lib/python3.12/site-packages/werkzeug/test.py:970: in open
    response = self.run_wsgi_app(environ.copy(), buffered=buffered)
               ^^^^^^^^^^^^^^^^^^^^^^^^^^^^^^^^^^^^^^^^^^^^^^^^^^^^
.venv/lib/python3.12/site-packages/werkzeug/test.py:861: in run_wsgi_app
    rv = run_wsgi_app(self.application, environ, buffered=buffered)
         ^^^^^^^^^^^^^^^^^^^^^^^^^^^^^^^^^^^^^^^^^^^^^^^^^^^^^^^^^^
.venv/lib/python3.12/site-packages/werkzeug/test.py:1096: in run_wsgi_app
    app_rv = app(environ, start_response)
             ^^^^^^^^^^^^^^^^^^^^^^^^^^^^
.venv/lib/python3.12/site-packages/flask/app.py:2464: in __call__
    return self.wsgi_app(environ, start_response)
           ^^^^^^^^^^^^^^^^^^^^^^^^^^^^^^^^^^^^^^
.venv/lib/python3.12/site-packages/werkzeug/middleware/proxy_fix.py:169: in __call__
    return self.app(environ, start_response)
           ^^^^^^^^^^^^^^^^^^^^^^^^^^^^^^^^^
.venv/lib/python3.12/site-packages/flask/app.py:2450: in wsgi_app
    response = self.handle_exception(e)
               ^^^^^^^^^^^^^^^^^^^^^^^^
.venv/lib/python3.12/site-packages/flask_cors/extension.py:165: in wrapped_function
    return cors_after_request(app.make_response(f(*args, **kwargs)))
                                                ^^^^^^^^^^^^^^^^^^
.venv/lib/python3.12/site-packages/flask/app.py:1867: in handle_exception
    reraise(exc_type, exc_value, tb)
.venv/lib/python3.12/site-packages/flask/_compat.py:39: in reraise
    raise value
.venv/lib/python3.12/site-packages/flask/app.py:2447: in wsgi_app
    response = self.full_dispatch_request()
               ^^^^^^^^^^^^^^^^^^^^^^^^^^^^
.venv/lib/python3.12/site-packages/flask/app.py:1953: in full_dispatch_request
    return self.finalize_request(rv)
           ^^^^^^^^^^^^^^^^^^^^^^^^^
.venv/lib/python3.12/site-packages/flask/app.py:1970: in finalize_request
    response = self.process_response(response)
               ^^^^^^^^^^^^^^^^^^^^^^^^^^^^^^^
.venv/lib/python3.12/site-packages/flask/app.py:2269: in process_response
    self.session_interface.save_session(self, ctx.session, response)
app/session.py:97: in save_session
    self._redis_w.setex(
.venv/lib/python3.12/site-packages/redis/commands/core.py:2360: in setex
    return self.execute_command("SETEX", name, time, value)
           ^^^^^^^^^^^^^^^^^^^^^^^^^^^^^^^^^^^^^^^^^^^^^^^^
.venv/lib/python3.12/site-packages/redis/client.py:559: in execute_command
    return self._execute_command(*args, **options)
           ^^^^^^^^^^^^^^^^^^^^^^^^^^^^^^^^^^^^^^^
.venv/lib/python3.12/site-packages/redis/client.py:565: in _execute_command
    conn = self.connection or pool.get_connection(command_name, **options)
                              ^^^^^^^^^^^^^^^^^^^^^^^^^^^^^^^^^^^^^^^^^^^^
.venv/lib/python3.12/site-packages/redis/connection.py:1422: in get_connection
    connection.connect()
.venv/lib/python3.12/site-packages/redis/connection.py:363: in connect
    raise ConnectionError(self._error_message(e))
E   redis.exceptions.ConnectionError: Error 111 connecting to localhost:6379. Connection refused.
----------------------------- Captured stdout call -----------------------------
2026-02-09 12:30:35,940 - SL - INFO - 5326 - "/home/runner/work/simplelogin-app/simplelogin-app/app/events/event_dispatcher.py:62" - send_event() -  - Not sending events because webhook is not configured and allowed to be empty
____________________ test_available_suffixes_hidden_domain _____________________
.venv/lib/python3.12/site-packages/redis/connection.py:357: in connect
    sock = self.retry.call_with_retry(
.venv/lib/python3.12/site-packages/redis/retry.py:62: in call_with_retry
    return do()
           ^^^^
.venv/lib/python3.12/site-packages/redis/connection.py:358: in <lambda>
    lambda: self._connect(), lambda error: self.disconnect(error)
            ^^^^^^^^^^^^^^^
.venv/lib/python3.12/site-packages/redis/connection.py:730: in _connect
    raise err
.venv/lib/python3.12/site-packages/redis/connection.py:718: in _connect
    sock.connect(socket_address)
E   ConnectionRefusedError: [Errno 111] Connection refused

During handling of the above exception, another exception occurred:
tests/dashboard/test_custom_alias.py:213: in test_available_suffixes_hidden_domain
    user = login(flask_client)
           ^^^^^^^^^^^^^^^^^^^
tests/utils.py:57: in login
    r = flask_client.post(
.venv/lib/python3.12/site-packages/werkzeug/test.py:1016: in post
    return self.open(*args, **kw)
           ^^^^^^^^^^^^^^^^^^^^^^
tests/conftest.py:60: in open
    return super().open(*args, **kwargs)
           ^^^^^^^^^^^^^^^^^^^^^^^^^^^^^
.venv/lib/python3.12/site-packages/flask/testing.py:222: in open
    return Client.open(
.venv/lib/python3.12/site-packages/werkzeug/test.py:970: in open
    response = self.run_wsgi_app(environ.copy(), buffered=buffered)
               ^^^^^^^^^^^^^^^^^^^^^^^^^^^^^^^^^^^^^^^^^^^^^^^^^^^^
.venv/lib/python3.12/site-packages/werkzeug/test.py:861: in run_wsgi_app
    rv = run_wsgi_app(self.application, environ, buffered=buffered)
         ^^^^^^^^^^^^^^^^^^^^^^^^^^^^^^^^^^^^^^^^^^^^^^^^^^^^^^^^^^
.venv/lib/python3.12/site-packages/werkzeug/test.py:1096: in run_wsgi_app
    app_rv = app(environ, start_response)
             ^^^^^^^^^^^^^^^^^^^^^^^^^^^^
.venv/lib/python3.12/site-packages/flask/app.py:2464: in __call__
    return self.wsgi_app(environ, start_response)
           ^^^^^^^^^^^^^^^^^^^^^^^^^^^^^^^^^^^^^^
.venv/lib/python3.12/site-packages/werkzeug/middleware/proxy_fix.py:169: in __call__
    return self.app(environ, start_response)
           ^^^^^^^^^^^^^^^^^^^^^^^^^^^^^^^^^
.venv/lib/python3.12/site-packages/flask/app.py:2450: in wsgi_app
    response = self.handle_exception(e)
               ^^^^^^^^^^^^^^^^^^^^^^^^
.venv/lib/python3.12/site-packages/flask_cors/extension.py:165: in wrapped_function
    return cors_after_request(app.make_response(f(*args, **kwargs)))
                                                ^^^^^^^^^^^^^^^^^^
.venv/lib/python3.12/site-packages/flask/app.py:1867: in handle_exception
    reraise(exc_type, exc_value, tb)
.venv/lib/python3.12/site-packages/flask/_compat.py:39: in reraise
    raise value
.venv/lib/python3.12/site-packages/flask/app.py:2447: in wsgi_app
    response = self.full_dispatch_request()
               ^^^^^^^^^^^^^^^^^^^^^^^^^^^^
.venv/lib/python3.12/site-packages/flask/app.py:1953: in full_dispatch_request
    return self.finalize_request(rv)
           ^^^^^^^^^^^^^^^^^^^^^^^^^
.venv/lib/python3.12/site-packages/flask/app.py:1970: in finalize_request
    response = self.process_response(response)
               ^^^^^^^^^^^^^^^^^^^^^^^^^^^^^^^
.venv/lib/python3.12/site-packages/flask/app.py:2269: in process_response
    self.session_interface.save_session(self, ctx.session, response)
app/session.py:97: in save_session
    self._redis_w.setex(
.venv/lib/python3.12/site-packages/redis/commands/core.py:2360: in setex
    return self.execute_command("SETEX", name, time, value)
           ^^^^^^^^^^^^^^^^^^^^^^^^^^^^^^^^^^^^^^^^^^^^^^^^
.venv/lib/python3.12/site-packages/redis/client.py:559: in execute_command
    return self._execute_command(*args, **options)
           ^^^^^^^^^^^^^^^^^^^^^^^^^^^^^^^^^^^^^^^
.venv/lib/python3.12/site-packages/redis/client.py:565: in _execute_command
    conn = self.connection or pool.get_connection(command_name, **options)
                              ^^^^^^^^^^^^^^^^^^^^^^^^^^^^^^^^^^^^^^^^^^^^
.venv/lib/python3.12/site-packages/redis/connection.py:1422: in get_connection
    connection.connect()
.venv/lib/python3.12/site-packages/redis/connection.py:363: in connect
    raise ConnectionError(self._error_message(e))
E   redis.exceptions.ConnectionError: Error 111 connecting to localhost:6379. Connection refused.
----------------------------- Captured stdout call -----------------------------
2026-02-09 12:30:36,632 - SL - INFO - 5326 - "/home/runner/work/simplelogin-app/simplelogin-app/app/events/event_dispatcher.py:62" - send_event() -  - Not sending events because webhook is not configured and allowed to be empty
_____________________ test_available_suffixes_domain_order _____________________
.venv/lib/python3.12/site-packages/redis/connection.py:357: in connect
    sock = self.retry.call_with_retry(
.venv/lib/python3.12/site-packages/redis/retry.py:62: in call_with_retry
    return do()
           ^^^^
.venv/lib/python3.12/site-packages/redis/connection.py:358: in <lambda>
    lambda: self._connect(), lambda error: self.disconnect(error)
            ^^^^^^^^^^^^^^^
.venv/lib/python3.12/site-packages/redis/connection.py:730: in _connect
    raise err
.venv/lib/python3.12/site-packages/redis/connection.py:718: in _connect
    sock.connect(socket_address)
E   ConnectionRefusedError: [Errno 111] Connection refused

During handling of the above exception, another exception occurred:
tests/dashboard/test_custom_alias.py:225: in test_available_suffixes_domain_order
    user = login(flask_client)
           ^^^^^^^^^^^^^^^^^^^
tests/utils.py:57: in login
    r = flask_client.post(
.venv/lib/python3.12/site-packages/werkzeug/test.py:1016: in post
    return self.open(*args, **kw)
           ^^^^^^^^^^^^^^^^^^^^^^
tests/conftest.py:60: in open
    return super().open(*args, **kwargs)
           ^^^^^^^^^^^^^^^^^^^^^^^^^^^^^
.venv/lib/python3.12/site-packages/flask/testing.py:222: in open
    return Client.open(
.venv/lib/python3.12/site-packages/werkzeug/test.py:970: in open
    response = self.run_wsgi_app(environ.copy(), buffered=buffered)
               ^^^^^^^^^^^^^^^^^^^^^^^^^^^^^^^^^^^^^^^^^^^^^^^^^^^^
.venv/lib/python3.12/site-packages/werkzeug/test.py:861: in run_wsgi_app
    rv = run_wsgi_app(self.application, environ, buffered=buffered)
         ^^^^^^^^^^^^^^^^^^^^^^^^^^^^^^^^^^^^^^^^^^^^^^^^^^^^^^^^^^
.venv/lib/python3.12/site-packages/werkzeug/test.py:1096: in run_wsgi_app
    app_rv = app(environ, start_response)
             ^^^^^^^^^^^^^^^^^^^^^^^^^^^^
.venv/lib/python3.12/site-packages/flask/app.py:2464: in __call__
    return self.wsgi_app(environ, start_response)
           ^^^^^^^^^^^^^^^^^^^^^^^^^^^^^^^^^^^^^^
.venv/lib/python3.12/site-packages/werkzeug/middleware/proxy_fix.py:169: in __call__
    return self.app(environ, start_response)
           ^^^^^^^^^^^^^^^^^^^^^^^^^^^^^^^^^
.venv/lib/python3.12/site-packages/flask/app.py:2450: in wsgi_app
    response = self.handle_exception(e)
               ^^^^^^^^^^^^^^^^^^^^^^^^
.venv/lib/python3.12/site-packages/flask_cors/extension.py:165: in wrapped_function
    return cors_after_request(app.make_response(f(*args, **kwargs)))
                                                ^^^^^^^^^^^^^^^^^^
.venv/lib/python3.12/site-packages/flask/app.py:1867: in handle_exception
    reraise(exc_type, exc_value, tb)
.venv/lib/python3.12/site-packages/flask/_compat.py:39: in reraise
    raise value
.venv/lib/python3.12/site-packages/flask/app.py:2447: in wsgi_app
    response = self.full_dispatch_request()
               ^^^^^^^^^^^^^^^^^^^^^^^^^^^^
.venv/lib/python3.12/site-packages/flask/app.py:1953: in full_dispatch_request
    return self.finalize_request(rv)
           ^^^^^^^^^^^^^^^^^^^^^^^^^
.venv/lib/python3.12/site-packages/flask/app.py:1970: in finalize_request
    response = self.process_response(response)
               ^^^^^^^^^^^^^^^^^^^^^^^^^^^^^^^
.venv/lib/python3.12/site-packages/flask/app.py:2269: in process_response
    self.session_interface.save_session(self, ctx.session, response)
app/session.py:97: in save_session
    self._redis_w.setex(
.venv/lib/python3.12/site-packages/redis/commands/core.py:2360: in setex
    return self.execute_command("SETEX", name, time, value)
           ^^^^^^^^^^^^^^^^^^^^^^^^^^^^^^^^^^^^^^^^^^^^^^^^
.venv/lib/python3.12/site-packages/redis/client.py:559: in execute_command
    return self._execute_command(*args, **options)
           ^^^^^^^^^^^^^^^^^^^^^^^^^^^^^^^^^^^^^^^
.venv/lib/python3.12/site-packages/redis/client.py:565: in _execute_command
    conn = self.connection or pool.get_connection(command_name, **options)
                              ^^^^^^^^^^^^^^^^^^^^^^^^^^^^^^^^^^^^^^^^^^^^
.venv/lib/python3.12/site-packages/redis/connection.py:1422: in get_connection
    connection.connect()
.venv/lib/python3.12/site-packages/redis/connection.py:363: in connect
    raise ConnectionError(self._error_message(e))
E   redis.exceptions.ConnectionError: Error 111 connecting to localhost:6379. Connection refused.
----------------------------- Captured stdout call -----------------------------
2026-02-09 12:30:37,323 - SL - INFO - 5326 - "/home/runner/work/simplelogin-app/simplelogin-app/app/events/event_dispatcher.py:62" - send_event() -  - Not sending events because webhook is not configured and allowed to be empty
________________________ test_add_already_existed_alias ________________________
.venv/lib/python3.12/site-packages/redis/connection.py:357: in connect
    sock = self.retry.call_with_retry(
.venv/lib/python3.12/site-packages/redis/retry.py:62: in call_with_retry
    return do()
           ^^^^
.venv/lib/python3.12/site-packages/redis/connection.py:358: in <lambda>
    lambda: self._connect(), lambda error: self.disconnect(error)
            ^^^^^^^^^^^^^^^
.venv/lib/python3.12/site-packages/redis/connection.py:730: in _connect
    raise err
.venv/lib/python3.12/site-packages/redis/connection.py:718: in _connect
    sock.connect(socket_address)
E   ConnectionRefusedError: [Errno 111] Connection refused

During handling of the above exception, another exception occurred:
tests/dashboard/test_custom_alias.py:241: in test_add_already_existed_alias
    user = login(flask_client)
           ^^^^^^^^^^^^^^^^^^^
tests/utils.py:57: in login
    r = flask_client.post(
.venv/lib/python3.12/site-packages/werkzeug/test.py:1016: in post
    return self.open(*args, **kw)
           ^^^^^^^^^^^^^^^^^^^^^^
tests/conftest.py:60: in open
    return super().open(*args, **kwargs)
           ^^^^^^^^^^^^^^^^^^^^^^^^^^^^^
.venv/lib/python3.12/site-packages/flask/testing.py:222: in open
    return Client.open(
.venv/lib/python3.12/site-packages/werkzeug/test.py:970: in open
    response = self.run_wsgi_app(environ.copy(), buffered=buffered)
               ^^^^^^^^^^^^^^^^^^^^^^^^^^^^^^^^^^^^^^^^^^^^^^^^^^^^
.venv/lib/python3.12/site-packages/werkzeug/test.py:861: in run_wsgi_app
    rv = run_wsgi_app(self.application, environ, buffered=buffered)
         ^^^^^^^^^^^^^^^^^^^^^^^^^^^^^^^^^^^^^^^^^^^^^^^^^^^^^^^^^^
.venv/lib/python3.12/site-packages/werkzeug/test.py:1096: in run_wsgi_app
    app_rv = app(environ, start_response)
             ^^^^^^^^^^^^^^^^^^^^^^^^^^^^
.venv/lib/python3.12/site-packages/flask/app.py:2464: in __call__
    return self.wsgi_app(environ, start_response)
           ^^^^^^^^^^^^^^^^^^^^^^^^^^^^^^^^^^^^^^
.venv/lib/python3.12/site-packages/werkzeug/middleware/proxy_fix.py:169: in __call__
    return self.app(environ, start_response)
           ^^^^^^^^^^^^^^^^^^^^^^^^^^^^^^^^^
.venv/lib/python3.12/site-packages/flask/app.py:2450: in wsgi_app
    response = self.handle_exception(e)
               ^^^^^^^^^^^^^^^^^^^^^^^^
.venv/lib/python3.12/site-packages/flask_cors/extension.py:165: in wrapped_function
    return cors_after_request(app.make_response(f(*args, **kwargs)))
                                                ^^^^^^^^^^^^^^^^^^
.venv/lib/python3.12/site-packages/flask/app.py:1867: in handle_exception
    reraise(exc_type, exc_value, tb)
.venv/lib/python3.12/site-packages/flask/_compat.py:39: in reraise
    raise value
.venv/lib/python3.12/site-packages/flask/app.py:2447: in wsgi_app
    response = self.full_dispatch_request()
               ^^^^^^^^^^^^^^^^^^^^^^^^^^^^
.venv/lib/python3.12/site-packages/flask/app.py:1953: in full_dispatch_request
    return self.finalize_request(rv)
           ^^^^^^^^^^^^^^^^^^^^^^^^^
.venv/lib/python3.12/site-packages/flask/app.py:1970: in finalize_request
    response = self.process_response(response)
               ^^^^^^^^^^^^^^^^^^^^^^^^^^^^^^^
.venv/lib/python3.12/site-packages/flask/app.py:2269: in process_response
    self.session_interface.save_session(self, ctx.session, response)
app/session.py:97: in save_session
    self._redis_w.setex(
.venv/lib/python3.12/site-packages/redis/commands/core.py:2360: in setex
    return self.execute_command("SETEX", name, time, value)
           ^^^^^^^^^^^^^^^^^^^^^^^^^^^^^^^^^^^^^^^^^^^^^^^^
.venv/lib/python3.12/site-packages/redis/client.py:559: in execute_command
    return self._execute_command(*args, **options)
           ^^^^^^^^^^^^^^^^^^^^^^^^^^^^^^^^^^^^^^^
.venv/lib/python3.12/site-packages/redis/client.py:565: in _execute_command
    conn = self.connection or pool.get_connection(command_name, **options)
                              ^^^^^^^^^^^^^^^^^^^^^^^^^^^^^^^^^^^^^^^^^^^^
.venv/lib/python3.12/site-packages/redis/connection.py:1422: in get_connection
    connection.connect()
.venv/lib/python3.12/site-packages/redis/connection.py:363: in connect
    raise ConnectionError(self._error_message(e))
E   redis.exceptions.ConnectionError: Error 111 connecting to localhost:6379. Connection refused.
----------------------------- Captured stdout call -----------------------------
2026-02-09 12:30:38,015 - SL - INFO - 5326 - "/home/runner/work/simplelogin-app/simplelogin-app/app/events/event_dispatcher.py:62" - send_event() -  - Not sending events because webhook is not configured and allowed to be empty
________________________ test_add_alias_in_global_trash ________________________
.venv/lib/python3.12/site-packages/redis/connection.py:357: in connect
    sock = self.retry.call_with_retry(
.venv/lib/python3.12/site-packages/redis/retry.py:62: in call_with_retry
    return do()
           ^^^^
.venv/lib/python3.12/site-packages/redis/connection.py:358: in <lambda>
    lambda: self._connect(), lambda error: self.disconnect(error)
            ^^^^^^^^^^^^^^^
.venv/lib/python3.12/site-packages/redis/connection.py:730: in _connect
    raise err
.venv/lib/python3.12/site-packages/redis/connection.py:718: in _connect
    sock.connect(socket_address)
E   ConnectionRefusedError: [Errno 111] Connection refused

During handling of the above exception, another exception occurred:
tests/dashboard/test_custom_alias.py:280: in test_add_alias_in_global_trash
    user = login(flask_client)
           ^^^^^^^^^^^^^^^^^^^
tests/utils.py:57: in login
    r = flask_client.post(
.venv/lib/python3.12/site-packages/werkzeug/test.py:1016: in post
    return self.open(*args, **kw)
           ^^^^^^^^^^^^^^^^^^^^^^
tests/conftest.py:60: in open
    return super().open(*args, **kwargs)
           ^^^^^^^^^^^^^^^^^^^^^^^^^^^^^
.venv/lib/python3.12/site-packages/flask/testing.py:222: in open
    return Client.open(
.venv/lib/python3.12/site-packages/werkzeug/test.py:970: in open
    response = self.run_wsgi_app(environ.copy(), buffered=buffered)
               ^^^^^^^^^^^^^^^^^^^^^^^^^^^^^^^^^^^^^^^^^^^^^^^^^^^^
.venv/lib/python3.12/site-packages/werkzeug/test.py:861: in run_wsgi_app
    rv = run_wsgi_app(self.application, environ, buffered=buffered)
         ^^^^^^^^^^^^^^^^^^^^^^^^^^^^^^^^^^^^^^^^^^^^^^^^^^^^^^^^^^
.venv/lib/python3.12/site-packages/werkzeug/test.py:1096: in run_wsgi_app
    app_rv = app(environ, start_response)
             ^^^^^^^^^^^^^^^^^^^^^^^^^^^^
.venv/lib/python3.12/site-packages/flask/app.py:2464: in __call__
    return self.wsgi_app(environ, start_response)
           ^^^^^^^^^^^^^^^^^^^^^^^^^^^^^^^^^^^^^^
.venv/lib/python3.12/site-packages/werkzeug/middleware/proxy_fix.py:169: in __call__
    return self.app(environ, start_response)
           ^^^^^^^^^^^^^^^^^^^^^^^^^^^^^^^^^
.venv/lib/python3.12/site-packages/flask/app.py:2450: in wsgi_app
    response = self.handle_exception(e)
               ^^^^^^^^^^^^^^^^^^^^^^^^
.venv/lib/python3.12/site-packages/flask_cors/extension.py:165: in wrapped_function
    return cors_after_request(app.make_response(f(*args, **kwargs)))
                                                ^^^^^^^^^^^^^^^^^^
.venv/lib/python3.12/site-packages/flask/app.py:1867: in handle_exception
    reraise(exc_type, exc_value, tb)
.venv/lib/python3.12/site-packages/flask/_compat.py:39: in reraise
    raise value
.venv/lib/python3.12/site-packages/flask/app.py:2447: in wsgi_app
    response = self.full_dispatch_request()
               ^^^^^^^^^^^^^^^^^^^^^^^^^^^^
.venv/lib/python3.12/site-packages/flask/app.py:1953: in full_dispatch_request
    return self.finalize_request(rv)
           ^^^^^^^^^^^^^^^^^^^^^^^^^
.venv/lib/python3.12/site-packages/flask/app.py:1970: in finalize_request
    response = self.process_response(response)
               ^^^^^^^^^^^^^^^^^^^^^^^^^^^^^^^
.venv/lib/python3.12/site-packages/flask/app.py:2269: in process_response
    self.session_interface.save_session(self, ctx.session, response)
app/session.py:97: in save_session
    self._redis_w.setex(
.venv/lib/python3.12/site-packages/redis/commands/core.py:2360: in setex
    return self.execute_command("SETEX", name, time, value)
           ^^^^^^^^^^^^^^^^^^^^^^^^^^^^^^^^^^^^^^^^^^^^^^^^
.venv/lib/python3.12/site-packages/redis/client.py:559: in execute_command
    return self._execute_command(*args, **options)
           ^^^^^^^^^^^^^^^^^^^^^^^^^^^^^^^^^^^^^^^
.venv/lib/python3.12/site-packages/redis/client.py:565: in _execute_command
    conn = self.connection or pool.get_connection(command_name, **options)
                              ^^^^^^^^^^^^^^^^^^^^^^^^^^^^^^^^^^^^^^^^^^^^
.venv/lib/python3.12/site-packages/redis/connection.py:1422: in get_connection
    connection.connect()
.venv/lib/python3.12/site-packages/redis/connection.py:363: in connect
    raise ConnectionError(self._error_message(e))
E   redis.exceptions.ConnectionError: Error 111 connecting to localhost:6379. Connection refused.
----------------------------- Captured stdout call -----------------------------
2026-02-09 12:30:38,707 - SL - INFO - 5326 - "/home/runner/work/simplelogin-app/simplelogin-app/app/events/event_dispatcher.py:62" - send_event() -  - Not sending events because webhook is not configured and allowed to be empty
____________________ test_add_alias_in_custom_domain_trash _____________________
.venv/lib/python3.12/site-packages/redis/connection.py:357: in connect
    sock = self.retry.call_with_retry(
.venv/lib/python3.12/site-packages/redis/retry.py:62: in call_with_retry
    return do()
           ^^^^
.venv/lib/python3.12/site-packages/redis/connection.py:358: in <lambda>
    lambda: self._connect(), lambda error: self.disconnect(error)
            ^^^^^^^^^^^^^^^
.venv/lib/python3.12/site-packages/redis/connection.py:730: in _connect
    raise err
.venv/lib/python3.12/site-packages/redis/connection.py:718: in _connect
    sock.connect(socket_address)
E   ConnectionRefusedError: [Errno 111] Connection refused

During handling of the above exception, another exception occurred:
tests/dashboard/test_custom_alias.py:322: in test_add_alias_in_custom_domain_trash
    user = login(flask_client)
           ^^^^^^^^^^^^^^^^^^^
tests/utils.py:57: in login
    r = flask_client.post(
.venv/lib/python3.12/site-packages/werkzeug/test.py:1016: in post
    return self.open(*args, **kw)
           ^^^^^^^^^^^^^^^^^^^^^^
tests/conftest.py:60: in open
    return super().open(*args, **kwargs)
           ^^^^^^^^^^^^^^^^^^^^^^^^^^^^^
.venv/lib/python3.12/site-packages/flask/testing.py:222: in open
    return Client.open(
.venv/lib/python3.12/site-packages/werkzeug/test.py:970: in open
    response = self.run_wsgi_app(environ.copy(), buffered=buffered)
               ^^^^^^^^^^^^^^^^^^^^^^^^^^^^^^^^^^^^^^^^^^^^^^^^^^^^
.venv/lib/python3.12/site-packages/werkzeug/test.py:861: in run_wsgi_app
    rv = run_wsgi_app(self.application, environ, buffered=buffered)
         ^^^^^^^^^^^^^^^^^^^^^^^^^^^^^^^^^^^^^^^^^^^^^^^^^^^^^^^^^^
.venv/lib/python3.12/site-packages/werkzeug/test.py:1096: in run_wsgi_app
    app_rv = app(environ, start_response)
             ^^^^^^^^^^^^^^^^^^^^^^^^^^^^
.venv/lib/python3.12/site-packages/flask/app.py:2464: in __call__
    return self.wsgi_app(environ, start_response)
           ^^^^^^^^^^^^^^^^^^^^^^^^^^^^^^^^^^^^^^
.venv/lib/python3.12/site-packages/werkzeug/middleware/proxy_fix.py:169: in __call__
    return self.app(environ, start_response)
           ^^^^^^^^^^^^^^^^^^^^^^^^^^^^^^^^^
.venv/lib/python3.12/site-packages/flask/app.py:2450: in wsgi_app
    response = self.handle_exception(e)
               ^^^^^^^^^^^^^^^^^^^^^^^^
.venv/lib/python3.12/site-packages/flask_cors/extension.py:165: in wrapped_function
    return cors_after_request(app.make_response(f(*args, **kwargs)))
                                                ^^^^^^^^^^^^^^^^^^
.venv/lib/python3.12/site-packages/flask/app.py:1867: in handle_exception
    reraise(exc_type, exc_value, tb)
.venv/lib/python3.12/site-packages/flask/_compat.py:39: in reraise
    raise value
.venv/lib/python3.12/site-packages/flask/app.py:2447: in wsgi_app
    response = self.full_dispatch_request()
               ^^^^^^^^^^^^^^^^^^^^^^^^^^^^
.venv/lib/python3.12/site-packages/flask/app.py:1953: in full_dispatch_request
    return self.finalize_request(rv)
           ^^^^^^^^^^^^^^^^^^^^^^^^^
.venv/lib/python3.12/site-packages/flask/app.py:1970: in finalize_request
    response = self.process_response(response)
               ^^^^^^^^^^^^^^^^^^^^^^^^^^^^^^^
.venv/lib/python3.12/site-packages/flask/app.py:2269: in process_response
    self.session_interface.save_session(self, ctx.session, response)
app/session.py:97: in save_session
    self._redis_w.setex(
.venv/lib/python3.12/site-packages/redis/commands/core.py:2360: in setex
    return self.execute_command("SETEX", name, time, value)
           ^^^^^^^^^^^^^^^^^^^^^^^^^^^^^^^^^^^^^^^^^^^^^^^^
.venv/lib/python3.12/site-packages/redis/client.py:559: in execute_command
    return self._execute_command(*args, **options)
           ^^^^^^^^^^^^^^^^^^^^^^^^^^^^^^^^^^^^^^^
.venv/lib/python3.12/site-packages/redis/client.py:565: in _execute_command
    conn = self.connection or pool.get_connection(command_name, **options)
                              ^^^^^^^^^^^^^^^^^^^^^^^^^^^^^^^^^^^^^^^^^^^^
.venv/lib/python3.12/site-packages/redis/connection.py:1422: in get_connection
    connection.connect()
.venv/lib/python3.12/site-packages/redis/connection.py:363: in connect
    raise ConnectionError(self._error_message(e))
E   redis.exceptions.ConnectionError: Error 111 connecting to localhost:6379. Connection refused.
----------------------------- Captured stdout call -----------------------------
2026-02-09 12:30:39,398 - SL - INFO - 5326 - "/home/runner/work/simplelogin-app/simplelogin-app/app/events/event_dispatcher.py:62" - send_event() -  - Not sending events because webhook is not configured and allowed to be empty
____________________________ test_too_many_requests ____________________________
.venv/lib/python3.12/site-packages/redis/connection.py:357: in connect
    sock = self.retry.call_with_retry(
.venv/lib/python3.12/site-packages/redis/retry.py:62: in call_with_retry
    return do()
           ^^^^
.venv/lib/python3.12/site-packages/redis/connection.py:358: in <lambda>
    lambda: self._connect(), lambda error: self.disconnect(error)
            ^^^^^^^^^^^^^^^
.venv/lib/python3.12/site-packages/redis/connection.py:730: in _connect
    raise err
.venv/lib/python3.12/site-packages/redis/connection.py:718: in _connect
    sock.connect(socket_address)
E   ConnectionRefusedError: [Errno 111] Connection refused

During handling of the above exception, another exception occurred:
tests/dashboard/test_custom_alias.py:372: in test_too_many_requests
    user = login(flask_client)
           ^^^^^^^^^^^^^^^^^^^
tests/utils.py:57: in login
    r = flask_client.post(
.venv/lib/python3.12/site-packages/werkzeug/test.py:1016: in post
    return self.open(*args, **kw)
           ^^^^^^^^^^^^^^^^^^^^^^
tests/conftest.py:60: in open
    return super().open(*args, **kwargs)
           ^^^^^^^^^^^^^^^^^^^^^^^^^^^^^
.venv/lib/python3.12/site-packages/flask/testing.py:222: in open
    return Client.open(
.venv/lib/python3.12/site-packages/werkzeug/test.py:970: in open
    response = self.run_wsgi_app(environ.copy(), buffered=buffered)
               ^^^^^^^^^^^^^^^^^^^^^^^^^^^^^^^^^^^^^^^^^^^^^^^^^^^^
.venv/lib/python3.12/site-packages/werkzeug/test.py:861: in run_wsgi_app
    rv = run_wsgi_app(self.application, environ, buffered=buffered)
         ^^^^^^^^^^^^^^^^^^^^^^^^^^^^^^^^^^^^^^^^^^^^^^^^^^^^^^^^^^
.venv/lib/python3.12/site-packages/werkzeug/test.py:1096: in run_wsgi_app
    app_rv = app(environ, start_response)
             ^^^^^^^^^^^^^^^^^^^^^^^^^^^^
.venv/lib/python3.12/site-packages/flask/app.py:2464: in __call__
    return self.wsgi_app(environ, start_response)
           ^^^^^^^^^^^^^^^^^^^^^^^^^^^^^^^^^^^^^^
.venv/lib/python3.12/site-packages/werkzeug/middleware/proxy_fix.py:169: in __call__
    return self.app(environ, start_response)
           ^^^^^^^^^^^^^^^^^^^^^^^^^^^^^^^^^
.venv/lib/python3.12/site-packages/flask/app.py:2450: in wsgi_app
    response = self.handle_exception(e)
               ^^^^^^^^^^^^^^^^^^^^^^^^
.venv/lib/python3.12/site-packages/flask_cors/extension.py:165: in wrapped_function
    return cors_after_request(app.make_response(f(*args, **kwargs)))
                                                ^^^^^^^^^^^^^^^^^^
.venv/lib/python3.12/site-packages/flask/app.py:1867: in handle_exception
    reraise(exc_type, exc_value, tb)
.venv/lib/python3.12/site-packages/flask/_compat.py:39: in reraise
    raise value
.venv/lib/python3.12/site-packages/flask/app.py:2447: in wsgi_app
    response = self.full_dispatch_request()
               ^^^^^^^^^^^^^^^^^^^^^^^^^^^^
.venv/lib/python3.12/site-packages/flask/app.py:1953: in full_dispatch_request
    return self.finalize_request(rv)
           ^^^^^^^^^^^^^^^^^^^^^^^^^
.venv/lib/python3.12/site-packages/flask/app.py:1970: in finalize_request
    response = self.process_response(response)
               ^^^^^^^^^^^^^^^^^^^^^^^^^^^^^^^
.venv/lib/python3.12/site-packages/flask/app.py:2269: in process_response
    self.session_interface.save_session(self, ctx.session, response)
app/session.py:97: in save_session
    self._redis_w.setex(
.venv/lib/python3.12/site-packages/redis/commands/core.py:2360: in setex
    return self.execute_command("SETEX", name, time, value)
           ^^^^^^^^^^^^^^^^^^^^^^^^^^^^^^^^^^^^^^^^^^^^^^^^
.venv/lib/python3.12/site-packages/redis/client.py:559: in execute_command
    return self._execute_command(*args, **options)
           ^^^^^^^^^^^^^^^^^^^^^^^^^^^^^^^^^^^^^^^
.venv/lib/python3.12/site-packages/redis/client.py:565: in _execute_command
    conn = self.connection or pool.get_connection(command_name, **options)
                              ^^^^^^^^^^^^^^^^^^^^^^^^^^^^^^^^^^^^^^^^^^^^
.venv/lib/python3.12/site-packages/redis/connection.py:1422: in get_connection
    connection.connect()
.venv/lib/python3.12/site-packages/redis/connection.py:363: in connect
    raise ConnectionError(self._error_message(e))
E   redis.exceptions.ConnectionError: Error 111 connecting to localhost:6379. Connection refused.
----------------------------- Captured stdout call -----------------------------
2026-02-09 12:30:40,089 - SL - INFO - 5326 - "/home/runner/work/simplelogin-app/simplelogin-app/app/events/event_dispatcher.py:62" - send_event() -  - Not sending events because webhook is not configured and allowed to be empty
2026-02-09 12:30:40,094 - SL - ERROR - 5326 - EMAZYK4B - "/home/runner/work/simplelogin-app/simplelogin-app/server.py:368" - error_handler() -  - Error 111 connecting to localhost:6379. Connection refused.
Traceback (most recent call last):
  File "/home/runner/work/simplelogin-app/simplelogin-app/.venv/lib/python3.12/site-packages/redis/connection.py", line 357, in connect
    sock = self.retry.call_with_retry(
           ^^^^^^^^^^^^^^^^^^^^^^^^^^^
  File "/home/runner/work/simplelogin-app/simplelogin-app/.venv/lib/python3.12/site-packages/redis/retry.py", line 62, in call_with_retry
    return do()
           ^^^^
  File "/home/runner/work/simplelogin-app/simplelogin-app/.venv/lib/python3.12/site-packages/redis/connection.py", line 358, in <lambda>
    lambda: self._connect(), lambda error: self.disconnect(error)
            ^^^^^^^^^^^^^^^
  File "/home/runner/work/simplelogin-app/simplelogin-app/.venv/lib/python3.12/site-packages/redis/connection.py", line 730, in _connect
    raise err
  File "/home/runner/work/simplelogin-app/simplelogin-app/.venv/lib/python3.12/site-packages/redis/connection.py", line 718, in _connect
    sock.connect(socket_address)
ConnectionRefusedError: [Errno 111] Connection refused

During handling of the above exception, another exception occurred:

Traceback (most recent call last):
  File "/home/runner/work/simplelogin-app/simplelogin-app/.venv/lib/python3.12/site-packages/flask/app.py", line 1950, in full_dispatch_request
    rv = self.dispatch_request()
         ^^^^^^^^^^^^^^^^^^^^^^^
  File "/home/runner/work/simplelogin-app/simplelogin-app/.venv/lib/python3.12/site-packages/flask/app.py", line 1936, in dispatch_request
    return self.view_functions[rule.endpoint](**req.view_args)
           ^^^^^^^^^^^^^^^^^^^^^^^^^^^^^^^^^^^^^^^^^^^^^^^^^^^
  File "/home/runner/work/simplelogin-app/simplelogin-app/.venv/lib/python3.12/site-packages/flask_limiter/extension.py", line 703, in __inner
    self.__check_request_limit(False)
  File "/home/runner/work/simplelogin-app/simplelogin-app/.venv/lib/python3.12/site-packages/flask_limiter/extension.py", line 626, in __check_request_limit
    six.reraise(*sys.exc_info())
  File "/home/runner/work/simplelogin-app/simplelogin-app/.venv/lib/python3.12/site-packages/six.py", line 724, in reraise
    raise value
  File "/home/runner/work/simplelogin-app/simplelogin-app/.venv/lib/python3.12/site-packages/flask_limiter/extension.py", line 611, in __check_request_limit
    self.__evaluate_limits(endpoint, all_limits)
  File "/home/runner/work/simplelogin-app/simplelogin-app/.venv/lib/python3.12/site-packages/flask_limiter/extension.py", line 478, in __evaluate_limits
    if not method(lim.limit, *args):
           ^^^^^^^^^^^^^^^^^^^^^^^^
  File "/home/runner/work/simplelogin-app/simplelogin-app/.venv/lib/python3.12/site-packages/limits/strategies.py", line 159, in test
    return self.storage.get(item.key_for(*identifiers)) < item.amount - cost + 1
           ^^^^^^^^^^^^^^^^^^^^^^^^^^^^^^^^^^^^^^^^^^^^
  File "/home/runner/work/simplelogin-app/simplelogin-app/.venv/lib/python3.12/site-packages/limits/storage/base.py", line 27, in inner
    return fn(*args, **kwargs)
           ^^^^^^^^^^^^^^^^^^^
  File "/home/runner/work/simplelogin-app/simplelogin-app/.venv/lib/python3.12/site-packages/limits/storage/redis.py", line 217, in get
    return super()._get(key, self.storage)
           ^^^^^^^^^^^^^^^^^^^^^^^^^^^^^^^
  File "/home/runner/work/simplelogin-app/simplelogin-app/.venv/lib/python3.12/site-packages/limits/storage/redis.py", line 82, in _get
    return int(connection.get(key) or 0)
               ^^^^^^^^^^^^^^^^^^^
  File "/home/runner/work/simplelogin-app/simplelogin-app/.venv/lib/python3.12/site-packages/redis/commands/core.py", line 1822, in get
    return self.execute_command("GET", name, keys=[name])
           ^^^^^^^^^^^^^^^^^^^^^^^^^^^^^^^^^^^^^^^^^^^^^^
  File "/home/runner/work/simplelogin-app/simplelogin-app/.venv/lib/python3.12/site-packages/redis/client.py", line 559, in execute_command
    return self._execute_command(*args, **options)
           ^^^^^^^^^^^^^^^^^^^^^^^^^^^^^^^^^^^^^^^
  File "/home/runner/work/simplelogin-app/simplelogin-app/.venv/lib/python3.12/site-packages/redis/client.py", line 565, in _execute_command
    conn = self.connection or pool.get_connection(command_name, **options)
                              ^^^^^^^^^^^^^^^^^^^^^^^^^^^^^^^^^^^^^^^^^^^^
  File "/home/runner/work/simplelogin-app/simplelogin-app/.venv/lib/python3.12/site-packages/redis/connection.py", line 1422, in get_connection
    connection.connect()
  File "/home/runner/work/simplelogin-app/simplelogin-app/.venv/lib/python3.12/site-packages/redis/connection.py", line 363, in connect
    raise ConnectionError(self._error_message(e))
redis.exceptions.ConnectionError: Error 111 connecting to localhost:6379. Connection refused.
_____________ test_cannot_create_alias_with_admin_disabled_mailbox _____________
.venv/lib/python3.12/site-packages/redis/connection.py:357: in connect
    sock = self.retry.call_with_retry(
.venv/lib/python3.12/site-packages/redis/retry.py:62: in call_with_retry
    return do()
           ^^^^
.venv/lib/python3.12/site-packages/redis/connection.py:358: in <lambda>
    lambda: self._connect(), lambda error: self.disconnect(error)
            ^^^^^^^^^^^^^^^
.venv/lib/python3.12/site-packages/redis/connection.py:730: in _connect
    raise err
.venv/lib/python3.12/site-packages/redis/connection.py:718: in _connect
    sock.connect(socket_address)
E   ConnectionRefusedError: [Errno 111] Connection refused

During handling of the above exception, another exception occurred:
tests/dashboard/test_custom_alias.py:402: in test_cannot_create_alias_with_admin_disabled_mailbox
    user = login(flask_client)
           ^^^^^^^^^^^^^^^^^^^
tests/utils.py:57: in login
    r = flask_client.post(
.venv/lib/python3.12/site-packages/werkzeug/test.py:1016: in post
    return self.open(*args, **kw)
           ^^^^^^^^^^^^^^^^^^^^^^
tests/conftest.py:60: in open
    return super().open(*args, **kwargs)
           ^^^^^^^^^^^^^^^^^^^^^^^^^^^^^
.venv/lib/python3.12/site-packages/flask/testing.py:222: in open
    return Client.open(
.venv/lib/python3.12/site-packages/werkzeug/test.py:970: in open
    response = self.run_wsgi_app(environ.copy(), buffered=buffered)
               ^^^^^^^^^^^^^^^^^^^^^^^^^^^^^^^^^^^^^^^^^^^^^^^^^^^^
.venv/lib/python3.12/site-packages/werkzeug/test.py:861: in run_wsgi_app
    rv = run_wsgi_app(self.application, environ, buffered=buffered)
         ^^^^^^^^^^^^^^^^^^^^^^^^^^^^^^^^^^^^^^^^^^^^^^^^^^^^^^^^^^
.venv/lib/python3.12/site-packages/werkzeug/test.py:1096: in run_wsgi_app
    app_rv = app(environ, start_response)
             ^^^^^^^^^^^^^^^^^^^^^^^^^^^^
.venv/lib/python3.12/site-packages/flask/app.py:2464: in __call__
    return self.wsgi_app(environ, start_response)
           ^^^^^^^^^^^^^^^^^^^^^^^^^^^^^^^^^^^^^^
.venv/lib/python3.12/site-packages/werkzeug/middleware/proxy_fix.py:169: in __call__
    return self.app(environ, start_response)
           ^^^^^^^^^^^^^^^^^^^^^^^^^^^^^^^^^
.venv/lib/python3.12/site-packages/flask/app.py:2450: in wsgi_app
    response = self.handle_exception(e)
               ^^^^^^^^^^^^^^^^^^^^^^^^
.venv/lib/python3.12/site-packages/flask_cors/extension.py:165: in wrapped_function
    return cors_after_request(app.make_response(f(*args, **kwargs)))
                                                ^^^^^^^^^^^^^^^^^^
.venv/lib/python3.12/site-packages/flask/app.py:1867: in handle_exception
    reraise(exc_type, exc_value, tb)
.venv/lib/python3.12/site-packages/flask/_compat.py:39: in reraise
    raise value
.venv/lib/python3.12/site-packages/flask/app.py:2447: in wsgi_app
    response = self.full_dispatch_request()
               ^^^^^^^^^^^^^^^^^^^^^^^^^^^^
.venv/lib/python3.12/site-packages/flask/app.py:1953: in full_dispatch_request
    return self.finalize_request(rv)
           ^^^^^^^^^^^^^^^^^^^^^^^^^
.venv/lib/python3.12/site-packages/flask/app.py:1970: in finalize_request
    response = self.process_response(response)
               ^^^^^^^^^^^^^^^^^^^^^^^^^^^^^^^
.venv/lib/python3.12/site-packages/flask/app.py:2269: in process_response
    self.session_interface.save_session(self, ctx.session, response)
app/session.py:97: in save_session
    self._redis_w.setex(
.venv/lib/python3.12/site-packages/redis/commands/core.py:2360: in setex
    return self.execute_command("SETEX", name, time, value)
           ^^^^^^^^^^^^^^^^^^^^^^^^^^^^^^^^^^^^^^^^^^^^^^^^
.venv/lib/python3.12/site-packages/redis/client.py:559: in execute_command
    return self._execute_command(*args, **options)
           ^^^^^^^^^^^^^^^^^^^^^^^^^^^^^^^^^^^^^^^
.venv/lib/python3.12/site-packages/redis/client.py:565: in _execute_command
    conn = self.connection or pool.get_connection(command_name, **options)
                              ^^^^^^^^^^^^^^^^^^^^^^^^^^^^^^^^^^^^^^^^^^^^
.venv/lib/python3.12/site-packages/redis/connection.py:1422: in get_connection
    connection.connect()
.venv/lib/python3.12/site-packages/redis/connection.py:363: in connect
    raise ConnectionError(self._error_message(e))
E   redis.exceptions.ConnectionError: Error 111 connecting to localhost:6379. Connection refused.
----------------------------- Captured stdout call -----------------------------
2026-02-09 12:30:40,552 - SL - INFO - 5326 - "/home/runner/work/simplelogin-app/simplelogin-app/app/events/event_dispatcher.py:62" - send_event() -  - Not sending events because webhook is not configured and allowed to be empty
_________________ test_admin_disabled_mailbox_not_in_form_list _________________
.venv/lib/python3.12/site-packages/redis/connection.py:357: in connect
    sock = self.retry.call_with_retry(
.venv/lib/python3.12/site-packages/redis/retry.py:62: in call_with_retry
    return do()
           ^^^^
.venv/lib/python3.12/site-packages/redis/connection.py:358: in <lambda>
    lambda: self._connect(), lambda error: self.disconnect(error)
            ^^^^^^^^^^^^^^^
.venv/lib/python3.12/site-packages/redis/connection.py:730: in _connect
    raise err
.venv/lib/python3.12/site-packages/redis/connection.py:718: in _connect
    sock.connect(socket_address)
E   ConnectionRefusedError: [Errno 111] Connection refused

During handling of the above exception, another exception occurred:
tests/dashboard/test_custom_alias.py:441: in test_admin_disabled_mailbox_not_in_form_list
    user = login(flask_client)
           ^^^^^^^^^^^^^^^^^^^
tests/utils.py:57: in login
    r = flask_client.post(
.venv/lib/python3.12/site-packages/werkzeug/test.py:1016: in post
    return self.open(*args, **kw)
           ^^^^^^^^^^^^^^^^^^^^^^
tests/conftest.py:60: in open
    return super().open(*args, **kwargs)
           ^^^^^^^^^^^^^^^^^^^^^^^^^^^^^
.venv/lib/python3.12/site-packages/flask/testing.py:222: in open
    return Client.open(
.venv/lib/python3.12/site-packages/werkzeug/test.py:970: in open
    response = self.run_wsgi_app(environ.copy(), buffered=buffered)
               ^^^^^^^^^^^^^^^^^^^^^^^^^^^^^^^^^^^^^^^^^^^^^^^^^^^^
.venv/lib/python3.12/site-packages/werkzeug/test.py:861: in run_wsgi_app
    rv = run_wsgi_app(self.application, environ, buffered=buffered)
         ^^^^^^^^^^^^^^^^^^^^^^^^^^^^^^^^^^^^^^^^^^^^^^^^^^^^^^^^^^
.venv/lib/python3.12/site-packages/werkzeug/test.py:1096: in run_wsgi_app
    app_rv = app(environ, start_response)
             ^^^^^^^^^^^^^^^^^^^^^^^^^^^^
.venv/lib/python3.12/site-packages/flask/app.py:2464: in __call__
    return self.wsgi_app(environ, start_response)
           ^^^^^^^^^^^^^^^^^^^^^^^^^^^^^^^^^^^^^^
.venv/lib/python3.12/site-packages/werkzeug/middleware/proxy_fix.py:169: in __call__
    return self.app(environ, start_response)
           ^^^^^^^^^^^^^^^^^^^^^^^^^^^^^^^^^
.venv/lib/python3.12/site-packages/flask/app.py:2450: in wsgi_app
    response = self.handle_exception(e)
               ^^^^^^^^^^^^^^^^^^^^^^^^
.venv/lib/python3.12/site-packages/flask_cors/extension.py:165: in wrapped_function
    return cors_after_request(app.make_response(f(*args, **kwargs)))
                                                ^^^^^^^^^^^^^^^^^^
.venv/lib/python3.12/site-packages/flask/app.py:1867: in handle_exception
    reraise(exc_type, exc_value, tb)
.venv/lib/python3.12/site-packages/flask/_compat.py:39: in reraise
    raise value
.venv/lib/python3.12/site-packages/flask/app.py:2447: in wsgi_app
    response = self.full_dispatch_request()
               ^^^^^^^^^^^^^^^^^^^^^^^^^^^^
.venv/lib/python3.12/site-packages/flask/app.py:1953: in full_dispatch_request
    return self.finalize_request(rv)
           ^^^^^^^^^^^^^^^^^^^^^^^^^
.venv/lib/python3.12/site-packages/flask/app.py:1970: in finalize_request
    response = self.process_response(response)
               ^^^^^^^^^^^^^^^^^^^^^^^^^^^^^^^
.venv/lib/python3.12/site-packages/flask/app.py:2269: in process_response
    self.session_interface.save_session(self, ctx.session, response)
app/session.py:97: in save_session
    self._redis_w.setex(
.venv/lib/python3.12/site-packages/redis/commands/core.py:2360: in setex
    return self.execute_command("SETEX", name, time, value)
           ^^^^^^^^^^^^^^^^^^^^^^^^^^^^^^^^^^^^^^^^^^^^^^^^
.venv/lib/python3.12/site-packages/redis/client.py:559: in execute_command
    return self._execute_command(*args, **options)
           ^^^^^^^^^^^^^^^^^^^^^^^^^^^^^^^^^^^^^^^
.venv/lib/python3.12/site-packages/redis/client.py:565: in _execute_command
    conn = self.connection or pool.get_connection(command_name, **options)
                              ^^^^^^^^^^^^^^^^^^^^^^^^^^^^^^^^^^^^^^^^^^^^
.venv/lib/python3.12/site-packages/redis/connection.py:1422: in get_connection
    connection.connect()
.venv/lib/python3.12/site-packages/redis/connection.py:363: in connect
    raise ConnectionError(self._error_message(e))
E   redis.exceptions.ConnectionError: Error 111 connecting to localhost:6379. Connection refused.
----------------------------- Captured stdout call -----------------------------
2026-02-09 12:30:41,401 - SL - INFO - 5326 - "/home/runner/work/simplelogin-app/simplelogin-app/app/events/event_dispatcher.py:62" - send_event() -  - Not sending events because webhook is not configured and allowed to be empty
___________________________ test_add_domain_success ____________________________
.venv/lib/python3.12/site-packages/redis/connection.py:357: in connect
    sock = self.retry.call_with_retry(
.venv/lib/python3.12/site-packages/redis/retry.py:62: in call_with_retry
    return do()
           ^^^^
.venv/lib/python3.12/site-packages/redis/connection.py:358: in <lambda>
    lambda: self._connect(), lambda error: self.disconnect(error)
            ^^^^^^^^^^^^^^^
.venv/lib/python3.12/site-packages/redis/connection.py:730: in _connect
    raise err
.venv/lib/python3.12/site-packages/redis/connection.py:718: in _connect
    sock.connect(socket_address)
E   ConnectionRefusedError: [Errno 111] Connection refused

During handling of the above exception, another exception occurred:
tests/dashboard/test_custom_domain.py:10: in test_add_domain_success
    user = login(flask_client)
           ^^^^^^^^^^^^^^^^^^^
tests/utils.py:57: in login
    r = flask_client.post(
.venv/lib/python3.12/site-packages/werkzeug/test.py:1016: in post
    return self.open(*args, **kw)
           ^^^^^^^^^^^^^^^^^^^^^^
tests/conftest.py:60: in open
    return super().open(*args, **kwargs)
           ^^^^^^^^^^^^^^^^^^^^^^^^^^^^^
.venv/lib/python3.12/site-packages/flask/testing.py:222: in open
    return Client.open(
.venv/lib/python3.12/site-packages/werkzeug/test.py:970: in open
    response = self.run_wsgi_app(environ.copy(), buffered=buffered)
               ^^^^^^^^^^^^^^^^^^^^^^^^^^^^^^^^^^^^^^^^^^^^^^^^^^^^
.venv/lib/python3.12/site-packages/werkzeug/test.py:861: in run_wsgi_app
    rv = run_wsgi_app(self.application, environ, buffered=buffered)
         ^^^^^^^^^^^^^^^^^^^^^^^^^^^^^^^^^^^^^^^^^^^^^^^^^^^^^^^^^^
.venv/lib/python3.12/site-packages/werkzeug/test.py:1096: in run_wsgi_app
    app_rv = app(environ, start_response)
             ^^^^^^^^^^^^^^^^^^^^^^^^^^^^
.venv/lib/python3.12/site-packages/flask/app.py:2464: in __call__
    return self.wsgi_app(environ, start_response)
           ^^^^^^^^^^^^^^^^^^^^^^^^^^^^^^^^^^^^^^
.venv/lib/python3.12/site-packages/werkzeug/middleware/proxy_fix.py:169: in __call__
    return self.app(environ, start_response)
           ^^^^^^^^^^^^^^^^^^^^^^^^^^^^^^^^^
.venv/lib/python3.12/site-packages/flask/app.py:2450: in wsgi_app
    response = self.handle_exception(e)
               ^^^^^^^^^^^^^^^^^^^^^^^^
.venv/lib/python3.12/site-packages/flask_cors/extension.py:165: in wrapped_function
    return cors_after_request(app.make_response(f(*args, **kwargs)))
                                                ^^^^^^^^^^^^^^^^^^
.venv/lib/python3.12/site-packages/flask/app.py:1867: in handle_exception
    reraise(exc_type, exc_value, tb)
.venv/lib/python3.12/site-packages/flask/_compat.py:39: in reraise
    raise value
.venv/lib/python3.12/site-packages/flask/app.py:2447: in wsgi_app
    response = self.full_dispatch_request()
               ^^^^^^^^^^^^^^^^^^^^^^^^^^^^
.venv/lib/python3.12/site-packages/flask/app.py:1953: in full_dispatch_request
    return self.finalize_request(rv)
           ^^^^^^^^^^^^^^^^^^^^^^^^^
.venv/lib/python3.12/site-packages/flask/app.py:1970: in finalize_request
    response = self.process_response(response)
               ^^^^^^^^^^^^^^^^^^^^^^^^^^^^^^^
.venv/lib/python3.12/site-packages/flask/app.py:2269: in process_response
    self.session_interface.save_session(self, ctx.session, response)
app/session.py:97: in save_session
    self._redis_w.setex(
.venv/lib/python3.12/site-packages/redis/commands/core.py:2360: in setex
    return self.execute_command("SETEX", name, time, value)
           ^^^^^^^^^^^^^^^^^^^^^^^^^^^^^^^^^^^^^^^^^^^^^^^^
.venv/lib/python3.12/site-packages/redis/client.py:559: in execute_command
    return self._execute_command(*args, **options)
           ^^^^^^^^^^^^^^^^^^^^^^^^^^^^^^^^^^^^^^^
.venv/lib/python3.12/site-packages/redis/client.py:565: in _execute_command
    conn = self.connection or pool.get_connection(command_name, **options)
                              ^^^^^^^^^^^^^^^^^^^^^^^^^^^^^^^^^^^^^^^^^^^^
.venv/lib/python3.12/site-packages/redis/connection.py:1422: in get_connection
    connection.connect()
.venv/lib/python3.12/site-packages/redis/connection.py:363: in connect
    raise ConnectionError(self._error_message(e))
E   redis.exceptions.ConnectionError: Error 111 connecting to localhost:6379. Connection refused.
----------------------------- Captured stdout call -----------------------------
2026-02-09 12:30:42,091 - SL - INFO - 5326 - "/home/runner/work/simplelogin-app/simplelogin-app/app/events/event_dispatcher.py:62" - send_event() -  - Not sending events because webhook is not configured and allowed to be empty
______________________ test_add_domain_same_as_user_email ______________________
.venv/lib/python3.12/site-packages/redis/connection.py:357: in connect
    sock = self.retry.call_with_retry(
.venv/lib/python3.12/site-packages/redis/retry.py:62: in call_with_retry
    return do()
           ^^^^
.venv/lib/python3.12/site-packages/redis/connection.py:358: in <lambda>
    lambda: self._connect(), lambda error: self.disconnect(error)
            ^^^^^^^^^^^^^^^
.venv/lib/python3.12/site-packages/redis/connection.py:730: in _connect
    raise err
.venv/lib/python3.12/site-packages/redis/connection.py:718: in _connect
    sock.connect(socket_address)
E   ConnectionRefusedError: [Errno 111] Connection refused

During handling of the above exception, another exception occurred:
tests/dashboard/test_custom_domain.py:27: in test_add_domain_same_as_user_email
    user = login(flask_client)
           ^^^^^^^^^^^^^^^^^^^
tests/utils.py:57: in login
    r = flask_client.post(
.venv/lib/python3.12/site-packages/werkzeug/test.py:1016: in post
    return self.open(*args, **kw)
           ^^^^^^^^^^^^^^^^^^^^^^
tests/conftest.py:60: in open
    return super().open(*args, **kwargs)
           ^^^^^^^^^^^^^^^^^^^^^^^^^^^^^
.venv/lib/python3.12/site-packages/flask/testing.py:222: in open
    return Client.open(
.venv/lib/python3.12/site-packages/werkzeug/test.py:970: in open
    response = self.run_wsgi_app(environ.copy(), buffered=buffered)
               ^^^^^^^^^^^^^^^^^^^^^^^^^^^^^^^^^^^^^^^^^^^^^^^^^^^^
.venv/lib/python3.12/site-packages/werkzeug/test.py:861: in run_wsgi_app
    rv = run_wsgi_app(self.application, environ, buffered=buffered)
         ^^^^^^^^^^^^^^^^^^^^^^^^^^^^^^^^^^^^^^^^^^^^^^^^^^^^^^^^^^
.venv/lib/python3.12/site-packages/werkzeug/test.py:1096: in run_wsgi_app
    app_rv = app(environ, start_response)
             ^^^^^^^^^^^^^^^^^^^^^^^^^^^^
.venv/lib/python3.12/site-packages/flask/app.py:2464: in __call__
    return self.wsgi_app(environ, start_response)
           ^^^^^^^^^^^^^^^^^^^^^^^^^^^^^^^^^^^^^^
.venv/lib/python3.12/site-packages/werkzeug/middleware/proxy_fix.py:169: in __call__
    return self.app(environ, start_response)
           ^^^^^^^^^^^^^^^^^^^^^^^^^^^^^^^^^
.venv/lib/python3.12/site-packages/flask/app.py:2450: in wsgi_app
    response = self.handle_exception(e)
               ^^^^^^^^^^^^^^^^^^^^^^^^
.venv/lib/python3.12/site-packages/flask_cors/extension.py:165: in wrapped_function
    return cors_after_request(app.make_response(f(*args, **kwargs)))
                                                ^^^^^^^^^^^^^^^^^^
.venv/lib/python3.12/site-packages/flask/app.py:1867: in handle_exception
    reraise(exc_type, exc_value, tb)
.venv/lib/python3.12/site-packages/flask/_compat.py:39: in reraise
    raise value
.venv/lib/python3.12/site-packages/flask/app.py:2447: in wsgi_app
    response = self.full_dispatch_request()
               ^^^^^^^^^^^^^^^^^^^^^^^^^^^^
.venv/lib/python3.12/site-packages/flask/app.py:1953: in full_dispatch_request
    return self.finalize_request(rv)
           ^^^^^^^^^^^^^^^^^^^^^^^^^
.venv/lib/python3.12/site-packages/flask/app.py:1970: in finalize_request
    response = self.process_response(response)
               ^^^^^^^^^^^^^^^^^^^^^^^^^^^^^^^
.venv/lib/python3.12/site-packages/flask/app.py:2269: in process_response
    self.session_interface.save_session(self, ctx.session, response)
app/session.py:97: in save_session
    self._redis_w.setex(
.venv/lib/python3.12/site-packages/redis/commands/core.py:2360: in setex
    return self.execute_command("SETEX", name, time, value)
           ^^^^^^^^^^^^^^^^^^^^^^^^^^^^^^^^^^^^^^^^^^^^^^^^
.venv/lib/python3.12/site-packages/redis/client.py:559: in execute_command
    return self._execute_command(*args, **options)
           ^^^^^^^^^^^^^^^^^^^^^^^^^^^^^^^^^^^^^^^
.venv/lib/python3.12/site-packages/redis/client.py:565: in _execute_command
    conn = self.connection or pool.get_connection(command_name, **options)
                              ^^^^^^^^^^^^^^^^^^^^^^^^^^^^^^^^^^^^^^^^^^^^
.venv/lib/python3.12/site-packages/redis/connection.py:1422: in get_connection
    connection.connect()
.venv/lib/python3.12/site-packages/redis/connection.py:363: in connect
    raise ConnectionError(self._error_message(e))
E   redis.exceptions.ConnectionError: Error 111 connecting to localhost:6379. Connection refused.
----------------------------- Captured stdout call -----------------------------
2026-02-09 12:30:42,780 - SL - INFO - 5326 - "/home/runner/work/simplelogin-app/simplelogin-app/app/events/event_dispatcher.py:62" - send_event() -  - Not sending events because webhook is not configured and allowed to be empty
_______________________ test_add_domain_used_in_mailbox ________________________
.venv/lib/python3.12/site-packages/redis/connection.py:357: in connect
    sock = self.retry.call_with_retry(
.venv/lib/python3.12/site-packages/redis/retry.py:62: in call_with_retry
    return do()
           ^^^^
.venv/lib/python3.12/site-packages/redis/connection.py:358: in <lambda>
    lambda: self._connect(), lambda error: self.disconnect(error)
            ^^^^^^^^^^^^^^^
.venv/lib/python3.12/site-packages/redis/connection.py:730: in _connect
    raise err
.venv/lib/python3.12/site-packages/redis/connection.py:718: in _connect
    sock.connect(socket_address)
E   ConnectionRefusedError: [Errno 111] Connection refused

During handling of the above exception, another exception occurred:
tests/dashboard/test_custom_domain.py:46: in test_add_domain_used_in_mailbox
    user = login(flask_client)
           ^^^^^^^^^^^^^^^^^^^
tests/utils.py:57: in login
    r = flask_client.post(
.venv/lib/python3.12/site-packages/werkzeug/test.py:1016: in post
    return self.open(*args, **kw)
           ^^^^^^^^^^^^^^^^^^^^^^
tests/conftest.py:60: in open
    return super().open(*args, **kwargs)
           ^^^^^^^^^^^^^^^^^^^^^^^^^^^^^
.venv/lib/python3.12/site-packages/flask/testing.py:222: in open
    return Client.open(
.venv/lib/python3.12/site-packages/werkzeug/test.py:970: in open
    response = self.run_wsgi_app(environ.copy(), buffered=buffered)
               ^^^^^^^^^^^^^^^^^^^^^^^^^^^^^^^^^^^^^^^^^^^^^^^^^^^^
.venv/lib/python3.12/site-packages/werkzeug/test.py:861: in run_wsgi_app
    rv = run_wsgi_app(self.application, environ, buffered=buffered)
         ^^^^^^^^^^^^^^^^^^^^^^^^^^^^^^^^^^^^^^^^^^^^^^^^^^^^^^^^^^
.venv/lib/python3.12/site-packages/werkzeug/test.py:1096: in run_wsgi_app
    app_rv = app(environ, start_response)
             ^^^^^^^^^^^^^^^^^^^^^^^^^^^^
.venv/lib/python3.12/site-packages/flask/app.py:2464: in __call__
    return self.wsgi_app(environ, start_response)
           ^^^^^^^^^^^^^^^^^^^^^^^^^^^^^^^^^^^^^^
.venv/lib/python3.12/site-packages/werkzeug/middleware/proxy_fix.py:169: in __call__
    return self.app(environ, start_response)
           ^^^^^^^^^^^^^^^^^^^^^^^^^^^^^^^^^
.venv/lib/python3.12/site-packages/flask/app.py:2450: in wsgi_app
    response = self.handle_exception(e)
               ^^^^^^^^^^^^^^^^^^^^^^^^
.venv/lib/python3.12/site-packages/flask_cors/extension.py:165: in wrapped_function
    return cors_after_request(app.make_response(f(*args, **kwargs)))
                                                ^^^^^^^^^^^^^^^^^^
.venv/lib/python3.12/site-packages/flask/app.py:1867: in handle_exception
    reraise(exc_type, exc_value, tb)
.venv/lib/python3.12/site-packages/flask/_compat.py:39: in reraise
    raise value
.venv/lib/python3.12/site-packages/flask/app.py:2447: in wsgi_app
    response = self.full_dispatch_request()
               ^^^^^^^^^^^^^^^^^^^^^^^^^^^^
.venv/lib/python3.12/site-packages/flask/app.py:1953: in full_dispatch_request
    return self.finalize_request(rv)
           ^^^^^^^^^^^^^^^^^^^^^^^^^
.venv/lib/python3.12/site-packages/flask/app.py:1970: in finalize_request
    response = self.process_response(response)
               ^^^^^^^^^^^^^^^^^^^^^^^^^^^^^^^
.venv/lib/python3.12/site-packages/flask/app.py:2269: in process_response
    self.session_interface.save_session(self, ctx.session, response)
app/session.py:97: in save_session
    self._redis_w.setex(
.venv/lib/python3.12/site-packages/redis/commands/core.py:2360: in setex
    return self.execute_command("SETEX", name, time, value)
           ^^^^^^^^^^^^^^^^^^^^^^^^^^^^^^^^^^^^^^^^^^^^^^^^
.venv/lib/python3.12/site-packages/redis/client.py:559: in execute_command
    return self._execute_command(*args, **options)
           ^^^^^^^^^^^^^^^^^^^^^^^^^^^^^^^^^^^^^^^
.venv/lib/python3.12/site-packages/redis/client.py:565: in _execute_command
    conn = self.connection or pool.get_connection(command_name, **options)
                              ^^^^^^^^^^^^^^^^^^^^^^^^^^^^^^^^^^^^^^^^^^^^
.venv/lib/python3.12/site-packages/redis/connection.py:1422: in get_connection
    connection.connect()
.venv/lib/python3.12/site-packages/redis/connection.py:363: in connect
    raise ConnectionError(self._error_message(e))
E   redis.exceptions.ConnectionError: Error 111 connecting to localhost:6379. Connection refused.
----------------------------- Captured stdout call -----------------------------
2026-02-09 12:30:43,468 - SL - INFO - 5326 - "/home/runner/work/simplelogin-app/simplelogin-app/app/events/event_dispatcher.py:62" - send_event() -  - Not sending events because webhook is not configured and allowed to be empty
____________________________ test_create_directory _____________________________
.venv/lib/python3.12/site-packages/redis/connection.py:357: in connect
    sock = self.retry.call_with_retry(
.venv/lib/python3.12/site-packages/redis/retry.py:62: in call_with_retry
    return do()
           ^^^^
.venv/lib/python3.12/site-packages/redis/connection.py:358: in <lambda>
    lambda: self._connect(), lambda error: self.disconnect(error)
            ^^^^^^^^^^^^^^^
.venv/lib/python3.12/site-packages/redis/connection.py:730: in _connect
    raise err
.venv/lib/python3.12/site-packages/redis/connection.py:718: in _connect
    sock.connect(socket_address)
E   ConnectionRefusedError: [Errno 111] Connection refused

During handling of the above exception, another exception occurred:
tests/dashboard/test_directory.py:9: in test_create_directory
    login(flask_client)
tests/utils.py:57: in login
    r = flask_client.post(
.venv/lib/python3.12/site-packages/werkzeug/test.py:1016: in post
    return self.open(*args, **kw)
           ^^^^^^^^^^^^^^^^^^^^^^
tests/conftest.py:60: in open
    return super().open(*args, **kwargs)
           ^^^^^^^^^^^^^^^^^^^^^^^^^^^^^
.venv/lib/python3.12/site-packages/flask/testing.py:222: in open
    return Client.open(
.venv/lib/python3.12/site-packages/werkzeug/test.py:970: in open
    response = self.run_wsgi_app(environ.copy(), buffered=buffered)
               ^^^^^^^^^^^^^^^^^^^^^^^^^^^^^^^^^^^^^^^^^^^^^^^^^^^^
.venv/lib/python3.12/site-packages/werkzeug/test.py:861: in run_wsgi_app
    rv = run_wsgi_app(self.application, environ, buffered=buffered)
         ^^^^^^^^^^^^^^^^^^^^^^^^^^^^^^^^^^^^^^^^^^^^^^^^^^^^^^^^^^
.venv/lib/python3.12/site-packages/werkzeug/test.py:1096: in run_wsgi_app
    app_rv = app(environ, start_response)
             ^^^^^^^^^^^^^^^^^^^^^^^^^^^^
.venv/lib/python3.12/site-packages/flask/app.py:2464: in __call__
    return self.wsgi_app(environ, start_response)
           ^^^^^^^^^^^^^^^^^^^^^^^^^^^^^^^^^^^^^^
.venv/lib/python3.12/site-packages/werkzeug/middleware/proxy_fix.py:169: in __call__
    return self.app(environ, start_response)
           ^^^^^^^^^^^^^^^^^^^^^^^^^^^^^^^^^
.venv/lib/python3.12/site-packages/flask/app.py:2450: in wsgi_app
    response = self.handle_exception(e)
               ^^^^^^^^^^^^^^^^^^^^^^^^
.venv/lib/python3.12/site-packages/flask_cors/extension.py:165: in wrapped_function
    return cors_after_request(app.make_response(f(*args, **kwargs)))
                                                ^^^^^^^^^^^^^^^^^^
.venv/lib/python3.12/site-packages/flask/app.py:1867: in handle_exception
    reraise(exc_type, exc_value, tb)
.venv/lib/python3.12/site-packages/flask/_compat.py:39: in reraise
    raise value
.venv/lib/python3.12/site-packages/flask/app.py:2447: in wsgi_app
    response = self.full_dispatch_request()
               ^^^^^^^^^^^^^^^^^^^^^^^^^^^^
.venv/lib/python3.12/site-packages/flask/app.py:1953: in full_dispatch_request
    return self.finalize_request(rv)
           ^^^^^^^^^^^^^^^^^^^^^^^^^
.venv/lib/python3.12/site-packages/flask/app.py:1970: in finalize_request
    response = self.process_response(response)
               ^^^^^^^^^^^^^^^^^^^^^^^^^^^^^^^
.venv/lib/python3.12/site-packages/flask/app.py:2269: in process_response
    self.session_interface.save_session(self, ctx.session, response)
app/session.py:97: in save_session
    self._redis_w.setex(
.venv/lib/python3.12/site-packages/redis/commands/core.py:2360: in setex
    return self.execute_command("SETEX", name, time, value)
           ^^^^^^^^^^^^^^^^^^^^^^^^^^^^^^^^^^^^^^^^^^^^^^^^
.venv/lib/python3.12/site-packages/redis/client.py:559: in execute_command
    return self._execute_command(*args, **options)
           ^^^^^^^^^^^^^^^^^^^^^^^^^^^^^^^^^^^^^^^
.venv/lib/python3.12/site-packages/redis/client.py:565: in _execute_command
    conn = self.connection or pool.get_connection(command_name, **options)
                              ^^^^^^^^^^^^^^^^^^^^^^^^^^^^^^^^^^^^^^^^^^^^
.venv/lib/python3.12/site-packages/redis/connection.py:1422: in get_connection
    connection.connect()
.venv/lib/python3.12/site-packages/redis/connection.py:363: in connect
    raise ConnectionError(self._error_message(e))
E   redis.exceptions.ConnectionError: Error 111 connecting to localhost:6379. Connection refused.
----------------------------- Captured stdout call -----------------------------
2026-02-09 12:30:44,161 - SL - INFO - 5326 - "/home/runner/work/simplelogin-app/simplelogin-app/app/events/event_dispatcher.py:62" - send_event() -  - Not sending events because webhook is not configured and allowed to be empty
___________________ test_create_directory_with_invalid_name ____________________
.venv/lib/python3.12/site-packages/redis/connection.py:357: in connect
    sock = self.retry.call_with_retry(
.venv/lib/python3.12/site-packages/redis/retry.py:62: in call_with_retry
    return do()
           ^^^^
.venv/lib/python3.12/site-packages/redis/connection.py:358: in <lambda>
    lambda: self._connect(), lambda error: self.disconnect(error)
            ^^^^^^^^^^^^^^^
.venv/lib/python3.12/site-packages/redis/connection.py:730: in _connect
    raise err
.venv/lib/python3.12/site-packages/redis/connection.py:718: in _connect
    sock.connect(socket_address)
E   ConnectionRefusedError: [Errno 111] Connection refused

During handling of the above exception, another exception occurred:
tests/dashboard/test_directory.py:24: in test_create_directory_with_invalid_name
    login(flask_client)
tests/utils.py:57: in login
    r = flask_client.post(
.venv/lib/python3.12/site-packages/werkzeug/test.py:1016: in post
    return self.open(*args, **kw)
           ^^^^^^^^^^^^^^^^^^^^^^
tests/conftest.py:60: in open
    return super().open(*args, **kwargs)
           ^^^^^^^^^^^^^^^^^^^^^^^^^^^^^
.venv/lib/python3.12/site-packages/flask/testing.py:222: in open
    return Client.open(
.venv/lib/python3.12/site-packages/werkzeug/test.py:970: in open
    response = self.run_wsgi_app(environ.copy(), buffered=buffered)
               ^^^^^^^^^^^^^^^^^^^^^^^^^^^^^^^^^^^^^^^^^^^^^^^^^^^^
.venv/lib/python3.12/site-packages/werkzeug/test.py:861: in run_wsgi_app
    rv = run_wsgi_app(self.application, environ, buffered=buffered)
         ^^^^^^^^^^^^^^^^^^^^^^^^^^^^^^^^^^^^^^^^^^^^^^^^^^^^^^^^^^
.venv/lib/python3.12/site-packages/werkzeug/test.py:1096: in run_wsgi_app
    app_rv = app(environ, start_response)
             ^^^^^^^^^^^^^^^^^^^^^^^^^^^^
.venv/lib/python3.12/site-packages/flask/app.py:2464: in __call__
    return self.wsgi_app(environ, start_response)
           ^^^^^^^^^^^^^^^^^^^^^^^^^^^^^^^^^^^^^^
.venv/lib/python3.12/site-packages/werkzeug/middleware/proxy_fix.py:169: in __call__
    return self.app(environ, start_response)
           ^^^^^^^^^^^^^^^^^^^^^^^^^^^^^^^^^
.venv/lib/python3.12/site-packages/flask/app.py:2450: in wsgi_app
    response = self.handle_exception(e)
               ^^^^^^^^^^^^^^^^^^^^^^^^
.venv/lib/python3.12/site-packages/flask_cors/extension.py:165: in wrapped_function
    return cors_after_request(app.make_response(f(*args, **kwargs)))
                                                ^^^^^^^^^^^^^^^^^^
.venv/lib/python3.12/site-packages/flask/app.py:1867: in handle_exception
    reraise(exc_type, exc_value, tb)
.venv/lib/python3.12/site-packages/flask/_compat.py:39: in reraise
    raise value
.venv/lib/python3.12/site-packages/flask/app.py:2447: in wsgi_app
    response = self.full_dispatch_request()
               ^^^^^^^^^^^^^^^^^^^^^^^^^^^^
.venv/lib/python3.12/site-packages/flask/app.py:1953: in full_dispatch_request
    return self.finalize_request(rv)
           ^^^^^^^^^^^^^^^^^^^^^^^^^
.venv/lib/python3.12/site-packages/flask/app.py:1970: in finalize_request
    response = self.process_response(response)
               ^^^^^^^^^^^^^^^^^^^^^^^^^^^^^^^
.venv/lib/python3.12/site-packages/flask/app.py:2269: in process_response
    self.session_interface.save_session(self, ctx.session, response)
app/session.py:97: in save_session
    self._redis_w.setex(
.venv/lib/python3.12/site-packages/redis/commands/core.py:2360: in setex
    return self.execute_command("SETEX", name, time, value)
           ^^^^^^^^^^^^^^^^^^^^^^^^^^^^^^^^^^^^^^^^^^^^^^^^
.venv/lib/python3.12/site-packages/redis/client.py:559: in execute_command
    return self._execute_command(*args, **options)
           ^^^^^^^^^^^^^^^^^^^^^^^^^^^^^^^^^^^^^^^
.venv/lib/python3.12/site-packages/redis/client.py:565: in _execute_command
    conn = self.connection or pool.get_connection(command_name, **options)
                              ^^^^^^^^^^^^^^^^^^^^^^^^^^^^^^^^^^^^^^^^^^^^
.venv/lib/python3.12/site-packages/redis/connection.py:1422: in get_connection
    connection.connect()
.venv/lib/python3.12/site-packages/redis/connection.py:363: in connect
    raise ConnectionError(self._error_message(e))
E   redis.exceptions.ConnectionError: Error 111 connecting to localhost:6379. Connection refused.
----------------------------- Captured stdout call -----------------------------
2026-02-09 12:30:44,855 - SL - INFO - 5326 - "/home/runner/work/simplelogin-app/simplelogin-app/app/events/event_dispatcher.py:62" - send_event() -  - Not sending events because webhook is not configured and allowed to be empty
____________________________ test_delete_directory _____________________________
.venv/lib/python3.12/site-packages/redis/connection.py:357: in connect
    sock = self.retry.call_with_retry(
.venv/lib/python3.12/site-packages/redis/retry.py:62: in call_with_retry
    return do()
           ^^^^
.venv/lib/python3.12/site-packages/redis/connection.py:358: in <lambda>
    lambda: self._connect(), lambda error: self.disconnect(error)
            ^^^^^^^^^^^^^^^
.venv/lib/python3.12/site-packages/redis/connection.py:730: in _connect
    raise err
.venv/lib/python3.12/site-packages/redis/connection.py:718: in _connect
    sock.connect(socket_address)
E   ConnectionRefusedError: [Errno 111] Connection refused

During handling of the above exception, another exception occurred:
tests/dashboard/test_directory.py:40: in test_delete_directory
    user = login(flask_client)
           ^^^^^^^^^^^^^^^^^^^
tests/utils.py:57: in login
    r = flask_client.post(
.venv/lib/python3.12/site-packages/werkzeug/test.py:1016: in post
    return self.open(*args, **kw)
           ^^^^^^^^^^^^^^^^^^^^^^
tests/conftest.py:60: in open
    return super().open(*args, **kwargs)
           ^^^^^^^^^^^^^^^^^^^^^^^^^^^^^
.venv/lib/python3.12/site-packages/flask/testing.py:222: in open
    return Client.open(
.venv/lib/python3.12/site-packages/werkzeug/test.py:970: in open
    response = self.run_wsgi_app(environ.copy(), buffered=buffered)
               ^^^^^^^^^^^^^^^^^^^^^^^^^^^^^^^^^^^^^^^^^^^^^^^^^^^^
.venv/lib/python3.12/site-packages/werkzeug/test.py:861: in run_wsgi_app
    rv = run_wsgi_app(self.application, environ, buffered=buffered)
         ^^^^^^^^^^^^^^^^^^^^^^^^^^^^^^^^^^^^^^^^^^^^^^^^^^^^^^^^^^
.venv/lib/python3.12/site-packages/werkzeug/test.py:1096: in run_wsgi_app
    app_rv = app(environ, start_response)
             ^^^^^^^^^^^^^^^^^^^^^^^^^^^^
.venv/lib/python3.12/site-packages/flask/app.py:2464: in __call__
    return self.wsgi_app(environ, start_response)
           ^^^^^^^^^^^^^^^^^^^^^^^^^^^^^^^^^^^^^^
.venv/lib/python3.12/site-packages/werkzeug/middleware/proxy_fix.py:169: in __call__
    return self.app(environ, start_response)
           ^^^^^^^^^^^^^^^^^^^^^^^^^^^^^^^^^
.venv/lib/python3.12/site-packages/flask/app.py:2450: in wsgi_app
    response = self.handle_exception(e)
               ^^^^^^^^^^^^^^^^^^^^^^^^
.venv/lib/python3.12/site-packages/flask_cors/extension.py:165: in wrapped_function
    return cors_after_request(app.make_response(f(*args, **kwargs)))
                                                ^^^^^^^^^^^^^^^^^^
.venv/lib/python3.12/site-packages/flask/app.py:1867: in handle_exception
    reraise(exc_type, exc_value, tb)
.venv/lib/python3.12/site-packages/flask/_compat.py:39: in reraise
    raise value
.venv/lib/python3.12/site-packages/flask/app.py:2447: in wsgi_app
    response = self.full_dispatch_request()
               ^^^^^^^^^^^^^^^^^^^^^^^^^^^^
.venv/lib/python3.12/site-packages/flask/app.py:1953: in full_dispatch_request
    return self.finalize_request(rv)
           ^^^^^^^^^^^^^^^^^^^^^^^^^
.venv/lib/python3.12/site-packages/flask/app.py:1970: in finalize_request
    response = self.process_response(response)
               ^^^^^^^^^^^^^^^^^^^^^^^^^^^^^^^
.venv/lib/python3.12/site-packages/flask/app.py:2269: in process_response
    self.session_interface.save_session(self, ctx.session, response)
app/session.py:97: in save_session
    self._redis_w.setex(
.venv/lib/python3.12/site-packages/redis/commands/core.py:2360: in setex
    return self.execute_command("SETEX", name, time, value)
           ^^^^^^^^^^^^^^^^^^^^^^^^^^^^^^^^^^^^^^^^^^^^^^^^
.venv/lib/python3.12/site-packages/redis/client.py:559: in execute_command
    return self._execute_command(*args, **options)
           ^^^^^^^^^^^^^^^^^^^^^^^^^^^^^^^^^^^^^^^
.venv/lib/python3.12/site-packages/redis/client.py:565: in _execute_command
    conn = self.connection or pool.get_connection(command_name, **options)
                              ^^^^^^^^^^^^^^^^^^^^^^^^^^^^^^^^^^^^^^^^^^^^
.venv/lib/python3.12/site-packages/redis/connection.py:1422: in get_connection
    connection.connect()
.venv/lib/python3.12/site-packages/redis/connection.py:363: in connect
    raise ConnectionError(self._error_message(e))
E   redis.exceptions.ConnectionError: Error 111 connecting to localhost:6379. Connection refused.
----------------------------- Captured stdout call -----------------------------
2026-02-09 12:30:45,545 - SL - INFO - 5326 - "/home/runner/work/simplelogin-app/simplelogin-app/app/events/event_dispatcher.py:62" - send_event() -  - Not sending events because webhook is not configured and allowed to be empty
________________________ test_create_directory_in_trash ________________________
.venv/lib/python3.12/site-packages/redis/connection.py:357: in connect
    sock = self.retry.call_with_retry(
.venv/lib/python3.12/site-packages/redis/retry.py:62: in call_with_retry
    return do()
           ^^^^
.venv/lib/python3.12/site-packages/redis/connection.py:358: in <lambda>
    lambda: self._connect(), lambda error: self.disconnect(error)
            ^^^^^^^^^^^^^^^
.venv/lib/python3.12/site-packages/redis/connection.py:730: in _connect
    raise err
.venv/lib/python3.12/site-packages/redis/connection.py:718: in _connect
    sock.connect(socket_address)
E   ConnectionRefusedError: [Errno 111] Connection refused

During handling of the above exception, another exception occurred:
tests/dashboard/test_directory.py:56: in test_create_directory_in_trash
    user = login(flask_client)
           ^^^^^^^^^^^^^^^^^^^
tests/utils.py:57: in login
    r = flask_client.post(
.venv/lib/python3.12/site-packages/werkzeug/test.py:1016: in post
    return self.open(*args, **kw)
           ^^^^^^^^^^^^^^^^^^^^^^
tests/conftest.py:60: in open
    return super().open(*args, **kwargs)
           ^^^^^^^^^^^^^^^^^^^^^^^^^^^^^
.venv/lib/python3.12/site-packages/flask/testing.py:222: in open
    return Client.open(
.venv/lib/python3.12/site-packages/werkzeug/test.py:970: in open
    response = self.run_wsgi_app(environ.copy(), buffered=buffered)
               ^^^^^^^^^^^^^^^^^^^^^^^^^^^^^^^^^^^^^^^^^^^^^^^^^^^^
.venv/lib/python3.12/site-packages/werkzeug/test.py:861: in run_wsgi_app
    rv = run_wsgi_app(self.application, environ, buffered=buffered)
         ^^^^^^^^^^^^^^^^^^^^^^^^^^^^^^^^^^^^^^^^^^^^^^^^^^^^^^^^^^
.venv/lib/python3.12/site-packages/werkzeug/test.py:1096: in run_wsgi_app
    app_rv = app(environ, start_response)
             ^^^^^^^^^^^^^^^^^^^^^^^^^^^^
.venv/lib/python3.12/site-packages/flask/app.py:2464: in __call__
    return self.wsgi_app(environ, start_response)
           ^^^^^^^^^^^^^^^^^^^^^^^^^^^^^^^^^^^^^^
.venv/lib/python3.12/site-packages/werkzeug/middleware/proxy_fix.py:169: in __call__
    return self.app(environ, start_response)
           ^^^^^^^^^^^^^^^^^^^^^^^^^^^^^^^^^
.venv/lib/python3.12/site-packages/flask/app.py:2450: in wsgi_app
    response = self.handle_exception(e)
               ^^^^^^^^^^^^^^^^^^^^^^^^
.venv/lib/python3.12/site-packages/flask_cors/extension.py:165: in wrapped_function
    return cors_after_request(app.make_response(f(*args, **kwargs)))
                                                ^^^^^^^^^^^^^^^^^^
.venv/lib/python3.12/site-packages/flask/app.py:1867: in handle_exception
    reraise(exc_type, exc_value, tb)
.venv/lib/python3.12/site-packages/flask/_compat.py:39: in reraise
    raise value
.venv/lib/python3.12/site-packages/flask/app.py:2447: in wsgi_app
    response = self.full_dispatch_request()
               ^^^^^^^^^^^^^^^^^^^^^^^^^^^^
.venv/lib/python3.12/site-packages/flask/app.py:1953: in full_dispatch_request
    return self.finalize_request(rv)
           ^^^^^^^^^^^^^^^^^^^^^^^^^
.venv/lib/python3.12/site-packages/flask/app.py:1970: in finalize_request
    response = self.process_response(response)
               ^^^^^^^^^^^^^^^^^^^^^^^^^^^^^^^
.venv/lib/python3.12/site-packages/flask/app.py:2269: in process_response
    self.session_interface.save_session(self, ctx.session, response)
app/session.py:97: in save_session
    self._redis_w.setex(
.venv/lib/python3.12/site-packages/redis/commands/core.py:2360: in setex
    return self.execute_command("SETEX", name, time, value)
           ^^^^^^^^^^^^^^^^^^^^^^^^^^^^^^^^^^^^^^^^^^^^^^^^
.venv/lib/python3.12/site-packages/redis/client.py:559: in execute_command
    return self._execute_command(*args, **options)
           ^^^^^^^^^^^^^^^^^^^^^^^^^^^^^^^^^^^^^^^
.venv/lib/python3.12/site-packages/redis/client.py:565: in _execute_command
    conn = self.connection or pool.get_connection(command_name, **options)
                              ^^^^^^^^^^^^^^^^^^^^^^^^^^^^^^^^^^^^^^^^^^^^
.venv/lib/python3.12/site-packages/redis/connection.py:1422: in get_connection
    connection.connect()
.venv/lib/python3.12/site-packages/redis/connection.py:363: in connect
    raise ConnectionError(self._error_message(e))
E   redis.exceptions.ConnectionError: Error 111 connecting to localhost:6379. Connection refused.
----------------------------- Captured stdout call -----------------------------
2026-02-09 12:30:46,235 - SL - INFO - 5326 - "/home/runner/work/simplelogin-app/simplelogin-app/app/events/event_dispatcher.py:62" - send_event() -  - Not sending events because webhook is not configured and allowed to be empty
______________________ test_create_directory_out_of_quota ______________________
.venv/lib/python3.12/site-packages/redis/connection.py:357: in connect
    sock = self.retry.call_with_retry(
.venv/lib/python3.12/site-packages/redis/retry.py:62: in call_with_retry
    return do()
           ^^^^
.venv/lib/python3.12/site-packages/redis/connection.py:358: in <lambda>
    lambda: self._connect(), lambda error: self.disconnect(error)
            ^^^^^^^^^^^^^^^
.venv/lib/python3.12/site-packages/redis/connection.py:730: in _connect
    raise err
.venv/lib/python3.12/site-packages/redis/connection.py:718: in _connect
    sock.connect(socket_address)
E   ConnectionRefusedError: [Errno 111] Connection refused

During handling of the above exception, another exception occurred:
tests/dashboard/test_directory.py:83: in test_create_directory_out_of_quota
    user = login(flask_client)
           ^^^^^^^^^^^^^^^^^^^
tests/utils.py:57: in login
    r = flask_client.post(
.venv/lib/python3.12/site-packages/werkzeug/test.py:1016: in post
    return self.open(*args, **kw)
           ^^^^^^^^^^^^^^^^^^^^^^
tests/conftest.py:60: in open
    return super().open(*args, **kwargs)
           ^^^^^^^^^^^^^^^^^^^^^^^^^^^^^
.venv/lib/python3.12/site-packages/flask/testing.py:222: in open
    return Client.open(
.venv/lib/python3.12/site-packages/werkzeug/test.py:970: in open
    response = self.run_wsgi_app(environ.copy(), buffered=buffered)
               ^^^^^^^^^^^^^^^^^^^^^^^^^^^^^^^^^^^^^^^^^^^^^^^^^^^^
.venv/lib/python3.12/site-packages/werkzeug/test.py:861: in run_wsgi_app
    rv = run_wsgi_app(self.application, environ, buffered=buffered)
         ^^^^^^^^^^^^^^^^^^^^^^^^^^^^^^^^^^^^^^^^^^^^^^^^^^^^^^^^^^
.venv/lib/python3.12/site-packages/werkzeug/test.py:1096: in run_wsgi_app
    app_rv = app(environ, start_response)
             ^^^^^^^^^^^^^^^^^^^^^^^^^^^^
.venv/lib/python3.12/site-packages/flask/app.py:2464: in __call__
    return self.wsgi_app(environ, start_response)
           ^^^^^^^^^^^^^^^^^^^^^^^^^^^^^^^^^^^^^^
.venv/lib/python3.12/site-packages/werkzeug/middleware/proxy_fix.py:169: in __call__
    return self.app(environ, start_response)
           ^^^^^^^^^^^^^^^^^^^^^^^^^^^^^^^^^
.venv/lib/python3.12/site-packages/flask/app.py:2450: in wsgi_app
    response = self.handle_exception(e)
               ^^^^^^^^^^^^^^^^^^^^^^^^
.venv/lib/python3.12/site-packages/flask_cors/extension.py:165: in wrapped_function
    return cors_after_request(app.make_response(f(*args, **kwargs)))
                                                ^^^^^^^^^^^^^^^^^^
.venv/lib/python3.12/site-packages/flask/app.py:1867: in handle_exception
    reraise(exc_type, exc_value, tb)
.venv/lib/python3.12/site-packages/flask/_compat.py:39: in reraise
    raise value
.venv/lib/python3.12/site-packages/flask/app.py:2447: in wsgi_app
    response = self.full_dispatch_request()
               ^^^^^^^^^^^^^^^^^^^^^^^^^^^^
.venv/lib/python3.12/site-packages/flask/app.py:1953: in full_dispatch_request
    return self.finalize_request(rv)
           ^^^^^^^^^^^^^^^^^^^^^^^^^
.venv/lib/python3.12/site-packages/flask/app.py:1970: in finalize_request
    response = self.process_response(response)
               ^^^^^^^^^^^^^^^^^^^^^^^^^^^^^^^
.venv/lib/python3.12/site-packages/flask/app.py:2269: in process_response
    self.session_interface.save_session(self, ctx.session, response)
app/session.py:97: in save_session
    self._redis_w.setex(
.venv/lib/python3.12/site-packages/redis/commands/core.py:2360: in setex
    return self.execute_command("SETEX", name, time, value)
           ^^^^^^^^^^^^^^^^^^^^^^^^^^^^^^^^^^^^^^^^^^^^^^^^
.venv/lib/python3.12/site-packages/redis/client.py:559: in execute_command
    return self._execute_command(*args, **options)
           ^^^^^^^^^^^^^^^^^^^^^^^^^^^^^^^^^^^^^^^
.venv/lib/python3.12/site-packages/redis/client.py:565: in _execute_command
    conn = self.connection or pool.get_connection(command_name, **options)
                              ^^^^^^^^^^^^^^^^^^^^^^^^^^^^^^^^^^^^^^^^^^^^
.venv/lib/python3.12/site-packages/redis/connection.py:1422: in get_connection
    connection.connect()
.venv/lib/python3.12/site-packages/redis/connection.py:363: in connect
    raise ConnectionError(self._error_message(e))
E   redis.exceptions.ConnectionError: Error 111 connecting to localhost:6379. Connection refused.
----------------------------- Captured stdout call -----------------------------
2026-02-09 12:30:46,925 - SL - INFO - 5326 - "/home/runner/work/simplelogin-app/simplelogin-app/app/events/event_dispatcher.py:62" - send_event() -  - Not sending events because webhook is not configured and allowed to be empty
_______________________ test_create_random_alias_success _______________________
.venv/lib/python3.12/site-packages/redis/connection.py:357: in connect
    sock = self.retry.call_with_retry(
.venv/lib/python3.12/site-packages/redis/retry.py:62: in call_with_retry
    return do()
           ^^^^
.venv/lib/python3.12/site-packages/redis/connection.py:358: in <lambda>
    lambda: self._connect(), lambda error: self.disconnect(error)
            ^^^^^^^^^^^^^^^
.venv/lib/python3.12/site-packages/redis/connection.py:730: in _connect
    raise err
.venv/lib/python3.12/site-packages/redis/connection.py:718: in _connect
    sock.connect(socket_address)
E   ConnectionRefusedError: [Errno 111] Connection refused

During handling of the above exception, another exception occurred:
tests/dashboard/test_index.py:13: in test_create_random_alias_success
    user = login(flask_client)
           ^^^^^^^^^^^^^^^^^^^
tests/utils.py:57: in login
    r = flask_client.post(
.venv/lib/python3.12/site-packages/werkzeug/test.py:1016: in post
    return self.open(*args, **kw)
           ^^^^^^^^^^^^^^^^^^^^^^
tests/conftest.py:60: in open
    return super().open(*args, **kwargs)
           ^^^^^^^^^^^^^^^^^^^^^^^^^^^^^
.venv/lib/python3.12/site-packages/flask/testing.py:222: in open
    return Client.open(
.venv/lib/python3.12/site-packages/werkzeug/test.py:970: in open
    response = self.run_wsgi_app(environ.copy(), buffered=buffered)
               ^^^^^^^^^^^^^^^^^^^^^^^^^^^^^^^^^^^^^^^^^^^^^^^^^^^^
.venv/lib/python3.12/site-packages/werkzeug/test.py:861: in run_wsgi_app
    rv = run_wsgi_app(self.application, environ, buffered=buffered)
         ^^^^^^^^^^^^^^^^^^^^^^^^^^^^^^^^^^^^^^^^^^^^^^^^^^^^^^^^^^
.venv/lib/python3.12/site-packages/werkzeug/test.py:1096: in run_wsgi_app
    app_rv = app(environ, start_response)
             ^^^^^^^^^^^^^^^^^^^^^^^^^^^^
.venv/lib/python3.12/site-packages/flask/app.py:2464: in __call__
    return self.wsgi_app(environ, start_response)
           ^^^^^^^^^^^^^^^^^^^^^^^^^^^^^^^^^^^^^^
.venv/lib/python3.12/site-packages/werkzeug/middleware/proxy_fix.py:169: in __call__
    return self.app(environ, start_response)
           ^^^^^^^^^^^^^^^^^^^^^^^^^^^^^^^^^
.venv/lib/python3.12/site-packages/flask/app.py:2450: in wsgi_app
    response = self.handle_exception(e)
               ^^^^^^^^^^^^^^^^^^^^^^^^
.venv/lib/python3.12/site-packages/flask_cors/extension.py:165: in wrapped_function
    return cors_after_request(app.make_response(f(*args, **kwargs)))
                                                ^^^^^^^^^^^^^^^^^^
.venv/lib/python3.12/site-packages/flask/app.py:1867: in handle_exception
    reraise(exc_type, exc_value, tb)
.venv/lib/python3.12/site-packages/flask/_compat.py:39: in reraise
    raise value
.venv/lib/python3.12/site-packages/flask/app.py:2447: in wsgi_app
    response = self.full_dispatch_request()
               ^^^^^^^^^^^^^^^^^^^^^^^^^^^^
.venv/lib/python3.12/site-packages/flask/app.py:1953: in full_dispatch_request
    return self.finalize_request(rv)
           ^^^^^^^^^^^^^^^^^^^^^^^^^
.venv/lib/python3.12/site-packages/flask/app.py:1970: in finalize_request
    response = self.process_response(response)
               ^^^^^^^^^^^^^^^^^^^^^^^^^^^^^^^
.venv/lib/python3.12/site-packages/flask/app.py:2269: in process_response
    self.session_interface.save_session(self, ctx.session, response)
app/session.py:97: in save_session
    self._redis_w.setex(
.venv/lib/python3.12/site-packages/redis/commands/core.py:2360: in setex
    return self.execute_command("SETEX", name, time, value)
           ^^^^^^^^^^^^^^^^^^^^^^^^^^^^^^^^^^^^^^^^^^^^^^^^
.venv/lib/python3.12/site-packages/redis/client.py:559: in execute_command
    return self._execute_command(*args, **options)
           ^^^^^^^^^^^^^^^^^^^^^^^^^^^^^^^^^^^^^^^
.venv/lib/python3.12/site-packages/redis/client.py:565: in _execute_command
    conn = self.connection or pool.get_connection(command_name, **options)
                              ^^^^^^^^^^^^^^^^^^^^^^^^^^^^^^^^^^^^^^^^^^^^
.venv/lib/python3.12/site-packages/redis/connection.py:1422: in get_connection
    connection.connect()
.venv/lib/python3.12/site-packages/redis/connection.py:363: in connect
    raise ConnectionError(self._error_message(e))
E   redis.exceptions.ConnectionError: Error 111 connecting to localhost:6379. Connection refused.
----------------------------- Captured stdout call -----------------------------
2026-02-09 12:30:47,612 - SL - INFO - 5326 - "/home/runner/work/simplelogin-app/simplelogin-app/app/events/event_dispatcher.py:62" - send_event() -  - Not sending events because webhook is not configured and allowed to be empty
____________________________ test_too_many_requests ____________________________
.venv/lib/python3.12/site-packages/redis/connection.py:357: in connect
    sock = self.retry.call_with_retry(
.venv/lib/python3.12/site-packages/redis/retry.py:62: in call_with_retry
    return do()
           ^^^^
.venv/lib/python3.12/site-packages/redis/connection.py:358: in <lambda>
    lambda: self._connect(), lambda error: self.disconnect(error)
            ^^^^^^^^^^^^^^^
.venv/lib/python3.12/site-packages/redis/connection.py:730: in _connect
    raise err
.venv/lib/python3.12/site-packages/redis/connection.py:718: in _connect
    sock.connect(socket_address)
E   ConnectionRefusedError: [Errno 111] Connection refused

During handling of the above exception, another exception occurred:
tests/dashboard/test_index.py:27: in test_too_many_requests
    login(flask_client)
tests/utils.py:57: in login
    r = flask_client.post(
.venv/lib/python3.12/site-packages/werkzeug/test.py:1016: in post
    return self.open(*args, **kw)
           ^^^^^^^^^^^^^^^^^^^^^^
tests/conftest.py:60: in open
    return super().open(*args, **kwargs)
           ^^^^^^^^^^^^^^^^^^^^^^^^^^^^^
.venv/lib/python3.12/site-packages/flask/testing.py:222: in open
    return Client.open(
.venv/lib/python3.12/site-packages/werkzeug/test.py:970: in open
    response = self.run_wsgi_app(environ.copy(), buffered=buffered)
               ^^^^^^^^^^^^^^^^^^^^^^^^^^^^^^^^^^^^^^^^^^^^^^^^^^^^
.venv/lib/python3.12/site-packages/werkzeug/test.py:861: in run_wsgi_app
    rv = run_wsgi_app(self.application, environ, buffered=buffered)
         ^^^^^^^^^^^^^^^^^^^^^^^^^^^^^^^^^^^^^^^^^^^^^^^^^^^^^^^^^^
.venv/lib/python3.12/site-packages/werkzeug/test.py:1096: in run_wsgi_app
    app_rv = app(environ, start_response)
             ^^^^^^^^^^^^^^^^^^^^^^^^^^^^
.venv/lib/python3.12/site-packages/flask/app.py:2464: in __call__
    return self.wsgi_app(environ, start_response)
           ^^^^^^^^^^^^^^^^^^^^^^^^^^^^^^^^^^^^^^
.venv/lib/python3.12/site-packages/werkzeug/middleware/proxy_fix.py:169: in __call__
    return self.app(environ, start_response)
           ^^^^^^^^^^^^^^^^^^^^^^^^^^^^^^^^^
.venv/lib/python3.12/site-packages/flask/app.py:2450: in wsgi_app
    response = self.handle_exception(e)
               ^^^^^^^^^^^^^^^^^^^^^^^^
.venv/lib/python3.12/site-packages/flask_cors/extension.py:165: in wrapped_function
    return cors_after_request(app.make_response(f(*args, **kwargs)))
                                                ^^^^^^^^^^^^^^^^^^
.venv/lib/python3.12/site-packages/flask/app.py:1867: in handle_exception
    reraise(exc_type, exc_value, tb)
.venv/lib/python3.12/site-packages/flask/_compat.py:39: in reraise
    raise value
.venv/lib/python3.12/site-packages/flask/app.py:2447: in wsgi_app
    response = self.full_dispatch_request()
               ^^^^^^^^^^^^^^^^^^^^^^^^^^^^
.venv/lib/python3.12/site-packages/flask/app.py:1953: in full_dispatch_request
    return self.finalize_request(rv)
           ^^^^^^^^^^^^^^^^^^^^^^^^^
.venv/lib/python3.12/site-packages/flask/app.py:1970: in finalize_request
    response = self.process_response(response)
               ^^^^^^^^^^^^^^^^^^^^^^^^^^^^^^^
.venv/lib/python3.12/site-packages/flask/app.py:2269: in process_response
    self.session_interface.save_session(self, ctx.session, response)
app/session.py:97: in save_session
    self._redis_w.setex(
.venv/lib/python3.12/site-packages/redis/commands/core.py:2360: in setex
    return self.execute_command("SETEX", name, time, value)
           ^^^^^^^^^^^^^^^^^^^^^^^^^^^^^^^^^^^^^^^^^^^^^^^^
.venv/lib/python3.12/site-packages/redis/client.py:559: in execute_command
    return self._execute_command(*args, **options)
           ^^^^^^^^^^^^^^^^^^^^^^^^^^^^^^^^^^^^^^^
.venv/lib/python3.12/site-packages/redis/client.py:565: in _execute_command
    conn = self.connection or pool.get_connection(command_name, **options)
                              ^^^^^^^^^^^^^^^^^^^^^^^^^^^^^^^^^^^^^^^^^^^^
.venv/lib/python3.12/site-packages/redis/connection.py:1422: in get_connection
    connection.connect()
.venv/lib/python3.12/site-packages/redis/connection.py:363: in connect
    raise ConnectionError(self._error_message(e))
E   redis.exceptions.ConnectionError: Error 111 connecting to localhost:6379. Connection refused.
----------------------------- Captured stdout call -----------------------------
2026-02-09 12:30:48,303 - SL - INFO - 5326 - "/home/runner/work/simplelogin-app/simplelogin-app/app/events/event_dispatcher.py:62" - send_event() -  - Not sending events because webhook is not configured and allowed to be empty
2026-02-09 12:30:48,308 - SL - ERROR - 5326 - kX5bqEhM - "/home/runner/work/simplelogin-app/simplelogin-app/server.py:368" - error_handler() -  - Error 111 connecting to localhost:6379. Connection refused.
Traceback (most recent call last):
  File "/home/runner/work/simplelogin-app/simplelogin-app/.venv/lib/python3.12/site-packages/redis/connection.py", line 357, in connect
    sock = self.retry.call_with_retry(
           ^^^^^^^^^^^^^^^^^^^^^^^^^^^
  File "/home/runner/work/simplelogin-app/simplelogin-app/.venv/lib/python3.12/site-packages/redis/retry.py", line 62, in call_with_retry
    return do()
           ^^^^
  File "/home/runner/work/simplelogin-app/simplelogin-app/.venv/lib/python3.12/site-packages/redis/connection.py", line 358, in <lambda>
    lambda: self._connect(), lambda error: self.disconnect(error)
            ^^^^^^^^^^^^^^^
  File "/home/runner/work/simplelogin-app/simplelogin-app/.venv/lib/python3.12/site-packages/redis/connection.py", line 730, in _connect
    raise err
  File "/home/runner/work/simplelogin-app/simplelogin-app/.venv/lib/python3.12/site-packages/redis/connection.py", line 718, in _connect
    sock.connect(socket_address)
ConnectionRefusedError: [Errno 111] Connection refused

During handling of the above exception, another exception occurred:

Traceback (most recent call last):
  File "/home/runner/work/simplelogin-app/simplelogin-app/.venv/lib/python3.12/site-packages/flask/app.py", line 1950, in full_dispatch_request
    rv = self.dispatch_request()
         ^^^^^^^^^^^^^^^^^^^^^^^
  File "/home/runner/work/simplelogin-app/simplelogin-app/.venv/lib/python3.12/site-packages/flask/app.py", line 1936, in dispatch_request
    return self.view_functions[rule.endpoint](**req.view_args)
           ^^^^^^^^^^^^^^^^^^^^^^^^^^^^^^^^^^^^^^^^^^^^^^^^^^^
  File "/home/runner/work/simplelogin-app/simplelogin-app/.venv/lib/python3.12/site-packages/flask_limiter/extension.py", line 703, in __inner
    self.__check_request_limit(False)
  File "/home/runner/work/simplelogin-app/simplelogin-app/.venv/lib/python3.12/site-packages/flask_limiter/extension.py", line 626, in __check_request_limit
    six.reraise(*sys.exc_info())
  File "/home/runner/work/simplelogin-app/simplelogin-app/.venv/lib/python3.12/site-packages/six.py", line 724, in reraise
    raise value
  File "/home/runner/work/simplelogin-app/simplelogin-app/.venv/lib/python3.12/site-packages/flask_limiter/extension.py", line 611, in __check_request_limit
    self.__evaluate_limits(endpoint, all_limits)
  File "/home/runner/work/simplelogin-app/simplelogin-app/.venv/lib/python3.12/site-packages/flask_limiter/extension.py", line 478, in __evaluate_limits
    if not method(lim.limit, *args):
           ^^^^^^^^^^^^^^^^^^^^^^^^
  File "/home/runner/work/simplelogin-app/simplelogin-app/.venv/lib/python3.12/site-packages/limits/strategies.py", line 159, in test
    return self.storage.get(item.key_for(*identifiers)) < item.amount - cost + 1
           ^^^^^^^^^^^^^^^^^^^^^^^^^^^^^^^^^^^^^^^^^^^^
  File "/home/runner/work/simplelogin-app/simplelogin-app/.venv/lib/python3.12/site-packages/limits/storage/base.py", line 27, in inner
    return fn(*args, **kwargs)
           ^^^^^^^^^^^^^^^^^^^
  File "/home/runner/work/simplelogin-app/simplelogin-app/.venv/lib/python3.12/site-packages/limits/storage/redis.py", line 217, in get
    return super()._get(key, self.storage)
           ^^^^^^^^^^^^^^^^^^^^^^^^^^^^^^^
  File "/home/runner/work/simplelogin-app/simplelogin-app/.venv/lib/python3.12/site-packages/limits/storage/redis.py", line 82, in _get
    return int(connection.get(key) or 0)
               ^^^^^^^^^^^^^^^^^^^
  File "/home/runner/work/simplelogin-app/simplelogin-app/.venv/lib/python3.12/site-packages/redis/commands/core.py", line 1822, in get
    return self.execute_command("GET", name, keys=[name])
           ^^^^^^^^^^^^^^^^^^^^^^^^^^^^^^^^^^^^^^^^^^^^^^
  File "/home/runner/work/simplelogin-app/simplelogin-app/.venv/lib/python3.12/site-packages/redis/client.py", line 559, in execute_command
    return self._execute_command(*args, **options)
           ^^^^^^^^^^^^^^^^^^^^^^^^^^^^^^^^^^^^^^^
  File "/home/runner/work/simplelogin-app/simplelogin-app/.venv/lib/python3.12/site-packages/redis/client.py", line 565, in _execute_command
    conn = self.connection or pool.get_connection(command_name, **options)
                              ^^^^^^^^^^^^^^^^^^^^^^^^^^^^^^^^^^^^^^^^^^^^
  File "/home/runner/work/simplelogin-app/simplelogin-app/.venv/lib/python3.12/site-packages/redis/connection.py", line 1422, in get_connection
    connection.connect()
  File "/home/runner/work/simplelogin-app/simplelogin-app/.venv/lib/python3.12/site-packages/redis/connection.py", line 363, in connect
    raise ConnectionError(self._error_message(e))
redis.exceptions.ConnectionError: Error 111 connecting to localhost:6379. Connection refused.
______ test_can_change_mailbox_when_only_admin_disabled_mailbox_on_alias _______
.venv/lib/python3.12/site-packages/redis/connection.py:357: in connect
    sock = self.retry.call_with_retry(
.venv/lib/python3.12/site-packages/redis/retry.py:62: in call_with_retry
    return do()
           ^^^^
.venv/lib/python3.12/site-packages/redis/connection.py:358: in <lambda>
    lambda: self._connect(), lambda error: self.disconnect(error)
            ^^^^^^^^^^^^^^^
.venv/lib/python3.12/site-packages/redis/connection.py:730: in _connect
    raise err
.venv/lib/python3.12/site-packages/redis/connection.py:718: in _connect
    sock.connect(socket_address)
E   ConnectionRefusedError: [Errno 111] Connection refused

During handling of the above exception, another exception occurred:
tests/dashboard/test_index.py:55: in test_can_change_mailbox_when_only_admin_disabled_mailbox_on_alias
    user = login(flask_client)
           ^^^^^^^^^^^^^^^^^^^
tests/utils.py:57: in login
    r = flask_client.post(
.venv/lib/python3.12/site-packages/werkzeug/test.py:1016: in post
    return self.open(*args, **kw)
           ^^^^^^^^^^^^^^^^^^^^^^
tests/conftest.py:60: in open
    return super().open(*args, **kwargs)
           ^^^^^^^^^^^^^^^^^^^^^^^^^^^^^
.venv/lib/python3.12/site-packages/flask/testing.py:222: in open
    return Client.open(
.venv/lib/python3.12/site-packages/werkzeug/test.py:970: in open
    response = self.run_wsgi_app(environ.copy(), buffered=buffered)
               ^^^^^^^^^^^^^^^^^^^^^^^^^^^^^^^^^^^^^^^^^^^^^^^^^^^^
.venv/lib/python3.12/site-packages/werkzeug/test.py:861: in run_wsgi_app
    rv = run_wsgi_app(self.application, environ, buffered=buffered)
         ^^^^^^^^^^^^^^^^^^^^^^^^^^^^^^^^^^^^^^^^^^^^^^^^^^^^^^^^^^
.venv/lib/python3.12/site-packages/werkzeug/test.py:1096: in run_wsgi_app
    app_rv = app(environ, start_response)
             ^^^^^^^^^^^^^^^^^^^^^^^^^^^^
.venv/lib/python3.12/site-packages/flask/app.py:2464: in __call__
    return self.wsgi_app(environ, start_response)
           ^^^^^^^^^^^^^^^^^^^^^^^^^^^^^^^^^^^^^^
.venv/lib/python3.12/site-packages/werkzeug/middleware/proxy_fix.py:169: in __call__
    return self.app(environ, start_response)
           ^^^^^^^^^^^^^^^^^^^^^^^^^^^^^^^^^
.venv/lib/python3.12/site-packages/flask/app.py:2450: in wsgi_app
    response = self.handle_exception(e)
               ^^^^^^^^^^^^^^^^^^^^^^^^
.venv/lib/python3.12/site-packages/flask_cors/extension.py:165: in wrapped_function
    return cors_after_request(app.make_response(f(*args, **kwargs)))
                                                ^^^^^^^^^^^^^^^^^^
.venv/lib/python3.12/site-packages/flask/app.py:1867: in handle_exception
    reraise(exc_type, exc_value, tb)
.venv/lib/python3.12/site-packages/flask/_compat.py:39: in reraise
    raise value
.venv/lib/python3.12/site-packages/flask/app.py:2447: in wsgi_app
    response = self.full_dispatch_request()
               ^^^^^^^^^^^^^^^^^^^^^^^^^^^^
.venv/lib/python3.12/site-packages/flask/app.py:1953: in full_dispatch_request
    return self.finalize_request(rv)
           ^^^^^^^^^^^^^^^^^^^^^^^^^
.venv/lib/python3.12/site-packages/flask/app.py:1970: in finalize_request
    response = self.process_response(response)
               ^^^^^^^^^^^^^^^^^^^^^^^^^^^^^^^
.venv/lib/python3.12/site-packages/flask/app.py:2269: in process_response
    self.session_interface.save_session(self, ctx.session, response)
app/session.py:97: in save_session
    self._redis_w.setex(
.venv/lib/python3.12/site-packages/redis/commands/core.py:2360: in setex
    return self.execute_command("SETEX", name, time, value)
           ^^^^^^^^^^^^^^^^^^^^^^^^^^^^^^^^^^^^^^^^^^^^^^^^
.venv/lib/python3.12/site-packages/redis/client.py:559: in execute_command
    return self._execute_command(*args, **options)
           ^^^^^^^^^^^^^^^^^^^^^^^^^^^^^^^^^^^^^^^
.venv/lib/python3.12/site-packages/redis/client.py:565: in _execute_command
    conn = self.connection or pool.get_connection(command_name, **options)
                              ^^^^^^^^^^^^^^^^^^^^^^^^^^^^^^^^^^^^^^^^^^^^
.venv/lib/python3.12/site-packages/redis/connection.py:1422: in get_connection
    connection.connect()
.venv/lib/python3.12/site-packages/redis/connection.py:363: in connect
    raise ConnectionError(self._error_message(e))
E   redis.exceptions.ConnectionError: Error 111 connecting to localhost:6379. Connection refused.
----------------------------- Captured stdout call -----------------------------
2026-02-09 12:30:48,762 - SL - INFO - 5326 - "/home/runner/work/simplelogin-app/simplelogin-app/app/events/event_dispatcher.py:62" - send_event() -  - Not sending events because webhook is not configured and allowed to be empty
_______ test_user_can_switch_alias_from_admin_disabled_to_active_mailbox _______
.venv/lib/python3.12/site-packages/redis/connection.py:357: in connect
    sock = self.retry.call_with_retry(
.venv/lib/python3.12/site-packages/redis/retry.py:62: in call_with_retry
    return do()
           ^^^^
.venv/lib/python3.12/site-packages/redis/connection.py:358: in <lambda>
    lambda: self._connect(), lambda error: self.disconnect(error)
            ^^^^^^^^^^^^^^^
.venv/lib/python3.12/site-packages/redis/connection.py:730: in _connect
    raise err
.venv/lib/python3.12/site-packages/redis/connection.py:718: in _connect
    sock.connect(socket_address)
E   ConnectionRefusedError: [Errno 111] Connection refused

During handling of the above exception, another exception occurred:
tests/dashboard/test_index.py:102: in test_user_can_switch_alias_from_admin_disabled_to_active_mailbox
    user = login(flask_client)
           ^^^^^^^^^^^^^^^^^^^
tests/utils.py:57: in login
    r = flask_client.post(
.venv/lib/python3.12/site-packages/werkzeug/test.py:1016: in post
    return self.open(*args, **kw)
           ^^^^^^^^^^^^^^^^^^^^^^
tests/conftest.py:60: in open
    return super().open(*args, **kwargs)
           ^^^^^^^^^^^^^^^^^^^^^^^^^^^^^
.venv/lib/python3.12/site-packages/flask/testing.py:222: in open
    return Client.open(
.venv/lib/python3.12/site-packages/werkzeug/test.py:970: in open
    response = self.run_wsgi_app(environ.copy(), buffered=buffered)
               ^^^^^^^^^^^^^^^^^^^^^^^^^^^^^^^^^^^^^^^^^^^^^^^^^^^^
.venv/lib/python3.12/site-packages/werkzeug/test.py:861: in run_wsgi_app
    rv = run_wsgi_app(self.application, environ, buffered=buffered)
         ^^^^^^^^^^^^^^^^^^^^^^^^^^^^^^^^^^^^^^^^^^^^^^^^^^^^^^^^^^
.venv/lib/python3.12/site-packages/werkzeug/test.py:1096: in run_wsgi_app
    app_rv = app(environ, start_response)
             ^^^^^^^^^^^^^^^^^^^^^^^^^^^^
.venv/lib/python3.12/site-packages/flask/app.py:2464: in __call__
    return self.wsgi_app(environ, start_response)
           ^^^^^^^^^^^^^^^^^^^^^^^^^^^^^^^^^^^^^^
.venv/lib/python3.12/site-packages/werkzeug/middleware/proxy_fix.py:169: in __call__
    return self.app(environ, start_response)
           ^^^^^^^^^^^^^^^^^^^^^^^^^^^^^^^^^
.venv/lib/python3.12/site-packages/flask/app.py:2450: in wsgi_app
    response = self.handle_exception(e)
               ^^^^^^^^^^^^^^^^^^^^^^^^
.venv/lib/python3.12/site-packages/flask_cors/extension.py:165: in wrapped_function
    return cors_after_request(app.make_response(f(*args, **kwargs)))
                                                ^^^^^^^^^^^^^^^^^^
.venv/lib/python3.12/site-packages/flask/app.py:1867: in handle_exception
    reraise(exc_type, exc_value, tb)
.venv/lib/python3.12/site-packages/flask/_compat.py:39: in reraise
    raise value
.venv/lib/python3.12/site-packages/flask/app.py:2447: in wsgi_app
    response = self.full_dispatch_request()
               ^^^^^^^^^^^^^^^^^^^^^^^^^^^^
.venv/lib/python3.12/site-packages/flask/app.py:1953: in full_dispatch_request
    return self.finalize_request(rv)
           ^^^^^^^^^^^^^^^^^^^^^^^^^
.venv/lib/python3.12/site-packages/flask/app.py:1970: in finalize_request
    response = self.process_response(response)
               ^^^^^^^^^^^^^^^^^^^^^^^^^^^^^^^
.venv/lib/python3.12/site-packages/flask/app.py:2269: in process_response
    self.session_interface.save_session(self, ctx.session, response)
app/session.py:97: in save_session
    self._redis_w.setex(
.venv/lib/python3.12/site-packages/redis/commands/core.py:2360: in setex
    return self.execute_command("SETEX", name, time, value)
           ^^^^^^^^^^^^^^^^^^^^^^^^^^^^^^^^^^^^^^^^^^^^^^^^
.venv/lib/python3.12/site-packages/redis/client.py:559: in execute_command
    return self._execute_command(*args, **options)
           ^^^^^^^^^^^^^^^^^^^^^^^^^^^^^^^^^^^^^^^
.venv/lib/python3.12/site-packages/redis/client.py:565: in _execute_command
    conn = self.connection or pool.get_connection(command_name, **options)
                              ^^^^^^^^^^^^^^^^^^^^^^^^^^^^^^^^^^^^^^^^^^^^
.venv/lib/python3.12/site-packages/redis/connection.py:1422: in get_connection
    connection.connect()
.venv/lib/python3.12/site-packages/redis/connection.py:363: in connect
    raise ConnectionError(self._error_message(e))
E   redis.exceptions.ConnectionError: Error 111 connecting to localhost:6379. Connection refused.
----------------------------- Captured stdout call -----------------------------
2026-02-09 12:30:49,450 - SL - INFO - 5326 - "/home/runner/work/simplelogin-app/simplelogin-app/app/events/event_dispatcher.py:62" - send_event() -  - Not sending events because webhook is not configured and allowed to be empty
___ test_mailbox_selector_hidden_when_no_admin_disabled_and_only_one_mailbox ___
.venv/lib/python3.12/site-packages/redis/connection.py:357: in connect
    sock = self.retry.call_with_retry(
.venv/lib/python3.12/site-packages/redis/retry.py:62: in call_with_retry
    return do()
           ^^^^
.venv/lib/python3.12/site-packages/redis/connection.py:358: in <lambda>
    lambda: self._connect(), lambda error: self.disconnect(error)
            ^^^^^^^^^^^^^^^
.venv/lib/python3.12/site-packages/redis/connection.py:730: in _connect
    raise err
.venv/lib/python3.12/site-packages/redis/connection.py:718: in _connect
    sock.connect(socket_address)
E   ConnectionRefusedError: [Errno 111] Connection refused

During handling of the above exception, another exception occurred:
tests/dashboard/test_index.py:154: in test_mailbox_selector_hidden_when_no_admin_disabled_and_only_one_mailbox
    user = login(flask_client)
           ^^^^^^^^^^^^^^^^^^^
tests/utils.py:57: in login
    r = flask_client.post(
.venv/lib/python3.12/site-packages/werkzeug/test.py:1016: in post
    return self.open(*args, **kw)
           ^^^^^^^^^^^^^^^^^^^^^^
tests/conftest.py:60: in open
    return super().open(*args, **kwargs)
           ^^^^^^^^^^^^^^^^^^^^^^^^^^^^^
.venv/lib/python3.12/site-packages/flask/testing.py:222: in open
    return Client.open(
.venv/lib/python3.12/site-packages/werkzeug/test.py:970: in open
    response = self.run_wsgi_app(environ.copy(), buffered=buffered)
               ^^^^^^^^^^^^^^^^^^^^^^^^^^^^^^^^^^^^^^^^^^^^^^^^^^^^
.venv/lib/python3.12/site-packages/werkzeug/test.py:861: in run_wsgi_app
    rv = run_wsgi_app(self.application, environ, buffered=buffered)
         ^^^^^^^^^^^^^^^^^^^^^^^^^^^^^^^^^^^^^^^^^^^^^^^^^^^^^^^^^^
.venv/lib/python3.12/site-packages/werkzeug/test.py:1096: in run_wsgi_app
    app_rv = app(environ, start_response)
             ^^^^^^^^^^^^^^^^^^^^^^^^^^^^
.venv/lib/python3.12/site-packages/flask/app.py:2464: in __call__
    return self.wsgi_app(environ, start_response)
           ^^^^^^^^^^^^^^^^^^^^^^^^^^^^^^^^^^^^^^
.venv/lib/python3.12/site-packages/werkzeug/middleware/proxy_fix.py:169: in __call__
    return self.app(environ, start_response)
           ^^^^^^^^^^^^^^^^^^^^^^^^^^^^^^^^^
.venv/lib/python3.12/site-packages/flask/app.py:2450: in wsgi_app
    response = self.handle_exception(e)
               ^^^^^^^^^^^^^^^^^^^^^^^^
.venv/lib/python3.12/site-packages/flask_cors/extension.py:165: in wrapped_function
    return cors_after_request(app.make_response(f(*args, **kwargs)))
                                                ^^^^^^^^^^^^^^^^^^
.venv/lib/python3.12/site-packages/flask/app.py:1867: in handle_exception
    reraise(exc_type, exc_value, tb)
.venv/lib/python3.12/site-packages/flask/_compat.py:39: in reraise
    raise value
.venv/lib/python3.12/site-packages/flask/app.py:2447: in wsgi_app
    response = self.full_dispatch_request()
               ^^^^^^^^^^^^^^^^^^^^^^^^^^^^
.venv/lib/python3.12/site-packages/flask/app.py:1953: in full_dispatch_request
    return self.finalize_request(rv)
           ^^^^^^^^^^^^^^^^^^^^^^^^^
.venv/lib/python3.12/site-packages/flask/app.py:1970: in finalize_request
    response = self.process_response(response)
               ^^^^^^^^^^^^^^^^^^^^^^^^^^^^^^^
.venv/lib/python3.12/site-packages/flask/app.py:2269: in process_response
    self.session_interface.save_session(self, ctx.session, response)
app/session.py:97: in save_session
    self._redis_w.setex(
.venv/lib/python3.12/site-packages/redis/commands/core.py:2360: in setex
    return self.execute_command("SETEX", name, time, value)
           ^^^^^^^^^^^^^^^^^^^^^^^^^^^^^^^^^^^^^^^^^^^^^^^^
.venv/lib/python3.12/site-packages/redis/client.py:559: in execute_command
    return self._execute_command(*args, **options)
           ^^^^^^^^^^^^^^^^^^^^^^^^^^^^^^^^^^^^^^^
.venv/lib/python3.12/site-packages/redis/client.py:565: in _execute_command
    conn = self.connection or pool.get_connection(command_name, **options)
                              ^^^^^^^^^^^^^^^^^^^^^^^^^^^^^^^^^^^^^^^^^^^^
.venv/lib/python3.12/site-packages/redis/connection.py:1422: in get_connection
    connection.connect()
.venv/lib/python3.12/site-packages/redis/connection.py:363: in connect
    raise ConnectionError(self._error_message(e))
E   redis.exceptions.ConnectionError: Error 111 connecting to localhost:6379. Connection refused.
----------------------------- Captured stdout call -----------------------------
2026-02-09 12:30:50,140 - SL - INFO - 5326 - "/home/runner/work/simplelogin-app/simplelogin-app/app/events/event_dispatcher.py:62" - send_event() -  - Not sending events because webhook is not configured and allowed to be empty
_______________________________ test_setup_done ________________________________
.venv/lib/python3.12/site-packages/redis/connection.py:357: in connect
    sock = self.retry.call_with_retry(
.venv/lib/python3.12/site-packages/redis/retry.py:62: in call_with_retry
    return do()
           ^^^^
.venv/lib/python3.12/site-packages/redis/connection.py:358: in <lambda>
    lambda: self._connect(), lambda error: self.disconnect(error)
            ^^^^^^^^^^^^^^^
.venv/lib/python3.12/site-packages/redis/connection.py:730: in _connect
    raise err
.venv/lib/python3.12/site-packages/redis/connection.py:718: in _connect
    sock.connect(socket_address)
E   ConnectionRefusedError: [Errno 111] Connection refused

During handling of the above exception, another exception occurred:
tests/dashboard/test_setting.py:12: in test_setup_done
    login(flask_client, user)
tests/utils.py:57: in login
    r = flask_client.post(
.venv/lib/python3.12/site-packages/werkzeug/test.py:1016: in post
    return self.open(*args, **kw)
           ^^^^^^^^^^^^^^^^^^^^^^
tests/conftest.py:60: in open
    return super().open(*args, **kwargs)
           ^^^^^^^^^^^^^^^^^^^^^^^^^^^^^
.venv/lib/python3.12/site-packages/flask/testing.py:222: in open
    return Client.open(
.venv/lib/python3.12/site-packages/werkzeug/test.py:970: in open
    response = self.run_wsgi_app(environ.copy(), buffered=buffered)
               ^^^^^^^^^^^^^^^^^^^^^^^^^^^^^^^^^^^^^^^^^^^^^^^^^^^^
.venv/lib/python3.12/site-packages/werkzeug/test.py:861: in run_wsgi_app
    rv = run_wsgi_app(self.application, environ, buffered=buffered)
         ^^^^^^^^^^^^^^^^^^^^^^^^^^^^^^^^^^^^^^^^^^^^^^^^^^^^^^^^^^
.venv/lib/python3.12/site-packages/werkzeug/test.py:1096: in run_wsgi_app
    app_rv = app(environ, start_response)
             ^^^^^^^^^^^^^^^^^^^^^^^^^^^^
.venv/lib/python3.12/site-packages/flask/app.py:2464: in __call__
    return self.wsgi_app(environ, start_response)
           ^^^^^^^^^^^^^^^^^^^^^^^^^^^^^^^^^^^^^^
.venv/lib/python3.12/site-packages/werkzeug/middleware/proxy_fix.py:169: in __call__
    return self.app(environ, start_response)
           ^^^^^^^^^^^^^^^^^^^^^^^^^^^^^^^^^
.venv/lib/python3.12/site-packages/flask/app.py:2450: in wsgi_app
    response = self.handle_exception(e)
               ^^^^^^^^^^^^^^^^^^^^^^^^
.venv/lib/python3.12/site-packages/flask_cors/extension.py:165: in wrapped_function
    return cors_after_request(app.make_response(f(*args, **kwargs)))
                                                ^^^^^^^^^^^^^^^^^^
.venv/lib/python3.12/site-packages/flask/app.py:1867: in handle_exception
    reraise(exc_type, exc_value, tb)
.venv/lib/python3.12/site-packages/flask/_compat.py:39: in reraise
    raise value
.venv/lib/python3.12/site-packages/flask/app.py:2447: in wsgi_app
    response = self.full_dispatch_request()
               ^^^^^^^^^^^^^^^^^^^^^^^^^^^^
.venv/lib/python3.12/site-packages/flask/app.py:1953: in full_dispatch_request
    return self.finalize_request(rv)
           ^^^^^^^^^^^^^^^^^^^^^^^^^
.venv/lib/python3.12/site-packages/flask/app.py:1970: in finalize_request
    response = self.process_response(response)
               ^^^^^^^^^^^^^^^^^^^^^^^^^^^^^^^
.venv/lib/python3.12/site-packages/flask/app.py:2269: in process_response
    self.session_interface.save_session(self, ctx.session, response)
app/session.py:97: in save_session
    self._redis_w.setex(
.venv/lib/python3.12/site-packages/redis/commands/core.py:2360: in setex
    return self.execute_command("SETEX", name, time, value)
           ^^^^^^^^^^^^^^^^^^^^^^^^^^^^^^^^^^^^^^^^^^^^^^^^
.venv/lib/python3.12/site-packages/redis/client.py:559: in execute_command
    return self._execute_command(*args, **options)
           ^^^^^^^^^^^^^^^^^^^^^^^^^^^^^^^^^^^^^^^
.venv/lib/python3.12/site-packages/redis/client.py:565: in _execute_command
    conn = self.connection or pool.get_connection(command_name, **options)
                              ^^^^^^^^^^^^^^^^^^^^^^^^^^^^^^^^^^^^^^^^^^^^
.venv/lib/python3.12/site-packages/redis/connection.py:1422: in get_connection
    connection.connect()
.venv/lib/python3.12/site-packages/redis/connection.py:363: in connect
    raise ConnectionError(self._error_message(e))
E   redis.exceptions.ConnectionError: Error 111 connecting to localhost:6379. Connection refused.
----------------------------- Captured stdout call -----------------------------
2026-02-09 12:30:50,829 - SL - INFO - 5326 - "/home/runner/work/simplelogin-app/simplelogin-app/app/events/event_dispatcher.py:62" - send_event() -  - Not sending events because webhook is not configured and allowed to be empty
_______________________________ test_setup_done ________________________________
.venv/lib/python3.12/site-packages/redis/connection.py:357: in connect
    sock = self.retry.call_with_retry(
.venv/lib/python3.12/site-packages/redis/retry.py:62: in call_with_retry
    return do()
           ^^^^
.venv/lib/python3.12/site-packages/redis/connection.py:358: in <lambda>
    lambda: self._connect(), lambda error: self.disconnect(error)
            ^^^^^^^^^^^^^^^
.venv/lib/python3.12/site-packages/redis/connection.py:730: in _connect
    raise err
.venv/lib/python3.12/site-packages/redis/connection.py:718: in _connect
    sock.connect(socket_address)
E   ConnectionRefusedError: [Errno 111] Connection refused

During handling of the above exception, another exception occurred:
tests/dashboard/test_setup_done.py:7: in test_setup_done
    login(flask_client)
tests/utils.py:57: in login
    r = flask_client.post(
.venv/lib/python3.12/site-packages/werkzeug/test.py:1016: in post
    return self.open(*args, **kw)
           ^^^^^^^^^^^^^^^^^^^^^^
tests/conftest.py:60: in open
    return super().open(*args, **kwargs)
           ^^^^^^^^^^^^^^^^^^^^^^^^^^^^^
.venv/lib/python3.12/site-packages/flask/testing.py:222: in open
    return Client.open(
.venv/lib/python3.12/site-packages/werkzeug/test.py:970: in open
    response = self.run_wsgi_app(environ.copy(), buffered=buffered)
               ^^^^^^^^^^^^^^^^^^^^^^^^^^^^^^^^^^^^^^^^^^^^^^^^^^^^
.venv/lib/python3.12/site-packages/werkzeug/test.py:861: in run_wsgi_app
    rv = run_wsgi_app(self.application, environ, buffered=buffered)
         ^^^^^^^^^^^^^^^^^^^^^^^^^^^^^^^^^^^^^^^^^^^^^^^^^^^^^^^^^^
.venv/lib/python3.12/site-packages/werkzeug/test.py:1096: in run_wsgi_app
    app_rv = app(environ, start_response)
             ^^^^^^^^^^^^^^^^^^^^^^^^^^^^
.venv/lib/python3.12/site-packages/flask/app.py:2464: in __call__
    return self.wsgi_app(environ, start_response)
           ^^^^^^^^^^^^^^^^^^^^^^^^^^^^^^^^^^^^^^
.venv/lib/python3.12/site-packages/werkzeug/middleware/proxy_fix.py:169: in __call__
    return self.app(environ, start_response)
           ^^^^^^^^^^^^^^^^^^^^^^^^^^^^^^^^^
.venv/lib/python3.12/site-packages/flask/app.py:2450: in wsgi_app
    response = self.handle_exception(e)
               ^^^^^^^^^^^^^^^^^^^^^^^^
.venv/lib/python3.12/site-packages/flask_cors/extension.py:165: in wrapped_function
    return cors_after_request(app.make_response(f(*args, **kwargs)))
                                                ^^^^^^^^^^^^^^^^^^
.venv/lib/python3.12/site-packages/flask/app.py:1867: in handle_exception
    reraise(exc_type, exc_value, tb)
.venv/lib/python3.12/site-packages/flask/_compat.py:39: in reraise
    raise value
.venv/lib/python3.12/site-packages/flask/app.py:2447: in wsgi_app
    response = self.full_dispatch_request()
               ^^^^^^^^^^^^^^^^^^^^^^^^^^^^
.venv/lib/python3.12/site-packages/flask/app.py:1953: in full_dispatch_request
    return self.finalize_request(rv)
           ^^^^^^^^^^^^^^^^^^^^^^^^^
.venv/lib/python3.12/site-packages/flask/app.py:1970: in finalize_request
    response = self.process_response(response)
               ^^^^^^^^^^^^^^^^^^^^^^^^^^^^^^^
.venv/lib/python3.12/site-packages/flask/app.py:2269: in process_response
    self.session_interface.save_session(self, ctx.session, response)
app/session.py:97: in save_session
    self._redis_w.setex(
.venv/lib/python3.12/site-packages/redis/commands/core.py:2360: in setex
    return self.execute_command("SETEX", name, time, value)
           ^^^^^^^^^^^^^^^^^^^^^^^^^^^^^^^^^^^^^^^^^^^^^^^^
.venv/lib/python3.12/site-packages/redis/client.py:559: in execute_command
    return self._execute_command(*args, **options)
           ^^^^^^^^^^^^^^^^^^^^^^^^^^^^^^^^^^^^^^^
.venv/lib/python3.12/site-packages/redis/client.py:565: in _execute_command
    conn = self.connection or pool.get_connection(command_name, **options)
                              ^^^^^^^^^^^^^^^^^^^^^^^^^^^^^^^^^^^^^^^^^^^^
.venv/lib/python3.12/site-packages/redis/connection.py:1422: in get_connection
    connection.connect()
.venv/lib/python3.12/site-packages/redis/connection.py:363: in connect
    raise ConnectionError(self._error_message(e))
E   redis.exceptions.ConnectionError: Error 111 connecting to localhost:6379. Connection refused.
----------------------------- Captured stdout call -----------------------------
2026-02-09 12:30:51,518 - SL - INFO - 5326 - "/home/runner/work/simplelogin-app/simplelogin-app/app/events/event_dispatcher.py:62" - send_event() -  - Not sending events because webhook is not configured and allowed to be empty
____________________________ test_create_subdomain _____________________________
.venv/lib/python3.12/site-packages/redis/connection.py:357: in connect
    sock = self.retry.call_with_retry(
.venv/lib/python3.12/site-packages/redis/retry.py:62: in call_with_retry
    return do()
           ^^^^
.venv/lib/python3.12/site-packages/redis/connection.py:358: in <lambda>
    lambda: self._connect(), lambda error: self.disconnect(error)
            ^^^^^^^^^^^^^^^
.venv/lib/python3.12/site-packages/redis/connection.py:730: in _connect
    raise err
.venv/lib/python3.12/site-packages/redis/connection.py:718: in _connect
    sock.connect(socket_address)
E   ConnectionRefusedError: [Errno 111] Connection refused

During handling of the above exception, another exception occurred:
tests/dashboard/test_subdomain.py:19: in test_create_subdomain
    login(flask_client)
tests/utils.py:57: in login
    r = flask_client.post(
.venv/lib/python3.12/site-packages/werkzeug/test.py:1016: in post
    return self.open(*args, **kw)
           ^^^^^^^^^^^^^^^^^^^^^^
tests/conftest.py:60: in open
    return super().open(*args, **kwargs)
           ^^^^^^^^^^^^^^^^^^^^^^^^^^^^^
.venv/lib/python3.12/site-packages/flask/testing.py:222: in open
    return Client.open(
.venv/lib/python3.12/site-packages/werkzeug/test.py:970: in open
    response = self.run_wsgi_app(environ.copy(), buffered=buffered)
               ^^^^^^^^^^^^^^^^^^^^^^^^^^^^^^^^^^^^^^^^^^^^^^^^^^^^
.venv/lib/python3.12/site-packages/werkzeug/test.py:861: in run_wsgi_app
    rv = run_wsgi_app(self.application, environ, buffered=buffered)
         ^^^^^^^^^^^^^^^^^^^^^^^^^^^^^^^^^^^^^^^^^^^^^^^^^^^^^^^^^^
.venv/lib/python3.12/site-packages/werkzeug/test.py:1096: in run_wsgi_app
    app_rv = app(environ, start_response)
             ^^^^^^^^^^^^^^^^^^^^^^^^^^^^
.venv/lib/python3.12/site-packages/flask/app.py:2464: in __call__
    return self.wsgi_app(environ, start_response)
           ^^^^^^^^^^^^^^^^^^^^^^^^^^^^^^^^^^^^^^
.venv/lib/python3.12/site-packages/werkzeug/middleware/proxy_fix.py:169: in __call__
    return self.app(environ, start_response)
           ^^^^^^^^^^^^^^^^^^^^^^^^^^^^^^^^^
.venv/lib/python3.12/site-packages/flask/app.py:2450: in wsgi_app
    response = self.handle_exception(e)
               ^^^^^^^^^^^^^^^^^^^^^^^^
.venv/lib/python3.12/site-packages/flask_cors/extension.py:165: in wrapped_function
    return cors_after_request(app.make_response(f(*args, **kwargs)))
                                                ^^^^^^^^^^^^^^^^^^
.venv/lib/python3.12/site-packages/flask/app.py:1867: in handle_exception
    reraise(exc_type, exc_value, tb)
.venv/lib/python3.12/site-packages/flask/_compat.py:39: in reraise
    raise value
.venv/lib/python3.12/site-packages/flask/app.py:2447: in wsgi_app
    response = self.full_dispatch_request()
               ^^^^^^^^^^^^^^^^^^^^^^^^^^^^
.venv/lib/python3.12/site-packages/flask/app.py:1953: in full_dispatch_request
    return self.finalize_request(rv)
           ^^^^^^^^^^^^^^^^^^^^^^^^^
.venv/lib/python3.12/site-packages/flask/app.py:1970: in finalize_request
    response = self.process_response(response)
               ^^^^^^^^^^^^^^^^^^^^^^^^^^^^^^^
.venv/lib/python3.12/site-packages/flask/app.py:2269: in process_response
    self.session_interface.save_session(self, ctx.session, response)
app/session.py:97: in save_session
    self._redis_w.setex(
.venv/lib/python3.12/site-packages/redis/commands/core.py:2360: in setex
    return self.execute_command("SETEX", name, time, value)
           ^^^^^^^^^^^^^^^^^^^^^^^^^^^^^^^^^^^^^^^^^^^^^^^^
.venv/lib/python3.12/site-packages/redis/client.py:559: in execute_command
    return self._execute_command(*args, **options)
           ^^^^^^^^^^^^^^^^^^^^^^^^^^^^^^^^^^^^^^^
.venv/lib/python3.12/site-packages/redis/client.py:565: in _execute_command
    conn = self.connection or pool.get_connection(command_name, **options)
                              ^^^^^^^^^^^^^^^^^^^^^^^^^^^^^^^^^^^^^^^^^^^^
.venv/lib/python3.12/site-packages/redis/connection.py:1422: in get_connection
    connection.connect()
.venv/lib/python3.12/site-packages/redis/connection.py:363: in connect
    raise ConnectionError(self._error_message(e))
E   redis.exceptions.ConnectionError: Error 111 connecting to localhost:6379. Connection refused.
----------------------------- Captured stdout call -----------------------------
2026-02-09 12:30:52,208 - SL - INFO - 5326 - "/home/runner/work/simplelogin-app/simplelogin-app/app/events/event_dispatcher.py:62" - send_event() -  - Not sending events because webhook is not configured and allowed to be empty
____________________________ test_delete_subdomain _____________________________
.venv/lib/python3.12/site-packages/redis/connection.py:357: in connect
    sock = self.retry.call_with_retry(
.venv/lib/python3.12/site-packages/redis/retry.py:62: in call_with_retry
    return do()
           ^^^^
.venv/lib/python3.12/site-packages/redis/connection.py:358: in <lambda>
    lambda: self._connect(), lambda error: self.disconnect(error)
            ^^^^^^^^^^^^^^^
.venv/lib/python3.12/site-packages/redis/connection.py:730: in _connect
    raise err
.venv/lib/python3.12/site-packages/redis/connection.py:718: in _connect
    sock.connect(socket_address)
E   ConnectionRefusedError: [Errno 111] Connection refused

During handling of the above exception, another exception occurred:
tests/dashboard/test_subdomain.py:34: in test_delete_subdomain
    user = login(flask_client)
           ^^^^^^^^^^^^^^^^^^^
tests/utils.py:57: in login
    r = flask_client.post(
.venv/lib/python3.12/site-packages/werkzeug/test.py:1016: in post
    return self.open(*args, **kw)
           ^^^^^^^^^^^^^^^^^^^^^^
tests/conftest.py:60: in open
    return super().open(*args, **kwargs)
           ^^^^^^^^^^^^^^^^^^^^^^^^^^^^^
.venv/lib/python3.12/site-packages/flask/testing.py:222: in open
    return Client.open(
.venv/lib/python3.12/site-packages/werkzeug/test.py:970: in open
    response = self.run_wsgi_app(environ.copy(), buffered=buffered)
               ^^^^^^^^^^^^^^^^^^^^^^^^^^^^^^^^^^^^^^^^^^^^^^^^^^^^
.venv/lib/python3.12/site-packages/werkzeug/test.py:861: in run_wsgi_app
    rv = run_wsgi_app(self.application, environ, buffered=buffered)
         ^^^^^^^^^^^^^^^^^^^^^^^^^^^^^^^^^^^^^^^^^^^^^^^^^^^^^^^^^^
.venv/lib/python3.12/site-packages/werkzeug/test.py:1096: in run_wsgi_app
    app_rv = app(environ, start_response)
             ^^^^^^^^^^^^^^^^^^^^^^^^^^^^
.venv/lib/python3.12/site-packages/flask/app.py:2464: in __call__
    return self.wsgi_app(environ, start_response)
           ^^^^^^^^^^^^^^^^^^^^^^^^^^^^^^^^^^^^^^
.venv/lib/python3.12/site-packages/werkzeug/middleware/proxy_fix.py:169: in __call__
    return self.app(environ, start_response)
           ^^^^^^^^^^^^^^^^^^^^^^^^^^^^^^^^^
.venv/lib/python3.12/site-packages/flask/app.py:2450: in wsgi_app
    response = self.handle_exception(e)
               ^^^^^^^^^^^^^^^^^^^^^^^^
.venv/lib/python3.12/site-packages/flask_cors/extension.py:165: in wrapped_function
    return cors_after_request(app.make_response(f(*args, **kwargs)))
                                                ^^^^^^^^^^^^^^^^^^
.venv/lib/python3.12/site-packages/flask/app.py:1867: in handle_exception
    reraise(exc_type, exc_value, tb)
.venv/lib/python3.12/site-packages/flask/_compat.py:39: in reraise
    raise value
.venv/lib/python3.12/site-packages/flask/app.py:2447: in wsgi_app
    response = self.full_dispatch_request()
               ^^^^^^^^^^^^^^^^^^^^^^^^^^^^
.venv/lib/python3.12/site-packages/flask/app.py:1953: in full_dispatch_request
    return self.finalize_request(rv)
           ^^^^^^^^^^^^^^^^^^^^^^^^^
.venv/lib/python3.12/site-packages/flask/app.py:1970: in finalize_request
    response = self.process_response(response)
               ^^^^^^^^^^^^^^^^^^^^^^^^^^^^^^^
.venv/lib/python3.12/site-packages/flask/app.py:2269: in process_response
    self.session_interface.save_session(self, ctx.session, response)
app/session.py:97: in save_session
    self._redis_w.setex(
.venv/lib/python3.12/site-packages/redis/commands/core.py:2360: in setex
    return self.execute_command("SETEX", name, time, value)
           ^^^^^^^^^^^^^^^^^^^^^^^^^^^^^^^^^^^^^^^^^^^^^^^^
.venv/lib/python3.12/site-packages/redis/client.py:559: in execute_command
    return self._execute_command(*args, **options)
           ^^^^^^^^^^^^^^^^^^^^^^^^^^^^^^^^^^^^^^^
.venv/lib/python3.12/site-packages/redis/client.py:565: in _execute_command
    conn = self.connection or pool.get_connection(command_name, **options)
                              ^^^^^^^^^^^^^^^^^^^^^^^^^^^^^^^^^^^^^^^^^^^^
.venv/lib/python3.12/site-packages/redis/connection.py:1422: in get_connection
    connection.connect()
.venv/lib/python3.12/site-packages/redis/connection.py:363: in connect
    raise ConnectionError(self._error_message(e))
E   redis.exceptions.ConnectionError: Error 111 connecting to localhost:6379. Connection refused.
----------------------------- Captured stdout call -----------------------------
2026-02-09 12:30:52,897 - SL - INFO - 5326 - "/home/runner/work/simplelogin-app/simplelogin-app/app/events/event_dispatcher.py:62" - send_event() -  - Not sending events because webhook is not configured and allowed to be empty
________________________ test_create_subdomain_in_trash ________________________
.venv/lib/python3.12/site-packages/redis/connection.py:357: in connect
    sock = self.retry.call_with_retry(
.venv/lib/python3.12/site-packages/redis/retry.py:62: in call_with_retry
    return do()
           ^^^^
.venv/lib/python3.12/site-packages/redis/connection.py:358: in <lambda>
    lambda: self._connect(), lambda error: self.disconnect(error)
            ^^^^^^^^^^^^^^^
.venv/lib/python3.12/site-packages/redis/connection.py:730: in _connect
    raise err
.venv/lib/python3.12/site-packages/redis/connection.py:718: in _connect
    sock.connect(socket_address)
E   ConnectionRefusedError: [Errno 111] Connection refused

During handling of the above exception, another exception occurred:
tests/dashboard/test_subdomain.py:60: in test_create_subdomain_in_trash
    user = login(flask_client)
           ^^^^^^^^^^^^^^^^^^^
tests/utils.py:57: in login
    r = flask_client.post(
.venv/lib/python3.12/site-packages/werkzeug/test.py:1016: in post
    return self.open(*args, **kw)
           ^^^^^^^^^^^^^^^^^^^^^^
tests/conftest.py:60: in open
    return super().open(*args, **kwargs)
           ^^^^^^^^^^^^^^^^^^^^^^^^^^^^^
.venv/lib/python3.12/site-packages/flask/testing.py:222: in open
    return Client.open(
.venv/lib/python3.12/site-packages/werkzeug/test.py:970: in open
    response = self.run_wsgi_app(environ.copy(), buffered=buffered)
               ^^^^^^^^^^^^^^^^^^^^^^^^^^^^^^^^^^^^^^^^^^^^^^^^^^^^
.venv/lib/python3.12/site-packages/werkzeug/test.py:861: in run_wsgi_app
    rv = run_wsgi_app(self.application, environ, buffered=buffered)
         ^^^^^^^^^^^^^^^^^^^^^^^^^^^^^^^^^^^^^^^^^^^^^^^^^^^^^^^^^^
.venv/lib/python3.12/site-packages/werkzeug/test.py:1096: in run_wsgi_app
    app_rv = app(environ, start_response)
             ^^^^^^^^^^^^^^^^^^^^^^^^^^^^
.venv/lib/python3.12/site-packages/flask/app.py:2464: in __call__
    return self.wsgi_app(environ, start_response)
           ^^^^^^^^^^^^^^^^^^^^^^^^^^^^^^^^^^^^^^
.venv/lib/python3.12/site-packages/werkzeug/middleware/proxy_fix.py:169: in __call__
    return self.app(environ, start_response)
           ^^^^^^^^^^^^^^^^^^^^^^^^^^^^^^^^^
.venv/lib/python3.12/site-packages/flask/app.py:2450: in wsgi_app
    response = self.handle_exception(e)
               ^^^^^^^^^^^^^^^^^^^^^^^^
.venv/lib/python3.12/site-packages/flask_cors/extension.py:165: in wrapped_function
    return cors_after_request(app.make_response(f(*args, **kwargs)))
                                                ^^^^^^^^^^^^^^^^^^
.venv/lib/python3.12/site-packages/flask/app.py:1867: in handle_exception
    reraise(exc_type, exc_value, tb)
.venv/lib/python3.12/site-packages/flask/_compat.py:39: in reraise
    raise value
.venv/lib/python3.12/site-packages/flask/app.py:2447: in wsgi_app
    response = self.full_dispatch_request()
               ^^^^^^^^^^^^^^^^^^^^^^^^^^^^
.venv/lib/python3.12/site-packages/flask/app.py:1953: in full_dispatch_request
    return self.finalize_request(rv)
           ^^^^^^^^^^^^^^^^^^^^^^^^^
.venv/lib/python3.12/site-packages/flask/app.py:1970: in finalize_request
    response = self.process_response(response)
               ^^^^^^^^^^^^^^^^^^^^^^^^^^^^^^^
.venv/lib/python3.12/site-packages/flask/app.py:2269: in process_response
    self.session_interface.save_session(self, ctx.session, response)
app/session.py:97: in save_session
    self._redis_w.setex(
.venv/lib/python3.12/site-packages/redis/commands/core.py:2360: in setex
    return self.execute_command("SETEX", name, time, value)
           ^^^^^^^^^^^^^^^^^^^^^^^^^^^^^^^^^^^^^^^^^^^^^^^^
.venv/lib/python3.12/site-packages/redis/client.py:559: in execute_command
    return self._execute_command(*args, **options)
           ^^^^^^^^^^^^^^^^^^^^^^^^^^^^^^^^^^^^^^^
.venv/lib/python3.12/site-packages/redis/client.py:565: in _execute_command
    conn = self.connection or pool.get_connection(command_name, **options)
                              ^^^^^^^^^^^^^^^^^^^^^^^^^^^^^^^^^^^^^^^^^^^^
.venv/lib/python3.12/site-packages/redis/connection.py:1422: in get_connection
    connection.connect()
.venv/lib/python3.12/site-packages/redis/connection.py:363: in connect
    raise ConnectionError(self._error_message(e))
E   redis.exceptions.ConnectionError: Error 111 connecting to localhost:6379. Connection refused.
----------------------------- Captured stdout call -----------------------------
2026-02-09 12:30:53,587 - SL - INFO - 5326 - "/home/runner/work/simplelogin-app/simplelogin-app/app/events/event_dispatcher.py:62" - send_event() -  - Not sending events because webhook is not configured and allowed to be empty
______________________ test_create_subdomain_out_of_quota ______________________
.venv/lib/python3.12/site-packages/redis/connection.py:357: in connect
    sock = self.retry.call_with_retry(
.venv/lib/python3.12/site-packages/redis/retry.py:62: in call_with_retry
    return do()
           ^^^^
.venv/lib/python3.12/site-packages/redis/connection.py:358: in <lambda>
    lambda: self._connect(), lambda error: self.disconnect(error)
            ^^^^^^^^^^^^^^^
.venv/lib/python3.12/site-packages/redis/connection.py:730: in _connect
    raise err
.venv/lib/python3.12/site-packages/redis/connection.py:718: in _connect
    sock.connect(socket_address)
E   ConnectionRefusedError: [Errno 111] Connection refused

During handling of the above exception, another exception occurred:
tests/dashboard/test_subdomain.py:88: in test_create_subdomain_out_of_quota
    user = login(flask_client)
           ^^^^^^^^^^^^^^^^^^^
tests/utils.py:57: in login
    r = flask_client.post(
.venv/lib/python3.12/site-packages/werkzeug/test.py:1016: in post
    return self.open(*args, **kw)
           ^^^^^^^^^^^^^^^^^^^^^^
tests/conftest.py:60: in open
    return super().open(*args, **kwargs)
           ^^^^^^^^^^^^^^^^^^^^^^^^^^^^^
.venv/lib/python3.12/site-packages/flask/testing.py:222: in open
    return Client.open(
.venv/lib/python3.12/site-packages/werkzeug/test.py:970: in open
    response = self.run_wsgi_app(environ.copy(), buffered=buffered)
               ^^^^^^^^^^^^^^^^^^^^^^^^^^^^^^^^^^^^^^^^^^^^^^^^^^^^
.venv/lib/python3.12/site-packages/werkzeug/test.py:861: in run_wsgi_app
    rv = run_wsgi_app(self.application, environ, buffered=buffered)
         ^^^^^^^^^^^^^^^^^^^^^^^^^^^^^^^^^^^^^^^^^^^^^^^^^^^^^^^^^^
.venv/lib/python3.12/site-packages/werkzeug/test.py:1096: in run_wsgi_app
    app_rv = app(environ, start_response)
             ^^^^^^^^^^^^^^^^^^^^^^^^^^^^
.venv/lib/python3.12/site-packages/flask/app.py:2464: in __call__
    return self.wsgi_app(environ, start_response)
           ^^^^^^^^^^^^^^^^^^^^^^^^^^^^^^^^^^^^^^
.venv/lib/python3.12/site-packages/werkzeug/middleware/proxy_fix.py:169: in __call__
    return self.app(environ, start_response)
           ^^^^^^^^^^^^^^^^^^^^^^^^^^^^^^^^^
.venv/lib/python3.12/site-packages/flask/app.py:2450: in wsgi_app
    response = self.handle_exception(e)
               ^^^^^^^^^^^^^^^^^^^^^^^^
.venv/lib/python3.12/site-packages/flask_cors/extension.py:165: in wrapped_function
    return cors_after_request(app.make_response(f(*args, **kwargs)))
                                                ^^^^^^^^^^^^^^^^^^
.venv/lib/python3.12/site-packages/flask/app.py:1867: in handle_exception
    reraise(exc_type, exc_value, tb)
.venv/lib/python3.12/site-packages/flask/_compat.py:39: in reraise
    raise value
.venv/lib/python3.12/site-packages/flask/app.py:2447: in wsgi_app
    response = self.full_dispatch_request()
               ^^^^^^^^^^^^^^^^^^^^^^^^^^^^
.venv/lib/python3.12/site-packages/flask/app.py:1953: in full_dispatch_request
    return self.finalize_request(rv)
           ^^^^^^^^^^^^^^^^^^^^^^^^^
.venv/lib/python3.12/site-packages/flask/app.py:1970: in finalize_request
    response = self.process_response(response)
               ^^^^^^^^^^^^^^^^^^^^^^^^^^^^^^^
.venv/lib/python3.12/site-packages/flask/app.py:2269: in process_response
    self.session_interface.save_session(self, ctx.session, response)
app/session.py:97: in save_session
    self._redis_w.setex(
.venv/lib/python3.12/site-packages/redis/commands/core.py:2360: in setex
    return self.execute_command("SETEX", name, time, value)
           ^^^^^^^^^^^^^^^^^^^^^^^^^^^^^^^^^^^^^^^^^^^^^^^^
.venv/lib/python3.12/site-packages/redis/client.py:559: in execute_command
    return self._execute_command(*args, **options)
           ^^^^^^^^^^^^^^^^^^^^^^^^^^^^^^^^^^^^^^^
.venv/lib/python3.12/site-packages/redis/client.py:565: in _execute_command
    conn = self.connection or pool.get_connection(command_name, **options)
                              ^^^^^^^^^^^^^^^^^^^^^^^^^^^^^^^^^^^^^^^^^^^^
.venv/lib/python3.12/site-packages/redis/connection.py:1422: in get_connection
    connection.connect()
.venv/lib/python3.12/site-packages/redis/connection.py:363: in connect
    raise ConnectionError(self._error_message(e))
E   redis.exceptions.ConnectionError: Error 111 connecting to localhost:6379. Connection refused.
----------------------------- Captured stdout call -----------------------------
2026-02-09 12:30:54,277 - SL - INFO - 5326 - "/home/runner/work/simplelogin-app/simplelogin-app/app/events/event_dispatcher.py:62" - send_event() -  - Not sending events because webhook is not configured and allowed to be empty
________________________ test_create_subdomain_invalid _________________________
.venv/lib/python3.12/site-packages/redis/connection.py:357: in connect
    sock = self.retry.call_with_retry(
.venv/lib/python3.12/site-packages/redis/retry.py:62: in call_with_retry
    return do()
           ^^^^
.venv/lib/python3.12/site-packages/redis/connection.py:358: in <lambda>
    lambda: self._connect(), lambda error: self.disconnect(error)
            ^^^^^^^^^^^^^^^
.venv/lib/python3.12/site-packages/redis/connection.py:730: in _connect
    raise err
.venv/lib/python3.12/site-packages/redis/connection.py:718: in _connect
    sock.connect(socket_address)
E   ConnectionRefusedError: [Errno 111] Connection refused

During handling of the above exception, another exception occurred:
tests/dashboard/test_subdomain.py:112: in test_create_subdomain_invalid
    user = login(flask_client)
           ^^^^^^^^^^^^^^^^^^^
tests/utils.py:57: in login
    r = flask_client.post(
.venv/lib/python3.12/site-packages/werkzeug/test.py:1016: in post
    return self.open(*args, **kw)
           ^^^^^^^^^^^^^^^^^^^^^^
tests/conftest.py:60: in open
    return super().open(*args, **kwargs)
           ^^^^^^^^^^^^^^^^^^^^^^^^^^^^^
.venv/lib/python3.12/site-packages/flask/testing.py:222: in open
    return Client.open(
.venv/lib/python3.12/site-packages/werkzeug/test.py:970: in open
    response = self.run_wsgi_app(environ.copy(), buffered=buffered)
               ^^^^^^^^^^^^^^^^^^^^^^^^^^^^^^^^^^^^^^^^^^^^^^^^^^^^
.venv/lib/python3.12/site-packages/werkzeug/test.py:861: in run_wsgi_app
    rv = run_wsgi_app(self.application, environ, buffered=buffered)
         ^^^^^^^^^^^^^^^^^^^^^^^^^^^^^^^^^^^^^^^^^^^^^^^^^^^^^^^^^^
.venv/lib/python3.12/site-packages/werkzeug/test.py:1096: in run_wsgi_app
    app_rv = app(environ, start_response)
             ^^^^^^^^^^^^^^^^^^^^^^^^^^^^
.venv/lib/python3.12/site-packages/flask/app.py:2464: in __call__
    return self.wsgi_app(environ, start_response)
           ^^^^^^^^^^^^^^^^^^^^^^^^^^^^^^^^^^^^^^
.venv/lib/python3.12/site-packages/werkzeug/middleware/proxy_fix.py:169: in __call__
    return self.app(environ, start_response)
           ^^^^^^^^^^^^^^^^^^^^^^^^^^^^^^^^^
.venv/lib/python3.12/site-packages/flask/app.py:2450: in wsgi_app
    response = self.handle_exception(e)
               ^^^^^^^^^^^^^^^^^^^^^^^^
.venv/lib/python3.12/site-packages/flask_cors/extension.py:165: in wrapped_function
    return cors_after_request(app.make_response(f(*args, **kwargs)))
                                                ^^^^^^^^^^^^^^^^^^
.venv/lib/python3.12/site-packages/flask/app.py:1867: in handle_exception
    reraise(exc_type, exc_value, tb)
.venv/lib/python3.12/site-packages/flask/_compat.py:39: in reraise
    raise value
.venv/lib/python3.12/site-packages/flask/app.py:2447: in wsgi_app
    response = self.full_dispatch_request()
               ^^^^^^^^^^^^^^^^^^^^^^^^^^^^
.venv/lib/python3.12/site-packages/flask/app.py:1953: in full_dispatch_request
    return self.finalize_request(rv)
           ^^^^^^^^^^^^^^^^^^^^^^^^^
.venv/lib/python3.12/site-packages/flask/app.py:1970: in finalize_request
    response = self.process_response(response)
               ^^^^^^^^^^^^^^^^^^^^^^^^^^^^^^^
.venv/lib/python3.12/site-packages/flask/app.py:2269: in process_response
    self.session_interface.save_session(self, ctx.session, response)
app/session.py:97: in save_session
    self._redis_w.setex(
.venv/lib/python3.12/site-packages/redis/commands/core.py:2360: in setex
    return self.execute_command("SETEX", name, time, value)
           ^^^^^^^^^^^^^^^^^^^^^^^^^^^^^^^^^^^^^^^^^^^^^^^^
.venv/lib/python3.12/site-packages/redis/client.py:559: in execute_command
    return self._execute_command(*args, **options)
           ^^^^^^^^^^^^^^^^^^^^^^^^^^^^^^^^^^^^^^^
.venv/lib/python3.12/site-packages/redis/client.py:565: in _execute_command
    conn = self.connection or pool.get_connection(command_name, **options)
                              ^^^^^^^^^^^^^^^^^^^^^^^^^^^^^^^^^^^^^^^^^^^^
.venv/lib/python3.12/site-packages/redis/connection.py:1422: in get_connection
    connection.connect()
.venv/lib/python3.12/site-packages/redis/connection.py:363: in connect
    raise ConnectionError(self._error_message(e))
E   redis.exceptions.ConnectionError: Error 111 connecting to localhost:6379. Connection refused.
----------------------------- Captured stdout call -----------------------------
2026-02-09 12:30:54,966 - SL - INFO - 5326 - "/home/runner/work/simplelogin-app/simplelogin-app/app/events/event_dispatcher.py:62" - send_event() -  - Not sending events because webhook is not configured and allowed to be empty
_______________________________ test_setup_done ________________________________
.venv/lib/python3.12/site-packages/redis/connection.py:357: in connect
    sock = self.retry.call_with_retry(
.venv/lib/python3.12/site-packages/redis/retry.py:62: in call_with_retry
    return do()
           ^^^^
.venv/lib/python3.12/site-packages/redis/connection.py:358: in <lambda>
    lambda: self._connect(), lambda error: self.disconnect(error)
            ^^^^^^^^^^^^^^^
.venv/lib/python3.12/site-packages/redis/connection.py:730: in _connect
    raise err
.venv/lib/python3.12/site-packages/redis/connection.py:718: in _connect
    sock.connect(socket_address)
E   ConnectionRefusedError: [Errno 111] Connection refused

During handling of the above exception, another exception occurred:
tests/dashboard/test_sudo_setting.py:12: in test_setup_done
    login(flask_client, user)
tests/utils.py:57: in login
    r = flask_client.post(
.venv/lib/python3.12/site-packages/werkzeug/test.py:1016: in post
    return self.open(*args, **kw)
           ^^^^^^^^^^^^^^^^^^^^^^
tests/conftest.py:60: in open
    return super().open(*args, **kwargs)
           ^^^^^^^^^^^^^^^^^^^^^^^^^^^^^
.venv/lib/python3.12/site-packages/flask/testing.py:222: in open
    return Client.open(
.venv/lib/python3.12/site-packages/werkzeug/test.py:970: in open
    response = self.run_wsgi_app(environ.copy(), buffered=buffered)
               ^^^^^^^^^^^^^^^^^^^^^^^^^^^^^^^^^^^^^^^^^^^^^^^^^^^^
.venv/lib/python3.12/site-packages/werkzeug/test.py:861: in run_wsgi_app
    rv = run_wsgi_app(self.application, environ, buffered=buffered)
         ^^^^^^^^^^^^^^^^^^^^^^^^^^^^^^^^^^^^^^^^^^^^^^^^^^^^^^^^^^
.venv/lib/python3.12/site-packages/werkzeug/test.py:1096: in run_wsgi_app
    app_rv = app(environ, start_response)
             ^^^^^^^^^^^^^^^^^^^^^^^^^^^^
.venv/lib/python3.12/site-packages/flask/app.py:2464: in __call__
    return self.wsgi_app(environ, start_response)
           ^^^^^^^^^^^^^^^^^^^^^^^^^^^^^^^^^^^^^^
.venv/lib/python3.12/site-packages/werkzeug/middleware/proxy_fix.py:169: in __call__
    return self.app(environ, start_response)
           ^^^^^^^^^^^^^^^^^^^^^^^^^^^^^^^^^
.venv/lib/python3.12/site-packages/flask/app.py:2450: in wsgi_app
    response = self.handle_exception(e)
               ^^^^^^^^^^^^^^^^^^^^^^^^
.venv/lib/python3.12/site-packages/flask_cors/extension.py:165: in wrapped_function
    return cors_after_request(app.make_response(f(*args, **kwargs)))
                                                ^^^^^^^^^^^^^^^^^^
.venv/lib/python3.12/site-packages/flask/app.py:1867: in handle_exception
    reraise(exc_type, exc_value, tb)
.venv/lib/python3.12/site-packages/flask/_compat.py:39: in reraise
    raise value
.venv/lib/python3.12/site-packages/flask/app.py:2447: in wsgi_app
    response = self.full_dispatch_request()
               ^^^^^^^^^^^^^^^^^^^^^^^^^^^^
.venv/lib/python3.12/site-packages/flask/app.py:1953: in full_dispatch_request
    return self.finalize_request(rv)
           ^^^^^^^^^^^^^^^^^^^^^^^^^
.venv/lib/python3.12/site-packages/flask/app.py:1970: in finalize_request
    response = self.process_response(response)
               ^^^^^^^^^^^^^^^^^^^^^^^^^^^^^^^
.venv/lib/python3.12/site-packages/flask/app.py:2269: in process_response
    self.session_interface.save_session(self, ctx.session, response)
app/session.py:97: in save_session
    self._redis_w.setex(
.venv/lib/python3.12/site-packages/redis/commands/core.py:2360: in setex
    return self.execute_command("SETEX", name, time, value)
           ^^^^^^^^^^^^^^^^^^^^^^^^^^^^^^^^^^^^^^^^^^^^^^^^
.venv/lib/python3.12/site-packages/redis/client.py:559: in execute_command
    return self._execute_command(*args, **options)
           ^^^^^^^^^^^^^^^^^^^^^^^^^^^^^^^^^^^^^^^
.venv/lib/python3.12/site-packages/redis/client.py:565: in _execute_command
    conn = self.connection or pool.get_connection(command_name, **options)
                              ^^^^^^^^^^^^^^^^^^^^^^^^^^^^^^^^^^^^^^^^^^^^
.venv/lib/python3.12/site-packages/redis/connection.py:1422: in get_connection
    connection.connect()
.venv/lib/python3.12/site-packages/redis/connection.py:363: in connect
    raise ConnectionError(self._error_message(e))
E   redis.exceptions.ConnectionError: Error 111 connecting to localhost:6379. Connection refused.
----------------------------- Captured stdout call -----------------------------
2026-02-09 12:30:55,783 - SL - INFO - 5326 - "/home/runner/work/simplelogin-app/simplelogin-app/app/events/event_dispatcher.py:62" - send_event() -  - Not sending events because webhook is not configured and allowed to be empty
______________________________ test_disable_alias ______________________________
.venv/lib/python3.12/site-packages/redis/connection.py:357: in connect
    sock = self.retry.call_with_retry(
.venv/lib/python3.12/site-packages/redis/retry.py:62: in call_with_retry
    return do()
           ^^^^
.venv/lib/python3.12/site-packages/redis/connection.py:358: in <lambda>
    lambda: self._connect(), lambda error: self.disconnect(error)
            ^^^^^^^^^^^^^^^
.venv/lib/python3.12/site-packages/redis/connection.py:730: in _connect
    raise err
.venv/lib/python3.12/site-packages/redis/connection.py:718: in _connect
    sock.connect(socket_address)
E   ConnectionRefusedError: [Errno 111] Connection refused

During handling of the above exception, another exception occurred:
tests/dashboard/test_unsubscribe.py:10: in test_disable_alias
    user = login(flask_client)
           ^^^^^^^^^^^^^^^^^^^
tests/utils.py:57: in login
    r = flask_client.post(
.venv/lib/python3.12/site-packages/werkzeug/test.py:1016: in post
    return self.open(*args, **kw)
           ^^^^^^^^^^^^^^^^^^^^^^
tests/conftest.py:60: in open
    return super().open(*args, **kwargs)
           ^^^^^^^^^^^^^^^^^^^^^^^^^^^^^
.venv/lib/python3.12/site-packages/flask/testing.py:222: in open
    return Client.open(
.venv/lib/python3.12/site-packages/werkzeug/test.py:970: in open
    response = self.run_wsgi_app(environ.copy(), buffered=buffered)
               ^^^^^^^^^^^^^^^^^^^^^^^^^^^^^^^^^^^^^^^^^^^^^^^^^^^^
.venv/lib/python3.12/site-packages/werkzeug/test.py:861: in run_wsgi_app
    rv = run_wsgi_app(self.application, environ, buffered=buffered)
         ^^^^^^^^^^^^^^^^^^^^^^^^^^^^^^^^^^^^^^^^^^^^^^^^^^^^^^^^^^
.venv/lib/python3.12/site-packages/werkzeug/test.py:1096: in run_wsgi_app
    app_rv = app(environ, start_response)
             ^^^^^^^^^^^^^^^^^^^^^^^^^^^^
.venv/lib/python3.12/site-packages/flask/app.py:2464: in __call__
    return self.wsgi_app(environ, start_response)
           ^^^^^^^^^^^^^^^^^^^^^^^^^^^^^^^^^^^^^^
.venv/lib/python3.12/site-packages/werkzeug/middleware/proxy_fix.py:169: in __call__
    return self.app(environ, start_response)
           ^^^^^^^^^^^^^^^^^^^^^^^^^^^^^^^^^
.venv/lib/python3.12/site-packages/flask/app.py:2450: in wsgi_app
    response = self.handle_exception(e)
               ^^^^^^^^^^^^^^^^^^^^^^^^
.venv/lib/python3.12/site-packages/flask_cors/extension.py:165: in wrapped_function
    return cors_after_request(app.make_response(f(*args, **kwargs)))
                                                ^^^^^^^^^^^^^^^^^^
.venv/lib/python3.12/site-packages/flask/app.py:1867: in handle_exception
    reraise(exc_type, exc_value, tb)
.venv/lib/python3.12/site-packages/flask/_compat.py:39: in reraise
    raise value
.venv/lib/python3.12/site-packages/flask/app.py:2447: in wsgi_app
    response = self.full_dispatch_request()
               ^^^^^^^^^^^^^^^^^^^^^^^^^^^^
.venv/lib/python3.12/site-packages/flask/app.py:1953: in full_dispatch_request
    return self.finalize_request(rv)
           ^^^^^^^^^^^^^^^^^^^^^^^^^
.venv/lib/python3.12/site-packages/flask/app.py:1970: in finalize_request
    response = self.process_response(response)
               ^^^^^^^^^^^^^^^^^^^^^^^^^^^^^^^
.venv/lib/python3.12/site-packages/flask/app.py:2269: in process_response
    self.session_interface.save_session(self, ctx.session, response)
app/session.py:97: in save_session
    self._redis_w.setex(
.venv/lib/python3.12/site-packages/redis/commands/core.py:2360: in setex
    return self.execute_command("SETEX", name, time, value)
           ^^^^^^^^^^^^^^^^^^^^^^^^^^^^^^^^^^^^^^^^^^^^^^^^
.venv/lib/python3.12/site-packages/redis/client.py:559: in execute_command
    return self._execute_command(*args, **options)
           ^^^^^^^^^^^^^^^^^^^^^^^^^^^^^^^^^^^^^^^
.venv/lib/python3.12/site-packages/redis/client.py:565: in _execute_command
    conn = self.connection or pool.get_connection(command_name, **options)
                              ^^^^^^^^^^^^^^^^^^^^^^^^^^^^^^^^^^^^^^^^^^^^
.venv/lib/python3.12/site-packages/redis/connection.py:1422: in get_connection
    connection.connect()
.venv/lib/python3.12/site-packages/redis/connection.py:363: in connect
    raise ConnectionError(self._error_message(e))
E   redis.exceptions.ConnectionError: Error 111 connecting to localhost:6379. Connection refused.
----------------------------- Captured stdout call -----------------------------
2026-02-09 12:30:56,484 - SL - INFO - 5326 - "/home/runner/work/simplelogin-app/simplelogin-app/app/events/event_dispatcher.py:62" - send_event() -  - Not sending events because webhook is not configured and allowed to be empty
______________________________ test_block_contact ______________________________
.venv/lib/python3.12/site-packages/redis/connection.py:357: in connect
    sock = self.retry.call_with_retry(
.venv/lib/python3.12/site-packages/redis/retry.py:62: in call_with_retry
    return do()
           ^^^^
.venv/lib/python3.12/site-packages/redis/connection.py:358: in <lambda>
    lambda: self._connect(), lambda error: self.disconnect(error)
            ^^^^^^^^^^^^^^^
.venv/lib/python3.12/site-packages/redis/connection.py:730: in _connect
    raise err
.venv/lib/python3.12/site-packages/redis/connection.py:718: in _connect
    sock.connect(socket_address)
E   ConnectionRefusedError: [Errno 111] Connection refused

During handling of the above exception, another exception occurred:
tests/dashboard/test_unsubscribe.py:20: in test_block_contact
    user = login(flask_client)
           ^^^^^^^^^^^^^^^^^^^
tests/utils.py:57: in login
    r = flask_client.post(
.venv/lib/python3.12/site-packages/werkzeug/test.py:1016: in post
    return self.open(*args, **kw)
           ^^^^^^^^^^^^^^^^^^^^^^
tests/conftest.py:60: in open
    return super().open(*args, **kwargs)
           ^^^^^^^^^^^^^^^^^^^^^^^^^^^^^
.venv/lib/python3.12/site-packages/flask/testing.py:222: in open
    return Client.open(
.venv/lib/python3.12/site-packages/werkzeug/test.py:970: in open
    response = self.run_wsgi_app(environ.copy(), buffered=buffered)
               ^^^^^^^^^^^^^^^^^^^^^^^^^^^^^^^^^^^^^^^^^^^^^^^^^^^^
.venv/lib/python3.12/site-packages/werkzeug/test.py:861: in run_wsgi_app
    rv = run_wsgi_app(self.application, environ, buffered=buffered)
         ^^^^^^^^^^^^^^^^^^^^^^^^^^^^^^^^^^^^^^^^^^^^^^^^^^^^^^^^^^
.venv/lib/python3.12/site-packages/werkzeug/test.py:1096: in run_wsgi_app
    app_rv = app(environ, start_response)
             ^^^^^^^^^^^^^^^^^^^^^^^^^^^^
.venv/lib/python3.12/site-packages/flask/app.py:2464: in __call__
    return self.wsgi_app(environ, start_response)
           ^^^^^^^^^^^^^^^^^^^^^^^^^^^^^^^^^^^^^^
.venv/lib/python3.12/site-packages/werkzeug/middleware/proxy_fix.py:169: in __call__
    return self.app(environ, start_response)
           ^^^^^^^^^^^^^^^^^^^^^^^^^^^^^^^^^
.venv/lib/python3.12/site-packages/flask/app.py:2450: in wsgi_app
    response = self.handle_exception(e)
               ^^^^^^^^^^^^^^^^^^^^^^^^
.venv/lib/python3.12/site-packages/flask_cors/extension.py:165: in wrapped_function
    return cors_after_request(app.make_response(f(*args, **kwargs)))
                                                ^^^^^^^^^^^^^^^^^^
.venv/lib/python3.12/site-packages/flask/app.py:1867: in handle_exception
    reraise(exc_type, exc_value, tb)
.venv/lib/python3.12/site-packages/flask/_compat.py:39: in reraise
    raise value
.venv/lib/python3.12/site-packages/flask/app.py:2447: in wsgi_app
    response = self.full_dispatch_request()
               ^^^^^^^^^^^^^^^^^^^^^^^^^^^^
.venv/lib/python3.12/site-packages/flask/app.py:1953: in full_dispatch_request
    return self.finalize_request(rv)
           ^^^^^^^^^^^^^^^^^^^^^^^^^
.venv/lib/python3.12/site-packages/flask/app.py:1970: in finalize_request
    response = self.process_response(response)
               ^^^^^^^^^^^^^^^^^^^^^^^^^^^^^^^
.venv/lib/python3.12/site-packages/flask/app.py:2269: in process_response
    self.session_interface.save_session(self, ctx.session, response)
app/session.py:97: in save_session
    self._redis_w.setex(
.venv/lib/python3.12/site-packages/redis/commands/core.py:2360: in setex
    return self.execute_command("SETEX", name, time, value)
           ^^^^^^^^^^^^^^^^^^^^^^^^^^^^^^^^^^^^^^^^^^^^^^^^
.venv/lib/python3.12/site-packages/redis/client.py:559: in execute_command
    return self._execute_command(*args, **options)
           ^^^^^^^^^^^^^^^^^^^^^^^^^^^^^^^^^^^^^^^
.venv/lib/python3.12/site-packages/redis/client.py:565: in _execute_command
    conn = self.connection or pool.get_connection(command_name, **options)
                              ^^^^^^^^^^^^^^^^^^^^^^^^^^^^^^^^^^^^^^^^^^^^
.venv/lib/python3.12/site-packages/redis/connection.py:1422: in get_connection
    connection.connect()
.venv/lib/python3.12/site-packages/redis/connection.py:363: in connect
    raise ConnectionError(self._error_message(e))
E   redis.exceptions.ConnectionError: Error 111 connecting to localhost:6379. Connection refused.
----------------------------- Captured stdout call -----------------------------
2026-02-09 12:30:57,166 - SL - INFO - 5326 - "/home/runner/work/simplelogin-app/simplelogin-app/app/events/event_dispatcher.py:62" - send_event() -  - Not sending events because webhook is not configured and allowed to be empty
__________________________ test_request_disable_alias __________________________
.venv/lib/python3.12/site-packages/redis/connection.py:357: in connect
    sock = self.retry.call_with_retry(
.venv/lib/python3.12/site-packages/redis/retry.py:62: in call_with_retry
    return do()
           ^^^^
.venv/lib/python3.12/site-packages/redis/connection.py:358: in <lambda>
    lambda: self._connect(), lambda error: self.disconnect(error)
            ^^^^^^^^^^^^^^^
.venv/lib/python3.12/site-packages/redis/connection.py:730: in _connect
    raise err
.venv/lib/python3.12/site-packages/redis/connection.py:718: in _connect
    sock.connect(socket_address)
E   ConnectionRefusedError: [Errno 111] Connection refused

During handling of the above exception, another exception occurred:
tests/handler/test_unsubscribe_handler.py:150: in test_request_disable_alias
    user = login(flask_client)
           ^^^^^^^^^^^^^^^^^^^
tests/utils.py:57: in login
    r = flask_client.post(
.venv/lib/python3.12/site-packages/werkzeug/test.py:1016: in post
    return self.open(*args, **kw)
           ^^^^^^^^^^^^^^^^^^^^^^
tests/conftest.py:60: in open
    return super().open(*args, **kwargs)
           ^^^^^^^^^^^^^^^^^^^^^^^^^^^^^
.venv/lib/python3.12/site-packages/flask/testing.py:222: in open
    return Client.open(
.venv/lib/python3.12/site-packages/werkzeug/test.py:970: in open
    response = self.run_wsgi_app(environ.copy(), buffered=buffered)
               ^^^^^^^^^^^^^^^^^^^^^^^^^^^^^^^^^^^^^^^^^^^^^^^^^^^^
.venv/lib/python3.12/site-packages/werkzeug/test.py:861: in run_wsgi_app
    rv = run_wsgi_app(self.application, environ, buffered=buffered)
         ^^^^^^^^^^^^^^^^^^^^^^^^^^^^^^^^^^^^^^^^^^^^^^^^^^^^^^^^^^
.venv/lib/python3.12/site-packages/werkzeug/test.py:1096: in run_wsgi_app
    app_rv = app(environ, start_response)
             ^^^^^^^^^^^^^^^^^^^^^^^^^^^^
.venv/lib/python3.12/site-packages/flask/app.py:2464: in __call__
    return self.wsgi_app(environ, start_response)
           ^^^^^^^^^^^^^^^^^^^^^^^^^^^^^^^^^^^^^^
.venv/lib/python3.12/site-packages/werkzeug/middleware/proxy_fix.py:169: in __call__
    return self.app(environ, start_response)
           ^^^^^^^^^^^^^^^^^^^^^^^^^^^^^^^^^
.venv/lib/python3.12/site-packages/flask/app.py:2450: in wsgi_app
    response = self.handle_exception(e)
               ^^^^^^^^^^^^^^^^^^^^^^^^
.venv/lib/python3.12/site-packages/flask_cors/extension.py:165: in wrapped_function
    return cors_after_request(app.make_response(f(*args, **kwargs)))
                                                ^^^^^^^^^^^^^^^^^^
.venv/lib/python3.12/site-packages/flask/app.py:1867: in handle_exception
    reraise(exc_type, exc_value, tb)
.venv/lib/python3.12/site-packages/flask/_compat.py:39: in reraise
    raise value
.venv/lib/python3.12/site-packages/flask/app.py:2447: in wsgi_app
    response = self.full_dispatch_request()
               ^^^^^^^^^^^^^^^^^^^^^^^^^^^^
.venv/lib/python3.12/site-packages/flask/app.py:1953: in full_dispatch_request
    return self.finalize_request(rv)
           ^^^^^^^^^^^^^^^^^^^^^^^^^
.venv/lib/python3.12/site-packages/flask/app.py:1970: in finalize_request
    response = self.process_response(response)
               ^^^^^^^^^^^^^^^^^^^^^^^^^^^^^^^
.venv/lib/python3.12/site-packages/flask/app.py:2269: in process_response
    self.session_interface.save_session(self, ctx.session, response)
app/session.py:97: in save_session
    self._redis_w.setex(
.venv/lib/python3.12/site-packages/redis/commands/core.py:2360: in setex
    return self.execute_command("SETEX", name, time, value)
           ^^^^^^^^^^^^^^^^^^^^^^^^^^^^^^^^^^^^^^^^^^^^^^^^
.venv/lib/python3.12/site-packages/redis/client.py:559: in execute_command
    return self._execute_command(*args, **options)
           ^^^^^^^^^^^^^^^^^^^^^^^^^^^^^^^^^^^^^^^
.venv/lib/python3.12/site-packages/redis/client.py:565: in _execute_command
    conn = self.connection or pool.get_connection(command_name, **options)
                              ^^^^^^^^^^^^^^^^^^^^^^^^^^^^^^^^^^^^^^^^^^^^
.venv/lib/python3.12/site-packages/redis/connection.py:1422: in get_connection
    connection.connect()
.venv/lib/python3.12/site-packages/redis/connection.py:363: in connect
    raise ConnectionError(self._error_message(e))
E   redis.exceptions.ConnectionError: Error 111 connecting to localhost:6379. Connection refused.
----------------------------- Captured stdout call -----------------------------
2026-02-09 12:31:16,853 - SL - INFO - 5326 - "/home/runner/work/simplelogin-app/simplelogin-app/app/events/event_dispatcher.py:62" - send_event() - ej4so13657316edb - Not sending events because webhook is not configured and allowed to be empty
_________________________ test_request_disable_contact _________________________
.venv/lib/python3.12/site-packages/redis/connection.py:357: in connect
    sock = self.retry.call_with_retry(
.venv/lib/python3.12/site-packages/redis/retry.py:62: in call_with_retry
    return do()
           ^^^^
.venv/lib/python3.12/site-packages/redis/connection.py:358: in <lambda>
    lambda: self._connect(), lambda error: self.disconnect(error)
            ^^^^^^^^^^^^^^^
.venv/lib/python3.12/site-packages/redis/connection.py:730: in _connect
    raise err
.venv/lib/python3.12/site-packages/redis/connection.py:718: in _connect
    sock.connect(socket_address)
E   ConnectionRefusedError: [Errno 111] Connection refused

During handling of the above exception, another exception occurred:
tests/handler/test_unsubscribe_handler.py:168: in test_request_disable_contact
    user = login(flask_client)
           ^^^^^^^^^^^^^^^^^^^
tests/utils.py:57: in login
    r = flask_client.post(
.venv/lib/python3.12/site-packages/werkzeug/test.py:1016: in post
    return self.open(*args, **kw)
           ^^^^^^^^^^^^^^^^^^^^^^
tests/conftest.py:60: in open
    return super().open(*args, **kwargs)
           ^^^^^^^^^^^^^^^^^^^^^^^^^^^^^
.venv/lib/python3.12/site-packages/flask/testing.py:222: in open
    return Client.open(
.venv/lib/python3.12/site-packages/werkzeug/test.py:970: in open
    response = self.run_wsgi_app(environ.copy(), buffered=buffered)
               ^^^^^^^^^^^^^^^^^^^^^^^^^^^^^^^^^^^^^^^^^^^^^^^^^^^^
.venv/lib/python3.12/site-packages/werkzeug/test.py:861: in run_wsgi_app
    rv = run_wsgi_app(self.application, environ, buffered=buffered)
         ^^^^^^^^^^^^^^^^^^^^^^^^^^^^^^^^^^^^^^^^^^^^^^^^^^^^^^^^^^
.venv/lib/python3.12/site-packages/werkzeug/test.py:1096: in run_wsgi_app
    app_rv = app(environ, start_response)
             ^^^^^^^^^^^^^^^^^^^^^^^^^^^^
.venv/lib/python3.12/site-packages/flask/app.py:2464: in __call__
    return self.wsgi_app(environ, start_response)
           ^^^^^^^^^^^^^^^^^^^^^^^^^^^^^^^^^^^^^^
.venv/lib/python3.12/site-packages/werkzeug/middleware/proxy_fix.py:169: in __call__
    return self.app(environ, start_response)
           ^^^^^^^^^^^^^^^^^^^^^^^^^^^^^^^^^
.venv/lib/python3.12/site-packages/flask/app.py:2450: in wsgi_app
    response = self.handle_exception(e)
               ^^^^^^^^^^^^^^^^^^^^^^^^
.venv/lib/python3.12/site-packages/flask_cors/extension.py:165: in wrapped_function
    return cors_after_request(app.make_response(f(*args, **kwargs)))
                                                ^^^^^^^^^^^^^^^^^^
.venv/lib/python3.12/site-packages/flask/app.py:1867: in handle_exception
    reraise(exc_type, exc_value, tb)
.venv/lib/python3.12/site-packages/flask/_compat.py:39: in reraise
    raise value
.venv/lib/python3.12/site-packages/flask/app.py:2447: in wsgi_app
    response = self.full_dispatch_request()
               ^^^^^^^^^^^^^^^^^^^^^^^^^^^^
.venv/lib/python3.12/site-packages/flask/app.py:1953: in full_dispatch_request
    return self.finalize_request(rv)
           ^^^^^^^^^^^^^^^^^^^^^^^^^
.venv/lib/python3.12/site-packages/flask/app.py:1970: in finalize_request
    response = self.process_response(response)
               ^^^^^^^^^^^^^^^^^^^^^^^^^^^^^^^
.venv/lib/python3.12/site-packages/flask/app.py:2269: in process_response
    self.session_interface.save_session(self, ctx.session, response)
app/session.py:97: in save_session
    self._redis_w.setex(
.venv/lib/python3.12/site-packages/redis/commands/core.py:2360: in setex
    return self.execute_command("SETEX", name, time, value)
           ^^^^^^^^^^^^^^^^^^^^^^^^^^^^^^^^^^^^^^^^^^^^^^^^
.venv/lib/python3.12/site-packages/redis/client.py:559: in execute_command
    return self._execute_command(*args, **options)
           ^^^^^^^^^^^^^^^^^^^^^^^^^^^^^^^^^^^^^^^
.venv/lib/python3.12/site-packages/redis/client.py:565: in _execute_command
    conn = self.connection or pool.get_connection(command_name, **options)
                              ^^^^^^^^^^^^^^^^^^^^^^^^^^^^^^^^^^^^^^^^^^^^
.venv/lib/python3.12/site-packages/redis/connection.py:1422: in get_connection
    connection.connect()
.venv/lib/python3.12/site-packages/redis/connection.py:363: in connect
    raise ConnectionError(self._error_message(e))
E   redis.exceptions.ConnectionError: Error 111 connecting to localhost:6379. Connection refused.
----------------------------- Captured stdout call -----------------------------
2026-02-09 12:31:17,558 - SL - INFO - 5326 - "/home/runner/work/simplelogin-app/simplelogin-app/app/events/event_dispatcher.py:62" - send_event() - ej4so13657316edb - Not sending events because webhook is not configured and allowed to be empty
_______________________ test_request_disable_newsletter ________________________
.venv/lib/python3.12/site-packages/redis/connection.py:357: in connect
    sock = self.retry.call_with_retry(
.venv/lib/python3.12/site-packages/redis/retry.py:62: in call_with_retry
    return do()
           ^^^^
.venv/lib/python3.12/site-packages/redis/connection.py:358: in <lambda>
    lambda: self._connect(), lambda error: self.disconnect(error)
            ^^^^^^^^^^^^^^^
.venv/lib/python3.12/site-packages/redis/connection.py:730: in _connect
    raise err
.venv/lib/python3.12/site-packages/redis/connection.py:718: in _connect
    sock.connect(socket_address)
E   ConnectionRefusedError: [Errno 111] Connection refused

During handling of the above exception, another exception occurred:
tests/handler/test_unsubscribe_handler.py:193: in test_request_disable_newsletter
    user = login(flask_client)
           ^^^^^^^^^^^^^^^^^^^
tests/utils.py:57: in login
    r = flask_client.post(
.venv/lib/python3.12/site-packages/werkzeug/test.py:1016: in post
    return self.open(*args, **kw)
           ^^^^^^^^^^^^^^^^^^^^^^
tests/conftest.py:60: in open
    return super().open(*args, **kwargs)
           ^^^^^^^^^^^^^^^^^^^^^^^^^^^^^
.venv/lib/python3.12/site-packages/flask/testing.py:222: in open
    return Client.open(
.venv/lib/python3.12/site-packages/werkzeug/test.py:970: in open
    response = self.run_wsgi_app(environ.copy(), buffered=buffered)
               ^^^^^^^^^^^^^^^^^^^^^^^^^^^^^^^^^^^^^^^^^^^^^^^^^^^^
.venv/lib/python3.12/site-packages/werkzeug/test.py:861: in run_wsgi_app
    rv = run_wsgi_app(self.application, environ, buffered=buffered)
         ^^^^^^^^^^^^^^^^^^^^^^^^^^^^^^^^^^^^^^^^^^^^^^^^^^^^^^^^^^
.venv/lib/python3.12/site-packages/werkzeug/test.py:1096: in run_wsgi_app
    app_rv = app(environ, start_response)
             ^^^^^^^^^^^^^^^^^^^^^^^^^^^^
.venv/lib/python3.12/site-packages/flask/app.py:2464: in __call__
    return self.wsgi_app(environ, start_response)
           ^^^^^^^^^^^^^^^^^^^^^^^^^^^^^^^^^^^^^^
.venv/lib/python3.12/site-packages/werkzeug/middleware/proxy_fix.py:169: in __call__
    return self.app(environ, start_response)
           ^^^^^^^^^^^^^^^^^^^^^^^^^^^^^^^^^
.venv/lib/python3.12/site-packages/flask/app.py:2450: in wsgi_app
    response = self.handle_exception(e)
               ^^^^^^^^^^^^^^^^^^^^^^^^
.venv/lib/python3.12/site-packages/flask_cors/extension.py:165: in wrapped_function
    return cors_after_request(app.make_response(f(*args, **kwargs)))
                                                ^^^^^^^^^^^^^^^^^^
.venv/lib/python3.12/site-packages/flask/app.py:1867: in handle_exception
    reraise(exc_type, exc_value, tb)
.venv/lib/python3.12/site-packages/flask/_compat.py:39: in reraise
    raise value
.venv/lib/python3.12/site-packages/flask/app.py:2447: in wsgi_app
    response = self.full_dispatch_request()
               ^^^^^^^^^^^^^^^^^^^^^^^^^^^^
.venv/lib/python3.12/site-packages/flask/app.py:1953: in full_dispatch_request
    return self.finalize_request(rv)
           ^^^^^^^^^^^^^^^^^^^^^^^^^
.venv/lib/python3.12/site-packages/flask/app.py:1970: in finalize_request
    response = self.process_response(response)
               ^^^^^^^^^^^^^^^^^^^^^^^^^^^^^^^
.venv/lib/python3.12/site-packages/flask/app.py:2269: in process_response
    self.session_interface.save_session(self, ctx.session, response)
app/session.py:97: in save_session
    self._redis_w.setex(
.venv/lib/python3.12/site-packages/redis/commands/core.py:2360: in setex
    return self.execute_command("SETEX", name, time, value)
           ^^^^^^^^^^^^^^^^^^^^^^^^^^^^^^^^^^^^^^^^^^^^^^^^
.venv/lib/python3.12/site-packages/redis/client.py:559: in execute_command
    return self._execute_command(*args, **options)
           ^^^^^^^^^^^^^^^^^^^^^^^^^^^^^^^^^^^^^^^
.venv/lib/python3.12/site-packages/redis/client.py:565: in _execute_command
    conn = self.connection or pool.get_connection(command_name, **options)
                              ^^^^^^^^^^^^^^^^^^^^^^^^^^^^^^^^^^^^^^^^^^^^
.venv/lib/python3.12/site-packages/redis/connection.py:1422: in get_connection
    connection.connect()
.venv/lib/python3.12/site-packages/redis/connection.py:363: in connect
    raise ConnectionError(self._error_message(e))
E   redis.exceptions.ConnectionError: Error 111 connecting to localhost:6379. Connection refused.
----------------------------- Captured stdout call -----------------------------
2026-02-09 12:31:18,257 - SL - INFO - 5326 - "/home/runner/work/simplelogin-app/simplelogin-app/app/events/event_dispatcher.py:62" - send_event() - ej4so13657316edb - Not sending events because webhook is not configured and allowed to be empty
_________________________ test_request_original_unsub __________________________
.venv/lib/python3.12/site-packages/redis/connection.py:357: in connect
    sock = self.retry.call_with_retry(
.venv/lib/python3.12/site-packages/redis/retry.py:62: in call_with_retry
    return do()
           ^^^^
.venv/lib/python3.12/site-packages/redis/connection.py:358: in <lambda>
    lambda: self._connect(), lambda error: self.disconnect(error)
            ^^^^^^^^^^^^^^^
.venv/lib/python3.12/site-packages/redis/connection.py:730: in _connect
    raise err
.venv/lib/python3.12/site-packages/redis/connection.py:718: in _connect
    sock.connect(socket_address)
E   ConnectionRefusedError: [Errno 111] Connection refused

During handling of the above exception, another exception occurred:
tests/handler/test_unsubscribe_handler.py:208: in test_request_original_unsub
    user = login(flask_client)
           ^^^^^^^^^^^^^^^^^^^
tests/utils.py:57: in login
    r = flask_client.post(
.venv/lib/python3.12/site-packages/werkzeug/test.py:1016: in post
    return self.open(*args, **kw)
           ^^^^^^^^^^^^^^^^^^^^^^
tests/conftest.py:60: in open
    return super().open(*args, **kwargs)
           ^^^^^^^^^^^^^^^^^^^^^^^^^^^^^
.venv/lib/python3.12/site-packages/flask/testing.py:222: in open
    return Client.open(
.venv/lib/python3.12/site-packages/werkzeug/test.py:970: in open
    response = self.run_wsgi_app(environ.copy(), buffered=buffered)
               ^^^^^^^^^^^^^^^^^^^^^^^^^^^^^^^^^^^^^^^^^^^^^^^^^^^^
.venv/lib/python3.12/site-packages/werkzeug/test.py:861: in run_wsgi_app
    rv = run_wsgi_app(self.application, environ, buffered=buffered)
         ^^^^^^^^^^^^^^^^^^^^^^^^^^^^^^^^^^^^^^^^^^^^^^^^^^^^^^^^^^
.venv/lib/python3.12/site-packages/werkzeug/test.py:1096: in run_wsgi_app
    app_rv = app(environ, start_response)
             ^^^^^^^^^^^^^^^^^^^^^^^^^^^^
.venv/lib/python3.12/site-packages/flask/app.py:2464: in __call__
    return self.wsgi_app(environ, start_response)
           ^^^^^^^^^^^^^^^^^^^^^^^^^^^^^^^^^^^^^^
.venv/lib/python3.12/site-packages/werkzeug/middleware/proxy_fix.py:169: in __call__
    return self.app(environ, start_response)
           ^^^^^^^^^^^^^^^^^^^^^^^^^^^^^^^^^
.venv/lib/python3.12/site-packages/flask/app.py:2450: in wsgi_app
    response = self.handle_exception(e)
               ^^^^^^^^^^^^^^^^^^^^^^^^
.venv/lib/python3.12/site-packages/flask_cors/extension.py:165: in wrapped_function
    return cors_after_request(app.make_response(f(*args, **kwargs)))
                                                ^^^^^^^^^^^^^^^^^^
.venv/lib/python3.12/site-packages/flask/app.py:1867: in handle_exception
    reraise(exc_type, exc_value, tb)
.venv/lib/python3.12/site-packages/flask/_compat.py:39: in reraise
    raise value
.venv/lib/python3.12/site-packages/flask/app.py:2447: in wsgi_app
    response = self.full_dispatch_request()
               ^^^^^^^^^^^^^^^^^^^^^^^^^^^^
.venv/lib/python3.12/site-packages/flask/app.py:1953: in full_dispatch_request
    return self.finalize_request(rv)
           ^^^^^^^^^^^^^^^^^^^^^^^^^
.venv/lib/python3.12/site-packages/flask/app.py:1970: in finalize_request
    response = self.process_response(response)
               ^^^^^^^^^^^^^^^^^^^^^^^^^^^^^^^
.venv/lib/python3.12/site-packages/flask/app.py:2269: in process_response
    self.session_interface.save_session(self, ctx.session, response)
app/session.py:97: in save_session
    self._redis_w.setex(
.venv/lib/python3.12/site-packages/redis/commands/core.py:2360: in setex
    return self.execute_command("SETEX", name, time, value)
           ^^^^^^^^^^^^^^^^^^^^^^^^^^^^^^^^^^^^^^^^^^^^^^^^
.venv/lib/python3.12/site-packages/redis/client.py:559: in execute_command
    return self._execute_command(*args, **options)
           ^^^^^^^^^^^^^^^^^^^^^^^^^^^^^^^^^^^^^^^
.venv/lib/python3.12/site-packages/redis/client.py:565: in _execute_command
    conn = self.connection or pool.get_connection(command_name, **options)
                              ^^^^^^^^^^^^^^^^^^^^^^^^^^^^^^^^^^^^^^^^^^^^
.venv/lib/python3.12/site-packages/redis/connection.py:1422: in get_connection
    connection.connect()
.venv/lib/python3.12/site-packages/redis/connection.py:363: in connect
    raise ConnectionError(self._error_message(e))
E   redis.exceptions.ConnectionError: Error 111 connecting to localhost:6379. Connection refused.
----------------------------- Captured stdout call -----------------------------
2026-02-09 12:31:19,109 - SL - INFO - 5326 - "/home/runner/work/simplelogin-app/simplelogin-app/app/events/event_dispatcher.py:62" - send_event() - ej4so13657316edb - Not sending events because webhook is not configured and allowed to be empty
______________________ test_authorize_page_non_login_user ______________________
.venv/lib/python3.12/site-packages/redis/connection.py:357: in connect
    sock = self.retry.call_with_retry(
.venv/lib/python3.12/site-packages/redis/retry.py:62: in call_with_retry
    return do()
           ^^^^
.venv/lib/python3.12/site-packages/redis/connection.py:358: in <lambda>
    lambda: self._connect(), lambda error: self.disconnect(error)
            ^^^^^^^^^^^^^^^
.venv/lib/python3.12/site-packages/redis/connection.py:730: in _connect
    raise err
.venv/lib/python3.12/site-packages/redis/connection.py:718: in _connect
    sock.connect(socket_address)
E   ConnectionRefusedError: [Errno 111] Connection refused

During handling of the above exception, another exception occurred:
tests/oauth/test_authorize.py:58: in test_authorize_page_non_login_user
    r = flask_client.get(
.venv/lib/python3.12/site-packages/werkzeug/test.py:1006: in get
    return self.open(*args, **kw)
           ^^^^^^^^^^^^^^^^^^^^^^
tests/conftest.py:60: in open
    return super().open(*args, **kwargs)
           ^^^^^^^^^^^^^^^^^^^^^^^^^^^^^
.venv/lib/python3.12/site-packages/flask/testing.py:222: in open
    return Client.open(
.venv/lib/python3.12/site-packages/werkzeug/test.py:970: in open
    response = self.run_wsgi_app(environ.copy(), buffered=buffered)
               ^^^^^^^^^^^^^^^^^^^^^^^^^^^^^^^^^^^^^^^^^^^^^^^^^^^^
.venv/lib/python3.12/site-packages/werkzeug/test.py:861: in run_wsgi_app
    rv = run_wsgi_app(self.application, environ, buffered=buffered)
         ^^^^^^^^^^^^^^^^^^^^^^^^^^^^^^^^^^^^^^^^^^^^^^^^^^^^^^^^^^
.venv/lib/python3.12/site-packages/werkzeug/test.py:1096: in run_wsgi_app
    app_rv = app(environ, start_response)
             ^^^^^^^^^^^^^^^^^^^^^^^^^^^^
.venv/lib/python3.12/site-packages/flask/app.py:2464: in __call__
    return self.wsgi_app(environ, start_response)
           ^^^^^^^^^^^^^^^^^^^^^^^^^^^^^^^^^^^^^^
.venv/lib/python3.12/site-packages/werkzeug/middleware/proxy_fix.py:169: in __call__
    return self.app(environ, start_response)
           ^^^^^^^^^^^^^^^^^^^^^^^^^^^^^^^^^
.venv/lib/python3.12/site-packages/flask/app.py:2450: in wsgi_app
    response = self.handle_exception(e)
               ^^^^^^^^^^^^^^^^^^^^^^^^
.venv/lib/python3.12/site-packages/flask_cors/extension.py:165: in wrapped_function
    return cors_after_request(app.make_response(f(*args, **kwargs)))
                                                ^^^^^^^^^^^^^^^^^^
.venv/lib/python3.12/site-packages/flask/app.py:1867: in handle_exception
    reraise(exc_type, exc_value, tb)
.venv/lib/python3.12/site-packages/flask/_compat.py:39: in reraise
    raise value
.venv/lib/python3.12/site-packages/flask/app.py:2447: in wsgi_app
    response = self.full_dispatch_request()
               ^^^^^^^^^^^^^^^^^^^^^^^^^^^^
.venv/lib/python3.12/site-packages/flask/app.py:1953: in full_dispatch_request
    return self.finalize_request(rv)
           ^^^^^^^^^^^^^^^^^^^^^^^^^
.venv/lib/python3.12/site-packages/flask/app.py:1970: in finalize_request
    response = self.process_response(response)
               ^^^^^^^^^^^^^^^^^^^^^^^^^^^^^^^
.venv/lib/python3.12/site-packages/flask/app.py:2269: in process_response
    self.session_interface.save_session(self, ctx.session, response)
app/session.py:97: in save_session
    self._redis_w.setex(
.venv/lib/python3.12/site-packages/redis/commands/core.py:2360: in setex
    return self.execute_command("SETEX", name, time, value)
           ^^^^^^^^^^^^^^^^^^^^^^^^^^^^^^^^^^^^^^^^^^^^^^^^
.venv/lib/python3.12/site-packages/redis/client.py:559: in execute_command
    return self._execute_command(*args, **options)
           ^^^^^^^^^^^^^^^^^^^^^^^^^^^^^^^^^^^^^^^
.venv/lib/python3.12/site-packages/redis/client.py:565: in _execute_command
    conn = self.connection or pool.get_connection(command_name, **options)
                              ^^^^^^^^^^^^^^^^^^^^^^^^^^^^^^^^^^^^^^^^^^^^
.venv/lib/python3.12/site-packages/redis/connection.py:1422: in get_connection
    connection.connect()
.venv/lib/python3.12/site-packages/redis/connection.py:363: in connect
    raise ConnectionError(self._error_message(e))
E   redis.exceptions.ConnectionError: Error 111 connecting to localhost:6379. Connection refused.
----------------------------- Captured stdout call -----------------------------
2026-02-09 12:31:26,295 - SL - INFO - 5326 - "/home/runner/work/simplelogin-app/simplelogin-app/app/events/event_dispatcher.py:62" - send_event() - ej4so13657316edb - Not sending events because webhook is not configured and allowed to be empty
______________ test_authorize_page_login_user_non_supported_flow _______________
.venv/lib/python3.12/site-packages/redis/connection.py:357: in connect
    sock = self.retry.call_with_retry(
.venv/lib/python3.12/site-packages/redis/retry.py:62: in call_with_retry
    return do()
           ^^^^
.venv/lib/python3.12/site-packages/redis/connection.py:358: in <lambda>
    lambda: self._connect(), lambda error: self.disconnect(error)
            ^^^^^^^^^^^^^^^
.venv/lib/python3.12/site-packages/redis/connection.py:730: in _connect
    raise err
.venv/lib/python3.12/site-packages/redis/connection.py:718: in _connect
    sock.connect(socket_address)
E   ConnectionRefusedError: [Errno 111] Connection refused

During handling of the above exception, another exception occurred:
tests/oauth/test_authorize.py:75: in test_authorize_page_login_user_non_supported_flow
    user = login(flask_client)
           ^^^^^^^^^^^^^^^^^^^
tests/utils.py:57: in login
    r = flask_client.post(
.venv/lib/python3.12/site-packages/werkzeug/test.py:1016: in post
    return self.open(*args, **kw)
           ^^^^^^^^^^^^^^^^^^^^^^
tests/conftest.py:60: in open
    return super().open(*args, **kwargs)
           ^^^^^^^^^^^^^^^^^^^^^^^^^^^^^
.venv/lib/python3.12/site-packages/flask/testing.py:222: in open
    return Client.open(
.venv/lib/python3.12/site-packages/werkzeug/test.py:970: in open
    response = self.run_wsgi_app(environ.copy(), buffered=buffered)
               ^^^^^^^^^^^^^^^^^^^^^^^^^^^^^^^^^^^^^^^^^^^^^^^^^^^^
.venv/lib/python3.12/site-packages/werkzeug/test.py:861: in run_wsgi_app
    rv = run_wsgi_app(self.application, environ, buffered=buffered)
         ^^^^^^^^^^^^^^^^^^^^^^^^^^^^^^^^^^^^^^^^^^^^^^^^^^^^^^^^^^
.venv/lib/python3.12/site-packages/werkzeug/test.py:1096: in run_wsgi_app
    app_rv = app(environ, start_response)
             ^^^^^^^^^^^^^^^^^^^^^^^^^^^^
.venv/lib/python3.12/site-packages/flask/app.py:2464: in __call__
    return self.wsgi_app(environ, start_response)
           ^^^^^^^^^^^^^^^^^^^^^^^^^^^^^^^^^^^^^^
.venv/lib/python3.12/site-packages/werkzeug/middleware/proxy_fix.py:169: in __call__
    return self.app(environ, start_response)
           ^^^^^^^^^^^^^^^^^^^^^^^^^^^^^^^^^
.venv/lib/python3.12/site-packages/flask/app.py:2450: in wsgi_app
    response = self.handle_exception(e)
               ^^^^^^^^^^^^^^^^^^^^^^^^
.venv/lib/python3.12/site-packages/flask_cors/extension.py:165: in wrapped_function
    return cors_after_request(app.make_response(f(*args, **kwargs)))
                                                ^^^^^^^^^^^^^^^^^^
.venv/lib/python3.12/site-packages/flask/app.py:1867: in handle_exception
    reraise(exc_type, exc_value, tb)
.venv/lib/python3.12/site-packages/flask/_compat.py:39: in reraise
    raise value
.venv/lib/python3.12/site-packages/flask/app.py:2447: in wsgi_app
    response = self.full_dispatch_request()
               ^^^^^^^^^^^^^^^^^^^^^^^^^^^^
.venv/lib/python3.12/site-packages/flask/app.py:1953: in full_dispatch_request
    return self.finalize_request(rv)
           ^^^^^^^^^^^^^^^^^^^^^^^^^
.venv/lib/python3.12/site-packages/flask/app.py:1970: in finalize_request
    response = self.process_response(response)
               ^^^^^^^^^^^^^^^^^^^^^^^^^^^^^^^
.venv/lib/python3.12/site-packages/flask/app.py:2269: in process_response
    self.session_interface.save_session(self, ctx.session, response)
app/session.py:97: in save_session
    self._redis_w.setex(
.venv/lib/python3.12/site-packages/redis/commands/core.py:2360: in setex
    return self.execute_command("SETEX", name, time, value)
           ^^^^^^^^^^^^^^^^^^^^^^^^^^^^^^^^^^^^^^^^^^^^^^^^
.venv/lib/python3.12/site-packages/redis/client.py:559: in execute_command
    return self._execute_command(*args, **options)
           ^^^^^^^^^^^^^^^^^^^^^^^^^^^^^^^^^^^^^^^
.venv/lib/python3.12/site-packages/redis/client.py:565: in _execute_command
    conn = self.connection or pool.get_connection(command_name, **options)
                              ^^^^^^^^^^^^^^^^^^^^^^^^^^^^^^^^^^^^^^^^^^^^
.venv/lib/python3.12/site-packages/redis/connection.py:1422: in get_connection
    connection.connect()
.venv/lib/python3.12/site-packages/redis/connection.py:363: in connect
    raise ConnectionError(self._error_message(e))
E   redis.exceptions.ConnectionError: Error 111 connecting to localhost:6379. Connection refused.
----------------------------- Captured stdout call -----------------------------
2026-02-09 12:31:26,772 - SL - INFO - 5326 - "/home/runner/work/simplelogin-app/simplelogin-app/app/events/event_dispatcher.py:62" - send_event() - ej4so13657316edb - Not sending events because webhook is not configured and allowed to be empty
________________________ test_authorize_page_login_user ________________________
.venv/lib/python3.12/site-packages/redis/connection.py:357: in connect
    sock = self.retry.call_with_retry(
.venv/lib/python3.12/site-packages/redis/retry.py:62: in call_with_retry
    return do()
           ^^^^
.venv/lib/python3.12/site-packages/redis/connection.py:358: in <lambda>
    lambda: self._connect(), lambda error: self.disconnect(error)
            ^^^^^^^^^^^^^^^
.venv/lib/python3.12/site-packages/redis/connection.py:730: in _connect
    raise err
.venv/lib/python3.12/site-packages/redis/connection.py:718: in _connect
    sock.connect(socket_address)
E   ConnectionRefusedError: [Errno 111] Connection refused

During handling of the above exception, another exception occurred:
tests/oauth/test_authorize.py:113: in test_authorize_page_login_user
    user = login(flask_client)
           ^^^^^^^^^^^^^^^^^^^
tests/utils.py:57: in login
    r = flask_client.post(
.venv/lib/python3.12/site-packages/werkzeug/test.py:1016: in post
    return self.open(*args, **kw)
           ^^^^^^^^^^^^^^^^^^^^^^
tests/conftest.py:60: in open
    return super().open(*args, **kwargs)
           ^^^^^^^^^^^^^^^^^^^^^^^^^^^^^
.venv/lib/python3.12/site-packages/flask/testing.py:222: in open
    return Client.open(
.venv/lib/python3.12/site-packages/werkzeug/test.py:970: in open
    response = self.run_wsgi_app(environ.copy(), buffered=buffered)
               ^^^^^^^^^^^^^^^^^^^^^^^^^^^^^^^^^^^^^^^^^^^^^^^^^^^^
.venv/lib/python3.12/site-packages/werkzeug/test.py:861: in run_wsgi_app
    rv = run_wsgi_app(self.application, environ, buffered=buffered)
         ^^^^^^^^^^^^^^^^^^^^^^^^^^^^^^^^^^^^^^^^^^^^^^^^^^^^^^^^^^
.venv/lib/python3.12/site-packages/werkzeug/test.py:1096: in run_wsgi_app
    app_rv = app(environ, start_response)
             ^^^^^^^^^^^^^^^^^^^^^^^^^^^^
.venv/lib/python3.12/site-packages/flask/app.py:2464: in __call__
    return self.wsgi_app(environ, start_response)
           ^^^^^^^^^^^^^^^^^^^^^^^^^^^^^^^^^^^^^^
.venv/lib/python3.12/site-packages/werkzeug/middleware/proxy_fix.py:169: in __call__
    return self.app(environ, start_response)
           ^^^^^^^^^^^^^^^^^^^^^^^^^^^^^^^^^
.venv/lib/python3.12/site-packages/flask/app.py:2450: in wsgi_app
    response = self.handle_exception(e)
               ^^^^^^^^^^^^^^^^^^^^^^^^
.venv/lib/python3.12/site-packages/flask_cors/extension.py:165: in wrapped_function
    return cors_after_request(app.make_response(f(*args, **kwargs)))
                                                ^^^^^^^^^^^^^^^^^^
.venv/lib/python3.12/site-packages/flask/app.py:1867: in handle_exception
    reraise(exc_type, exc_value, tb)
.venv/lib/python3.12/site-packages/flask/_compat.py:39: in reraise
    raise value
.venv/lib/python3.12/site-packages/flask/app.py:2447: in wsgi_app
    response = self.full_dispatch_request()
               ^^^^^^^^^^^^^^^^^^^^^^^^^^^^
.venv/lib/python3.12/site-packages/flask/app.py:1953: in full_dispatch_request
    return self.finalize_request(rv)
           ^^^^^^^^^^^^^^^^^^^^^^^^^
.venv/lib/python3.12/site-packages/flask/app.py:1970: in finalize_request
    response = self.process_response(response)
               ^^^^^^^^^^^^^^^^^^^^^^^^^^^^^^^
.venv/lib/python3.12/site-packages/flask/app.py:2269: in process_response
    self.session_interface.save_session(self, ctx.session, response)
app/session.py:97: in save_session
    self._redis_w.setex(
.venv/lib/python3.12/site-packages/redis/commands/core.py:2360: in setex
    return self.execute_command("SETEX", name, time, value)
           ^^^^^^^^^^^^^^^^^^^^^^^^^^^^^^^^^^^^^^^^^^^^^^^^
.venv/lib/python3.12/site-packages/redis/client.py:559: in execute_command
    return self._execute_command(*args, **options)
           ^^^^^^^^^^^^^^^^^^^^^^^^^^^^^^^^^^^^^^^
.venv/lib/python3.12/site-packages/redis/client.py:565: in _execute_command
    conn = self.connection or pool.get_connection(command_name, **options)
                              ^^^^^^^^^^^^^^^^^^^^^^^^^^^^^^^^^^^^^^^^^^^^
.venv/lib/python3.12/site-packages/redis/connection.py:1422: in get_connection
    connection.connect()
.venv/lib/python3.12/site-packages/redis/connection.py:363: in connect
    raise ConnectionError(self._error_message(e))
E   redis.exceptions.ConnectionError: Error 111 connecting to localhost:6379. Connection refused.
----------------------------- Captured stdout call -----------------------------
2026-02-09 12:31:27,469 - SL - INFO - 5326 - "/home/runner/work/simplelogin-app/simplelogin-app/app/events/event_dispatcher.py:62" - send_event() - ej4so13657316edb - Not sending events because webhook is not configured and allowed to be empty
___________________ test_authorize_code_flow_no_openid_scope ___________________
.venv/lib/python3.12/site-packages/redis/connection.py:357: in connect
    sock = self.retry.call_with_retry(
.venv/lib/python3.12/site-packages/redis/retry.py:62: in call_with_retry
    return do()
           ^^^^
.venv/lib/python3.12/site-packages/redis/connection.py:358: in <lambda>
    lambda: self._connect(), lambda error: self.disconnect(error)
            ^^^^^^^^^^^^^^^
.venv/lib/python3.12/site-packages/redis/connection.py:730: in _connect
    raise err
.venv/lib/python3.12/site-packages/redis/connection.py:718: in _connect
    sock.connect(socket_address)
E   ConnectionRefusedError: [Errno 111] Connection refused

During handling of the above exception, another exception occurred:
tests/oauth/test_authorize.py:146: in test_authorize_code_flow_no_openid_scope
    user = login(flask_client)
           ^^^^^^^^^^^^^^^^^^^
tests/utils.py:57: in login
    r = flask_client.post(
.venv/lib/python3.12/site-packages/werkzeug/test.py:1016: in post
    return self.open(*args, **kw)
           ^^^^^^^^^^^^^^^^^^^^^^
tests/conftest.py:60: in open
    return super().open(*args, **kwargs)
           ^^^^^^^^^^^^^^^^^^^^^^^^^^^^^
.venv/lib/python3.12/site-packages/flask/testing.py:222: in open
    return Client.open(
.venv/lib/python3.12/site-packages/werkzeug/test.py:970: in open
    response = self.run_wsgi_app(environ.copy(), buffered=buffered)
               ^^^^^^^^^^^^^^^^^^^^^^^^^^^^^^^^^^^^^^^^^^^^^^^^^^^^
.venv/lib/python3.12/site-packages/werkzeug/test.py:861: in run_wsgi_app
    rv = run_wsgi_app(self.application, environ, buffered=buffered)
         ^^^^^^^^^^^^^^^^^^^^^^^^^^^^^^^^^^^^^^^^^^^^^^^^^^^^^^^^^^
.venv/lib/python3.12/site-packages/werkzeug/test.py:1096: in run_wsgi_app
    app_rv = app(environ, start_response)
             ^^^^^^^^^^^^^^^^^^^^^^^^^^^^
.venv/lib/python3.12/site-packages/flask/app.py:2464: in __call__
    return self.wsgi_app(environ, start_response)
           ^^^^^^^^^^^^^^^^^^^^^^^^^^^^^^^^^^^^^^
.venv/lib/python3.12/site-packages/werkzeug/middleware/proxy_fix.py:169: in __call__
    return self.app(environ, start_response)
           ^^^^^^^^^^^^^^^^^^^^^^^^^^^^^^^^^
.venv/lib/python3.12/site-packages/flask/app.py:2450: in wsgi_app
    response = self.handle_exception(e)
               ^^^^^^^^^^^^^^^^^^^^^^^^
.venv/lib/python3.12/site-packages/flask_cors/extension.py:165: in wrapped_function
    return cors_after_request(app.make_response(f(*args, **kwargs)))
                                                ^^^^^^^^^^^^^^^^^^
.venv/lib/python3.12/site-packages/flask/app.py:1867: in handle_exception
    reraise(exc_type, exc_value, tb)
.venv/lib/python3.12/site-packages/flask/_compat.py:39: in reraise
    raise value
.venv/lib/python3.12/site-packages/flask/app.py:2447: in wsgi_app
    response = self.full_dispatch_request()
               ^^^^^^^^^^^^^^^^^^^^^^^^^^^^
.venv/lib/python3.12/site-packages/flask/app.py:1953: in full_dispatch_request
    return self.finalize_request(rv)
           ^^^^^^^^^^^^^^^^^^^^^^^^^
.venv/lib/python3.12/site-packages/flask/app.py:1970: in finalize_request
    response = self.process_response(response)
               ^^^^^^^^^^^^^^^^^^^^^^^^^^^^^^^
.venv/lib/python3.12/site-packages/flask/app.py:2269: in process_response
    self.session_interface.save_session(self, ctx.session, response)
app/session.py:97: in save_session
    self._redis_w.setex(
.venv/lib/python3.12/site-packages/redis/commands/core.py:2360: in setex
    return self.execute_command("SETEX", name, time, value)
           ^^^^^^^^^^^^^^^^^^^^^^^^^^^^^^^^^^^^^^^^^^^^^^^^
.venv/lib/python3.12/site-packages/redis/client.py:559: in execute_command
    return self._execute_command(*args, **options)
           ^^^^^^^^^^^^^^^^^^^^^^^^^^^^^^^^^^^^^^^
.venv/lib/python3.12/site-packages/redis/client.py:565: in _execute_command
    conn = self.connection or pool.get_connection(command_name, **options)
                              ^^^^^^^^^^^^^^^^^^^^^^^^^^^^^^^^^^^^^^^^^^^^
.venv/lib/python3.12/site-packages/redis/connection.py:1422: in get_connection
    connection.connect()
.venv/lib/python3.12/site-packages/redis/connection.py:363: in connect
    raise ConnectionError(self._error_message(e))
E   redis.exceptions.ConnectionError: Error 111 connecting to localhost:6379. Connection refused.
----------------------------- Captured stdout call -----------------------------
2026-02-09 12:31:28,158 - SL - INFO - 5326 - "/home/runner/work/simplelogin-app/simplelogin-app/app/events/event_dispatcher.py:62" - send_event() - ej4so13657316edb - Not sending events because webhook is not configured and allowed to be empty
__________________ test_authorize_code_flow_with_openid_scope __________________
.venv/lib/python3.12/site-packages/redis/connection.py:357: in connect
    sock = self.retry.call_with_retry(
.venv/lib/python3.12/site-packages/redis/retry.py:62: in call_with_retry
    return do()
           ^^^^
.venv/lib/python3.12/site-packages/redis/connection.py:358: in <lambda>
    lambda: self._connect(), lambda error: self.disconnect(error)
            ^^^^^^^^^^^^^^^
.venv/lib/python3.12/site-packages/redis/connection.py:730: in _connect
    raise err
.venv/lib/python3.12/site-packages/redis/connection.py:718: in _connect
    sock.connect(socket_address)
E   ConnectionRefusedError: [Errno 111] Connection refused

During handling of the above exception, another exception occurred:
tests/oauth/test_authorize.py:241: in test_authorize_code_flow_with_openid_scope
    user = login(flask_client)
           ^^^^^^^^^^^^^^^^^^^
tests/utils.py:57: in login
    r = flask_client.post(
.venv/lib/python3.12/site-packages/werkzeug/test.py:1016: in post
    return self.open(*args, **kw)
           ^^^^^^^^^^^^^^^^^^^^^^
tests/conftest.py:60: in open
    return super().open(*args, **kwargs)
           ^^^^^^^^^^^^^^^^^^^^^^^^^^^^^
.venv/lib/python3.12/site-packages/flask/testing.py:222: in open
    return Client.open(
.venv/lib/python3.12/site-packages/werkzeug/test.py:970: in open
    response = self.run_wsgi_app(environ.copy(), buffered=buffered)
               ^^^^^^^^^^^^^^^^^^^^^^^^^^^^^^^^^^^^^^^^^^^^^^^^^^^^
.venv/lib/python3.12/site-packages/werkzeug/test.py:861: in run_wsgi_app
    rv = run_wsgi_app(self.application, environ, buffered=buffered)
         ^^^^^^^^^^^^^^^^^^^^^^^^^^^^^^^^^^^^^^^^^^^^^^^^^^^^^^^^^^
.venv/lib/python3.12/site-packages/werkzeug/test.py:1096: in run_wsgi_app
    app_rv = app(environ, start_response)
             ^^^^^^^^^^^^^^^^^^^^^^^^^^^^
.venv/lib/python3.12/site-packages/flask/app.py:2464: in __call__
    return self.wsgi_app(environ, start_response)
           ^^^^^^^^^^^^^^^^^^^^^^^^^^^^^^^^^^^^^^
.venv/lib/python3.12/site-packages/werkzeug/middleware/proxy_fix.py:169: in __call__
    return self.app(environ, start_response)
           ^^^^^^^^^^^^^^^^^^^^^^^^^^^^^^^^^
.venv/lib/python3.12/site-packages/flask/app.py:2450: in wsgi_app
    response = self.handle_exception(e)
               ^^^^^^^^^^^^^^^^^^^^^^^^
.venv/lib/python3.12/site-packages/flask_cors/extension.py:165: in wrapped_function
    return cors_after_request(app.make_response(f(*args, **kwargs)))
                                                ^^^^^^^^^^^^^^^^^^
.venv/lib/python3.12/site-packages/flask/app.py:1867: in handle_exception
    reraise(exc_type, exc_value, tb)
.venv/lib/python3.12/site-packages/flask/_compat.py:39: in reraise
    raise value
.venv/lib/python3.12/site-packages/flask/app.py:2447: in wsgi_app
    response = self.full_dispatch_request()
               ^^^^^^^^^^^^^^^^^^^^^^^^^^^^
.venv/lib/python3.12/site-packages/flask/app.py:1953: in full_dispatch_request
    return self.finalize_request(rv)
           ^^^^^^^^^^^^^^^^^^^^^^^^^
.venv/lib/python3.12/site-packages/flask/app.py:1970: in finalize_request
    response = self.process_response(response)
               ^^^^^^^^^^^^^^^^^^^^^^^^^^^^^^^
.venv/lib/python3.12/site-packages/flask/app.py:2269: in process_response
    self.session_interface.save_session(self, ctx.session, response)
app/session.py:97: in save_session
    self._redis_w.setex(
.venv/lib/python3.12/site-packages/redis/commands/core.py:2360: in setex
    return self.execute_command("SETEX", name, time, value)
           ^^^^^^^^^^^^^^^^^^^^^^^^^^^^^^^^^^^^^^^^^^^^^^^^
.venv/lib/python3.12/site-packages/redis/client.py:559: in execute_command
    return self._execute_command(*args, **options)
           ^^^^^^^^^^^^^^^^^^^^^^^^^^^^^^^^^^^^^^^
.venv/lib/python3.12/site-packages/redis/client.py:565: in _execute_command
    conn = self.connection or pool.get_connection(command_name, **options)
                              ^^^^^^^^^^^^^^^^^^^^^^^^^^^^^^^^^^^^^^^^^^^^
.venv/lib/python3.12/site-packages/redis/connection.py:1422: in get_connection
    connection.connect()
.venv/lib/python3.12/site-packages/redis/connection.py:363: in connect
    raise ConnectionError(self._error_message(e))
E   redis.exceptions.ConnectionError: Error 111 connecting to localhost:6379. Connection refused.
----------------------------- Captured stdout call -----------------------------
2026-02-09 12:31:28,985 - SL - INFO - 5326 - "/home/runner/work/simplelogin-app/simplelogin-app/app/events/event_dispatcher.py:62" - send_event() - ej4so13657316edb - Not sending events because webhook is not configured and allowed to be empty
__________________________ test_authorize_token_flow ___________________________
.venv/lib/python3.12/site-packages/redis/connection.py:357: in connect
    sock = self.retry.call_with_retry(
.venv/lib/python3.12/site-packages/redis/retry.py:62: in call_with_retry
    return do()
           ^^^^
.venv/lib/python3.12/site-packages/redis/connection.py:358: in <lambda>
    lambda: self._connect(), lambda error: self.disconnect(error)
            ^^^^^^^^^^^^^^^
.venv/lib/python3.12/site-packages/redis/connection.py:730: in _connect
    raise err
.venv/lib/python3.12/site-packages/redis/connection.py:718: in _connect
    sock.connect(socket_address)
E   ConnectionRefusedError: [Errno 111] Connection refused

During handling of the above exception, another exception occurred:
tests/oauth/test_authorize.py:342: in test_authorize_token_flow
    user = login(flask_client)
           ^^^^^^^^^^^^^^^^^^^
tests/utils.py:57: in login
    r = flask_client.post(
.venv/lib/python3.12/site-packages/werkzeug/test.py:1016: in post
    return self.open(*args, **kw)
           ^^^^^^^^^^^^^^^^^^^^^^
tests/conftest.py:60: in open
    return super().open(*args, **kwargs)
           ^^^^^^^^^^^^^^^^^^^^^^^^^^^^^
.venv/lib/python3.12/site-packages/flask/testing.py:222: in open
    return Client.open(
.venv/lib/python3.12/site-packages/werkzeug/test.py:970: in open
    response = self.run_wsgi_app(environ.copy(), buffered=buffered)
               ^^^^^^^^^^^^^^^^^^^^^^^^^^^^^^^^^^^^^^^^^^^^^^^^^^^^
.venv/lib/python3.12/site-packages/werkzeug/test.py:861: in run_wsgi_app
    rv = run_wsgi_app(self.application, environ, buffered=buffered)
         ^^^^^^^^^^^^^^^^^^^^^^^^^^^^^^^^^^^^^^^^^^^^^^^^^^^^^^^^^^
.venv/lib/python3.12/site-packages/werkzeug/test.py:1096: in run_wsgi_app
    app_rv = app(environ, start_response)
             ^^^^^^^^^^^^^^^^^^^^^^^^^^^^
.venv/lib/python3.12/site-packages/flask/app.py:2464: in __call__
    return self.wsgi_app(environ, start_response)
           ^^^^^^^^^^^^^^^^^^^^^^^^^^^^^^^^^^^^^^
.venv/lib/python3.12/site-packages/werkzeug/middleware/proxy_fix.py:169: in __call__
    return self.app(environ, start_response)
           ^^^^^^^^^^^^^^^^^^^^^^^^^^^^^^^^^
.venv/lib/python3.12/site-packages/flask/app.py:2450: in wsgi_app
    response = self.handle_exception(e)
               ^^^^^^^^^^^^^^^^^^^^^^^^
.venv/lib/python3.12/site-packages/flask_cors/extension.py:165: in wrapped_function
    return cors_after_request(app.make_response(f(*args, **kwargs)))
                                                ^^^^^^^^^^^^^^^^^^
.venv/lib/python3.12/site-packages/flask/app.py:1867: in handle_exception
    reraise(exc_type, exc_value, tb)
.venv/lib/python3.12/site-packages/flask/_compat.py:39: in reraise
    raise value
.venv/lib/python3.12/site-packages/flask/app.py:2447: in wsgi_app
    response = self.full_dispatch_request()
               ^^^^^^^^^^^^^^^^^^^^^^^^^^^^
.venv/lib/python3.12/site-packages/flask/app.py:1953: in full_dispatch_request
    return self.finalize_request(rv)
           ^^^^^^^^^^^^^^^^^^^^^^^^^
.venv/lib/python3.12/site-packages/flask/app.py:1970: in finalize_request
    response = self.process_response(response)
               ^^^^^^^^^^^^^^^^^^^^^^^^^^^^^^^
.venv/lib/python3.12/site-packages/flask/app.py:2269: in process_response
    self.session_interface.save_session(self, ctx.session, response)
app/session.py:97: in save_session
    self._redis_w.setex(
.venv/lib/python3.12/site-packages/redis/commands/core.py:2360: in setex
    return self.execute_command("SETEX", name, time, value)
           ^^^^^^^^^^^^^^^^^^^^^^^^^^^^^^^^^^^^^^^^^^^^^^^^
.venv/lib/python3.12/site-packages/redis/client.py:559: in execute_command
    return self._execute_command(*args, **options)
           ^^^^^^^^^^^^^^^^^^^^^^^^^^^^^^^^^^^^^^^
.venv/lib/python3.12/site-packages/redis/client.py:565: in _execute_command
    conn = self.connection or pool.get_connection(command_name, **options)
                              ^^^^^^^^^^^^^^^^^^^^^^^^^^^^^^^^^^^^^^^^^^^^
.venv/lib/python3.12/site-packages/redis/connection.py:1422: in get_connection
    connection.connect()
.venv/lib/python3.12/site-packages/redis/connection.py:363: in connect
    raise ConnectionError(self._error_message(e))
E   redis.exceptions.ConnectionError: Error 111 connecting to localhost:6379. Connection refused.
----------------------------- Captured stdout call -----------------------------
2026-02-09 12:31:29,674 - SL - INFO - 5326 - "/home/runner/work/simplelogin-app/simplelogin-app/app/events/event_dispatcher.py:62" - send_event() - ej4so13657316edb - Not sending events because webhook is not configured and allowed to be empty
_________________________ test_authorize_id_token_flow _________________________
.venv/lib/python3.12/site-packages/redis/connection.py:357: in connect
    sock = self.retry.call_with_retry(
.venv/lib/python3.12/site-packages/redis/retry.py:62: in call_with_retry
    return do()
           ^^^^
.venv/lib/python3.12/site-packages/redis/connection.py:358: in <lambda>
    lambda: self._connect(), lambda error: self.disconnect(error)
            ^^^^^^^^^^^^^^^
.venv/lib/python3.12/site-packages/redis/connection.py:730: in _connect
    raise err
.venv/lib/python3.12/site-packages/redis/connection.py:718: in _connect
    sock.connect(socket_address)
E   ConnectionRefusedError: [Errno 111] Connection refused

During handling of the above exception, another exception occurred:
tests/oauth/test_authorize.py:396: in test_authorize_id_token_flow
    user = login(flask_client)
           ^^^^^^^^^^^^^^^^^^^
tests/utils.py:57: in login
    r = flask_client.post(
.venv/lib/python3.12/site-packages/werkzeug/test.py:1016: in post
    return self.open(*args, **kw)
           ^^^^^^^^^^^^^^^^^^^^^^
tests/conftest.py:60: in open
    return super().open(*args, **kwargs)
           ^^^^^^^^^^^^^^^^^^^^^^^^^^^^^
.venv/lib/python3.12/site-packages/flask/testing.py:222: in open
    return Client.open(
.venv/lib/python3.12/site-packages/werkzeug/test.py:970: in open
    response = self.run_wsgi_app(environ.copy(), buffered=buffered)
               ^^^^^^^^^^^^^^^^^^^^^^^^^^^^^^^^^^^^^^^^^^^^^^^^^^^^
.venv/lib/python3.12/site-packages/werkzeug/test.py:861: in run_wsgi_app
    rv = run_wsgi_app(self.application, environ, buffered=buffered)
         ^^^^^^^^^^^^^^^^^^^^^^^^^^^^^^^^^^^^^^^^^^^^^^^^^^^^^^^^^^
.venv/lib/python3.12/site-packages/werkzeug/test.py:1096: in run_wsgi_app
    app_rv = app(environ, start_response)
             ^^^^^^^^^^^^^^^^^^^^^^^^^^^^
.venv/lib/python3.12/site-packages/flask/app.py:2464: in __call__
    return self.wsgi_app(environ, start_response)
           ^^^^^^^^^^^^^^^^^^^^^^^^^^^^^^^^^^^^^^
.venv/lib/python3.12/site-packages/werkzeug/middleware/proxy_fix.py:169: in __call__
    return self.app(environ, start_response)
           ^^^^^^^^^^^^^^^^^^^^^^^^^^^^^^^^^
.venv/lib/python3.12/site-packages/flask/app.py:2450: in wsgi_app
    response = self.handle_exception(e)
               ^^^^^^^^^^^^^^^^^^^^^^^^
.venv/lib/python3.12/site-packages/flask_cors/extension.py:165: in wrapped_function
    return cors_after_request(app.make_response(f(*args, **kwargs)))
                                                ^^^^^^^^^^^^^^^^^^
.venv/lib/python3.12/site-packages/flask/app.py:1867: in handle_exception
    reraise(exc_type, exc_value, tb)
.venv/lib/python3.12/site-packages/flask/_compat.py:39: in reraise
    raise value
.venv/lib/python3.12/site-packages/flask/app.py:2447: in wsgi_app
    response = self.full_dispatch_request()
               ^^^^^^^^^^^^^^^^^^^^^^^^^^^^
.venv/lib/python3.12/site-packages/flask/app.py:1953: in full_dispatch_request
    return self.finalize_request(rv)
           ^^^^^^^^^^^^^^^^^^^^^^^^^
.venv/lib/python3.12/site-packages/flask/app.py:1970: in finalize_request
    response = self.process_response(response)
               ^^^^^^^^^^^^^^^^^^^^^^^^^^^^^^^
.venv/lib/python3.12/site-packages/flask/app.py:2269: in process_response
    self.session_interface.save_session(self, ctx.session, response)
app/session.py:97: in save_session
    self._redis_w.setex(
.venv/lib/python3.12/site-packages/redis/commands/core.py:2360: in setex
    return self.execute_command("SETEX", name, time, value)
           ^^^^^^^^^^^^^^^^^^^^^^^^^^^^^^^^^^^^^^^^^^^^^^^^
.venv/lib/python3.12/site-packages/redis/client.py:559: in execute_command
    return self._execute_command(*args, **options)
           ^^^^^^^^^^^^^^^^^^^^^^^^^^^^^^^^^^^^^^^
.venv/lib/python3.12/site-packages/redis/client.py:565: in _execute_command
    conn = self.connection or pool.get_connection(command_name, **options)
                              ^^^^^^^^^^^^^^^^^^^^^^^^^^^^^^^^^^^^^^^^^^^^
.venv/lib/python3.12/site-packages/redis/connection.py:1422: in get_connection
    connection.connect()
.venv/lib/python3.12/site-packages/redis/connection.py:363: in connect
    raise ConnectionError(self._error_message(e))
E   redis.exceptions.ConnectionError: Error 111 connecting to localhost:6379. Connection refused.
----------------------------- Captured stdout call -----------------------------
2026-02-09 12:31:30,363 - SL - INFO - 5326 - "/home/runner/work/simplelogin-app/simplelogin-app/app/events/event_dispatcher.py:62" - send_event() - ej4so13657316edb - Not sending events because webhook is not configured and allowed to be empty
______________________ test_authorize_token_id_token_flow ______________________
.venv/lib/python3.12/site-packages/redis/connection.py:357: in connect
    sock = self.retry.call_with_retry(
.venv/lib/python3.12/site-packages/redis/retry.py:62: in call_with_retry
    return do()
           ^^^^
.venv/lib/python3.12/site-packages/redis/connection.py:358: in <lambda>
    lambda: self._connect(), lambda error: self.disconnect(error)
            ^^^^^^^^^^^^^^^
.venv/lib/python3.12/site-packages/redis/connection.py:730: in _connect
    raise err
.venv/lib/python3.12/site-packages/redis/connection.py:718: in _connect
    sock.connect(socket_address)
E   ConnectionRefusedError: [Errno 111] Connection refused

During handling of the above exception, another exception occurred:
tests/oauth/test_authorize.py:452: in test_authorize_token_id_token_flow
    user = login(flask_client)
           ^^^^^^^^^^^^^^^^^^^
tests/utils.py:57: in login
    r = flask_client.post(
.venv/lib/python3.12/site-packages/werkzeug/test.py:1016: in post
    return self.open(*args, **kw)
           ^^^^^^^^^^^^^^^^^^^^^^
tests/conftest.py:60: in open
    return super().open(*args, **kwargs)
           ^^^^^^^^^^^^^^^^^^^^^^^^^^^^^
.venv/lib/python3.12/site-packages/flask/testing.py:222: in open
    return Client.open(
.venv/lib/python3.12/site-packages/werkzeug/test.py:970: in open
    response = self.run_wsgi_app(environ.copy(), buffered=buffered)
               ^^^^^^^^^^^^^^^^^^^^^^^^^^^^^^^^^^^^^^^^^^^^^^^^^^^^
.venv/lib/python3.12/site-packages/werkzeug/test.py:861: in run_wsgi_app
    rv = run_wsgi_app(self.application, environ, buffered=buffered)
         ^^^^^^^^^^^^^^^^^^^^^^^^^^^^^^^^^^^^^^^^^^^^^^^^^^^^^^^^^^
.venv/lib/python3.12/site-packages/werkzeug/test.py:1096: in run_wsgi_app
    app_rv = app(environ, start_response)
             ^^^^^^^^^^^^^^^^^^^^^^^^^^^^
.venv/lib/python3.12/site-packages/flask/app.py:2464: in __call__
    return self.wsgi_app(environ, start_response)
           ^^^^^^^^^^^^^^^^^^^^^^^^^^^^^^^^^^^^^^
.venv/lib/python3.12/site-packages/werkzeug/middleware/proxy_fix.py:169: in __call__
    return self.app(environ, start_response)
           ^^^^^^^^^^^^^^^^^^^^^^^^^^^^^^^^^
.venv/lib/python3.12/site-packages/flask/app.py:2450: in wsgi_app
    response = self.handle_exception(e)
               ^^^^^^^^^^^^^^^^^^^^^^^^
.venv/lib/python3.12/site-packages/flask_cors/extension.py:165: in wrapped_function
    return cors_after_request(app.make_response(f(*args, **kwargs)))
                                                ^^^^^^^^^^^^^^^^^^
.venv/lib/python3.12/site-packages/flask/app.py:1867: in handle_exception
    reraise(exc_type, exc_value, tb)
.venv/lib/python3.12/site-packages/flask/_compat.py:39: in reraise
    raise value
.venv/lib/python3.12/site-packages/flask/app.py:2447: in wsgi_app
    response = self.full_dispatch_request()
               ^^^^^^^^^^^^^^^^^^^^^^^^^^^^
.venv/lib/python3.12/site-packages/flask/app.py:1953: in full_dispatch_request
    return self.finalize_request(rv)
           ^^^^^^^^^^^^^^^^^^^^^^^^^
.venv/lib/python3.12/site-packages/flask/app.py:1970: in finalize_request
    response = self.process_response(response)
               ^^^^^^^^^^^^^^^^^^^^^^^^^^^^^^^
.venv/lib/python3.12/site-packages/flask/app.py:2269: in process_response
    self.session_interface.save_session(self, ctx.session, response)
app/session.py:97: in save_session
    self._redis_w.setex(
.venv/lib/python3.12/site-packages/redis/commands/core.py:2360: in setex
    return self.execute_command("SETEX", name, time, value)
           ^^^^^^^^^^^^^^^^^^^^^^^^^^^^^^^^^^^^^^^^^^^^^^^^
.venv/lib/python3.12/site-packages/redis/client.py:559: in execute_command
    return self._execute_command(*args, **options)
           ^^^^^^^^^^^^^^^^^^^^^^^^^^^^^^^^^^^^^^^
.venv/lib/python3.12/site-packages/redis/client.py:565: in _execute_command
    conn = self.connection or pool.get_connection(command_name, **options)
                              ^^^^^^^^^^^^^^^^^^^^^^^^^^^^^^^^^^^^^^^^^^^^
.venv/lib/python3.12/site-packages/redis/connection.py:1422: in get_connection
    connection.connect()
.venv/lib/python3.12/site-packages/redis/connection.py:363: in connect
    raise ConnectionError(self._error_message(e))
E   redis.exceptions.ConnectionError: Error 111 connecting to localhost:6379. Connection refused.
----------------------------- Captured stdout call -----------------------------
2026-02-09 12:31:31,054 - SL - INFO - 5326 - "/home/runner/work/simplelogin-app/simplelogin-app/app/events/event_dispatcher.py:62" - send_event() - ej4so13657316edb - Not sending events because webhook is not configured and allowed to be empty
______________________ test_authorize_code_id_token_flow _______________________
.venv/lib/python3.12/site-packages/redis/connection.py:357: in connect
    sock = self.retry.call_with_retry(
.venv/lib/python3.12/site-packages/redis/retry.py:62: in call_with_retry
    return do()
           ^^^^
.venv/lib/python3.12/site-packages/redis/connection.py:358: in <lambda>
    lambda: self._connect(), lambda error: self.disconnect(error)
            ^^^^^^^^^^^^^^^
.venv/lib/python3.12/site-packages/redis/connection.py:730: in _connect
    raise err
.venv/lib/python3.12/site-packages/redis/connection.py:718: in _connect
    sock.connect(socket_address)
E   ConnectionRefusedError: [Errno 111] Connection refused

During handling of the above exception, another exception occurred:
tests/oauth/test_authorize.py:549: in test_authorize_code_id_token_flow
    user = login(flask_client)
           ^^^^^^^^^^^^^^^^^^^
tests/utils.py:57: in login
    r = flask_client.post(
.venv/lib/python3.12/site-packages/werkzeug/test.py:1016: in post
    return self.open(*args, **kw)
           ^^^^^^^^^^^^^^^^^^^^^^
tests/conftest.py:60: in open
    return super().open(*args, **kwargs)
           ^^^^^^^^^^^^^^^^^^^^^^^^^^^^^
.venv/lib/python3.12/site-packages/flask/testing.py:222: in open
    return Client.open(
.venv/lib/python3.12/site-packages/werkzeug/test.py:970: in open
    response = self.run_wsgi_app(environ.copy(), buffered=buffered)
               ^^^^^^^^^^^^^^^^^^^^^^^^^^^^^^^^^^^^^^^^^^^^^^^^^^^^
.venv/lib/python3.12/site-packages/werkzeug/test.py:861: in run_wsgi_app
    rv = run_wsgi_app(self.application, environ, buffered=buffered)
         ^^^^^^^^^^^^^^^^^^^^^^^^^^^^^^^^^^^^^^^^^^^^^^^^^^^^^^^^^^
.venv/lib/python3.12/site-packages/werkzeug/test.py:1096: in run_wsgi_app
    app_rv = app(environ, start_response)
             ^^^^^^^^^^^^^^^^^^^^^^^^^^^^
.venv/lib/python3.12/site-packages/flask/app.py:2464: in __call__
    return self.wsgi_app(environ, start_response)
           ^^^^^^^^^^^^^^^^^^^^^^^^^^^^^^^^^^^^^^
.venv/lib/python3.12/site-packages/werkzeug/middleware/proxy_fix.py:169: in __call__
    return self.app(environ, start_response)
           ^^^^^^^^^^^^^^^^^^^^^^^^^^^^^^^^^
.venv/lib/python3.12/site-packages/flask/app.py:2450: in wsgi_app
    response = self.handle_exception(e)
               ^^^^^^^^^^^^^^^^^^^^^^^^
.venv/lib/python3.12/site-packages/flask_cors/extension.py:165: in wrapped_function
    return cors_after_request(app.make_response(f(*args, **kwargs)))
                                                ^^^^^^^^^^^^^^^^^^
.venv/lib/python3.12/site-packages/flask/app.py:1867: in handle_exception
    reraise(exc_type, exc_value, tb)
.venv/lib/python3.12/site-packages/flask/_compat.py:39: in reraise
    raise value
.venv/lib/python3.12/site-packages/flask/app.py:2447: in wsgi_app
    response = self.full_dispatch_request()
               ^^^^^^^^^^^^^^^^^^^^^^^^^^^^
.venv/lib/python3.12/site-packages/flask/app.py:1953: in full_dispatch_request
    return self.finalize_request(rv)
           ^^^^^^^^^^^^^^^^^^^^^^^^^
.venv/lib/python3.12/site-packages/flask/app.py:1970: in finalize_request
    response = self.process_response(response)
               ^^^^^^^^^^^^^^^^^^^^^^^^^^^^^^^
.venv/lib/python3.12/site-packages/flask/app.py:2269: in process_response
    self.session_interface.save_session(self, ctx.session, response)
app/session.py:97: in save_session
    self._redis_w.setex(
.venv/lib/python3.12/site-packages/redis/commands/core.py:2360: in setex
    return self.execute_command("SETEX", name, time, value)
           ^^^^^^^^^^^^^^^^^^^^^^^^^^^^^^^^^^^^^^^^^^^^^^^^
.venv/lib/python3.12/site-packages/redis/client.py:559: in execute_command
    return self._execute_command(*args, **options)
           ^^^^^^^^^^^^^^^^^^^^^^^^^^^^^^^^^^^^^^^
.venv/lib/python3.12/site-packages/redis/client.py:565: in _execute_command
    conn = self.connection or pool.get_connection(command_name, **options)
                              ^^^^^^^^^^^^^^^^^^^^^^^^^^^^^^^^^^^^^^^^^^^^
.venv/lib/python3.12/site-packages/redis/connection.py:1422: in get_connection
    connection.connect()
.venv/lib/python3.12/site-packages/redis/connection.py:363: in connect
    raise ConnectionError(self._error_message(e))
E   redis.exceptions.ConnectionError: Error 111 connecting to localhost:6379. Connection refused.
----------------------------- Captured stdout call -----------------------------
2026-02-09 12:31:31,750 - SL - INFO - 5326 - "/home/runner/work/simplelogin-app/simplelogin-app/app/events/event_dispatcher.py:62" - send_event() - ej4so13657316edb - Not sending events because webhook is not configured and allowed to be empty
____________________ test_authorize_page_invalid_client_id _____________________
.venv/lib/python3.12/site-packages/redis/connection.py:357: in connect
    sock = self.retry.call_with_retry(
.venv/lib/python3.12/site-packages/redis/retry.py:62: in call_with_retry
    return do()
           ^^^^
.venv/lib/python3.12/site-packages/redis/connection.py:358: in <lambda>
    lambda: self._connect(), lambda error: self.disconnect(error)
            ^^^^^^^^^^^^^^^
.venv/lib/python3.12/site-packages/redis/connection.py:730: in _connect
    raise err
.venv/lib/python3.12/site-packages/redis/connection.py:718: in _connect
    sock.connect(socket_address)
E   ConnectionRefusedError: [Errno 111] Connection refused

During handling of the above exception, another exception occurred:
tests/oauth/test_authorize.py:689: in test_authorize_page_invalid_client_id
    user = login(flask_client)
           ^^^^^^^^^^^^^^^^^^^
tests/utils.py:57: in login
    r = flask_client.post(
.venv/lib/python3.12/site-packages/werkzeug/test.py:1016: in post
    return self.open(*args, **kw)
           ^^^^^^^^^^^^^^^^^^^^^^
tests/conftest.py:60: in open
    return super().open(*args, **kwargs)
           ^^^^^^^^^^^^^^^^^^^^^^^^^^^^^
.venv/lib/python3.12/site-packages/flask/testing.py:222: in open
    return Client.open(
.venv/lib/python3.12/site-packages/werkzeug/test.py:970: in open
    response = self.run_wsgi_app(environ.copy(), buffered=buffered)
               ^^^^^^^^^^^^^^^^^^^^^^^^^^^^^^^^^^^^^^^^^^^^^^^^^^^^
.venv/lib/python3.12/site-packages/werkzeug/test.py:861: in run_wsgi_app
    rv = run_wsgi_app(self.application, environ, buffered=buffered)
         ^^^^^^^^^^^^^^^^^^^^^^^^^^^^^^^^^^^^^^^^^^^^^^^^^^^^^^^^^^
.venv/lib/python3.12/site-packages/werkzeug/test.py:1096: in run_wsgi_app
    app_rv = app(environ, start_response)
             ^^^^^^^^^^^^^^^^^^^^^^^^^^^^
.venv/lib/python3.12/site-packages/flask/app.py:2464: in __call__
    return self.wsgi_app(environ, start_response)
           ^^^^^^^^^^^^^^^^^^^^^^^^^^^^^^^^^^^^^^
.venv/lib/python3.12/site-packages/werkzeug/middleware/proxy_fix.py:169: in __call__
    return self.app(environ, start_response)
           ^^^^^^^^^^^^^^^^^^^^^^^^^^^^^^^^^
.venv/lib/python3.12/site-packages/flask/app.py:2450: in wsgi_app
    response = self.handle_exception(e)
               ^^^^^^^^^^^^^^^^^^^^^^^^
.venv/lib/python3.12/site-packages/flask_cors/extension.py:165: in wrapped_function
    return cors_after_request(app.make_response(f(*args, **kwargs)))
                                                ^^^^^^^^^^^^^^^^^^
.venv/lib/python3.12/site-packages/flask/app.py:1867: in handle_exception
    reraise(exc_type, exc_value, tb)
.venv/lib/python3.12/site-packages/flask/_compat.py:39: in reraise
    raise value
.venv/lib/python3.12/site-packages/flask/app.py:2447: in wsgi_app
    response = self.full_dispatch_request()
               ^^^^^^^^^^^^^^^^^^^^^^^^^^^^
.venv/lib/python3.12/site-packages/flask/app.py:1953: in full_dispatch_request
    return self.finalize_request(rv)
           ^^^^^^^^^^^^^^^^^^^^^^^^^
.venv/lib/python3.12/site-packages/flask/app.py:1970: in finalize_request
    response = self.process_response(response)
               ^^^^^^^^^^^^^^^^^^^^^^^^^^^^^^^
.venv/lib/python3.12/site-packages/flask/app.py:2269: in process_response
    self.session_interface.save_session(self, ctx.session, response)
app/session.py:97: in save_session
    self._redis_w.setex(
.venv/lib/python3.12/site-packages/redis/commands/core.py:2360: in setex
    return self.execute_command("SETEX", name, time, value)
           ^^^^^^^^^^^^^^^^^^^^^^^^^^^^^^^^^^^^^^^^^^^^^^^^
.venv/lib/python3.12/site-packages/redis/client.py:559: in execute_command
    return self._execute_command(*args, **options)
           ^^^^^^^^^^^^^^^^^^^^^^^^^^^^^^^^^^^^^^^
.venv/lib/python3.12/site-packages/redis/client.py:565: in _execute_command
    conn = self.connection or pool.get_connection(command_name, **options)
                              ^^^^^^^^^^^^^^^^^^^^^^^^^^^^^^^^^^^^^^^^^^^^
.venv/lib/python3.12/site-packages/redis/connection.py:1422: in get_connection
    connection.connect()
.venv/lib/python3.12/site-packages/redis/connection.py:363: in connect
    raise ConnectionError(self._error_message(e))
E   redis.exceptions.ConnectionError: Error 111 connecting to localhost:6379. Connection refused.
----------------------------- Captured stdout call -----------------------------
2026-02-09 12:31:32,446 - SL - INFO - 5326 - "/home/runner/work/simplelogin-app/simplelogin-app/app/events/event_dispatcher.py:62" - send_event() - ej4so13657316edb - Not sending events because webhook is not configured and allowed to be empty
_____________________ test_authorize_page_http_not_allowed _____________________
.venv/lib/python3.12/site-packages/redis/connection.py:357: in connect
    sock = self.retry.call_with_retry(
.venv/lib/python3.12/site-packages/redis/retry.py:62: in call_with_retry
    return do()
           ^^^^
.venv/lib/python3.12/site-packages/redis/connection.py:358: in <lambda>
    lambda: self._connect(), lambda error: self.disconnect(error)
            ^^^^^^^^^^^^^^^
.venv/lib/python3.12/site-packages/redis/connection.py:730: in _connect
    raise err
.venv/lib/python3.12/site-packages/redis/connection.py:718: in _connect
    sock.connect(socket_address)
E   ConnectionRefusedError: [Errno 111] Connection refused

During handling of the above exception, another exception occurred:
tests/oauth/test_authorize.py:710: in test_authorize_page_http_not_allowed
    user = login(flask_client)
           ^^^^^^^^^^^^^^^^^^^
tests/utils.py:57: in login
    r = flask_client.post(
.venv/lib/python3.12/site-packages/werkzeug/test.py:1016: in post
    return self.open(*args, **kw)
           ^^^^^^^^^^^^^^^^^^^^^^
tests/conftest.py:60: in open
    return super().open(*args, **kwargs)
           ^^^^^^^^^^^^^^^^^^^^^^^^^^^^^
.venv/lib/python3.12/site-packages/flask/testing.py:222: in open
    return Client.open(
.venv/lib/python3.12/site-packages/werkzeug/test.py:970: in open
    response = self.run_wsgi_app(environ.copy(), buffered=buffered)
               ^^^^^^^^^^^^^^^^^^^^^^^^^^^^^^^^^^^^^^^^^^^^^^^^^^^^
.venv/lib/python3.12/site-packages/werkzeug/test.py:861: in run_wsgi_app
    rv = run_wsgi_app(self.application, environ, buffered=buffered)
         ^^^^^^^^^^^^^^^^^^^^^^^^^^^^^^^^^^^^^^^^^^^^^^^^^^^^^^^^^^
.venv/lib/python3.12/site-packages/werkzeug/test.py:1096: in run_wsgi_app
    app_rv = app(environ, start_response)
             ^^^^^^^^^^^^^^^^^^^^^^^^^^^^
.venv/lib/python3.12/site-packages/flask/app.py:2464: in __call__
    return self.wsgi_app(environ, start_response)
           ^^^^^^^^^^^^^^^^^^^^^^^^^^^^^^^^^^^^^^
.venv/lib/python3.12/site-packages/werkzeug/middleware/proxy_fix.py:169: in __call__
    return self.app(environ, start_response)
           ^^^^^^^^^^^^^^^^^^^^^^^^^^^^^^^^^
.venv/lib/python3.12/site-packages/flask/app.py:2450: in wsgi_app
    response = self.handle_exception(e)
               ^^^^^^^^^^^^^^^^^^^^^^^^
.venv/lib/python3.12/site-packages/flask_cors/extension.py:165: in wrapped_function
    return cors_after_request(app.make_response(f(*args, **kwargs)))
                                                ^^^^^^^^^^^^^^^^^^
.venv/lib/python3.12/site-packages/flask/app.py:1867: in handle_exception
    reraise(exc_type, exc_value, tb)
.venv/lib/python3.12/site-packages/flask/_compat.py:39: in reraise
    raise value
.venv/lib/python3.12/site-packages/flask/app.py:2447: in wsgi_app
    response = self.full_dispatch_request()
               ^^^^^^^^^^^^^^^^^^^^^^^^^^^^
.venv/lib/python3.12/site-packages/flask/app.py:1953: in full_dispatch_request
    return self.finalize_request(rv)
           ^^^^^^^^^^^^^^^^^^^^^^^^^
.venv/lib/python3.12/site-packages/flask/app.py:1970: in finalize_request
    response = self.process_response(response)
               ^^^^^^^^^^^^^^^^^^^^^^^^^^^^^^^
.venv/lib/python3.12/site-packages/flask/app.py:2269: in process_response
    self.session_interface.save_session(self, ctx.session, response)
app/session.py:97: in save_session
    self._redis_w.setex(
.venv/lib/python3.12/site-packages/redis/commands/core.py:2360: in setex
    return self.execute_command("SETEX", name, time, value)
           ^^^^^^^^^^^^^^^^^^^^^^^^^^^^^^^^^^^^^^^^^^^^^^^^
.venv/lib/python3.12/site-packages/redis/client.py:559: in execute_command
    return self._execute_command(*args, **options)
           ^^^^^^^^^^^^^^^^^^^^^^^^^^^^^^^^^^^^^^^
.venv/lib/python3.12/site-packages/redis/client.py:565: in _execute_command
    conn = self.connection or pool.get_connection(command_name, **options)
                              ^^^^^^^^^^^^^^^^^^^^^^^^^^^^^^^^^^^^^^^^^^^^
.venv/lib/python3.12/site-packages/redis/connection.py:1422: in get_connection
    connection.connect()
.venv/lib/python3.12/site-packages/redis/connection.py:363: in connect
    raise ConnectionError(self._error_message(e))
E   redis.exceptions.ConnectionError: Error 111 connecting to localhost:6379. Connection refused.
----------------------------- Captured stdout call -----------------------------
2026-02-09 12:31:33,148 - SL - INFO - 5326 - "/home/runner/work/simplelogin-app/simplelogin-app/app/events/event_dispatcher.py:62" - send_event() - ej4so13657316edb - Not sending events because webhook is not configured and allowed to be empty
___________________ test_authorize_page_unknown_redirect_uri ___________________
.venv/lib/python3.12/site-packages/redis/connection.py:357: in connect
    sock = self.retry.call_with_retry(
.venv/lib/python3.12/site-packages/redis/retry.py:62: in call_with_retry
    return do()
           ^^^^
.venv/lib/python3.12/site-packages/redis/connection.py:358: in <lambda>
    lambda: self._connect(), lambda error: self.disconnect(error)
            ^^^^^^^^^^^^^^^
.venv/lib/python3.12/site-packages/redis/connection.py:730: in _connect
    raise err
.venv/lib/python3.12/site-packages/redis/connection.py:718: in _connect
    sock.connect(socket_address)
E   ConnectionRefusedError: [Errno 111] Connection refused

During handling of the above exception, another exception occurred:
tests/oauth/test_authorize.py:732: in test_authorize_page_unknown_redirect_uri
    user = login(flask_client)
           ^^^^^^^^^^^^^^^^^^^
tests/utils.py:57: in login
    r = flask_client.post(
.venv/lib/python3.12/site-packages/werkzeug/test.py:1016: in post
    return self.open(*args, **kw)
           ^^^^^^^^^^^^^^^^^^^^^^
tests/conftest.py:60: in open
    return super().open(*args, **kwargs)
           ^^^^^^^^^^^^^^^^^^^^^^^^^^^^^
.venv/lib/python3.12/site-packages/flask/testing.py:222: in open
    return Client.open(
.venv/lib/python3.12/site-packages/werkzeug/test.py:970: in open
    response = self.run_wsgi_app(environ.copy(), buffered=buffered)
               ^^^^^^^^^^^^^^^^^^^^^^^^^^^^^^^^^^^^^^^^^^^^^^^^^^^^
.venv/lib/python3.12/site-packages/werkzeug/test.py:861: in run_wsgi_app
    rv = run_wsgi_app(self.application, environ, buffered=buffered)
         ^^^^^^^^^^^^^^^^^^^^^^^^^^^^^^^^^^^^^^^^^^^^^^^^^^^^^^^^^^
.venv/lib/python3.12/site-packages/werkzeug/test.py:1096: in run_wsgi_app
    app_rv = app(environ, start_response)
             ^^^^^^^^^^^^^^^^^^^^^^^^^^^^
.venv/lib/python3.12/site-packages/flask/app.py:2464: in __call__
    return self.wsgi_app(environ, start_response)
           ^^^^^^^^^^^^^^^^^^^^^^^^^^^^^^^^^^^^^^
.venv/lib/python3.12/site-packages/werkzeug/middleware/proxy_fix.py:169: in __call__
    return self.app(environ, start_response)
           ^^^^^^^^^^^^^^^^^^^^^^^^^^^^^^^^^
.venv/lib/python3.12/site-packages/flask/app.py:2450: in wsgi_app
    response = self.handle_exception(e)
               ^^^^^^^^^^^^^^^^^^^^^^^^
.venv/lib/python3.12/site-packages/flask_cors/extension.py:165: in wrapped_function
    return cors_after_request(app.make_response(f(*args, **kwargs)))
                                                ^^^^^^^^^^^^^^^^^^
.venv/lib/python3.12/site-packages/flask/app.py:1867: in handle_exception
    reraise(exc_type, exc_value, tb)
.venv/lib/python3.12/site-packages/flask/_compat.py:39: in reraise
    raise value
.venv/lib/python3.12/site-packages/flask/app.py:2447: in wsgi_app
    response = self.full_dispatch_request()
               ^^^^^^^^^^^^^^^^^^^^^^^^^^^^
.venv/lib/python3.12/site-packages/flask/app.py:1953: in full_dispatch_request
    return self.finalize_request(rv)
           ^^^^^^^^^^^^^^^^^^^^^^^^^
.venv/lib/python3.12/site-packages/flask/app.py:1970: in finalize_request
    response = self.process_response(response)
               ^^^^^^^^^^^^^^^^^^^^^^^^^^^^^^^
.venv/lib/python3.12/site-packages/flask/app.py:2269: in process_response
    self.session_interface.save_session(self, ctx.session, response)
app/session.py:97: in save_session
    self._redis_w.setex(
.venv/lib/python3.12/site-packages/redis/commands/core.py:2360: in setex
    return self.execute_command("SETEX", name, time, value)
           ^^^^^^^^^^^^^^^^^^^^^^^^^^^^^^^^^^^^^^^^^^^^^^^^
.venv/lib/python3.12/site-packages/redis/client.py:559: in execute_command
    return self._execute_command(*args, **options)
           ^^^^^^^^^^^^^^^^^^^^^^^^^^^^^^^^^^^^^^^
.venv/lib/python3.12/site-packages/redis/client.py:565: in _execute_command
    conn = self.connection or pool.get_connection(command_name, **options)
                              ^^^^^^^^^^^^^^^^^^^^^^^^^^^^^^^^^^^^^^^^^^^^
.venv/lib/python3.12/site-packages/redis/connection.py:1422: in get_connection
    connection.connect()
.venv/lib/python3.12/site-packages/redis/connection.py:363: in connect
    raise ConnectionError(self._error_message(e))
E   redis.exceptions.ConnectionError: Error 111 connecting to localhost:6379. Connection refused.
----------------------------- Captured stdout call -----------------------------
2026-02-09 12:31:33,863 - SL - INFO - 5326 - "/home/runner/work/simplelogin-app/simplelogin-app/app/events/event_dispatcher.py:62" - send_event() - ej4so13657316edb - Not sending events because webhook is not configured and allowed to be empty
____________________ test_should_disable_bounces_every_day _____________________
.venv/lib/python3.12/site-packages/redis/connection.py:357: in connect
    sock = self.retry.call_with_retry(
.venv/lib/python3.12/site-packages/redis/retry.py:62: in call_with_retry
    return do()
           ^^^^
.venv/lib/python3.12/site-packages/redis/connection.py:358: in <lambda>
    lambda: self._connect(), lambda error: self.disconnect(error)
            ^^^^^^^^^^^^^^^
.venv/lib/python3.12/site-packages/redis/connection.py:730: in _connect
    raise err
.venv/lib/python3.12/site-packages/redis/connection.py:718: in _connect
    sock.connect(socket_address)
E   ConnectionRefusedError: [Errno 111] Connection refused

During handling of the above exception, another exception occurred:
tests/test_email_utils.py:751: in test_should_disable_bounces_every_day
    user = login(flask_client)
           ^^^^^^^^^^^^^^^^^^^
tests/utils.py:57: in login
    r = flask_client.post(
.venv/lib/python3.12/site-packages/werkzeug/test.py:1016: in post
    return self.open(*args, **kw)
           ^^^^^^^^^^^^^^^^^^^^^^
tests/conftest.py:60: in open
    return super().open(*args, **kwargs)
           ^^^^^^^^^^^^^^^^^^^^^^^^^^^^^
.venv/lib/python3.12/site-packages/flask/testing.py:222: in open
    return Client.open(
.venv/lib/python3.12/site-packages/werkzeug/test.py:970: in open
    response = self.run_wsgi_app(environ.copy(), buffered=buffered)
               ^^^^^^^^^^^^^^^^^^^^^^^^^^^^^^^^^^^^^^^^^^^^^^^^^^^^
.venv/lib/python3.12/site-packages/werkzeug/test.py:861: in run_wsgi_app
    rv = run_wsgi_app(self.application, environ, buffered=buffered)
         ^^^^^^^^^^^^^^^^^^^^^^^^^^^^^^^^^^^^^^^^^^^^^^^^^^^^^^^^^^
.venv/lib/python3.12/site-packages/werkzeug/test.py:1096: in run_wsgi_app
    app_rv = app(environ, start_response)
             ^^^^^^^^^^^^^^^^^^^^^^^^^^^^
.venv/lib/python3.12/site-packages/flask/app.py:2464: in __call__
    return self.wsgi_app(environ, start_response)
           ^^^^^^^^^^^^^^^^^^^^^^^^^^^^^^^^^^^^^^
.venv/lib/python3.12/site-packages/werkzeug/middleware/proxy_fix.py:169: in __call__
    return self.app(environ, start_response)
           ^^^^^^^^^^^^^^^^^^^^^^^^^^^^^^^^^
.venv/lib/python3.12/site-packages/flask/app.py:2450: in wsgi_app
    response = self.handle_exception(e)
               ^^^^^^^^^^^^^^^^^^^^^^^^
.venv/lib/python3.12/site-packages/flask_cors/extension.py:165: in wrapped_function
    return cors_after_request(app.make_response(f(*args, **kwargs)))
                                                ^^^^^^^^^^^^^^^^^^
.venv/lib/python3.12/site-packages/flask/app.py:1867: in handle_exception
    reraise(exc_type, exc_value, tb)
.venv/lib/python3.12/site-packages/flask/_compat.py:39: in reraise
    raise value
.venv/lib/python3.12/site-packages/flask/app.py:2447: in wsgi_app
    response = self.full_dispatch_request()
               ^^^^^^^^^^^^^^^^^^^^^^^^^^^^
.venv/lib/python3.12/site-packages/flask/app.py:1953: in full_dispatch_request
    return self.finalize_request(rv)
           ^^^^^^^^^^^^^^^^^^^^^^^^^
.venv/lib/python3.12/site-packages/flask/app.py:1970: in finalize_request
    response = self.process_response(response)
               ^^^^^^^^^^^^^^^^^^^^^^^^^^^^^^^
.venv/lib/python3.12/site-packages/flask/app.py:2269: in process_response
    self.session_interface.save_session(self, ctx.session, response)
app/session.py:97: in save_session
    self._redis_w.setex(
.venv/lib/python3.12/site-packages/redis/commands/core.py:2360: in setex
    return self.execute_command("SETEX", name, time, value)
           ^^^^^^^^^^^^^^^^^^^^^^^^^^^^^^^^^^^^^^^^^^^^^^^^
.venv/lib/python3.12/site-packages/redis/client.py:559: in execute_command
    return self._execute_command(*args, **options)
           ^^^^^^^^^^^^^^^^^^^^^^^^^^^^^^^^^^^^^^^
.venv/lib/python3.12/site-packages/redis/client.py:565: in _execute_command
    conn = self.connection or pool.get_connection(command_name, **options)
                              ^^^^^^^^^^^^^^^^^^^^^^^^^^^^^^^^^^^^^^^^^^^^
.venv/lib/python3.12/site-packages/redis/connection.py:1422: in get_connection
    connection.connect()
.venv/lib/python3.12/site-packages/redis/connection.py:363: in connect
    raise ConnectionError(self._error_message(e))
E   redis.exceptions.ConnectionError: Error 111 connecting to localhost:6379. Connection refused.
----------------------------- Captured stdout call -----------------------------
2026-02-09 12:32:16,416 - SL - INFO - 5326 - "/home/runner/work/simplelogin-app/simplelogin-app/app/events/event_dispatcher.py:62" - send_event() - ej4so13657316edb - Not sending events because webhook is not configured and allowed to be empty
_____________________ test_should_disable_bounces_account ______________________
.venv/lib/python3.12/site-packages/redis/connection.py:357: in connect
    sock = self.retry.call_with_retry(
.venv/lib/python3.12/site-packages/redis/retry.py:62: in call_with_retry
    return do()
           ^^^^
.venv/lib/python3.12/site-packages/redis/connection.py:358: in <lambda>
    lambda: self._connect(), lambda error: self.disconnect(error)
            ^^^^^^^^^^^^^^^
.venv/lib/python3.12/site-packages/redis/connection.py:730: in _connect
    raise err
.venv/lib/python3.12/site-packages/redis/connection.py:718: in _connect
    sock.connect(socket_address)
E   ConnectionRefusedError: [Errno 111] Connection refused

During handling of the above exception, another exception occurred:
tests/test_email_utils.py:780: in test_should_disable_bounces_account
    user = login(flask_client)
           ^^^^^^^^^^^^^^^^^^^
tests/utils.py:57: in login
    r = flask_client.post(
.venv/lib/python3.12/site-packages/werkzeug/test.py:1016: in post
    return self.open(*args, **kw)
           ^^^^^^^^^^^^^^^^^^^^^^
tests/conftest.py:60: in open
    return super().open(*args, **kwargs)
           ^^^^^^^^^^^^^^^^^^^^^^^^^^^^^
.venv/lib/python3.12/site-packages/flask/testing.py:222: in open
    return Client.open(
.venv/lib/python3.12/site-packages/werkzeug/test.py:970: in open
    response = self.run_wsgi_app(environ.copy(), buffered=buffered)
               ^^^^^^^^^^^^^^^^^^^^^^^^^^^^^^^^^^^^^^^^^^^^^^^^^^^^
.venv/lib/python3.12/site-packages/werkzeug/test.py:861: in run_wsgi_app
    rv = run_wsgi_app(self.application, environ, buffered=buffered)
         ^^^^^^^^^^^^^^^^^^^^^^^^^^^^^^^^^^^^^^^^^^^^^^^^^^^^^^^^^^
.venv/lib/python3.12/site-packages/werkzeug/test.py:1096: in run_wsgi_app
    app_rv = app(environ, start_response)
             ^^^^^^^^^^^^^^^^^^^^^^^^^^^^
.venv/lib/python3.12/site-packages/flask/app.py:2464: in __call__
    return self.wsgi_app(environ, start_response)
           ^^^^^^^^^^^^^^^^^^^^^^^^^^^^^^^^^^^^^^
.venv/lib/python3.12/site-packages/werkzeug/middleware/proxy_fix.py:169: in __call__
    return self.app(environ, start_response)
           ^^^^^^^^^^^^^^^^^^^^^^^^^^^^^^^^^
.venv/lib/python3.12/site-packages/flask/app.py:2450: in wsgi_app
    response = self.handle_exception(e)
               ^^^^^^^^^^^^^^^^^^^^^^^^
.venv/lib/python3.12/site-packages/flask_cors/extension.py:165: in wrapped_function
    return cors_after_request(app.make_response(f(*args, **kwargs)))
                                                ^^^^^^^^^^^^^^^^^^
.venv/lib/python3.12/site-packages/flask/app.py:1867: in handle_exception
    reraise(exc_type, exc_value, tb)
.venv/lib/python3.12/site-packages/flask/_compat.py:39: in reraise
    raise value
.venv/lib/python3.12/site-packages/flask/app.py:2447: in wsgi_app
    response = self.full_dispatch_request()
               ^^^^^^^^^^^^^^^^^^^^^^^^^^^^
.venv/lib/python3.12/site-packages/flask/app.py:1953: in full_dispatch_request
    return self.finalize_request(rv)
           ^^^^^^^^^^^^^^^^^^^^^^^^^
.venv/lib/python3.12/site-packages/flask/app.py:1970: in finalize_request
    response = self.process_response(response)
               ^^^^^^^^^^^^^^^^^^^^^^^^^^^^^^^
.venv/lib/python3.12/site-packages/flask/app.py:2269: in process_response
    self.session_interface.save_session(self, ctx.session, response)
app/session.py:97: in save_session
    self._redis_w.setex(
.venv/lib/python3.12/site-packages/redis/commands/core.py:2360: in setex
    return self.execute_command("SETEX", name, time, value)
           ^^^^^^^^^^^^^^^^^^^^^^^^^^^^^^^^^^^^^^^^^^^^^^^^
.venv/lib/python3.12/site-packages/redis/client.py:559: in execute_command
    return self._execute_command(*args, **options)
           ^^^^^^^^^^^^^^^^^^^^^^^^^^^^^^^^^^^^^^^
.venv/lib/python3.12/site-packages/redis/client.py:565: in _execute_command
    conn = self.connection or pool.get_connection(command_name, **options)
                              ^^^^^^^^^^^^^^^^^^^^^^^^^^^^^^^^^^^^^^^^^^^^
.venv/lib/python3.12/site-packages/redis/connection.py:1422: in get_connection
    connection.connect()
.venv/lib/python3.12/site-packages/redis/connection.py:363: in connect
    raise ConnectionError(self._error_message(e))
E   redis.exceptions.ConnectionError: Error 111 connecting to localhost:6379. Connection refused.
----------------------------- Captured stdout call -----------------------------
2026-02-09 12:32:17,118 - SL - INFO - 5326 - "/home/runner/work/simplelogin-app/simplelogin-app/app/events/event_dispatcher.py:62" - send_event() - ej4so13657316edb - Not sending events because webhook is not configured and allowed to be empty
_________________ test_should_disable_bounce_consecutive_days __________________
.venv/lib/python3.12/site-packages/redis/connection.py:357: in connect
    sock = self.retry.call_with_retry(
.venv/lib/python3.12/site-packages/redis/retry.py:62: in call_with_retry
    return do()
           ^^^^
.venv/lib/python3.12/site-packages/redis/connection.py:358: in <lambda>
    lambda: self._connect(), lambda error: self.disconnect(error)
            ^^^^^^^^^^^^^^^
.venv/lib/python3.12/site-packages/redis/connection.py:730: in _connect
    raise err
.venv/lib/python3.12/site-packages/redis/connection.py:718: in _connect
    sock.connect(socket_address)
E   ConnectionRefusedError: [Errno 111] Connection refused

During handling of the above exception, another exception occurred:
tests/test_email_utils.py:810: in test_should_disable_bounce_consecutive_days
    user = login(flask_client)
           ^^^^^^^^^^^^^^^^^^^
tests/utils.py:57: in login
    r = flask_client.post(
.venv/lib/python3.12/site-packages/werkzeug/test.py:1016: in post
    return self.open(*args, **kw)
           ^^^^^^^^^^^^^^^^^^^^^^
tests/conftest.py:60: in open
    return super().open(*args, **kwargs)
           ^^^^^^^^^^^^^^^^^^^^^^^^^^^^^
.venv/lib/python3.12/site-packages/flask/testing.py:222: in open
    return Client.open(
.venv/lib/python3.12/site-packages/werkzeug/test.py:970: in open
    response = self.run_wsgi_app(environ.copy(), buffered=buffered)
               ^^^^^^^^^^^^^^^^^^^^^^^^^^^^^^^^^^^^^^^^^^^^^^^^^^^^
.venv/lib/python3.12/site-packages/werkzeug/test.py:861: in run_wsgi_app
    rv = run_wsgi_app(self.application, environ, buffered=buffered)
         ^^^^^^^^^^^^^^^^^^^^^^^^^^^^^^^^^^^^^^^^^^^^^^^^^^^^^^^^^^
.venv/lib/python3.12/site-packages/werkzeug/test.py:1096: in run_wsgi_app
    app_rv = app(environ, start_response)
             ^^^^^^^^^^^^^^^^^^^^^^^^^^^^
.venv/lib/python3.12/site-packages/flask/app.py:2464: in __call__
    return self.wsgi_app(environ, start_response)
           ^^^^^^^^^^^^^^^^^^^^^^^^^^^^^^^^^^^^^^
.venv/lib/python3.12/site-packages/werkzeug/middleware/proxy_fix.py:169: in __call__
    return self.app(environ, start_response)
           ^^^^^^^^^^^^^^^^^^^^^^^^^^^^^^^^^
.venv/lib/python3.12/site-packages/flask/app.py:2450: in wsgi_app
    response = self.handle_exception(e)
               ^^^^^^^^^^^^^^^^^^^^^^^^
.venv/lib/python3.12/site-packages/flask_cors/extension.py:165: in wrapped_function
    return cors_after_request(app.make_response(f(*args, **kwargs)))
                                                ^^^^^^^^^^^^^^^^^^
.venv/lib/python3.12/site-packages/flask/app.py:1867: in handle_exception
    reraise(exc_type, exc_value, tb)
.venv/lib/python3.12/site-packages/flask/_compat.py:39: in reraise
    raise value
.venv/lib/python3.12/site-packages/flask/app.py:2447: in wsgi_app
    response = self.full_dispatch_request()
               ^^^^^^^^^^^^^^^^^^^^^^^^^^^^
.venv/lib/python3.12/site-packages/flask/app.py:1953: in full_dispatch_request
    return self.finalize_request(rv)
           ^^^^^^^^^^^^^^^^^^^^^^^^^
.venv/lib/python3.12/site-packages/flask/app.py:1970: in finalize_request
    response = self.process_response(response)
               ^^^^^^^^^^^^^^^^^^^^^^^^^^^^^^^
.venv/lib/python3.12/site-packages/flask/app.py:2269: in process_response
    self.session_interface.save_session(self, ctx.session, response)
app/session.py:97: in save_session
    self._redis_w.setex(
.venv/lib/python3.12/site-packages/redis/commands/core.py:2360: in setex
    return self.execute_command("SETEX", name, time, value)
           ^^^^^^^^^^^^^^^^^^^^^^^^^^^^^^^^^^^^^^^^^^^^^^^^
.venv/lib/python3.12/site-packages/redis/client.py:559: in execute_command
    return self._execute_command(*args, **options)
           ^^^^^^^^^^^^^^^^^^^^^^^^^^^^^^^^^^^^^^^
.venv/lib/python3.12/site-packages/redis/client.py:565: in _execute_command
    conn = self.connection or pool.get_connection(command_name, **options)
                              ^^^^^^^^^^^^^^^^^^^^^^^^^^^^^^^^^^^^^^^^^^^^
.venv/lib/python3.12/site-packages/redis/connection.py:1422: in get_connection
    connection.connect()
.venv/lib/python3.12/site-packages/redis/connection.py:363: in connect
    raise ConnectionError(self._error_message(e))
E   redis.exceptions.ConnectionError: Error 111 connecting to localhost:6379. Connection refused.
----------------------------- Captured stdout call -----------------------------
2026-02-09 12:32:17,981 - SL - INFO - 5326 - "/home/runner/work/simplelogin-app/simplelogin-app/app/events/event_dispatcher.py:62" - send_event() - ej4so13657316edb - Not sending events because webhook is not configured and allowed to be empty
_____________________ test_rate_limit_limits_by_source_ip ______________________
.venv/lib/python3.12/site-packages/redis/connection.py:357: in connect
    sock = self.retry.call_with_retry(
.venv/lib/python3.12/site-packages/redis/retry.py:62: in call_with_retry
    return do()
           ^^^^
.venv/lib/python3.12/site-packages/redis/connection.py:358: in <lambda>
    lambda: self._connect(), lambda error: self.disconnect(error)
            ^^^^^^^^^^^^^^^
.venv/lib/python3.12/site-packages/redis/connection.py:730: in _connect
    raise err
.venv/lib/python3.12/site-packages/redis/connection.py:718: in _connect
    sock.connect(socket_address)
E   ConnectionRefusedError: [Errno 111] Connection refused

During handling of the above exception, another exception occurred:
tests/test_extensions.py:44: in test_rate_limit_limits_by_source_ip
    res = flask_client.get(_ENDPOINT, headers=request_headers(source_ip))
          ^^^^^^^^^^^^^^^^^^^^^^^^^^^^^^^^^^^^^^^^^^^^^^^^^^^^^^^^^^^^^^^
.venv/lib/python3.12/site-packages/werkzeug/test.py:1006: in get
    return self.open(*args, **kw)
           ^^^^^^^^^^^^^^^^^^^^^^
tests/conftest.py:60: in open
    return super().open(*args, **kwargs)
           ^^^^^^^^^^^^^^^^^^^^^^^^^^^^^
.venv/lib/python3.12/site-packages/flask/testing.py:222: in open
    return Client.open(
.venv/lib/python3.12/site-packages/werkzeug/test.py:970: in open
    response = self.run_wsgi_app(environ.copy(), buffered=buffered)
               ^^^^^^^^^^^^^^^^^^^^^^^^^^^^^^^^^^^^^^^^^^^^^^^^^^^^
.venv/lib/python3.12/site-packages/werkzeug/test.py:861: in run_wsgi_app
    rv = run_wsgi_app(self.application, environ, buffered=buffered)
         ^^^^^^^^^^^^^^^^^^^^^^^^^^^^^^^^^^^^^^^^^^^^^^^^^^^^^^^^^^
.venv/lib/python3.12/site-packages/werkzeug/test.py:1096: in run_wsgi_app
    app_rv = app(environ, start_response)
             ^^^^^^^^^^^^^^^^^^^^^^^^^^^^
.venv/lib/python3.12/site-packages/flask/app.py:2464: in __call__
    return self.wsgi_app(environ, start_response)
           ^^^^^^^^^^^^^^^^^^^^^^^^^^^^^^^^^^^^^^
.venv/lib/python3.12/site-packages/werkzeug/middleware/proxy_fix.py:169: in __call__
    return self.app(environ, start_response)
           ^^^^^^^^^^^^^^^^^^^^^^^^^^^^^^^^^
.venv/lib/python3.12/site-packages/flask/app.py:2450: in wsgi_app
    response = self.handle_exception(e)
               ^^^^^^^^^^^^^^^^^^^^^^^^
.venv/lib/python3.12/site-packages/flask_cors/extension.py:165: in wrapped_function
    return cors_after_request(app.make_response(f(*args, **kwargs)))
                                                ^^^^^^^^^^^^^^^^^^
.venv/lib/python3.12/site-packages/flask/app.py:1867: in handle_exception
    reraise(exc_type, exc_value, tb)
.venv/lib/python3.12/site-packages/flask/_compat.py:39: in reraise
    raise value
.venv/lib/python3.12/site-packages/flask/app.py:2447: in wsgi_app
    response = self.full_dispatch_request()
               ^^^^^^^^^^^^^^^^^^^^^^^^^^^^
.venv/lib/python3.12/site-packages/flask/app.py:1953: in full_dispatch_request
    return self.finalize_request(rv)
           ^^^^^^^^^^^^^^^^^^^^^^^^^
.venv/lib/python3.12/site-packages/flask/app.py:1970: in finalize_request
    response = self.process_response(response)
               ^^^^^^^^^^^^^^^^^^^^^^^^^^^^^^^
.venv/lib/python3.12/site-packages/flask/app.py:2269: in process_response
    self.session_interface.save_session(self, ctx.session, response)
app/session.py:97: in save_session
    self._redis_w.setex(
.venv/lib/python3.12/site-packages/redis/commands/core.py:2360: in setex
    return self.execute_command("SETEX", name, time, value)
           ^^^^^^^^^^^^^^^^^^^^^^^^^^^^^^^^^^^^^^^^^^^^^^^^
.venv/lib/python3.12/site-packages/redis/client.py:559: in execute_command
    return self._execute_command(*args, **options)
           ^^^^^^^^^^^^^^^^^^^^^^^^^^^^^^^^^^^^^^^
.venv/lib/python3.12/site-packages/redis/client.py:565: in _execute_command
    conn = self.connection or pool.get_connection(command_name, **options)
                              ^^^^^^^^^^^^^^^^^^^^^^^^^^^^^^^^^^^^^^^^^^^^
.venv/lib/python3.12/site-packages/redis/connection.py:1422: in get_connection
    connection.connect()
.venv/lib/python3.12/site-packages/redis/connection.py:363: in connect
    raise ConnectionError(self._error_message(e))
E   redis.exceptions.ConnectionError: Error 111 connecting to localhost:6379. Connection refused.
----------------------------- Captured stdout call -----------------------------
2026-02-09 12:32:18,449 - SL - ERROR - 5326 - evg4l83I - "/home/runner/work/simplelogin-app/simplelogin-app/server.py:368" - error_handler() - ej4so13657316edb - Error 111 connecting to localhost:6379. Connection refused.
Traceback (most recent call last):
  File "/home/runner/work/simplelogin-app/simplelogin-app/.venv/lib/python3.12/site-packages/redis/connection.py", line 357, in connect
    sock = self.retry.call_with_retry(
           ^^^^^^^^^^^^^^^^^^^^^^^^^^^
  File "/home/runner/work/simplelogin-app/simplelogin-app/.venv/lib/python3.12/site-packages/redis/retry.py", line 62, in call_with_retry
    return do()
           ^^^^
  File "/home/runner/work/simplelogin-app/simplelogin-app/.venv/lib/python3.12/site-packages/redis/connection.py", line 358, in <lambda>
    lambda: self._connect(), lambda error: self.disconnect(error)
            ^^^^^^^^^^^^^^^
  File "/home/runner/work/simplelogin-app/simplelogin-app/.venv/lib/python3.12/site-packages/redis/connection.py", line 730, in _connect
    raise err
  File "/home/runner/work/simplelogin-app/simplelogin-app/.venv/lib/python3.12/site-packages/redis/connection.py", line 718, in _connect
    sock.connect(socket_address)
ConnectionRefusedError: [Errno 111] Connection refused

During handling of the above exception, another exception occurred:

Traceback (most recent call last):
  File "/home/runner/work/simplelogin-app/simplelogin-app/.venv/lib/python3.12/site-packages/flask/app.py", line 1950, in full_dispatch_request
    rv = self.dispatch_request()
         ^^^^^^^^^^^^^^^^^^^^^^^
  File "/home/runner/work/simplelogin-app/simplelogin-app/.venv/lib/python3.12/site-packages/flask/app.py", line 1936, in dispatch_request
    return self.view_functions[rule.endpoint](**req.view_args)
           ^^^^^^^^^^^^^^^^^^^^^^^^^^^^^^^^^^^^^^^^^^^^^^^^^^^
  File "/home/runner/work/simplelogin-app/simplelogin-app/.venv/lib/python3.12/site-packages/flask_limiter/extension.py", line 703, in __inner
    self.__check_request_limit(False)
  File "/home/runner/work/simplelogin-app/simplelogin-app/.venv/lib/python3.12/site-packages/flask_limiter/extension.py", line 626, in __check_request_limit
    six.reraise(*sys.exc_info())
  File "/home/runner/work/simplelogin-app/simplelogin-app/.venv/lib/python3.12/site-packages/six.py", line 724, in reraise
    raise value
  File "/home/runner/work/simplelogin-app/simplelogin-app/.venv/lib/python3.12/site-packages/flask_limiter/extension.py", line 611, in __check_request_limit
    self.__evaluate_limits(endpoint, all_limits)
  File "/home/runner/work/simplelogin-app/simplelogin-app/.venv/lib/python3.12/site-packages/flask_limiter/extension.py", line 478, in __evaluate_limits
    if not method(lim.limit, *args):
           ^^^^^^^^^^^^^^^^^^^^^^^^
  File "/home/runner/work/simplelogin-app/simplelogin-app/.venv/lib/python3.12/site-packages/limits/strategies.py", line 140, in hit
    self.storage.incr(
  File "/home/runner/work/simplelogin-app/simplelogin-app/.venv/lib/python3.12/site-packages/limits/storage/base.py", line 27, in inner
    return fn(*args, **kwargs)
           ^^^^^^^^^^^^^^^^^^^
  File "/home/runner/work/simplelogin-app/simplelogin-app/.venv/lib/python3.12/site-packages/limits/storage/redis.py", line 210, in incr
    return int(self.lua_incr_expire([key], [expiry, amount]))
               ^^^^^^^^^^^^^^^^^^^^^^^^^^^^^^^^^^^^^^^^^^^^^
  File "/home/runner/work/simplelogin-app/simplelogin-app/.venv/lib/python3.12/site-packages/redis/commands/core.py", line 5501, in __call__
    return client.evalsha(self.sha, len(keys), *args)
           ^^^^^^^^^^^^^^^^^^^^^^^^^^^^^^^^^^^^^^^^^^
  File "/home/runner/work/simplelogin-app/simplelogin-app/.venv/lib/python3.12/site-packages/redis/commands/core.py", line 5710, in evalsha
    return self._evalsha("EVALSHA", sha, numkeys, *keys_and_args)
           ^^^^^^^^^^^^^^^^^^^^^^^^^^^^^^^^^^^^^^^^^^^^^^^^^^^^^^
  File "/home/runner/work/simplelogin-app/simplelogin-app/.venv/lib/python3.12/site-packages/redis/commands/core.py", line 5694, in _evalsha
    return self.execute_command(command, sha, numkeys, *keys_and_args)
           ^^^^^^^^^^^^^^^^^^^^^^^^^^^^^^^^^^^^^^^^^^^^^^^^^^^^^^^^^^^
  File "/home/runner/work/simplelogin-app/simplelogin-app/.venv/lib/python3.12/site-packages/redis/client.py", line 559, in execute_command
    return self._execute_command(*args, **options)
           ^^^^^^^^^^^^^^^^^^^^^^^^^^^^^^^^^^^^^^^
  File "/home/runner/work/simplelogin-app/simplelogin-app/.venv/lib/python3.12/site-packages/redis/client.py", line 565, in _execute_command
    conn = self.connection or pool.get_connection(command_name, **options)
                              ^^^^^^^^^^^^^^^^^^^^^^^^^^^^^^^^^^^^^^^^^^^^
  File "/home/runner/work/simplelogin-app/simplelogin-app/.venv/lib/python3.12/site-packages/redis/connection.py", line 1422, in get_connection
    connection.connect()
  File "/home/runner/work/simplelogin-app/simplelogin-app/.venv/lib/python3.12/site-packages/redis/connection.py", line 363, in connect
    raise ConnectionError(self._error_message(e))
redis.exceptions.ConnectionError: Error 111 connecting to localhost:6379. Connection refused.
______________________ test_rate_limit_limits_by_user_id _______________________
.venv/lib/python3.12/site-packages/redis/connection.py:357: in connect
    sock = self.retry.call_with_retry(
.venv/lib/python3.12/site-packages/redis/retry.py:62: in call_with_retry
    return do()
           ^^^^
.venv/lib/python3.12/site-packages/redis/connection.py:358: in <lambda>
    lambda: self._connect(), lambda error: self.disconnect(error)
            ^^^^^^^^^^^^^^^
.venv/lib/python3.12/site-packages/redis/connection.py:730: in _connect
    raise err
.venv/lib/python3.12/site-packages/redis/connection.py:718: in _connect
    sock.connect(socket_address)
E   ConnectionRefusedError: [Errno 111] Connection refused

During handling of the above exception, another exception occurred:
tests/test_extensions.py:61: in test_rate_limit_limits_by_user_id
    login(flask_client)
tests/utils.py:57: in login
    r = flask_client.post(
.venv/lib/python3.12/site-packages/werkzeug/test.py:1016: in post
    return self.open(*args, **kw)
           ^^^^^^^^^^^^^^^^^^^^^^
tests/conftest.py:60: in open
    return super().open(*args, **kwargs)
           ^^^^^^^^^^^^^^^^^^^^^^^^^^^^^
.venv/lib/python3.12/site-packages/flask/testing.py:222: in open
    return Client.open(
.venv/lib/python3.12/site-packages/werkzeug/test.py:970: in open
    response = self.run_wsgi_app(environ.copy(), buffered=buffered)
               ^^^^^^^^^^^^^^^^^^^^^^^^^^^^^^^^^^^^^^^^^^^^^^^^^^^^
.venv/lib/python3.12/site-packages/werkzeug/test.py:861: in run_wsgi_app
    rv = run_wsgi_app(self.application, environ, buffered=buffered)
         ^^^^^^^^^^^^^^^^^^^^^^^^^^^^^^^^^^^^^^^^^^^^^^^^^^^^^^^^^^
.venv/lib/python3.12/site-packages/werkzeug/test.py:1096: in run_wsgi_app
    app_rv = app(environ, start_response)
             ^^^^^^^^^^^^^^^^^^^^^^^^^^^^
.venv/lib/python3.12/site-packages/flask/app.py:2464: in __call__
    return self.wsgi_app(environ, start_response)
           ^^^^^^^^^^^^^^^^^^^^^^^^^^^^^^^^^^^^^^
.venv/lib/python3.12/site-packages/werkzeug/middleware/proxy_fix.py:169: in __call__
    return self.app(environ, start_response)
           ^^^^^^^^^^^^^^^^^^^^^^^^^^^^^^^^^
.venv/lib/python3.12/site-packages/flask/app.py:2450: in wsgi_app
    response = self.handle_exception(e)
               ^^^^^^^^^^^^^^^^^^^^^^^^
.venv/lib/python3.12/site-packages/flask_cors/extension.py:165: in wrapped_function
    return cors_after_request(app.make_response(f(*args, **kwargs)))
                                                ^^^^^^^^^^^^^^^^^^
.venv/lib/python3.12/site-packages/flask/app.py:1867: in handle_exception
    reraise(exc_type, exc_value, tb)
.venv/lib/python3.12/site-packages/flask/_compat.py:39: in reraise
    raise value
.venv/lib/python3.12/site-packages/flask/app.py:2447: in wsgi_app
    response = self.full_dispatch_request()
               ^^^^^^^^^^^^^^^^^^^^^^^^^^^^
.venv/lib/python3.12/site-packages/flask/app.py:1953: in full_dispatch_request
    return self.finalize_request(rv)
           ^^^^^^^^^^^^^^^^^^^^^^^^^
.venv/lib/python3.12/site-packages/flask/app.py:1970: in finalize_request
    response = self.process_response(response)
               ^^^^^^^^^^^^^^^^^^^^^^^^^^^^^^^
.venv/lib/python3.12/site-packages/flask/app.py:2269: in process_response
    self.session_interface.save_session(self, ctx.session, response)
app/session.py:97: in save_session
    self._redis_w.setex(
.venv/lib/python3.12/site-packages/redis/commands/core.py:2360: in setex
    return self.execute_command("SETEX", name, time, value)
           ^^^^^^^^^^^^^^^^^^^^^^^^^^^^^^^^^^^^^^^^^^^^^^^^
.venv/lib/python3.12/site-packages/redis/client.py:559: in execute_command
    return self._execute_command(*args, **options)
           ^^^^^^^^^^^^^^^^^^^^^^^^^^^^^^^^^^^^^^^
.venv/lib/python3.12/site-packages/redis/client.py:565: in _execute_command
    conn = self.connection or pool.get_connection(command_name, **options)
                              ^^^^^^^^^^^^^^^^^^^^^^^^^^^^^^^^^^^^^^^^^^^^
.venv/lib/python3.12/site-packages/redis/connection.py:1422: in get_connection
    connection.connect()
.venv/lib/python3.12/site-packages/redis/connection.py:363: in connect
    raise ConnectionError(self._error_message(e))
E   redis.exceptions.ConnectionError: Error 111 connecting to localhost:6379. Connection refused.
----------------------------- Captured stdout call -----------------------------
2026-02-09 12:32:18,905 - SL - INFO - 5326 - "/home/runner/work/simplelogin-app/simplelogin-app/app/events/event_dispatcher.py:62" - send_event() - ej4so13657316edb - Not sending events because webhook is not configured and allowed to be empty
2026-02-09 12:32:18,909 - SL - ERROR - 5326 - Zkv7m85Q - "/home/runner/work/simplelogin-app/simplelogin-app/server.py:368" - error_handler() - ej4so13657316edb - Error 111 connecting to localhost:6379. Connection refused.
Traceback (most recent call last):
  File "/home/runner/work/simplelogin-app/simplelogin-app/.venv/lib/python3.12/site-packages/redis/connection.py", line 357, in connect
    sock = self.retry.call_with_retry(
           ^^^^^^^^^^^^^^^^^^^^^^^^^^^
  File "/home/runner/work/simplelogin-app/simplelogin-app/.venv/lib/python3.12/site-packages/redis/retry.py", line 62, in call_with_retry
    return do()
           ^^^^
  File "/home/runner/work/simplelogin-app/simplelogin-app/.venv/lib/python3.12/site-packages/redis/connection.py", line 358, in <lambda>
    lambda: self._connect(), lambda error: self.disconnect(error)
            ^^^^^^^^^^^^^^^
  File "/home/runner/work/simplelogin-app/simplelogin-app/.venv/lib/python3.12/site-packages/redis/connection.py", line 730, in _connect
    raise err
  File "/home/runner/work/simplelogin-app/simplelogin-app/.venv/lib/python3.12/site-packages/redis/connection.py", line 718, in _connect
    sock.connect(socket_address)
ConnectionRefusedError: [Errno 111] Connection refused

During handling of the above exception, another exception occurred:

Traceback (most recent call last):
  File "/home/runner/work/simplelogin-app/simplelogin-app/.venv/lib/python3.12/site-packages/flask/app.py", line 1950, in full_dispatch_request
    rv = self.dispatch_request()
         ^^^^^^^^^^^^^^^^^^^^^^^
  File "/home/runner/work/simplelogin-app/simplelogin-app/.venv/lib/python3.12/site-packages/flask/app.py", line 1936, in dispatch_request
    return self.view_functions[rule.endpoint](**req.view_args)
           ^^^^^^^^^^^^^^^^^^^^^^^^^^^^^^^^^^^^^^^^^^^^^^^^^^^
  File "/home/runner/work/simplelogin-app/simplelogin-app/.venv/lib/python3.12/site-packages/flask_limiter/extension.py", line 703, in __inner
    self.__check_request_limit(False)
  File "/home/runner/work/simplelogin-app/simplelogin-app/.venv/lib/python3.12/site-packages/flask_limiter/extension.py", line 626, in __check_request_limit
    six.reraise(*sys.exc_info())
  File "/home/runner/work/simplelogin-app/simplelogin-app/.venv/lib/python3.12/site-packages/six.py", line 724, in reraise
    raise value
  File "/home/runner/work/simplelogin-app/simplelogin-app/.venv/lib/python3.12/site-packages/flask_limiter/extension.py", line 611, in __check_request_limit
    self.__evaluate_limits(endpoint, all_limits)
  File "/home/runner/work/simplelogin-app/simplelogin-app/.venv/lib/python3.12/site-packages/flask_limiter/extension.py", line 478, in __evaluate_limits
    if not method(lim.limit, *args):
           ^^^^^^^^^^^^^^^^^^^^^^^^
  File "/home/runner/work/simplelogin-app/simplelogin-app/.venv/lib/python3.12/site-packages/limits/strategies.py", line 159, in test
    return self.storage.get(item.key_for(*identifiers)) < item.amount - cost + 1
           ^^^^^^^^^^^^^^^^^^^^^^^^^^^^^^^^^^^^^^^^^^^^
  File "/home/runner/work/simplelogin-app/simplelogin-app/.venv/lib/python3.12/site-packages/limits/storage/base.py", line 27, in inner
    return fn(*args, **kwargs)
           ^^^^^^^^^^^^^^^^^^^
  File "/home/runner/work/simplelogin-app/simplelogin-app/.venv/lib/python3.12/site-packages/limits/storage/redis.py", line 217, in get
    return super()._get(key, self.storage)
           ^^^^^^^^^^^^^^^^^^^^^^^^^^^^^^^
  File "/home/runner/work/simplelogin-app/simplelogin-app/.venv/lib/python3.12/site-packages/limits/storage/redis.py", line 82, in _get
    return int(connection.get(key) or 0)
               ^^^^^^^^^^^^^^^^^^^
  File "/home/runner/work/simplelogin-app/simplelogin-app/.venv/lib/python3.12/site-packages/redis/commands/core.py", line 1822, in get
    return self.execute_command("GET", name, keys=[name])
           ^^^^^^^^^^^^^^^^^^^^^^^^^^^^^^^^^^^^^^^^^^^^^^
  File "/home/runner/work/simplelogin-app/simplelogin-app/.venv/lib/python3.12/site-packages/redis/client.py", line 559, in execute_command
    return self._execute_command(*args, **options)
           ^^^^^^^^^^^^^^^^^^^^^^^^^^^^^^^^^^^^^^^
  File "/home/runner/work/simplelogin-app/simplelogin-app/.venv/lib/python3.12/site-packages/redis/client.py", line 565, in _execute_command
    conn = self.connection or pool.get_connection(command_name, **options)
                              ^^^^^^^^^^^^^^^^^^^^^^^^^^^^^^^^^^^^^^^^^^^^
  File "/home/runner/work/simplelogin-app/simplelogin-app/.venv/lib/python3.12/site-packages/redis/connection.py", line 1422, in get_connection
    connection.connect()
  File "/home/runner/work/simplelogin-app/simplelogin-app/.venv/lib/python3.12/site-packages/redis/connection.py", line 363, in connect
    raise ConnectionError(self._error_message(e))
redis.exceptions.ConnectionError: Error 111 connecting to localhost:6379. Connection refused.
________________ test_rate_limit_limits_by_user_id_ignoring_ip _________________
.venv/lib/python3.12/site-packages/redis/connection.py:357: in connect
    sock = self.retry.call_with_retry(
.venv/lib/python3.12/site-packages/redis/retry.py:62: in call_with_retry
    return do()
           ^^^^
.venv/lib/python3.12/site-packages/redis/connection.py:358: in <lambda>
    lambda: self._connect(), lambda error: self.disconnect(error)
            ^^^^^^^^^^^^^^^
.venv/lib/python3.12/site-packages/redis/connection.py:730: in _connect
    raise err
.venv/lib/python3.12/site-packages/redis/connection.py:718: in _connect
    sock.connect(socket_address)
E   ConnectionRefusedError: [Errno 111] Connection refused

During handling of the above exception, another exception occurred:
tests/test_extensions.py:80: in test_rate_limit_limits_by_user_id_ignoring_ip
    login(flask_client)
tests/utils.py:57: in login
    r = flask_client.post(
.venv/lib/python3.12/site-packages/werkzeug/test.py:1016: in post
    return self.open(*args, **kw)
           ^^^^^^^^^^^^^^^^^^^^^^
tests/conftest.py:60: in open
    return super().open(*args, **kwargs)
           ^^^^^^^^^^^^^^^^^^^^^^^^^^^^^
.venv/lib/python3.12/site-packages/flask/testing.py:222: in open
    return Client.open(
.venv/lib/python3.12/site-packages/werkzeug/test.py:970: in open
    response = self.run_wsgi_app(environ.copy(), buffered=buffered)
               ^^^^^^^^^^^^^^^^^^^^^^^^^^^^^^^^^^^^^^^^^^^^^^^^^^^^
.venv/lib/python3.12/site-packages/werkzeug/test.py:861: in run_wsgi_app
    rv = run_wsgi_app(self.application, environ, buffered=buffered)
         ^^^^^^^^^^^^^^^^^^^^^^^^^^^^^^^^^^^^^^^^^^^^^^^^^^^^^^^^^^
.venv/lib/python3.12/site-packages/werkzeug/test.py:1096: in run_wsgi_app
    app_rv = app(environ, start_response)
             ^^^^^^^^^^^^^^^^^^^^^^^^^^^^
.venv/lib/python3.12/site-packages/flask/app.py:2464: in __call__
    return self.wsgi_app(environ, start_response)
           ^^^^^^^^^^^^^^^^^^^^^^^^^^^^^^^^^^^^^^
.venv/lib/python3.12/site-packages/werkzeug/middleware/proxy_fix.py:169: in __call__
    return self.app(environ, start_response)
           ^^^^^^^^^^^^^^^^^^^^^^^^^^^^^^^^^
.venv/lib/python3.12/site-packages/flask/app.py:2450: in wsgi_app
    response = self.handle_exception(e)
               ^^^^^^^^^^^^^^^^^^^^^^^^
.venv/lib/python3.12/site-packages/flask_cors/extension.py:165: in wrapped_function
    return cors_after_request(app.make_response(f(*args, **kwargs)))
                                                ^^^^^^^^^^^^^^^^^^
.venv/lib/python3.12/site-packages/flask/app.py:1867: in handle_exception
    reraise(exc_type, exc_value, tb)
.venv/lib/python3.12/site-packages/flask/_compat.py:39: in reraise
    raise value
.venv/lib/python3.12/site-packages/flask/app.py:2447: in wsgi_app
    response = self.full_dispatch_request()
               ^^^^^^^^^^^^^^^^^^^^^^^^^^^^
.venv/lib/python3.12/site-packages/flask/app.py:1953: in full_dispatch_request
    return self.finalize_request(rv)
           ^^^^^^^^^^^^^^^^^^^^^^^^^
.venv/lib/python3.12/site-packages/flask/app.py:1970: in finalize_request
    response = self.process_response(response)
               ^^^^^^^^^^^^^^^^^^^^^^^^^^^^^^^
.venv/lib/python3.12/site-packages/flask/app.py:2269: in process_response
    self.session_interface.save_session(self, ctx.session, response)
app/session.py:97: in save_session
    self._redis_w.setex(
.venv/lib/python3.12/site-packages/redis/commands/core.py:2360: in setex
    return self.execute_command("SETEX", name, time, value)
           ^^^^^^^^^^^^^^^^^^^^^^^^^^^^^^^^^^^^^^^^^^^^^^^^
.venv/lib/python3.12/site-packages/redis/client.py:559: in execute_command
    return self._execute_command(*args, **options)
           ^^^^^^^^^^^^^^^^^^^^^^^^^^^^^^^^^^^^^^^
.venv/lib/python3.12/site-packages/redis/client.py:565: in _execute_command
    conn = self.connection or pool.get_connection(command_name, **options)
                              ^^^^^^^^^^^^^^^^^^^^^^^^^^^^^^^^^^^^^^^^^^^^
.venv/lib/python3.12/site-packages/redis/connection.py:1422: in get_connection
    connection.connect()
.venv/lib/python3.12/site-packages/redis/connection.py:363: in connect
    raise ConnectionError(self._error_message(e))
E   redis.exceptions.ConnectionError: Error 111 connecting to localhost:6379. Connection refused.
----------------------------- Captured stdout call -----------------------------
2026-02-09 12:32:19,371 - SL - INFO - 5326 - "/home/runner/work/simplelogin-app/simplelogin-app/app/events/event_dispatcher.py:62" - send_event() - ej4so13657316edb - Not sending events because webhook is not configured and allowed to be empty
2026-02-09 12:32:19,377 - SL - ERROR - 5326 - 4FRzYpKL - "/home/runner/work/simplelogin-app/simplelogin-app/server.py:368" - error_handler() - ej4so13657316edb - Error 111 connecting to localhost:6379. Connection refused.
Traceback (most recent call last):
  File "/home/runner/work/simplelogin-app/simplelogin-app/.venv/lib/python3.12/site-packages/redis/connection.py", line 357, in connect
    sock = self.retry.call_with_retry(
           ^^^^^^^^^^^^^^^^^^^^^^^^^^^
  File "/home/runner/work/simplelogin-app/simplelogin-app/.venv/lib/python3.12/site-packages/redis/retry.py", line 62, in call_with_retry
    return do()
           ^^^^
  File "/home/runner/work/simplelogin-app/simplelogin-app/.venv/lib/python3.12/site-packages/redis/connection.py", line 358, in <lambda>
    lambda: self._connect(), lambda error: self.disconnect(error)
            ^^^^^^^^^^^^^^^
  File "/home/runner/work/simplelogin-app/simplelogin-app/.venv/lib/python3.12/site-packages/redis/connection.py", line 730, in _connect
    raise err
  File "/home/runner/work/simplelogin-app/simplelogin-app/.venv/lib/python3.12/site-packages/redis/connection.py", line 718, in _connect
    sock.connect(socket_address)
ConnectionRefusedError: [Errno 111] Connection refused

During handling of the above exception, another exception occurred:

Traceback (most recent call last):
  File "/home/runner/work/simplelogin-app/simplelogin-app/.venv/lib/python3.12/site-packages/flask/app.py", line 1950, in full_dispatch_request
    rv = self.dispatch_request()
         ^^^^^^^^^^^^^^^^^^^^^^^
  File "/home/runner/work/simplelogin-app/simplelogin-app/.venv/lib/python3.12/site-packages/flask/app.py", line 1936, in dispatch_request
    return self.view_functions[rule.endpoint](**req.view_args)
           ^^^^^^^^^^^^^^^^^^^^^^^^^^^^^^^^^^^^^^^^^^^^^^^^^^^
  File "/home/runner/work/simplelogin-app/simplelogin-app/.venv/lib/python3.12/site-packages/flask_limiter/extension.py", line 703, in __inner
    self.__check_request_limit(False)
  File "/home/runner/work/simplelogin-app/simplelogin-app/.venv/lib/python3.12/site-packages/flask_limiter/extension.py", line 626, in __check_request_limit
    six.reraise(*sys.exc_info())
  File "/home/runner/work/simplelogin-app/simplelogin-app/.venv/lib/python3.12/site-packages/six.py", line 724, in reraise
    raise value
  File "/home/runner/work/simplelogin-app/simplelogin-app/.venv/lib/python3.12/site-packages/flask_limiter/extension.py", line 611, in __check_request_limit
    self.__evaluate_limits(endpoint, all_limits)
  File "/home/runner/work/simplelogin-app/simplelogin-app/.venv/lib/python3.12/site-packages/flask_limiter/extension.py", line 478, in __evaluate_limits
    if not method(lim.limit, *args):
           ^^^^^^^^^^^^^^^^^^^^^^^^
  File "/home/runner/work/simplelogin-app/simplelogin-app/.venv/lib/python3.12/site-packages/limits/strategies.py", line 159, in test
    return self.storage.get(item.key_for(*identifiers)) < item.amount - cost + 1
           ^^^^^^^^^^^^^^^^^^^^^^^^^^^^^^^^^^^^^^^^^^^^
  File "/home/runner/work/simplelogin-app/simplelogin-app/.venv/lib/python3.12/site-packages/limits/storage/base.py", line 27, in inner
    return fn(*args, **kwargs)
           ^^^^^^^^^^^^^^^^^^^
  File "/home/runner/work/simplelogin-app/simplelogin-app/.venv/lib/python3.12/site-packages/limits/storage/redis.py", line 217, in get
    return super()._get(key, self.storage)
           ^^^^^^^^^^^^^^^^^^^^^^^^^^^^^^^
  File "/home/runner/work/simplelogin-app/simplelogin-app/.venv/lib/python3.12/site-packages/limits/storage/redis.py", line 82, in _get
    return int(connection.get(key) or 0)
               ^^^^^^^^^^^^^^^^^^^
  File "/home/runner/work/simplelogin-app/simplelogin-app/.venv/lib/python3.12/site-packages/redis/commands/core.py", line 1822, in get
    return self.execute_command("GET", name, keys=[name])
           ^^^^^^^^^^^^^^^^^^^^^^^^^^^^^^^^^^^^^^^^^^^^^^
  File "/home/runner/work/simplelogin-app/simplelogin-app/.venv/lib/python3.12/site-packages/redis/client.py", line 559, in execute_command
    return self._execute_command(*args, **options)
           ^^^^^^^^^^^^^^^^^^^^^^^^^^^^^^^^^^^^^^^
  File "/home/runner/work/simplelogin-app/simplelogin-app/.venv/lib/python3.12/site-packages/redis/client.py", line 565, in _execute_command
    conn = self.connection or pool.get_connection(command_name, **options)
                              ^^^^^^^^^^^^^^^^^^^^^^^^^^^^^^^^^^^^^^^^^^^^
  File "/home/runner/work/simplelogin-app/simplelogin-app/.venv/lib/python3.12/site-packages/redis/connection.py", line 1422, in get_connection
    connection.connect()
  File "/home/runner/work/simplelogin-app/simplelogin-app/.venv/lib/python3.12/site-packages/redis/connection.py", line 363, in connect
    raise ConnectionError(self._error_message(e))
redis.exceptions.ConnectionError: Error 111 connecting to localhost:6379. Connection refused.
_____________________ test_new_addr_default_sender_format ______________________
.venv/lib/python3.12/site-packages/redis/connection.py:357: in connect
    sock = self.retry.call_with_retry(
.venv/lib/python3.12/site-packages/redis/retry.py:62: in call_with_retry
    return do()
           ^^^^
.venv/lib/python3.12/site-packages/redis/connection.py:358: in <lambda>
    lambda: self._connect(), lambda error: self.disconnect(error)
            ^^^^^^^^^^^^^^^
.venv/lib/python3.12/site-packages/redis/connection.py:730: in _connect
    raise err
.venv/lib/python3.12/site-packages/redis/connection.py:718: in _connect
    sock.connect(socket_address)
E   ConnectionRefusedError: [Errno 111] Connection refused

During handling of the above exception, another exception occurred:
tests/test_models.py:101: in test_new_addr_default_sender_format
    user = login(flask_client)
           ^^^^^^^^^^^^^^^^^^^
tests/utils.py:57: in login
    r = flask_client.post(
.venv/lib/python3.12/site-packages/werkzeug/test.py:1016: in post
    return self.open(*args, **kw)
           ^^^^^^^^^^^^^^^^^^^^^^
tests/conftest.py:60: in open
    return super().open(*args, **kwargs)
           ^^^^^^^^^^^^^^^^^^^^^^^^^^^^^
.venv/lib/python3.12/site-packages/flask/testing.py:222: in open
    return Client.open(
.venv/lib/python3.12/site-packages/werkzeug/test.py:970: in open
    response = self.run_wsgi_app(environ.copy(), buffered=buffered)
               ^^^^^^^^^^^^^^^^^^^^^^^^^^^^^^^^^^^^^^^^^^^^^^^^^^^^
.venv/lib/python3.12/site-packages/werkzeug/test.py:861: in run_wsgi_app
    rv = run_wsgi_app(self.application, environ, buffered=buffered)
         ^^^^^^^^^^^^^^^^^^^^^^^^^^^^^^^^^^^^^^^^^^^^^^^^^^^^^^^^^^
.venv/lib/python3.12/site-packages/werkzeug/test.py:1096: in run_wsgi_app
    app_rv = app(environ, start_response)
             ^^^^^^^^^^^^^^^^^^^^^^^^^^^^
.venv/lib/python3.12/site-packages/flask/app.py:2464: in __call__
    return self.wsgi_app(environ, start_response)
           ^^^^^^^^^^^^^^^^^^^^^^^^^^^^^^^^^^^^^^
.venv/lib/python3.12/site-packages/werkzeug/middleware/proxy_fix.py:169: in __call__
    return self.app(environ, start_response)
           ^^^^^^^^^^^^^^^^^^^^^^^^^^^^^^^^^
.venv/lib/python3.12/site-packages/flask/app.py:2450: in wsgi_app
    response = self.handle_exception(e)
               ^^^^^^^^^^^^^^^^^^^^^^^^
.venv/lib/python3.12/site-packages/flask_cors/extension.py:165: in wrapped_function
    return cors_after_request(app.make_response(f(*args, **kwargs)))
                                                ^^^^^^^^^^^^^^^^^^
.venv/lib/python3.12/site-packages/flask/app.py:1867: in handle_exception
    reraise(exc_type, exc_value, tb)
.venv/lib/python3.12/site-packages/flask/_compat.py:39: in reraise
    raise value
.venv/lib/python3.12/site-packages/flask/app.py:2447: in wsgi_app
    response = self.full_dispatch_request()
               ^^^^^^^^^^^^^^^^^^^^^^^^^^^^
.venv/lib/python3.12/site-packages/flask/app.py:1953: in full_dispatch_request
    return self.finalize_request(rv)
           ^^^^^^^^^^^^^^^^^^^^^^^^^
.venv/lib/python3.12/site-packages/flask/app.py:1970: in finalize_request
    response = self.process_response(response)
               ^^^^^^^^^^^^^^^^^^^^^^^^^^^^^^^
.venv/lib/python3.12/site-packages/flask/app.py:2269: in process_response
    self.session_interface.save_session(self, ctx.session, response)
app/session.py:97: in save_session
    self._redis_w.setex(
.venv/lib/python3.12/site-packages/redis/commands/core.py:2360: in setex
    return self.execute_command("SETEX", name, time, value)
           ^^^^^^^^^^^^^^^^^^^^^^^^^^^^^^^^^^^^^^^^^^^^^^^^
.venv/lib/python3.12/site-packages/redis/client.py:559: in execute_command
    return self._execute_command(*args, **options)
           ^^^^^^^^^^^^^^^^^^^^^^^^^^^^^^^^^^^^^^^
.venv/lib/python3.12/site-packages/redis/client.py:565: in _execute_command
    conn = self.connection or pool.get_connection(command_name, **options)
                              ^^^^^^^^^^^^^^^^^^^^^^^^^^^^^^^^^^^^^^^^^^^^
.venv/lib/python3.12/site-packages/redis/connection.py:1422: in get_connection
    connection.connect()
.venv/lib/python3.12/site-packages/redis/connection.py:363: in connect
    raise ConnectionError(self._error_message(e))
E   redis.exceptions.ConnectionError: Error 111 connecting to localhost:6379. Connection refused.
----------------------------- Captured stdout call -----------------------------
2026-02-09 12:32:34,534 - SL - INFO - 5326 - "/home/runner/work/simplelogin-app/simplelogin-app/app/events/event_dispatcher.py:62" - send_event() - test-message-123 - Not sending events because webhook is not configured and allowed to be empty
________________________ test_new_addr_a_sender_format _________________________
.venv/lib/python3.12/site-packages/redis/connection.py:357: in connect
    sock = self.retry.call_with_retry(
.venv/lib/python3.12/site-packages/redis/retry.py:62: in call_with_retry
    return do()
           ^^^^
.venv/lib/python3.12/site-packages/redis/connection.py:358: in <lambda>
    lambda: self._connect(), lambda error: self.disconnect(error)
            ^^^^^^^^^^^^^^^
.venv/lib/python3.12/site-packages/redis/connection.py:730: in _connect
    raise err
.venv/lib/python3.12/site-packages/redis/connection.py:718: in _connect
    sock.connect(socket_address)
E   ConnectionRefusedError: [Errno 111] Connection refused

During handling of the above exception, another exception occurred:
tests/test_models.py:122: in test_new_addr_a_sender_format
    user = login(flask_client)
           ^^^^^^^^^^^^^^^^^^^
tests/utils.py:57: in login
    r = flask_client.post(
.venv/lib/python3.12/site-packages/werkzeug/test.py:1016: in post
    return self.open(*args, **kw)
           ^^^^^^^^^^^^^^^^^^^^^^
tests/conftest.py:60: in open
    return super().open(*args, **kwargs)
           ^^^^^^^^^^^^^^^^^^^^^^^^^^^^^
.venv/lib/python3.12/site-packages/flask/testing.py:222: in open
    return Client.open(
.venv/lib/python3.12/site-packages/werkzeug/test.py:970: in open
    response = self.run_wsgi_app(environ.copy(), buffered=buffered)
               ^^^^^^^^^^^^^^^^^^^^^^^^^^^^^^^^^^^^^^^^^^^^^^^^^^^^
.venv/lib/python3.12/site-packages/werkzeug/test.py:861: in run_wsgi_app
    rv = run_wsgi_app(self.application, environ, buffered=buffered)
         ^^^^^^^^^^^^^^^^^^^^^^^^^^^^^^^^^^^^^^^^^^^^^^^^^^^^^^^^^^
.venv/lib/python3.12/site-packages/werkzeug/test.py:1096: in run_wsgi_app
    app_rv = app(environ, start_response)
             ^^^^^^^^^^^^^^^^^^^^^^^^^^^^
.venv/lib/python3.12/site-packages/flask/app.py:2464: in __call__
    return self.wsgi_app(environ, start_response)
           ^^^^^^^^^^^^^^^^^^^^^^^^^^^^^^^^^^^^^^
.venv/lib/python3.12/site-packages/werkzeug/middleware/proxy_fix.py:169: in __call__
    return self.app(environ, start_response)
           ^^^^^^^^^^^^^^^^^^^^^^^^^^^^^^^^^
.venv/lib/python3.12/site-packages/flask/app.py:2450: in wsgi_app
    response = self.handle_exception(e)
               ^^^^^^^^^^^^^^^^^^^^^^^^
.venv/lib/python3.12/site-packages/flask_cors/extension.py:165: in wrapped_function
    return cors_after_request(app.make_response(f(*args, **kwargs)))
                                                ^^^^^^^^^^^^^^^^^^
.venv/lib/python3.12/site-packages/flask/app.py:1867: in handle_exception
    reraise(exc_type, exc_value, tb)
.venv/lib/python3.12/site-packages/flask/_compat.py:39: in reraise
    raise value
.venv/lib/python3.12/site-packages/flask/app.py:2447: in wsgi_app
    response = self.full_dispatch_request()
               ^^^^^^^^^^^^^^^^^^^^^^^^^^^^
.venv/lib/python3.12/site-packages/flask/app.py:1953: in full_dispatch_request
    return self.finalize_request(rv)
           ^^^^^^^^^^^^^^^^^^^^^^^^^
.venv/lib/python3.12/site-packages/flask/app.py:1970: in finalize_request
    response = self.process_response(response)
               ^^^^^^^^^^^^^^^^^^^^^^^^^^^^^^^
.venv/lib/python3.12/site-packages/flask/app.py:2269: in process_response
    self.session_interface.save_session(self, ctx.session, response)
app/session.py:97: in save_session
    self._redis_w.setex(
.venv/lib/python3.12/site-packages/redis/commands/core.py:2360: in setex
    return self.execute_command("SETEX", name, time, value)
           ^^^^^^^^^^^^^^^^^^^^^^^^^^^^^^^^^^^^^^^^^^^^^^^^
.venv/lib/python3.12/site-packages/redis/client.py:559: in execute_command
    return self._execute_command(*args, **options)
           ^^^^^^^^^^^^^^^^^^^^^^^^^^^^^^^^^^^^^^^
.venv/lib/python3.12/site-packages/redis/client.py:565: in _execute_command
    conn = self.connection or pool.get_connection(command_name, **options)
                              ^^^^^^^^^^^^^^^^^^^^^^^^^^^^^^^^^^^^^^^^^^^^
.venv/lib/python3.12/site-packages/redis/connection.py:1422: in get_connection
    connection.connect()
.venv/lib/python3.12/site-packages/redis/connection.py:363: in connect
    raise ConnectionError(self._error_message(e))
E   redis.exceptions.ConnectionError: Error 111 connecting to localhost:6379. Connection refused.
----------------------------- Captured stdout call -----------------------------
2026-02-09 12:32:35,405 - SL - INFO - 5326 - "/home/runner/work/simplelogin-app/simplelogin-app/app/events/event_dispatcher.py:62" - send_event() - test-message-123 - Not sending events because webhook is not configured and allowed to be empty
_____________________ test_new_addr_no_name_sender_format ______________________
.venv/lib/python3.12/site-packages/redis/connection.py:357: in connect
    sock = self.retry.call_with_retry(
.venv/lib/python3.12/site-packages/redis/retry.py:62: in call_with_retry
    return do()
           ^^^^
.venv/lib/python3.12/site-packages/redis/connection.py:358: in <lambda>
    lambda: self._connect(), lambda error: self.disconnect(error)
            ^^^^^^^^^^^^^^^
.venv/lib/python3.12/site-packages/redis/connection.py:730: in _connect
    raise err
.venv/lib/python3.12/site-packages/redis/connection.py:718: in _connect
    sock.connect(socket_address)
E   ConnectionRefusedError: [Errno 111] Connection refused

During handling of the above exception, another exception occurred:
tests/test_models.py:141: in test_new_addr_no_name_sender_format
    user = login(flask_client)
           ^^^^^^^^^^^^^^^^^^^
tests/utils.py:57: in login
    r = flask_client.post(
.venv/lib/python3.12/site-packages/werkzeug/test.py:1016: in post
    return self.open(*args, **kw)
           ^^^^^^^^^^^^^^^^^^^^^^
tests/conftest.py:60: in open
    return super().open(*args, **kwargs)
           ^^^^^^^^^^^^^^^^^^^^^^^^^^^^^
.venv/lib/python3.12/site-packages/flask/testing.py:222: in open
    return Client.open(
.venv/lib/python3.12/site-packages/werkzeug/test.py:970: in open
    response = self.run_wsgi_app(environ.copy(), buffered=buffered)
               ^^^^^^^^^^^^^^^^^^^^^^^^^^^^^^^^^^^^^^^^^^^^^^^^^^^^
.venv/lib/python3.12/site-packages/werkzeug/test.py:861: in run_wsgi_app
    rv = run_wsgi_app(self.application, environ, buffered=buffered)
         ^^^^^^^^^^^^^^^^^^^^^^^^^^^^^^^^^^^^^^^^^^^^^^^^^^^^^^^^^^
.venv/lib/python3.12/site-packages/werkzeug/test.py:1096: in run_wsgi_app
    app_rv = app(environ, start_response)
             ^^^^^^^^^^^^^^^^^^^^^^^^^^^^
.venv/lib/python3.12/site-packages/flask/app.py:2464: in __call__
    return self.wsgi_app(environ, start_response)
           ^^^^^^^^^^^^^^^^^^^^^^^^^^^^^^^^^^^^^^
.venv/lib/python3.12/site-packages/werkzeug/middleware/proxy_fix.py:169: in __call__
    return self.app(environ, start_response)
           ^^^^^^^^^^^^^^^^^^^^^^^^^^^^^^^^^
.venv/lib/python3.12/site-packages/flask/app.py:2450: in wsgi_app
    response = self.handle_exception(e)
               ^^^^^^^^^^^^^^^^^^^^^^^^
.venv/lib/python3.12/site-packages/flask_cors/extension.py:165: in wrapped_function
    return cors_after_request(app.make_response(f(*args, **kwargs)))
                                                ^^^^^^^^^^^^^^^^^^
.venv/lib/python3.12/site-packages/flask/app.py:1867: in handle_exception
    reraise(exc_type, exc_value, tb)
.venv/lib/python3.12/site-packages/flask/_compat.py:39: in reraise
    raise value
.venv/lib/python3.12/site-packages/flask/app.py:2447: in wsgi_app
    response = self.full_dispatch_request()
               ^^^^^^^^^^^^^^^^^^^^^^^^^^^^
.venv/lib/python3.12/site-packages/flask/app.py:1953: in full_dispatch_request
    return self.finalize_request(rv)
           ^^^^^^^^^^^^^^^^^^^^^^^^^
.venv/lib/python3.12/site-packages/flask/app.py:1970: in finalize_request
    response = self.process_response(response)
               ^^^^^^^^^^^^^^^^^^^^^^^^^^^^^^^
.venv/lib/python3.12/site-packages/flask/app.py:2269: in process_response
    self.session_interface.save_session(self, ctx.session, response)
app/session.py:97: in save_session
    self._redis_w.setex(
.venv/lib/python3.12/site-packages/redis/commands/core.py:2360: in setex
    return self.execute_command("SETEX", name, time, value)
           ^^^^^^^^^^^^^^^^^^^^^^^^^^^^^^^^^^^^^^^^^^^^^^^^
.venv/lib/python3.12/site-packages/redis/client.py:559: in execute_command
    return self._execute_command(*args, **options)
           ^^^^^^^^^^^^^^^^^^^^^^^^^^^^^^^^^^^^^^^
.venv/lib/python3.12/site-packages/redis/client.py:565: in _execute_command
    conn = self.connection or pool.get_connection(command_name, **options)
                              ^^^^^^^^^^^^^^^^^^^^^^^^^^^^^^^^^^^^^^^^^^^^
.venv/lib/python3.12/site-packages/redis/connection.py:1422: in get_connection
    connection.connect()
.venv/lib/python3.12/site-packages/redis/connection.py:363: in connect
    raise ConnectionError(self._error_message(e))
E   redis.exceptions.ConnectionError: Error 111 connecting to localhost:6379. Connection refused.
----------------------------- Captured stdout call -----------------------------
2026-02-09 12:32:36,109 - SL - INFO - 5326 - "/home/runner/work/simplelogin-app/simplelogin-app/app/events/event_dispatcher.py:62" - send_event() - test-message-123 - Not sending events because webhook is not configured and allowed to be empty
____________________ test_new_addr_name_only_sender_format _____________________
.venv/lib/python3.12/site-packages/redis/connection.py:357: in connect
    sock = self.retry.call_with_retry(
.venv/lib/python3.12/site-packages/redis/retry.py:62: in call_with_retry
    return do()
           ^^^^
.venv/lib/python3.12/site-packages/redis/connection.py:358: in <lambda>
    lambda: self._connect(), lambda error: self.disconnect(error)
            ^^^^^^^^^^^^^^^
.venv/lib/python3.12/site-packages/redis/connection.py:730: in _connect
    raise err
.venv/lib/python3.12/site-packages/redis/connection.py:718: in _connect
    sock.connect(socket_address)
E   ConnectionRefusedError: [Errno 111] Connection refused

During handling of the above exception, another exception occurred:
tests/test_models.py:160: in test_new_addr_name_only_sender_format
    user = login(flask_client)
           ^^^^^^^^^^^^^^^^^^^
tests/utils.py:57: in login
    r = flask_client.post(
.venv/lib/python3.12/site-packages/werkzeug/test.py:1016: in post
    return self.open(*args, **kw)
           ^^^^^^^^^^^^^^^^^^^^^^
tests/conftest.py:60: in open
    return super().open(*args, **kwargs)
           ^^^^^^^^^^^^^^^^^^^^^^^^^^^^^
.venv/lib/python3.12/site-packages/flask/testing.py:222: in open
    return Client.open(
.venv/lib/python3.12/site-packages/werkzeug/test.py:970: in open
    response = self.run_wsgi_app(environ.copy(), buffered=buffered)
               ^^^^^^^^^^^^^^^^^^^^^^^^^^^^^^^^^^^^^^^^^^^^^^^^^^^^
.venv/lib/python3.12/site-packages/werkzeug/test.py:861: in run_wsgi_app
    rv = run_wsgi_app(self.application, environ, buffered=buffered)
         ^^^^^^^^^^^^^^^^^^^^^^^^^^^^^^^^^^^^^^^^^^^^^^^^^^^^^^^^^^
.venv/lib/python3.12/site-packages/werkzeug/test.py:1096: in run_wsgi_app
    app_rv = app(environ, start_response)
             ^^^^^^^^^^^^^^^^^^^^^^^^^^^^
.venv/lib/python3.12/site-packages/flask/app.py:2464: in __call__
    return self.wsgi_app(environ, start_response)
           ^^^^^^^^^^^^^^^^^^^^^^^^^^^^^^^^^^^^^^
.venv/lib/python3.12/site-packages/werkzeug/middleware/proxy_fix.py:169: in __call__
    return self.app(environ, start_response)
           ^^^^^^^^^^^^^^^^^^^^^^^^^^^^^^^^^
.venv/lib/python3.12/site-packages/flask/app.py:2450: in wsgi_app
    response = self.handle_exception(e)
               ^^^^^^^^^^^^^^^^^^^^^^^^
.venv/lib/python3.12/site-packages/flask_cors/extension.py:165: in wrapped_function
    return cors_after_request(app.make_response(f(*args, **kwargs)))
                                                ^^^^^^^^^^^^^^^^^^
.venv/lib/python3.12/site-packages/flask/app.py:1867: in handle_exception
    reraise(exc_type, exc_value, tb)
.venv/lib/python3.12/site-packages/flask/_compat.py:39: in reraise
    raise value
.venv/lib/python3.12/site-packages/flask/app.py:2447: in wsgi_app
    response = self.full_dispatch_request()
               ^^^^^^^^^^^^^^^^^^^^^^^^^^^^
.venv/lib/python3.12/site-packages/flask/app.py:1953: in full_dispatch_request
    return self.finalize_request(rv)
           ^^^^^^^^^^^^^^^^^^^^^^^^^
.venv/lib/python3.12/site-packages/flask/app.py:1970: in finalize_request
    response = self.process_response(response)
               ^^^^^^^^^^^^^^^^^^^^^^^^^^^^^^^
.venv/lib/python3.12/site-packages/flask/app.py:2269: in process_response
    self.session_interface.save_session(self, ctx.session, response)
app/session.py:97: in save_session
    self._redis_w.setex(
.venv/lib/python3.12/site-packages/redis/commands/core.py:2360: in setex
    return self.execute_command("SETEX", name, time, value)
           ^^^^^^^^^^^^^^^^^^^^^^^^^^^^^^^^^^^^^^^^^^^^^^^^
.venv/lib/python3.12/site-packages/redis/client.py:559: in execute_command
    return self._execute_command(*args, **options)
           ^^^^^^^^^^^^^^^^^^^^^^^^^^^^^^^^^^^^^^^
.venv/lib/python3.12/site-packages/redis/client.py:565: in _execute_command
    conn = self.connection or pool.get_connection(command_name, **options)
                              ^^^^^^^^^^^^^^^^^^^^^^^^^^^^^^^^^^^^^^^^^^^^
.venv/lib/python3.12/site-packages/redis/connection.py:1422: in get_connection
    connection.connect()
.venv/lib/python3.12/site-packages/redis/connection.py:363: in connect
    raise ConnectionError(self._error_message(e))
E   redis.exceptions.ConnectionError: Error 111 connecting to localhost:6379. Connection refused.
----------------------------- Captured stdout call -----------------------------
2026-02-09 12:32:36,820 - SL - INFO - 5326 - "/home/runner/work/simplelogin-app/simplelogin-app/app/events/event_dispatcher.py:62" - send_event() - test-message-123 - Not sending events because webhook is not configured and allowed to be empty
_____________________ test_new_addr_at_only_sender_format ______________________
.venv/lib/python3.12/site-packages/redis/connection.py:357: in connect
    sock = self.retry.call_with_retry(
.venv/lib/python3.12/site-packages/redis/retry.py:62: in call_with_retry
    return do()
           ^^^^
.venv/lib/python3.12/site-packages/redis/connection.py:358: in <lambda>
    lambda: self._connect(), lambda error: self.disconnect(error)
            ^^^^^^^^^^^^^^^
.venv/lib/python3.12/site-packages/redis/connection.py:730: in _connect
    raise err
.venv/lib/python3.12/site-packages/redis/connection.py:718: in _connect
    sock.connect(socket_address)
E   ConnectionRefusedError: [Errno 111] Connection refused

During handling of the above exception, another exception occurred:
tests/test_models.py:179: in test_new_addr_at_only_sender_format
    user = login(flask_client)
           ^^^^^^^^^^^^^^^^^^^
tests/utils.py:57: in login
    r = flask_client.post(
.venv/lib/python3.12/site-packages/werkzeug/test.py:1016: in post
    return self.open(*args, **kw)
           ^^^^^^^^^^^^^^^^^^^^^^
tests/conftest.py:60: in open
    return super().open(*args, **kwargs)
           ^^^^^^^^^^^^^^^^^^^^^^^^^^^^^
.venv/lib/python3.12/site-packages/flask/testing.py:222: in open
    return Client.open(
.venv/lib/python3.12/site-packages/werkzeug/test.py:970: in open
    response = self.run_wsgi_app(environ.copy(), buffered=buffered)
               ^^^^^^^^^^^^^^^^^^^^^^^^^^^^^^^^^^^^^^^^^^^^^^^^^^^^
.venv/lib/python3.12/site-packages/werkzeug/test.py:861: in run_wsgi_app
    rv = run_wsgi_app(self.application, environ, buffered=buffered)
         ^^^^^^^^^^^^^^^^^^^^^^^^^^^^^^^^^^^^^^^^^^^^^^^^^^^^^^^^^^
.venv/lib/python3.12/site-packages/werkzeug/test.py:1096: in run_wsgi_app
    app_rv = app(environ, start_response)
             ^^^^^^^^^^^^^^^^^^^^^^^^^^^^
.venv/lib/python3.12/site-packages/flask/app.py:2464: in __call__
    return self.wsgi_app(environ, start_response)
           ^^^^^^^^^^^^^^^^^^^^^^^^^^^^^^^^^^^^^^
.venv/lib/python3.12/site-packages/werkzeug/middleware/proxy_fix.py:169: in __call__
    return self.app(environ, start_response)
           ^^^^^^^^^^^^^^^^^^^^^^^^^^^^^^^^^
.venv/lib/python3.12/site-packages/flask/app.py:2450: in wsgi_app
    response = self.handle_exception(e)
               ^^^^^^^^^^^^^^^^^^^^^^^^
.venv/lib/python3.12/site-packages/flask_cors/extension.py:165: in wrapped_function
    return cors_after_request(app.make_response(f(*args, **kwargs)))
                                                ^^^^^^^^^^^^^^^^^^
.venv/lib/python3.12/site-packages/flask/app.py:1867: in handle_exception
    reraise(exc_type, exc_value, tb)
.venv/lib/python3.12/site-packages/flask/_compat.py:39: in reraise
    raise value
.venv/lib/python3.12/site-packages/flask/app.py:2447: in wsgi_app
    response = self.full_dispatch_request()
               ^^^^^^^^^^^^^^^^^^^^^^^^^^^^
.venv/lib/python3.12/site-packages/flask/app.py:1953: in full_dispatch_request
    return self.finalize_request(rv)
           ^^^^^^^^^^^^^^^^^^^^^^^^^
.venv/lib/python3.12/site-packages/flask/app.py:1970: in finalize_request
    response = self.process_response(response)
               ^^^^^^^^^^^^^^^^^^^^^^^^^^^^^^^
.venv/lib/python3.12/site-packages/flask/app.py:2269: in process_response
    self.session_interface.save_session(self, ctx.session, response)
app/session.py:97: in save_session
    self._redis_w.setex(
.venv/lib/python3.12/site-packages/redis/commands/core.py:2360: in setex
    return self.execute_command("SETEX", name, time, value)
           ^^^^^^^^^^^^^^^^^^^^^^^^^^^^^^^^^^^^^^^^^^^^^^^^
.venv/lib/python3.12/site-packages/redis/client.py:559: in execute_command
    return self._execute_command(*args, **options)
           ^^^^^^^^^^^^^^^^^^^^^^^^^^^^^^^^^^^^^^^
.venv/lib/python3.12/site-packages/redis/client.py:565: in _execute_command
    conn = self.connection or pool.get_connection(command_name, **options)
                              ^^^^^^^^^^^^^^^^^^^^^^^^^^^^^^^^^^^^^^^^^^^^
.venv/lib/python3.12/site-packages/redis/connection.py:1422: in get_connection
    connection.connect()
.venv/lib/python3.12/site-packages/redis/connection.py:363: in connect
    raise ConnectionError(self._error_message(e))
E   redis.exceptions.ConnectionError: Error 111 connecting to localhost:6379. Connection refused.
----------------------------- Captured stdout call -----------------------------
2026-02-09 12:32:37,516 - SL - INFO - 5326 - "/home/runner/work/simplelogin-app/simplelogin-app/app/events/event_dispatcher.py:62" - send_event() - test-message-123 - Not sending events because webhook is not configured and allowed to be empty
____________________________ test_new_addr_unicode _____________________________
.venv/lib/python3.12/site-packages/redis/connection.py:357: in connect
    sock = self.retry.call_with_retry(
.venv/lib/python3.12/site-packages/redis/retry.py:62: in call_with_retry
    return do()
           ^^^^
.venv/lib/python3.12/site-packages/redis/connection.py:358: in <lambda>
    lambda: self._connect(), lambda error: self.disconnect(error)
            ^^^^^^^^^^^^^^^
.venv/lib/python3.12/site-packages/redis/connection.py:730: in _connect
    raise err
.venv/lib/python3.12/site-packages/redis/connection.py:718: in _connect
    sock.connect(socket_address)
E   ConnectionRefusedError: [Errno 111] Connection refused

During handling of the above exception, another exception occurred:
tests/test_models.py:198: in test_new_addr_unicode
    user = login(flask_client)
           ^^^^^^^^^^^^^^^^^^^
tests/utils.py:57: in login
    r = flask_client.post(
.venv/lib/python3.12/site-packages/werkzeug/test.py:1016: in post
    return self.open(*args, **kw)
           ^^^^^^^^^^^^^^^^^^^^^^
tests/conftest.py:60: in open
    return super().open(*args, **kwargs)
           ^^^^^^^^^^^^^^^^^^^^^^^^^^^^^
.venv/lib/python3.12/site-packages/flask/testing.py:222: in open
    return Client.open(
.venv/lib/python3.12/site-packages/werkzeug/test.py:970: in open
    response = self.run_wsgi_app(environ.copy(), buffered=buffered)
               ^^^^^^^^^^^^^^^^^^^^^^^^^^^^^^^^^^^^^^^^^^^^^^^^^^^^
.venv/lib/python3.12/site-packages/werkzeug/test.py:861: in run_wsgi_app
    rv = run_wsgi_app(self.application, environ, buffered=buffered)
         ^^^^^^^^^^^^^^^^^^^^^^^^^^^^^^^^^^^^^^^^^^^^^^^^^^^^^^^^^^
.venv/lib/python3.12/site-packages/werkzeug/test.py:1096: in run_wsgi_app
    app_rv = app(environ, start_response)
             ^^^^^^^^^^^^^^^^^^^^^^^^^^^^
.venv/lib/python3.12/site-packages/flask/app.py:2464: in __call__
    return self.wsgi_app(environ, start_response)
           ^^^^^^^^^^^^^^^^^^^^^^^^^^^^^^^^^^^^^^
.venv/lib/python3.12/site-packages/werkzeug/middleware/proxy_fix.py:169: in __call__
    return self.app(environ, start_response)
           ^^^^^^^^^^^^^^^^^^^^^^^^^^^^^^^^^
.venv/lib/python3.12/site-packages/flask/app.py:2450: in wsgi_app
    response = self.handle_exception(e)
               ^^^^^^^^^^^^^^^^^^^^^^^^
.venv/lib/python3.12/site-packages/flask_cors/extension.py:165: in wrapped_function
    return cors_after_request(app.make_response(f(*args, **kwargs)))
                                                ^^^^^^^^^^^^^^^^^^
.venv/lib/python3.12/site-packages/flask/app.py:1867: in handle_exception
    reraise(exc_type, exc_value, tb)
.venv/lib/python3.12/site-packages/flask/_compat.py:39: in reraise
    raise value
.venv/lib/python3.12/site-packages/flask/app.py:2447: in wsgi_app
    response = self.full_dispatch_request()
               ^^^^^^^^^^^^^^^^^^^^^^^^^^^^
.venv/lib/python3.12/site-packages/flask/app.py:1953: in full_dispatch_request
    return self.finalize_request(rv)
           ^^^^^^^^^^^^^^^^^^^^^^^^^
.venv/lib/python3.12/site-packages/flask/app.py:1970: in finalize_request
    response = self.process_response(response)
               ^^^^^^^^^^^^^^^^^^^^^^^^^^^^^^^
.venv/lib/python3.12/site-packages/flask/app.py:2269: in process_response
    self.session_interface.save_session(self, ctx.session, response)
app/session.py:97: in save_session
    self._redis_w.setex(
.venv/lib/python3.12/site-packages/redis/commands/core.py:2360: in setex
    return self.execute_command("SETEX", name, time, value)
           ^^^^^^^^^^^^^^^^^^^^^^^^^^^^^^^^^^^^^^^^^^^^^^^^
.venv/lib/python3.12/site-packages/redis/client.py:559: in execute_command
    return self._execute_command(*args, **options)
           ^^^^^^^^^^^^^^^^^^^^^^^^^^^^^^^^^^^^^^^
.venv/lib/python3.12/site-packages/redis/client.py:565: in _execute_command
    conn = self.connection or pool.get_connection(command_name, **options)
                              ^^^^^^^^^^^^^^^^^^^^^^^^^^^^^^^^^^^^^^^^^^^^
.venv/lib/python3.12/site-packages/redis/connection.py:1422: in get_connection
    connection.connect()
.venv/lib/python3.12/site-packages/redis/connection.py:363: in connect
    raise ConnectionError(self._error_message(e))
E   redis.exceptions.ConnectionError: Error 111 connecting to localhost:6379. Connection refused.
----------------------------- Captured stdout call -----------------------------
2026-02-09 12:32:38,212 - SL - INFO - 5326 - "/home/runner/work/simplelogin-app/simplelogin-app/app/events/event_dispatcher.py:62" - send_event() - test-message-123 - Not sending events because webhook is not configured and allowed to be empty
______________________ test_extension_redirect_is_working ______________________
.venv/lib/python3.12/site-packages/redis/connection.py:357: in connect
    sock = self.retry.call_with_retry(
.venv/lib/python3.12/site-packages/redis/retry.py:62: in call_with_retry
    return do()
           ^^^^
.venv/lib/python3.12/site-packages/redis/connection.py:358: in <lambda>
    lambda: self._connect(), lambda error: self.disconnect(error)
            ^^^^^^^^^^^^^^^
.venv/lib/python3.12/site-packages/redis/connection.py:730: in _connect
    raise err
.venv/lib/python3.12/site-packages/redis/connection.py:718: in _connect
    sock.connect(socket_address)
E   ConnectionRefusedError: [Errno 111] Connection refused

During handling of the above exception, another exception occurred:
tests/test_onboarding.py:9: in test_extension_redirect_is_working
    res = flask_client.get(
.venv/lib/python3.12/site-packages/werkzeug/test.py:1006: in get
    return self.open(*args, **kw)
           ^^^^^^^^^^^^^^^^^^^^^^
tests/conftest.py:60: in open
    return super().open(*args, **kwargs)
           ^^^^^^^^^^^^^^^^^^^^^^^^^^^^^
.venv/lib/python3.12/site-packages/flask/testing.py:222: in open
    return Client.open(
.venv/lib/python3.12/site-packages/werkzeug/test.py:970: in open
    response = self.run_wsgi_app(environ.copy(), buffered=buffered)
               ^^^^^^^^^^^^^^^^^^^^^^^^^^^^^^^^^^^^^^^^^^^^^^^^^^^^
.venv/lib/python3.12/site-packages/werkzeug/test.py:861: in run_wsgi_app
    rv = run_wsgi_app(self.application, environ, buffered=buffered)
         ^^^^^^^^^^^^^^^^^^^^^^^^^^^^^^^^^^^^^^^^^^^^^^^^^^^^^^^^^^
.venv/lib/python3.12/site-packages/werkzeug/test.py:1096: in run_wsgi_app
    app_rv = app(environ, start_response)
             ^^^^^^^^^^^^^^^^^^^^^^^^^^^^
.venv/lib/python3.12/site-packages/flask/app.py:2464: in __call__
    return self.wsgi_app(environ, start_response)
           ^^^^^^^^^^^^^^^^^^^^^^^^^^^^^^^^^^^^^^
.venv/lib/python3.12/site-packages/werkzeug/middleware/proxy_fix.py:169: in __call__
    return self.app(environ, start_response)
           ^^^^^^^^^^^^^^^^^^^^^^^^^^^^^^^^^
.venv/lib/python3.12/site-packages/flask/app.py:2450: in wsgi_app
    response = self.handle_exception(e)
               ^^^^^^^^^^^^^^^^^^^^^^^^
.venv/lib/python3.12/site-packages/flask_cors/extension.py:165: in wrapped_function
    return cors_after_request(app.make_response(f(*args, **kwargs)))
                                                ^^^^^^^^^^^^^^^^^^
.venv/lib/python3.12/site-packages/flask/app.py:1867: in handle_exception
    reraise(exc_type, exc_value, tb)
.venv/lib/python3.12/site-packages/flask/_compat.py:39: in reraise
    raise value
.venv/lib/python3.12/site-packages/flask/app.py:2447: in wsgi_app
    response = self.full_dispatch_request()
               ^^^^^^^^^^^^^^^^^^^^^^^^^^^^
.venv/lib/python3.12/site-packages/flask/app.py:1953: in full_dispatch_request
    return self.finalize_request(rv)
           ^^^^^^^^^^^^^^^^^^^^^^^^^
.venv/lib/python3.12/site-packages/flask/app.py:1970: in finalize_request
    response = self.process_response(response)
               ^^^^^^^^^^^^^^^^^^^^^^^^^^^^^^^
.venv/lib/python3.12/site-packages/flask/app.py:2269: in process_response
    self.session_interface.save_session(self, ctx.session, response)
app/session.py:97: in save_session
    self._redis_w.setex(
.venv/lib/python3.12/site-packages/redis/commands/core.py:2360: in setex
    return self.execute_command("SETEX", name, time, value)
           ^^^^^^^^^^^^^^^^^^^^^^^^^^^^^^^^^^^^^^^^^^^^^^^^
.venv/lib/python3.12/site-packages/redis/client.py:559: in execute_command
    return self._execute_command(*args, **options)
           ^^^^^^^^^^^^^^^^^^^^^^^^^^^^^^^^^^^^^^^
.venv/lib/python3.12/site-packages/redis/client.py:565: in _execute_command
    conn = self.connection or pool.get_connection(command_name, **options)
                              ^^^^^^^^^^^^^^^^^^^^^^^^^^^^^^^^^^^^^^^^^^^^
.venv/lib/python3.12/site-packages/redis/connection.py:1422: in get_connection
    connection.connect()
.venv/lib/python3.12/site-packages/redis/connection.py:363: in connect
    raise ConnectionError(self._error_message(e))
E   redis.exceptions.ConnectionError: Error 111 connecting to localhost:6379. Connection refused.
____________________________ test_parallel_limiter _____________________________
.venv/lib/python3.12/site-packages/redis/connection.py:357: in connect
    sock = self.retry.call_with_retry(
.venv/lib/python3.12/site-packages/redis/retry.py:62: in call_with_retry
    return do()
           ^^^^
.venv/lib/python3.12/site-packages/redis/connection.py:358: in <lambda>
    lambda: self._connect(), lambda error: self.disconnect(error)
            ^^^^^^^^^^^^^^^
.venv/lib/python3.12/site-packages/redis/connection.py:730: in _connect
    raise err
.venv/lib/python3.12/site-packages/redis/connection.py:718: in _connect
    sock.connect(socket_address)
E   ConnectionRefusedError: [Errno 111] Connection refused

During handling of the above exception, another exception occurred:
tests/test_prarallel_limiter.py:18: in test_parallel_limiter
    assert pl(lambda x: x)(loop_id) == loop_id
           ^^^^^^^^^^^^^^^^^^^^^^^^
app/parallel_limiter.py:59: in decorated
    self.acquire_lock(lock_name, lock_value)
app/parallel_limiter.py:31: in acquire_lock
    if not lock_redis.storage.set(
.venv/lib/python3.12/site-packages/redis/commands/core.py:2335: in set
    return self.execute_command("SET", *pieces, **options)
           ^^^^^^^^^^^^^^^^^^^^^^^^^^^^^^^^^^^^^^^^^^^^^^^
.venv/lib/python3.12/site-packages/redis/client.py:559: in execute_command
    return self._execute_command(*args, **options)
           ^^^^^^^^^^^^^^^^^^^^^^^^^^^^^^^^^^^^^^^
.venv/lib/python3.12/site-packages/redis/client.py:565: in _execute_command
    conn = self.connection or pool.get_connection(command_name, **options)
                              ^^^^^^^^^^^^^^^^^^^^^^^^^^^^^^^^^^^^^^^^^^^^
.venv/lib/python3.12/site-packages/redis/connection.py:1422: in get_connection
    connection.connect()
.venv/lib/python3.12/site-packages/redis/connection.py:363: in connect
    raise ConnectionError(self._error_message(e))
E   redis.exceptions.ConnectionError: Error 111 connecting to localhost:6379. Connection refused.
----------------------------- Captured stdout call -----------------------------
2026-02-09 12:32:45,002 - SL - INFO - 5326 - "/home/runner/work/simplelogin-app/simplelogin-app/app/events/event_dispatcher.py:62" - send_event() - test-message-123 - Not sending events because webhook is not configured and allowed to be empty
____________________________ test_too_many_requests ____________________________
.venv/lib/python3.12/site-packages/redis/connection.py:357: in connect
    sock = self.retry.call_with_retry(
.venv/lib/python3.12/site-packages/redis/retry.py:62: in call_with_retry
    return do()
           ^^^^
.venv/lib/python3.12/site-packages/redis/connection.py:358: in <lambda>
    lambda: self._connect(), lambda error: self.disconnect(error)
            ^^^^^^^^^^^^^^^
.venv/lib/python3.12/site-packages/redis/connection.py:730: in _connect
    raise err
.venv/lib/python3.12/site-packages/redis/connection.py:718: in _connect
    sock.connect(socket_address)
E   ConnectionRefusedError: [Errno 111] Connection refused

During handling of the above exception, another exception occurred:
tests/test_prarallel_limiter.py:39: in test_too_many_requests
    pl(sleep_thread)(pl)
app/parallel_limiter.py:59: in decorated
    self.acquire_lock(lock_name, lock_value)
app/parallel_limiter.py:31: in acquire_lock
    if not lock_redis.storage.set(
.venv/lib/python3.12/site-packages/redis/commands/core.py:2335: in set
    return self.execute_command("SET", *pieces, **options)
           ^^^^^^^^^^^^^^^^^^^^^^^^^^^^^^^^^^^^^^^^^^^^^^^
.venv/lib/python3.12/site-packages/redis/client.py:559: in execute_command
    return self._execute_command(*args, **options)
           ^^^^^^^^^^^^^^^^^^^^^^^^^^^^^^^^^^^^^^^
.venv/lib/python3.12/site-packages/redis/client.py:565: in _execute_command
    conn = self.connection or pool.get_connection(command_name, **options)
                              ^^^^^^^^^^^^^^^^^^^^^^^^^^^^^^^^^^^^^^^^^^^^
.venv/lib/python3.12/site-packages/redis/connection.py:1422: in get_connection
    connection.connect()
.venv/lib/python3.12/site-packages/redis/connection.py:363: in connect
    raise ConnectionError(self._error_message(e))
E   redis.exceptions.ConnectionError: Error 111 connecting to localhost:6379. Connection refused.
----------------------------- Captured stdout call -----------------------------
2026-02-09 12:32:45,386 - SL - INFO - 5326 - "/home/runner/work/simplelogin-app/simplelogin-app/app/events/event_dispatcher.py:62" - send_event() - test-message-123 - Not sending events because webhook is not configured and allowed to be empty
___________________________ test_redirect_login_page ___________________________
.venv/lib/python3.12/site-packages/redis/connection.py:357: in connect
    sock = self.retry.call_with_retry(
.venv/lib/python3.12/site-packages/redis/retry.py:62: in call_with_retry
    return do()
           ^^^^
.venv/lib/python3.12/site-packages/redis/connection.py:358: in <lambda>
    lambda: self._connect(), lambda error: self.disconnect(error)
            ^^^^^^^^^^^^^^^
.venv/lib/python3.12/site-packages/redis/connection.py:730: in _connect
    raise err
.venv/lib/python3.12/site-packages/redis/connection.py:718: in _connect
    sock.connect(socket_address)
E   ConnectionRefusedError: [Errno 111] Connection refused

During handling of the above exception, another exception occurred:
tests/test_server.py:13: in test_redirect_login_page
    rv = flask_client.get("/")
         ^^^^^^^^^^^^^^^^^^^^^
.venv/lib/python3.12/site-packages/werkzeug/test.py:1006: in get
    return self.open(*args, **kw)
           ^^^^^^^^^^^^^^^^^^^^^^
tests/conftest.py:60: in open
    return super().open(*args, **kwargs)
           ^^^^^^^^^^^^^^^^^^^^^^^^^^^^^
.venv/lib/python3.12/site-packages/flask/testing.py:222: in open
    return Client.open(
.venv/lib/python3.12/site-packages/werkzeug/test.py:970: in open
    response = self.run_wsgi_app(environ.copy(), buffered=buffered)
               ^^^^^^^^^^^^^^^^^^^^^^^^^^^^^^^^^^^^^^^^^^^^^^^^^^^^
.venv/lib/python3.12/site-packages/werkzeug/test.py:861: in run_wsgi_app
    rv = run_wsgi_app(self.application, environ, buffered=buffered)
         ^^^^^^^^^^^^^^^^^^^^^^^^^^^^^^^^^^^^^^^^^^^^^^^^^^^^^^^^^^
.venv/lib/python3.12/site-packages/werkzeug/test.py:1096: in run_wsgi_app
    app_rv = app(environ, start_response)
             ^^^^^^^^^^^^^^^^^^^^^^^^^^^^
.venv/lib/python3.12/site-packages/flask/app.py:2464: in __call__
    return self.wsgi_app(environ, start_response)
           ^^^^^^^^^^^^^^^^^^^^^^^^^^^^^^^^^^^^^^
.venv/lib/python3.12/site-packages/werkzeug/middleware/proxy_fix.py:169: in __call__
    return self.app(environ, start_response)
           ^^^^^^^^^^^^^^^^^^^^^^^^^^^^^^^^^
.venv/lib/python3.12/site-packages/flask/app.py:2450: in wsgi_app
    response = self.handle_exception(e)
               ^^^^^^^^^^^^^^^^^^^^^^^^
.venv/lib/python3.12/site-packages/flask_cors/extension.py:165: in wrapped_function
    return cors_after_request(app.make_response(f(*args, **kwargs)))
                                                ^^^^^^^^^^^^^^^^^^
.venv/lib/python3.12/site-packages/flask/app.py:1867: in handle_exception
    reraise(exc_type, exc_value, tb)
.venv/lib/python3.12/site-packages/flask/_compat.py:39: in reraise
    raise value
.venv/lib/python3.12/site-packages/flask/app.py:2447: in wsgi_app
    response = self.full_dispatch_request()
               ^^^^^^^^^^^^^^^^^^^^^^^^^^^^
.venv/lib/python3.12/site-packages/flask/app.py:1953: in full_dispatch_request
    return self.finalize_request(rv)
           ^^^^^^^^^^^^^^^^^^^^^^^^^
.venv/lib/python3.12/site-packages/flask/app.py:1970: in finalize_request
    response = self.process_response(response)
               ^^^^^^^^^^^^^^^^^^^^^^^^^^^^^^^
.venv/lib/python3.12/site-packages/flask/app.py:2269: in process_response
    self.session_interface.save_session(self, ctx.session, response)
app/session.py:97: in save_session
    self._redis_w.setex(
.venv/lib/python3.12/site-packages/redis/commands/core.py:2360: in setex
    return self.execute_command("SETEX", name, time, value)
           ^^^^^^^^^^^^^^^^^^^^^^^^^^^^^^^^^^^^^^^^^^^^^^^^
.venv/lib/python3.12/site-packages/redis/client.py:559: in execute_command
    return self._execute_command(*args, **options)
           ^^^^^^^^^^^^^^^^^^^^^^^^^^^^^^^^^^^^^^^
.venv/lib/python3.12/site-packages/redis/client.py:565: in _execute_command
    conn = self.connection or pool.get_connection(command_name, **options)
                              ^^^^^^^^^^^^^^^^^^^^^^^^^^^^^^^^^^^^^^^^^^^^
.venv/lib/python3.12/site-packages/redis/connection.py:1422: in get_connection
    connection.connect()
.venv/lib/python3.12/site-packages/redis/connection.py:363: in connect
    raise ConnectionError(self._error_message(e))
E   redis.exceptions.ConnectionError: Error 111 connecting to localhost:6379. Connection refused.
____________________________ test_coinbase_webhook _____________________________
.venv/lib/python3.12/site-packages/redis/connection.py:357: in connect
    sock = self.retry.call_with_retry(
.venv/lib/python3.12/site-packages/redis/retry.py:62: in call_with_retry
    return do()
           ^^^^
.venv/lib/python3.12/site-packages/redis/connection.py:358: in <lambda>
    lambda: self._connect(), lambda error: self.disconnect(error)
            ^^^^^^^^^^^^^^^
.venv/lib/python3.12/site-packages/redis/connection.py:730: in _connect
    raise err
.venv/lib/python3.12/site-packages/redis/connection.py:718: in _connect
    sock.connect(socket_address)
E   ConnectionRefusedError: [Errno 111] Connection refused

During handling of the above exception, another exception occurred:
tests/test_server.py:19: in test_coinbase_webhook
    r = flask_client.post("/coinbase")
        ^^^^^^^^^^^^^^^^^^^^^^^^^^^^^^
.venv/lib/python3.12/site-packages/werkzeug/test.py:1016: in post
    return self.open(*args, **kw)
           ^^^^^^^^^^^^^^^^^^^^^^
tests/conftest.py:60: in open
    return super().open(*args, **kwargs)
           ^^^^^^^^^^^^^^^^^^^^^^^^^^^^^
.venv/lib/python3.12/site-packages/flask/testing.py:222: in open
    return Client.open(
.venv/lib/python3.12/site-packages/werkzeug/test.py:970: in open
    response = self.run_wsgi_app(environ.copy(), buffered=buffered)
               ^^^^^^^^^^^^^^^^^^^^^^^^^^^^^^^^^^^^^^^^^^^^^^^^^^^^
.venv/lib/python3.12/site-packages/werkzeug/test.py:861: in run_wsgi_app
    rv = run_wsgi_app(self.application, environ, buffered=buffered)
         ^^^^^^^^^^^^^^^^^^^^^^^^^^^^^^^^^^^^^^^^^^^^^^^^^^^^^^^^^^
.venv/lib/python3.12/site-packages/werkzeug/test.py:1096: in run_wsgi_app
    app_rv = app(environ, start_response)
             ^^^^^^^^^^^^^^^^^^^^^^^^^^^^
.venv/lib/python3.12/site-packages/flask/app.py:2464: in __call__
    return self.wsgi_app(environ, start_response)
           ^^^^^^^^^^^^^^^^^^^^^^^^^^^^^^^^^^^^^^
.venv/lib/python3.12/site-packages/werkzeug/middleware/proxy_fix.py:169: in __call__
    return self.app(environ, start_response)
           ^^^^^^^^^^^^^^^^^^^^^^^^^^^^^^^^^
.venv/lib/python3.12/site-packages/flask/app.py:2450: in wsgi_app
    response = self.handle_exception(e)
               ^^^^^^^^^^^^^^^^^^^^^^^^
.venv/lib/python3.12/site-packages/flask_cors/extension.py:165: in wrapped_function
    return cors_after_request(app.make_response(f(*args, **kwargs)))
                                                ^^^^^^^^^^^^^^^^^^
.venv/lib/python3.12/site-packages/flask/app.py:1867: in handle_exception
    reraise(exc_type, exc_value, tb)
.venv/lib/python3.12/site-packages/flask/_compat.py:39: in reraise
    raise value
.venv/lib/python3.12/site-packages/flask/app.py:2447: in wsgi_app
    response = self.full_dispatch_request()
               ^^^^^^^^^^^^^^^^^^^^^^^^^^^^
.venv/lib/python3.12/site-packages/flask/app.py:1953: in full_dispatch_request
    return self.finalize_request(rv)
           ^^^^^^^^^^^^^^^^^^^^^^^^^
.venv/lib/python3.12/site-packages/flask/app.py:1970: in finalize_request
    response = self.process_response(response)
               ^^^^^^^^^^^^^^^^^^^^^^^^^^^^^^^
.venv/lib/python3.12/site-packages/flask/app.py:2269: in process_response
    self.session_interface.save_session(self, ctx.session, response)
app/session.py:97: in save_session
    self._redis_w.setex(
.venv/lib/python3.12/site-packages/redis/commands/core.py:2360: in setex
    return self.execute_command("SETEX", name, time, value)
           ^^^^^^^^^^^^^^^^^^^^^^^^^^^^^^^^^^^^^^^^^^^^^^^^
.venv/lib/python3.12/site-packages/redis/client.py:559: in execute_command
    return self._execute_command(*args, **options)
           ^^^^^^^^^^^^^^^^^^^^^^^^^^^^^^^^^^^^^^^
.venv/lib/python3.12/site-packages/redis/client.py:565: in _execute_command
    conn = self.connection or pool.get_connection(command_name, **options)
                              ^^^^^^^^^^^^^^^^^^^^^^^^^^^^^^^^^^^^^^^^^^^^
.venv/lib/python3.12/site-packages/redis/connection.py:1422: in get_connection
    connection.connect()
.venv/lib/python3.12/site-packages/redis/connection.py:363: in connect
    raise ConnectionError(self._error_message(e))
E   redis.exceptions.ConnectionError: Error 111 connecting to localhost:6379. Connection refused.
----------------------------- Captured stdout call -----------------------------
2026-02-09 12:32:45,716 - SL - ERROR - 5326 - IWjd33KJ - "/home/runner/work/simplelogin-app/simplelogin-app/app/payments/coinbase.py:32" - coinbase_webhook() - test-message-123 - Invalid Coinbase webhook
Traceback (most recent call last):
  File "/home/runner/work/simplelogin-app/simplelogin-app/.venv/lib/python3.12/site-packages/coinbase_commerce/webhook.py", line 19, in construct_event
    data = json.loads(payload)
           ^^^^^^^^^^^^^^^^^^^
  File "/home/runner/.local/share/uv/python/cpython-3.12.8-linux-x86_64-gnu/lib/python3.12/json/__init__.py", line 346, in loads
    return _default_decoder.decode(s)
           ^^^^^^^^^^^^^^^^^^^^^^^^^^
  File "/home/runner/.local/share/uv/python/cpython-3.12.8-linux-x86_64-gnu/lib/python3.12/json/decoder.py", line 338, in decode
    obj, end = self.raw_decode(s, idx=_w(s, 0).end())
               ^^^^^^^^^^^^^^^^^^^^^^^^^^^^^^^^^^^^^^
  File "/home/runner/.local/share/uv/python/cpython-3.12.8-linux-x86_64-gnu/lib/python3.12/json/decoder.py", line 356, in raw_decode
    raise JSONDecodeError("Expecting value", s, err.value) from None
json.decoder.JSONDecodeError: Expecting value: line 1 column 1 (char 0)

During handling of the above exception, another exception occurred:

Traceback (most recent call last):
  File "/home/runner/work/simplelogin-app/simplelogin-app/app/payments/coinbase.py", line 28, in coinbase_webhook
    event = Webhook.construct_event(
            ^^^^^^^^^^^^^^^^^^^^^^^^
  File "/home/runner/work/simplelogin-app/simplelogin-app/.venv/lib/python3.12/site-packages/coinbase_commerce/webhook.py", line 21, in construct_event
    raise WebhookInvalidPayload('Invalid payload provided. '
coinbase_commerce.error.WebhookInvalidPayload: Invalid payload provided. No JSON object could be decoded
=============================== warnings summary ===============================
.venv/lib/python3.12/site-packages/sqlalchemy/sql/sqltypes.py:1902
  /home/runner/work/simplelogin-app/simplelogin-app/.venv/lib/python3.12/site-packages/sqlalchemy/sql/sqltypes.py:1902: DeprecationWarning: datetime.datetime.utcfromtimestamp() is deprecated and scheduled for removal in a future version. Use timezone-aware objects to represent datetimes in UTC: datetime.datetime.fromtimestamp(timestamp, datetime.UTC).
    epoch = dt.datetime.utcfromtimestamp(0)

.venv/lib/python3.12/site-packages/dateutil/tz/tz.py:37
  /home/runner/work/simplelogin-app/simplelogin-app/.venv/lib/python3.12/site-packages/dateutil/tz/tz.py:37: DeprecationWarning: datetime.datetime.utcfromtimestamp() is deprecated and scheduled for removal in a future version. Use timezone-aware objects to represent datetimes in UTC: datetime.datetime.fromtimestamp(timestamp, datetime.UTC).
    EPOCH = datetime.datetime.utcfromtimestamp(0)

.venv/lib/python3.12/site-packages/pkg_resources/__init__.py:121
  /home/runner/work/simplelogin-app/simplelogin-app/.venv/lib/python3.12/site-packages/pkg_resources/__init__.py:121: DeprecationWarning: pkg_resources is deprecated as an API
    warnings.warn("pkg_resources is deprecated as an API", DeprecationWarning)

.venv/lib/python3.12/site-packages/pkg_resources/__init__.py:2870
.venv/lib/python3.12/site-packages/pkg_resources/__init__.py:2870
.venv/lib/python3.12/site-packages/pkg_resources/__init__.py:2870
  /home/runner/work/simplelogin-app/simplelogin-app/.venv/lib/python3.12/site-packages/pkg_resources/__init__.py:2870: DeprecationWarning: Deprecated call to `pkg_resources.declare_namespace('google')`.
  Implementing implicit namespace packages (as specified in PEP 420) is preferred to `pkg_resources.declare_namespace`. See https://setuptools.pypa.io/en/latest/references/keywords.html#keyword-namespace-packages
    declare_namespace(pkg)

.venv/lib/python3.12/site-packages/pkg_resources/__init__.py:2870
  /home/runner/work/simplelogin-app/simplelogin-app/.venv/lib/python3.12/site-packages/pkg_resources/__init__.py:2870: DeprecationWarning: Deprecated call to `pkg_resources.declare_namespace('google.logging')`.
  Implementing implicit namespace packages (as specified in PEP 420) is preferred to `pkg_resources.declare_namespace`. See https://setuptools.pypa.io/en/latest/references/keywords.html#keyword-namespace-packages
    declare_namespace(pkg)

.venv/lib/python3.12/site-packages/pkg_resources/__init__.py:2349
  /home/runner/work/simplelogin-app/simplelogin-app/.venv/lib/python3.12/site-packages/pkg_resources/__init__.py:2349: DeprecationWarning: Deprecated call to `pkg_resources.declare_namespace('google')`.
  Implementing implicit namespace packages (as specified in PEP 420) is preferred to `pkg_resources.declare_namespace`. See https://setuptools.pypa.io/en/latest/references/keywords.html#keyword-namespace-packages
    declare_namespace(parent)

.venv/lib/python3.12/site-packages/pkg_resources/__init__.py:2870
  /home/runner/work/simplelogin-app/simplelogin-app/.venv/lib/python3.12/site-packages/pkg_resources/__init__.py:2870: DeprecationWarning: Deprecated call to `pkg_resources.declare_namespace('ruamel')`.
  Implementing implicit namespace packages (as specified in PEP 420) is preferred to `pkg_resources.declare_namespace`. See https://setuptools.pypa.io/en/latest/references/keywords.html#keyword-namespace-packages
    declare_namespace(pkg)

.venv/lib/python3.12/site-packages/pkg_resources/__init__.py:2870
.venv/lib/python3.12/site-packages/pkg_resources/__init__.py:2870
  /home/runner/work/simplelogin-app/simplelogin-app/.venv/lib/python3.12/site-packages/pkg_resources/__init__.py:2870: DeprecationWarning: Deprecated call to `pkg_resources.declare_namespace('zope')`.
  Implementing implicit namespace packages (as specified in PEP 420) is preferred to `pkg_resources.declare_namespace`. See https://setuptools.pypa.io/en/latest/references/keywords.html#keyword-namespace-packages
    declare_namespace(pkg)

.venv/lib/python3.12/site-packages/flask_limiter/errors.py:10
.venv/lib/python3.12/site-packages/flask_limiter/errors.py:10
  /home/runner/work/simplelogin-app/simplelogin-app/.venv/lib/python3.12/site-packages/flask_limiter/errors.py:10: DeprecationWarning: distutils Version classes are deprecated. Use packaging.version instead.
    if LooseVersion(werkzeug_version) < LooseVersion("0.9"):  # pragma: no cover

.venv/lib/python3.12/site-packages/webob/compat.py:5
  /home/runner/work/simplelogin-app/simplelogin-app/.venv/lib/python3.12/site-packages/webob/compat.py:5: DeprecationWarning: 'cgi' is deprecated and slated for removal in Python 3.13
    from cgi import parse_header

.venv/lib/python3.12/site-packages/flanker/mime/message/part.py:2
  /home/runner/work/simplelogin-app/simplelogin-app/.venv/lib/python3.12/site-packages/flanker/mime/message/part.py:2: DeprecationWarning: 'imghdr' is deprecated and slated for removal in Python 3.13
    import imghdr

.venv/lib/python3.12/site-packages/flask_admin/contrib/__init__.py:2
  /home/runner/work/simplelogin-app/simplelogin-app/.venv/lib/python3.12/site-packages/flask_admin/contrib/__init__.py:2: DeprecationWarning: Deprecated call to `pkg_resources.declare_namespace('flask_admin.contrib')`.
  Implementing implicit namespace packages (as specified in PEP 420) is preferred to `pkg_resources.declare_namespace`. See https://setuptools.pypa.io/en/latest/references/keywords.html#keyword-namespace-packages
    __import__('pkg_resources').declare_namespace(__name__)

.venv/lib/python3.12/site-packages/pkg_resources/__init__.py:2349
  /home/runner/work/simplelogin-app/simplelogin-app/.venv/lib/python3.12/site-packages/pkg_resources/__init__.py:2349: DeprecationWarning: Deprecated call to `pkg_resources.declare_namespace('flask_admin')`.
  Implementing implicit namespace packages (as specified in PEP 420) is preferred to `pkg_resources.declare_namespace`. See https://setuptools.pypa.io/en/latest/references/keywords.html#keyword-namespace-packages
    declare_namespace(parent)

.venv/lib/python3.12/site-packages/gnupg.py:997: 2 warnings
tests/handler/test_encrypt_pgp.py: 10 warnings
tests/test_pgp_utils.py: 11 warnings
  /home/runner/work/simplelogin-app/simplelogin-app/.venv/lib/python3.12/site-packages/gnupg.py:997: DeprecationWarning: setDaemon() is deprecated, set the daemon attribute instead
    rr.setDaemon(True)

.venv/lib/python3.12/site-packages/gnupg.py:1004: 2 warnings
tests/handler/test_encrypt_pgp.py: 10 warnings
tests/test_pgp_utils.py: 11 warnings
  /home/runner/work/simplelogin-app/simplelogin-app/.venv/lib/python3.12/site-packages/gnupg.py:1004: DeprecationWarning: setDaemon() is deprecated, set the daemon attribute instead
    dr.setDaemon(True)

.venv/lib/python3.12/site-packages/gnupg.py:172: 1 warning
tests/handler/test_encrypt_pgp.py: 10 warnings
tests/test_pgp_utils.py: 10 warnings
  /home/runner/work/simplelogin-app/simplelogin-app/.venv/lib/python3.12/site-packages/gnupg.py:172: DeprecationWarning: setDaemon() is deprecated, set the daemon attribute instead
    wr.setDaemon(True)

.venv/lib/python3.12/site-packages/pyparsing.py:108
  /home/runner/work/simplelogin-app/simplelogin-app/.venv/lib/python3.12/site-packages/pyparsing.py:108: DeprecationWarning: module 'sre_constants' is deprecated
    import sre_constants

.venv/lib/python3.12/site-packages/werkzeug/routing.py:957: 639 warnings
tests/handler/test_blocked_contact_behaviour.py: 10 warnings
tests/handler/test_encrypt_pgp.py: 8 warnings
tests/handler/test_preserved_headers.py: 4 warnings
tests/handler/test_reply_to.py: 2 warnings
tests/handler/test_trashed_alias.py: 4 warnings
tests/test_email_handler.py: 6 warnings
  /home/runner/work/simplelogin-app/simplelogin-app/.venv/lib/python3.12/site-packages/werkzeug/routing.py:957: DeprecationWarning: ast.Str is deprecated and will be removed in Python 3.14; use ast.Constant instead
    parts = parts or [ast.Str("")]

.venv/lib/python3.12/site-packages/werkzeug/routing.py:954: 3752 warnings
tests/handler/test_blocked_contact_behaviour.py: 30 warnings
tests/handler/test_encrypt_pgp.py: 24 warnings
tests/handler/test_preserved_headers.py: 12 warnings
tests/handler/test_reply_to.py: 6 warnings
tests/handler/test_trashed_alias.py: 12 warnings
tests/test_email_handler.py: 18 warnings
  /home/runner/work/simplelogin-app/simplelogin-app/.venv/lib/python3.12/site-packages/werkzeug/routing.py:954: DeprecationWarning: ast.Str is deprecated and will be removed in Python 3.14; use ast.Constant instead
    _convert(elem) if is_dynamic else ast.Str(s=elem)

../../../.local/share/uv/python/cpython-3.12.8-linux-x86_64-gnu/lib/python3.12/ast.py:587: 3752 warnings
tests/handler/test_blocked_contact_behaviour.py: 30 warnings
tests/handler/test_encrypt_pgp.py: 24 warnings
tests/handler/test_preserved_headers.py: 12 warnings
tests/handler/test_reply_to.py: 6 warnings
tests/handler/test_trashed_alias.py: 12 warnings
tests/test_email_handler.py: 18 warnings
  /home/runner/.local/share/uv/python/cpython-3.12.8-linux-x86_64-gnu/lib/python3.12/ast.py:587: DeprecationWarning: Attribute s is deprecated and will be removed in Python 3.14; use value instead
    return Constant(*args, **kwargs)

.venv/lib/python3.12/site-packages/werkzeug/routing.py:961: 6336 warnings
tests/handler/test_blocked_contact_behaviour.py: 50 warnings
tests/handler/test_encrypt_pgp.py: 40 warnings
tests/handler/test_preserved_headers.py: 20 warnings
tests/handler/test_reply_to.py: 10 warnings
tests/handler/test_trashed_alias.py: 20 warnings
tests/test_email_handler.py: 30 warnings
  /home/runner/work/simplelogin-app/simplelogin-app/.venv/lib/python3.12/site-packages/werkzeug/routing.py:961: DeprecationWarning: ast.Str is deprecated and will be removed in Python 3.14; use ast.Constant instead
    if isinstance(p, ast.Str) and isinstance(ret[-1], ast.Str):

.venv/lib/python3.12/site-packages/werkzeug/routing.py:962: 6084 warnings
tests/handler/test_blocked_contact_behaviour.py: 40 warnings
tests/handler/test_encrypt_pgp.py: 32 warnings
tests/handler/test_preserved_headers.py: 16 warnings
tests/handler/test_reply_to.py: 8 warnings
tests/handler/test_trashed_alias.py: 16 warnings
tests/test_email_handler.py: 24 warnings
  /home/runner/work/simplelogin-app/simplelogin-app/.venv/lib/python3.12/site-packages/werkzeug/routing.py:962: DeprecationWarning: Attribute s is deprecated and will be removed in Python 3.14; use value instead
    ret[-1] = ast.Str(ret[-1].s + p.s)

.venv/lib/python3.12/site-packages/werkzeug/routing.py:962: 3042 warnings
tests/handler/test_blocked_contact_behaviour.py: 20 warnings
tests/handler/test_encrypt_pgp.py: 16 warnings
tests/handler/test_preserved_headers.py: 8 warnings
tests/handler/test_reply_to.py: 4 warnings
tests/handler/test_trashed_alias.py: 8 warnings
tests/test_email_handler.py: 12 warnings
  /home/runner/work/simplelogin-app/simplelogin-app/.venv/lib/python3.12/site-packages/werkzeug/routing.py:962: DeprecationWarning: ast.Str is deprecated and will be removed in Python 3.14; use ast.Constant instead
    ret[-1] = ast.Str(ret[-1].s + p.s)

.venv/lib/python3.12/site-packages/werkzeug/routing.py:1010
.venv/lib/python3.12/site-packages/werkzeug/routing.py:1010
  /home/runner/work/simplelogin-app/simplelogin-app/.venv/lib/python3.12/site-packages/werkzeug/routing.py:1010: DeprecationWarning: ast.Str is deprecated and will be removed in Python 3.14; use ast.Constant instead
    func_ast.args.defaults.append(ast.Str(""))

.venv/lib/python3.12/site-packages/flask/app.py:2460
  /home/runner/work/simplelogin-app/simplelogin-app/.venv/lib/python3.12/site-packages/flask/app.py:2460: PytestCollectionWarning: cannot collect 'test_app' because it is not a function.
    def __call__(self, environ, start_response):

tests/admin/test_custom_domain_search.py: 13 warnings
tests/admin/test_email_search.py: 28 warnings
tests/api/test_alias.py: 29 warnings
tests/api/test_alias_options.py: 3 warnings
tests/api/test_apple.py: 1 warning
tests/api/test_auth.py: 13 warnings
tests/api/test_auth_mfa.py: 2 warnings
tests/api/test_custom_domain.py: 3 warnings
tests/api/test_import_export.py: 6 warnings
tests/api/test_mailbox.py: 14 warnings
tests/api/test_new_custom_alias.py: 10 warnings
tests/api/test_new_random_alias.py: 6 warnings
tests/api/test_notification.py: 2 warnings
tests/api/test_phone.py: 2 warnings
tests/api/test_setting.py: 8 warnings
tests/api/test_sudo.py: 1 warning
tests/api/test_user.py: 3 warnings
tests/api/test_user_info.py: 9 warnings
tests/auth/test_api_to_cookie.py: 2 warnings
tests/auth/test_change_email.py: 1 warning
tests/auth/test_login.py: 3 warnings
tests/auth/test_proton.py: 1 warning
tests/auth/test_register.py: 5 warnings
tests/auth/test_reset_password.py: 1 warning
tests/dashboard/test_alias_contact_manager.py: 1 warning
tests/dashboard/test_alias_csv_export.py: 1 warning
tests/dashboard/test_alias_transfer.py: 1 warning
tests/dashboard/test_api_keys.py: 3 warnings
tests/dashboard/test_coupon.py: 2 warnings
tests/dashboard/test_custom_alias.py: 16 warnings
tests/dashboard/test_custom_domain.py: 3 warnings
tests/dashboard/test_directory.py: 5 warnings
tests/dashboard/test_index.py: 5 warnings
tests/dashboard/test_setting.py: 1 warning
tests/dashboard/test_setup_done.py: 1 warning
tests/dashboard/test_subdomain.py: 5 warnings
tests/dashboard/test_sudo_setting.py: 1 warning
tests/dashboard/test_unsubscribe.py: 2 warnings
tests/handler/test_unsubscribe_handler.py: 4 warnings
tests/oauth/test_authorize.py: 12 warnings
tests/test_email_utils.py: 3 warnings
tests/test_extensions.py: 3 warnings
tests/test_models.py: 6 warnings
tests/test_onboarding.py: 1 warning
tests/test_server.py: 2 warnings
  /home/runner/work/simplelogin-app/simplelogin-app/.venv/lib/python3.12/site-packages/flask/sessions.py:269: DeprecationWarning: datetime.datetime.utcnow() is deprecated and scheduled for removal in a future version. Use timezone-aware objects to represent datetimes in UTC: datetime.datetime.now(datetime.UTC).
    return datetime.utcnow() + app.permanent_session_lifetime

tests/api/test_notification.py::test_get_notifications
tests/api/test_notification.py::test_get_notifications
  /home/runner/work/simplelogin-app/simplelogin-app/.venv/lib/python3.12/site-packages/arrow/arrow.py:948: DeprecationWarning: datetime.datetime.utcnow() is deprecated and scheduled for removal in a future version. Use timezone-aware objects to represent datetimes in UTC: datetime.datetime.now(datetime.UTC).
    utc = datetime.utcnow().replace(tzinfo=dateutil_tz.tzutc())

tests/test_paddle_callback.py::test_failed_payments
  /home/runner/work/simplelogin-app/simplelogin-app/app/paddle_callback.py:31: DeprecationWarning: datetime.datetime.utcnow() is deprecated and scheduled for removal in a future version. Use timezone-aware objects to represent datetimes in UTC: datetime.datetime.now(datetime.UTC).
    end_date=arrow.arrow.datetime.utcnow(),

tests/test_pgp_utils.py::TestLegacyImplementation::test_encrypt_file_with_pgpy
tests/test_pgp_utils.py::TestRustImplementation::test_encrypt_file_with_pgpy
  /home/runner/work/simplelogin-app/simplelogin-app/.venv/lib/python3.12/site-packages/pgpy/constants.py:192: CryptographyDeprecationWarning: IDEA has been moved to cryptography.hazmat.decrepit.ciphers.algorithms.IDEA and will be removed from cryptography.hazmat.primitives.ciphers.algorithms in 45.0.0.
    bs = {SymmetricKeyAlgorithm.IDEA: algorithms.IDEA,

tests/test_pgp_utils.py::TestLegacyImplementation::test_encrypt_file_with_pgpy
tests/test_pgp_utils.py::TestRustImplementation::test_encrypt_file_with_pgpy
  /home/runner/work/simplelogin-app/simplelogin-app/.venv/lib/python3.12/site-packages/pgpy/constants.py:193: CryptographyDeprecationWarning: TripleDES has been moved to cryptography.hazmat.decrepit.ciphers.algorithms.TripleDES and will be removed from cryptography.hazmat.primitives.ciphers.algorithms in 48.0.0.
    SymmetricKeyAlgorithm.TripleDES: algorithms.TripleDES,

tests/test_pgp_utils.py::TestLegacyImplementation::test_encrypt_file_with_pgpy
tests/test_pgp_utils.py::TestRustImplementation::test_encrypt_file_with_pgpy
  /home/runner/work/simplelogin-app/simplelogin-app/.venv/lib/python3.12/site-packages/pgpy/constants.py:194: CryptographyDeprecationWarning: CAST5 has been moved to cryptography.hazmat.decrepit.ciphers.algorithms.CAST5 and will be removed from cryptography.hazmat.primitives.ciphers.algorithms in 45.0.0.
    SymmetricKeyAlgorithm.CAST5: algorithms.CAST5,

tests/test_pgp_utils.py::TestLegacyImplementation::test_encrypt_file_with_pgpy
tests/test_pgp_utils.py::TestRustImplementation::test_encrypt_file_with_pgpy
  /home/runner/work/simplelogin-app/simplelogin-app/.venv/lib/python3.12/site-packages/pgpy/constants.py:195: CryptographyDeprecationWarning: Blowfish has been moved to cryptography.hazmat.decrepit.ciphers.algorithms.Blowfish and will be removed from cryptography.hazmat.primitives.ciphers.algorithms in 45.0.0.
    SymmetricKeyAlgorithm.Blowfish: algorithms.Blowfish,

tests/test_prarallel_limiter.py::test_too_many_requests
  /home/runner/work/simplelogin-app/simplelogin-app/.venv/lib/python3.12/site-packages/_pytest/threadexception.py:58: PytestUnhandledThreadExceptionWarning: Exception in thread Thread-73 (sleep_thread)
  
  Traceback (most recent call last):
    File "/home/runner/.local/share/uv/python/cpython-3.12.8-linux-x86_64-gnu/lib/python3.12/threading.py", line 1075, in _bootstrap_inner
      self.run()
    File "/home/runner/.local/share/uv/python/cpython-3.12.8-linux-x86_64-gnu/lib/python3.12/threading.py", line 1012, in run
      self._target(*self._args, **self._kwargs)
    File "/home/runner/work/simplelogin-app/simplelogin-app/tests/test_prarallel_limiter.py", line 24, in sleep_thread
      pl(time.sleep)(1)
    File "/home/runner/work/simplelogin-app/simplelogin-app/app/parallel_limiter.py", line 58, in decorated
      lock_name = f"cl:{request.remote_addr}:{lock_suffix}"
                        ^^^^^^^^^^^^^^^^^^^
    File "/home/runner/work/simplelogin-app/simplelogin-app/.venv/lib/python3.12/site-packages/werkzeug/local.py", line 347, in __getattr__
      return getattr(self._get_current_object(), name)
                     ^^^^^^^^^^^^^^^^^^^^^^^^^^
    File "/home/runner/work/simplelogin-app/simplelogin-app/.venv/lib/python3.12/site-packages/werkzeug/local.py", line 306, in _get_current_object
      return self.__local()
             ^^^^^^^^^^^^^^
    File "/home/runner/work/simplelogin-app/simplelogin-app/.venv/lib/python3.12/site-packages/flask/globals.py", line 38, in _lookup_req_object
      raise RuntimeError(_request_ctx_err_msg)
  RuntimeError: Working outside of request context.
  
  This typically means that you attempted to use functionality that needed
  an active HTTP request.  Consult the documentation on testing for
  information about how to avoid this problem.
  
  Enable tracemalloc to get traceback where the object was allocated.
  See https://docs.pytest.org/en/stable/how-to/capture-warnings.html#resource-warnings for more info.
    warnings.warn(pytest.PytestUnhandledThreadExceptionWarning(msg))

-- Docs: https://docs.pytest.org/en/stable/how-to/capture-warnings.html
=========================== short test summary info ============================
FAILED tests/admin/test_custom_domain_search.py::test_custom_domain_search_page_loads - redis.exceptions.ConnectionError: Error 111 connecting to localhost:6379. Connection refused.
FAILED tests/admin/test_custom_domain_search.py::test_custom_domain_search_empty_query - redis.exceptions.ConnectionError: Error 111 connecting to localhost:6379. Connection refused.
FAILED tests/admin/test_custom_domain_search.py::test_custom_domain_search_by_domain_name - redis.exceptions.ConnectionError: Error 111 connecting to localhost:6379. Connection refused.
FAILED tests/admin/test_custom_domain_search.py::test_custom_domain_search_by_user_email - redis.exceptions.ConnectionError: Error 111 connecting to localhost:6379. Connection refused.
FAILED tests/admin/test_custom_domain_search.py::test_custom_domain_search_by_user_id - redis.exceptions.ConnectionError: Error 111 connecting to localhost:6379. Connection refused.
FAILED tests/admin/test_custom_domain_search.py::test_custom_domain_search_by_regex - redis.exceptions.ConnectionError: Error 111 connecting to localhost:6379. Connection refused.
FAILED tests/admin/test_custom_domain_search.py::test_custom_domain_search_no_results - redis.exceptions.ConnectionError: Error 111 connecting to localhost:6379. Connection refused.
FAILED tests/admin/test_custom_domain_search.py::test_custom_domain_shows_user_link_to_email_search - redis.exceptions.ConnectionError: Error 111 connecting to localhost:6379. Connection refused.
FAILED tests/admin/test_custom_domain_search.py::test_custom_domain_shows_verification_status - redis.exceptions.ConnectionError: Error 111 connecting to localhost:6379. Connection refused.
FAILED tests/admin/test_custom_domain_search.py::test_custom_domain_shows_domain_info - redis.exceptions.ConnectionError: Error 111 connecting to localhost:6379. Connection refused.
FAILED tests/admin/test_custom_domain_search.py::test_custom_domain_search_requires_admin - redis.exceptions.ConnectionError: Error 111 connecting to localhost:6379. Connection refused.
FAILED tests/admin/test_custom_domain_search.py::test_custom_domain_search_requires_login - redis.exceptions.ConnectionError: Error 111 connecting to localhost:6379. Connection refused.
FAILED tests/admin/test_custom_domain_search.py::test_custom_domain_search_user_without_domains - redis.exceptions.ConnectionError: Error 111 connecting to localhost:6379. Connection refused.
FAILED tests/admin/test_email_search.py::test_email_search_page_loads - redis.exceptions.ConnectionError: Error 111 connecting to localhost:6379. Connection refused.
FAILED tests/admin/test_email_search.py::test_email_search_empty_query - redis.exceptions.ConnectionError: Error 111 connecting to localhost:6379. Connection refused.
FAILED tests/admin/test_email_search.py::test_email_search_user_by_email - redis.exceptions.ConnectionError: Error 111 connecting to localhost:6379. Connection refused.
FAILED tests/admin/test_email_search.py::test_email_search_user_by_id - redis.exceptions.ConnectionError: Error 111 connecting to localhost:6379. Connection refused.
FAILED tests/admin/test_email_search.py::test_email_search_user_by_regex - redis.exceptions.ConnectionError: Error 111 connecting to localhost:6379. Connection refused.
FAILED tests/admin/test_email_search.py::test_email_search_mailbox - redis.exceptions.ConnectionError: Error 111 connecting to localhost:6379. Connection refused.
FAILED tests/admin/test_email_search.py::test_email_search_partner_user - redis.exceptions.ConnectionError: Error 111 connecting to localhost:6379. Connection refused.
FAILED tests/admin/test_email_search.py::test_email_search_no_results - redis.exceptions.ConnectionError: Error 111 connecting to localhost:6379. Connection refused.
FAILED tests/admin/test_email_search.py::test_email_search_user_with_subscription - redis.exceptions.ConnectionError: Error 111 connecting to localhost:6379. Connection refused.
FAILED tests/admin/test_email_search.py::test_email_search_user_with_audit_logs - redis.exceptions.ConnectionError: Error 111 connecting to localhost:6379. Connection refused.
FAILED tests/admin/test_email_search.py::test_email_search_user_with_abuse_logs - redis.exceptions.ConnectionError: Error 111 connecting to localhost:6379. Connection refused.
FAILED tests/admin/test_email_search.py::test_alias_search_page_loads - redis.exceptions.ConnectionError: Error 111 connecting to localhost:6379. Connection refused.
FAILED tests/admin/test_email_search.py::test_alias_search_by_email - redis.exceptions.ConnectionError: Error 111 connecting to localhost:6379. Connection refused.
FAILED tests/admin/test_email_search.py::test_alias_search_no_regex_support - redis.exceptions.ConnectionError: Error 111 connecting to localhost:6379. Connection refused.
FAILED tests/admin/test_email_search.py::test_alias_search_deleted_alias - redis.exceptions.ConnectionError: Error 111 connecting to localhost:6379. Connection refused.
FAILED tests/admin/test_email_search.py::test_alias_search_no_results - redis.exceptions.ConnectionError: Error 111 connecting to localhost:6379. Connection refused.
FAILED tests/admin/test_email_search.py::test_email_search_requires_admin - redis.exceptions.ConnectionError: Error 111 connecting to localhost:6379. Connection refused.
FAILED tests/admin/test_email_search.py::test_email_search_requires_login - redis.exceptions.ConnectionError: Error 111 connecting to localhost:6379. Connection refused.
FAILED tests/admin/test_email_search.py::test_search_type_defaults_to_email - redis.exceptions.ConnectionError: Error 111 connecting to localhost:6379. Connection refused.
FAILED tests/admin/test_email_search.py::test_search_type_preserves_alias_selection - redis.exceptions.ConnectionError: Error 111 connecting to localhost:6379. Connection refused.
FAILED tests/admin/test_email_search.py::test_mark_abuser_button_displayed - redis.exceptions.ConnectionError: Error 111 connecting to localhost:6379. Connection refused.
FAILED tests/admin/test_email_search.py::test_unmark_abuser_button_displayed - redis.exceptions.ConnectionError: Error 111 connecting to localhost:6379. Connection refused.
FAILED tests/admin/test_email_search.py::test_mark_abuser_success - redis.exceptions.ConnectionError: Error 111 connecting to localhost:6379. Connection refused.
FAILED tests/admin/test_email_search.py::test_mark_abuser_requires_note - redis.exceptions.ConnectionError: Error 111 connecting to localhost:6379. Connection refused.
FAILED tests/admin/test_email_search.py::test_unmark_abuser_success - redis.exceptions.ConnectionError: Error 111 connecting to localhost:6379. Connection refused.
FAILED tests/admin/test_email_search.py::test_unmark_abuser_requires_note - redis.exceptions.ConnectionError: Error 111 connecting to localhost:6379. Connection refused.
FAILED tests/admin/test_email_search.py::test_email_search_shows_custom_domains - redis.exceptions.ConnectionError: Error 111 connecting to localhost:6379. Connection refused.
FAILED tests/admin/test_email_search.py::test_email_search_shows_domain_alias_counts - redis.exceptions.ConnectionError: Error 111 connecting to localhost:6379. Connection refused.
FAILED tests/api/test_alias.py::test_get_aliases_error_without_pagination - redis.exceptions.ConnectionError: Error 111 connecting to localhost:6379. Connection refused.
FAILED tests/api/test_alias.py::test_get_aliases_with_pagination - redis.exceptions.ConnectionError: Error 111 connecting to localhost:6379. Connection refused.
FAILED tests/api/test_alias.py::test_get_aliases_query - redis.exceptions.ConnectionError: Error 111 connecting to localhost:6379. Connection refused.
FAILED tests/api/test_alias.py::test_get_aliases_v2 - redis.exceptions.ConnectionError: Error 111 connecting to localhost:6379. Connection refused.
FAILED tests/api/test_alias.py::test_get_pinned_aliases_v2 - redis.exceptions.ConnectionError: Error 111 connecting to localhost:6379. Connection refused.
FAILED tests/api/test_alias.py::test_get_disabled_aliases_v2 - redis.exceptions.ConnectionError: Error 111 connecting to localhost:6379. Connection refused.
FAILED tests/api/test_alias.py::test_get_enabled_aliases_v2 - redis.exceptions.ConnectionError: Error 111 connecting to localhost:6379. Connection refused.
FAILED tests/api/test_alias.py::test_delete_alias - redis.exceptions.ConnectionError: Error 111 connecting to localhost:6379. Connection refused.
FAILED tests/api/test_alias.py::test_toggle_alias - redis.exceptions.ConnectionError: Error 111 connecting to localhost:6379. Connection refused.
FAILED tests/api/test_alias.py::test_alias_activities - redis.exceptions.ConnectionError: Error 111 connecting to localhost:6379. Connection refused.
FAILED tests/api/test_alias.py::test_update_alias - redis.exceptions.ConnectionError: Error 111 connecting to localhost:6379. Connection refused.
FAILED tests/api/test_alias.py::test_update_alias_mailbox - redis.exceptions.ConnectionError: Error 111 connecting to localhost:6379. Connection refused.
FAILED tests/api/test_alias.py::test_update_alias_name - redis.exceptions.ConnectionError: Error 111 connecting to localhost:6379. Connection refused.
FAILED tests/api/test_alias.py::test_update_alias_mailboxes - redis.exceptions.ConnectionError: Error 111 connecting to localhost:6379. Connection refused.
FAILED tests/api/test_alias.py::test_update_disable_pgp - redis.exceptions.ConnectionError: Error 111 connecting to localhost:6379. Connection refused.
FAILED tests/api/test_alias.py::test_update_pinned - redis.exceptions.ConnectionError: Error 111 connecting to localhost:6379. Connection refused.
FAILED tests/api/test_alias.py::test_alias_contacts - redis.exceptions.ConnectionError: Error 111 connecting to localhost:6379. Connection refused.
FAILED tests/api/test_alias.py::test_create_contact_route - redis.exceptions.ConnectionError: Error 111 connecting to localhost:6379. Connection refused.
FAILED tests/api/test_alias.py::test_create_contact_route_invalid_alias - redis.exceptions.ConnectionError: Error 111 connecting to localhost:6379. Connection refused.
FAILED tests/api/test_alias.py::test_create_contact_route_non_existing_alias - redis.exceptions.ConnectionError: Error 111 connecting to localhost:6379. Connection refused.
FAILED tests/api/test_alias.py::test_create_contact_route_free_users - redis.exceptions.ConnectionError: Error 111 connecting to localhost:6379. Connection refused.
FAILED tests/api/test_alias.py::test_create_contact_route_empty_contact_address - redis.exceptions.ConnectionError: Error 111 connecting to localhost:6379. Connection refused.
FAILED tests/api/test_alias.py::test_create_contact_route_invalid_contact_email - redis.exceptions.ConnectionError: Error 111 connecting to localhost:6379. Connection refused.
FAILED tests/api/test_alias.py::test_delete_contact - redis.exceptions.ConnectionError: Error 111 connecting to localhost:6379. Connection refused.
FAILED tests/api/test_alias.py::test_get_alias - redis.exceptions.ConnectionError: Error 111 connecting to localhost:6379. Connection refused.
FAILED tests/api/test_alias.py::test_toggle_contact - redis.exceptions.ConnectionError: Error 111 connecting to localhost:6379. Connection refused.
FAILED tests/api/test_alias.py::test_get_aliases_disabled_account - redis.exceptions.ConnectionError: Error 111 connecting to localhost:6379. Connection refused.
FAILED tests/api/test_alias.py::test_get_aliases_does_not_return_trashed_aliases - redis.exceptions.ConnectionError: Error 111 connecting to localhost:6379. Connection refused.
FAILED tests/api/test_alias.py::test_cannot_create_alias_with_admin_disabled_mailbox_via_api - redis.exceptions.ConnectionError: Error 111 connecting to localhost:6379. Connection refused.
FAILED tests/api/test_alias_options.py::test_different_scenarios_v4 - redis.exceptions.ConnectionError: Error 111 connecting to localhost:6379. Connection refused.
FAILED tests/api/test_alias_options.py::test_different_scenarios_v4_2 - redis.exceptions.ConnectionError: Error 111 connecting to localhost:6379. Connection refused.
FAILED tests/api/test_alias_options.py::test_different_scenarios_v5 - redis.exceptions.ConnectionError: Error 111 connecting to localhost:6379. Connection refused.
FAILED tests/api/test_apple.py::test_apple_update_notification - redis.exceptions.ConnectionError: Error 111 connecting to localhost:6379. Connection refused.
FAILED tests/api/test_auth.py::test_auth_login_success[MFA] - redis.exceptions.ConnectionError: Error 111 connecting to localhost:6379. Connection refused.
FAILED tests/api/test_auth.py::test_auth_login_success[no MFA] - redis.exceptions.ConnectionError: Error 111 connecting to localhost:6379. Connection refused.
FAILED tests/api/test_auth.py::test_auth_login_device_exist - redis.exceptions.ConnectionError: Error 111 connecting to localhost:6379. Connection refused.
FAILED tests/api/test_auth.py::test_auth_register_success - redis.exceptions.ConnectionError: Error 111 connecting to localhost:6379. Connection refused.
FAILED tests/api/test_auth.py::test_auth_register_too_short_password - redis.exceptions.ConnectionError: Error 111 connecting to localhost:6379. Connection refused.
FAILED tests/api/test_auth.py::test_auth_register_too_long_password - redis.exceptions.ConnectionError: Error 111 connecting to localhost:6379. Connection refused.
FAILED tests/api/test_auth.py::test_auth_activate_success - redis.exceptions.ConnectionError: Error 111 connecting to localhost:6379. Connection refused.
FAILED tests/api/test_auth.py::test_auth_activate_wrong_email - redis.exceptions.ConnectionError: Error 111 connecting to localhost:6379. Connection refused.
FAILED tests/api/test_auth.py::test_auth_activate_user_already_activated - redis.exceptions.ConnectionError: Error 111 connecting to localhost:6379. Connection refused.
FAILED tests/api/test_auth.py::test_auth_activate_wrong_code - redis.exceptions.ConnectionError: Error 111 connecting to localhost:6379. Connection refused.
FAILED tests/api/test_auth.py::test_auth_activate_too_many_wrong_code - redis.exceptions.ConnectionError: Error 111 connecting to localhost:6379. Connection refused.
FAILED tests/api/test_auth.py::test_auth_reactivate_success - redis.exceptions.ConnectionError: Error 111 connecting to localhost:6379. Connection refused.
FAILED tests/api/test_auth.py::test_auth_login_forgot_password - redis.exceptions.ConnectionError: Error 111 connecting to localhost:6379. Connection refused.
FAILED tests/api/test_auth_mfa.py::test_auth_mfa_success - redis.exceptions.ConnectionError: Error 111 connecting to localhost:6379. Connection refused.
FAILED tests/api/test_auth_mfa.py::test_auth_wrong_mfa_key - redis.exceptions.ConnectionError: Error 111 connecting to localhost:6379. Connection refused.
FAILED tests/api/test_custom_domain.py::test_get_custom_domains - redis.exceptions.ConnectionError: Error 111 connecting to localhost:6379. Connection refused.
FAILED tests/api/test_custom_domain.py::test_update_custom_domains - redis.exceptions.ConnectionError: Error 111 connecting to localhost:6379. Connection refused.
FAILED tests/api/test_custom_domain.py::test_get_custom_domain_trash - redis.exceptions.ConnectionError: Error 111 connecting to localhost:6379. Connection refused.
FAILED tests/api/test_import_export.py::test_export - redis.exceptions.ConnectionError: Error 111 connecting to localhost:6379. Connection refused.
FAILED tests/api/test_import_export.py::test_import_no_mailboxes_no_domains - redis.exceptions.ConnectionError: Error 111 connecting to localhost:6379. Connection refused.
FAILED tests/api/test_import_export.py::test_import_no_mailboxes - redis.exceptions.ConnectionError: Error 111 connecting to localhost:6379. Connection refused.
FAILED tests/api/test_import_export.py::test_import_no_domains - redis.exceptions.ConnectionError: Error 111 connecting to localhost:6379. Connection refused.
FAILED tests/api/test_import_export.py::test_import - redis.exceptions.ConnectionError: Error 111 connecting to localhost:6379. Connection refused.
FAILED tests/api/test_import_export.py::test_import_invalid_mailbox_column - redis.exceptions.ConnectionError: Error 111 connecting to localhost:6379. Connection refused.
FAILED tests/api/test_mailbox.py::test_create_mailbox_valid - redis.exceptions.ConnectionError: Error 111 connecting to localhost:6379. Connection refused.
FAILED tests/api/test_mailbox.py::test_create_mailbox_invalid_email - redis.exceptions.ConnectionError: Error 111 connecting to localhost:6379. Connection refused.
FAILED tests/api/test_mailbox.py::test_create_mailbox_empty_payload - redis.exceptions.ConnectionError: Error 111 connecting to localhost:6379. Connection refused.
FAILED tests/api/test_mailbox.py::test_create_mailbox_empty_email - redis.exceptions.ConnectionError: Error 111 connecting to localhost:6379. Connection refused.
FAILED tests/api/test_mailbox.py::test_create_mailbox_fail_for_free_user - redis.exceptions.ConnectionError: Error 111 connecting to localhost:6379. Connection refused.
FAILED tests/api/test_mailbox.py::test_delete_mailbox - redis.exceptions.ConnectionError: Error 111 connecting to localhost:6379. Connection refused.
FAILED tests/api/test_mailbox.py::test_delete_default_mailbox - redis.exceptions.ConnectionError: Error 111 connecting to localhost:6379. Connection refused.
FAILED tests/api/test_mailbox.py::test_set_mailbox_as_default - redis.exceptions.ConnectionError: Error 111 connecting to localhost:6379. Connection refused.
FAILED tests/api/test_mailbox.py::test_update_mailbox_email - redis.exceptions.ConnectionError: Error 111 connecting to localhost:6379. Connection refused.
FAILED tests/api/test_mailbox.py::test_cancel_mailbox_email_change - redis.exceptions.ConnectionError: Error 111 connecting to localhost:6379. Connection refused.
FAILED tests/api/test_mailbox.py::test_get_mailboxes - redis.exceptions.ConnectionError: Error 111 connecting to localhost:6379. Connection refused.
FAILED tests/api/test_mailbox.py::test_get_mailboxes_v2 - redis.exceptions.ConnectionError: Error 111 connecting to localhost:6379. Connection refused.
FAILED tests/api/test_mailbox.py::test_cannot_update_admin_disabled_mailbox - redis.exceptions.ConnectionError: Error 111 connecting to localhost:6379. Connection refused.
FAILED tests/api/test_mailbox.py::test_cannot_delete_admin_disabled_mailbox - redis.exceptions.ConnectionError: Error 111 connecting to localhost:6379. Connection refused.
FAILED tests/api/test_new_custom_alias.py::test_v2 - redis.exceptions.ConnectionError: Error 111 connecting to localhost:6379. Connection refused.
FAILED tests/api/test_new_custom_alias.py::test_minimal_payload - redis.exceptions.ConnectionError: Error 111 connecting to localhost:6379. Connection refused.
FAILED tests/api/test_new_custom_alias.py::test_full_payload - redis.exceptions.ConnectionError: Error 111 connecting to localhost:6379. Connection refused.
FAILED tests/api/test_new_custom_alias.py::test_custom_domain_alias - redis.exceptions.ConnectionError: Error 111 connecting to localhost:6379. Connection refused.
FAILED tests/api/test_new_custom_alias.py::test_wrongly_formatted_payload - redis.exceptions.ConnectionError: Error 111 connecting to localhost:6379. Connection refused.
FAILED tests/api/test_new_custom_alias.py::test_mailbox_ids_is_not_an_array - redis.exceptions.ConnectionError: Error 111 connecting to localhost:6379. Connection refused.
FAILED tests/api/test_new_custom_alias.py::test_out_of_quota - redis.exceptions.ConnectionError: Error 111 connecting to localhost:6379. Connection refused.
FAILED tests/api/test_new_custom_alias.py::test_cannot_create_alias_in_trash - redis.exceptions.ConnectionError: Error 111 connecting to localhost:6379. Connection refused.
FAILED tests/api/test_new_custom_alias.py::test_too_many_requests - redis.exceptions.ConnectionError: Error 111 connecting to localhost:6379. Connection refused.
FAILED tests/api/test_new_custom_alias.py::test_invalid_alias_2_consecutive_dots - redis.exceptions.ConnectionError: Error 111 connecting to localhost:6379. Connection refused.
FAILED tests/api/test_new_random_alias.py::test_with_hostname - redis.exceptions.ConnectionError: Error 111 connecting to localhost:6379. Connection refused.
FAILED tests/api/test_new_random_alias.py::test_with_custom_domain - redis.exceptions.ConnectionError: Error 111 connecting to localhost:6379. Connection refused.
FAILED tests/api/test_new_random_alias.py::test_without_hostname - redis.exceptions.ConnectionError: Error 111 connecting to localhost:6379. Connection refused.
FAILED tests/api/test_new_random_alias.py::test_custom_mode - redis.exceptions.ConnectionError: Error 111 connecting to localhost:6379. Connection refused.
FAILED tests/api/test_new_random_alias.py::test_out_of_quota - redis.exceptions.ConnectionError: Error 111 connecting to localhost:6379. Connection refused.
FAILED tests/api/test_new_random_alias.py::test_too_many_requests - redis.exceptions.ConnectionError: Error 111 connecting to localhost:6379. Connection refused.
FAILED tests/api/test_notification.py::test_get_notifications - redis.exceptions.ConnectionError: Error 111 connecting to localhost:6379. Connection refused.
FAILED tests/api/test_notification.py::test_mark_notification_as_read - redis.exceptions.ConnectionError: Error 111 connecting to localhost:6379. Connection refused.
FAILED tests/api/test_phone.py::test_phone_messages - redis.exceptions.ConnectionError: Error 111 connecting to localhost:6379. Connection refused.
FAILED tests/api/test_phone.py::test_phone_messages_ended_reservation - redis.exceptions.ConnectionError: Error 111 connecting to localhost:6379. Connection refused.
FAILED tests/api/test_setting.py::test_get_setting - redis.exceptions.ConnectionError: Error 111 connecting to localhost:6379. Connection refused.
FAILED tests/api/test_setting.py::test_update_settings_notification - redis.exceptions.ConnectionError: Error 111 connecting to localhost:6379. Connection refused.
FAILED tests/api/test_setting.py::test_update_settings_alias_generator - redis.exceptions.ConnectionError: Error 111 connecting to localhost:6379. Connection refused.
FAILED tests/api/test_setting.py::test_update_settings_random_alias_default_domain - redis.exceptions.ConnectionError: Error 111 connecting to localhost:6379. Connection refused.
FAILED tests/api/test_setting.py::test_update_settings_sender_format - redis.exceptions.ConnectionError: Error 111 connecting to localhost:6379. Connection refused.
FAILED tests/api/test_setting.py::test_get_setting_domains - redis.exceptions.ConnectionError: Error 111 connecting to localhost:6379. Connection refused.
FAILED tests/api/test_setting.py::test_get_setting_domains_v2 - redis.exceptions.ConnectionError: Error 111 connecting to localhost:6379. Connection refused.
FAILED tests/api/test_setting.py::test_update_settings_random_alias_suffix - redis.exceptions.ConnectionError: Error 111 connecting to localhost:6379. Connection refused.
FAILED tests/api/test_sudo.py::test_enter_sudo_mode - redis.exceptions.ConnectionError: Error 111 connecting to localhost:6379. Connection refused.
FAILED tests/api/test_user.py::test_delete_without_sudo - redis.exceptions.ConnectionError: Error 111 connecting to localhost:6379. Connection refused.
FAILED tests/api/test_user.py::test_delete_with_sudo - redis.exceptions.ConnectionError: Error 111 connecting to localhost:6379. Connection refused.
FAILED tests/api/test_user.py::test_get_cookie_token - redis.exceptions.ConnectionError: Error 111 connecting to localhost:6379. Connection refused.
FAILED tests/api/test_user_info.py::test_user_in_trial - redis.exceptions.ConnectionError: Error 111 connecting to localhost:6379. Connection refused.
FAILED tests/api/test_user_info.py::test_user_linked_to_proton - redis.exceptions.ConnectionError: Error 111 connecting to localhost:6379. Connection refused.
FAILED tests/api/test_user_info.py::test_cannot_create_reverse_alias - redis.exceptions.ConnectionError: Error 111 connecting to localhost:6379. Connection refused.
FAILED tests/api/test_user_info.py::test_wrong_api_key - redis.exceptions.ConnectionError: Error 111 connecting to localhost:6379. Connection refused.
FAILED tests/api/test_user_info.py::test_create_api_key - redis.exceptions.ConnectionError: Error 111 connecting to localhost:6379. Connection refused.
FAILED tests/api/test_user_info.py::test_logout - redis.exceptions.ConnectionError: Error 111 connecting to localhost:6379. Connection refused.
FAILED tests/api/test_user_info.py::test_change_profile_picture - redis.exceptions.ConnectionError: Error 111 connecting to localhost:6379. Connection refused.
FAILED tests/api/test_user_info.py::test_change_name - redis.exceptions.ConnectionError: Error 111 connecting to localhost:6379. Connection refused.
FAILED tests/api/test_user_info.py::test_stats - redis.exceptions.ConnectionError: Error 111 connecting to localhost:6379. Connection refused.
FAILED tests/auth/test_api_to_cookie.py::test_get_cookie - redis.exceptions.ConnectionError: Error 111 connecting to localhost:6379. Connection refused.
FAILED tests/auth/test_api_to_cookie.py::test_get_cookie_does_not_allow_to_change_user - redis.exceptions.ConnectionError: Error 111 connecting to localhost:6379. Connection refused.
FAILED tests/auth/test_change_email.py::test_change_email - redis.exceptions.ConnectionError: Error 111 connecting to localhost:6379. Connection refused.
FAILED tests/auth/test_login.py::test_unactivated_user_login - redis.exceptions.ConnectionError: Error 111 connecting to localhost:6379. Connection refused.
FAILED tests/auth/test_login.py::test_non_canonical_login - redis.exceptions.ConnectionError: Error 111 connecting to localhost:6379. Connection refused.
FAILED tests/auth/test_login.py::test_canonical_login_with_non_canonical_email - redis.exceptions.ConnectionError: Error 111 connecting to localhost:6379. Connection refused.
FAILED tests/auth/test_oidc.py::test_oidc_login - redis.exceptions.ConnectionError: Error 111 connecting to localhost:6379. Connection refused.
FAILED tests/auth/test_oidc.py::test_oidc_login_next_url - redis.exceptions.ConnectionError: Error 111 connecting to localhost:6379. Connection refused.
FAILED tests/auth/test_oidc.py::test_oidc_login_no_client_id - redis.exceptions.ConnectionError: Error 111 connecting to localhost:6379. Connection refused.
FAILED tests/auth/test_oidc.py::test_oidc_login_no_client_secret - redis.exceptions.ConnectionError: Error 111 connecting to localhost:6379. Connection refused.
FAILED tests/auth/test_oidc.py::test_oidc_callback_no_oauth_state - redis.exceptions.ConnectionError: Error 111 connecting to localhost:6379. Connection refused.
FAILED tests/auth/test_oidc.py::test_oidc_callback_no_client_id - redis.exceptions.ConnectionError: Error 111 connecting to localhost:6379. Connection refused.
FAILED tests/auth/test_oidc.py::test_oidc_callback_no_client_secret - redis.exceptions.ConnectionError: Error 111 connecting to localhost:6379. Connection refused.
FAILED tests/auth/test_oidc.py::test_oidc_callback_invalid_user - redis.exceptions.ConnectionError: Error 111 connecting to localhost:6379. Connection refused.
FAILED tests/auth/test_oidc.py::test_oidc_callback_no_email - redis.exceptions.ConnectionError: Error 111 connecting to localhost:6379. Connection refused.
FAILED tests/auth/test_oidc.py::test_oidc_callback_disabled_registration - redis.exceptions.ConnectionError: Error 111 connecting to localhost:6379. Connection refused.
FAILED tests/auth/test_oidc.py::test_oidc_callback_registration - redis.exceptions.ConnectionError: Error 111 connecting to localhost:6379. Connection refused.
FAILED tests/auth/test_oidc.py::test_oidc_callback_login - redis.exceptions.ConnectionError: Error 111 connecting to localhost:6379. Connection refused.
FAILED tests/auth/test_oidc.py::test_oidc_callback_login_with_next_url - redis.exceptions.ConnectionError: Error 111 connecting to localhost:6379. Connection refused.
FAILED tests/auth/test_proton.py::test_login_with_proton - redis.exceptions.ConnectionError: Error 111 connecting to localhost:6379. Connection refused.
FAILED tests/auth/test_register.py::test_register_success - redis.exceptions.ConnectionError: Error 111 connecting to localhost:6379. Connection refused.
FAILED tests/auth/test_register.py::test_register_increment_nb_new_web_non_proton_user - redis.exceptions.ConnectionError: Error 111 connecting to localhost:6379. Connection refused.
FAILED tests/auth/test_register.py::test_register_disabled - redis.exceptions.ConnectionError: Error 111 connecting to localhost:6379. Connection refused.
FAILED tests/auth/test_register.py::test_register_non_canonical_if_canonical_exists_is_not_allowed - redis.exceptions.ConnectionError: Error 111 connecting to localhost:6379. Connection refused.
FAILED tests/auth/test_register.py::test_register_non_canonical_is_canonicalized - redis.exceptions.ConnectionError: Error 111 connecting to localhost:6379. Connection refused.
FAILED tests/auth/test_reset_password.py::test_successful_reset_password - redis.exceptions.ConnectionError: Error 111 connecting to localhost:6379. Connection refused.
FAILED tests/dashboard/test_alias_contact_manager.py::test_add_contact_success - redis.exceptions.ConnectionError: Error 111 connecting to localhost:6379. Connection refused.
FAILED tests/dashboard/test_alias_csv_export.py::test_alias_export - redis.exceptions.ConnectionError: Error 111 connecting to localhost:6379. Connection refused.
FAILED tests/dashboard/test_alias_transfer.py::test_alias_transfer - redis.exceptions.ConnectionError: Error 111 connecting to localhost:6379. Connection refused.
FAILED tests/dashboard/test_api_keys.py::test_api_key_page_requires_password - redis.exceptions.ConnectionError: Error 111 connecting to localhost:6379. Connection refused.
FAILED tests/dashboard/test_api_keys.py::test_create_delete_api_key - redis.exceptions.ConnectionError: Error 111 connecting to localhost:6379. Connection refused.
FAILED tests/dashboard/test_api_keys.py::test_delete_all_api_keys - redis.exceptions.ConnectionError: Error 111 connecting to localhost:6379. Connection refused.
FAILED tests/dashboard/test_coupon.py::test_redeem_coupon_without_subscription - redis.exceptions.ConnectionError: Error 111 connecting to localhost:6379. Connection refused.
FAILED tests/dashboard/test_coupon.py::test_redeem_lifetime_coupon - redis.exceptions.ConnectionError: Error 111 connecting to localhost:6379. Connection refused.
FAILED tests/dashboard/test_custom_alias.py::test_add_alias_success - redis.exceptions.ConnectionError: Error 111 connecting to localhost:6379. Connection refused.
FAILED tests/dashboard/test_custom_alias.py::test_add_alias_increment_nb_daily_metric_alias - redis.exceptions.ConnectionError: Error 111 connecting to localhost:6379. Connection refused.
FAILED tests/dashboard/test_custom_alias.py::test_add_alias_multiple_mailboxes - redis.exceptions.ConnectionError: Error 111 connecting to localhost:6379. Connection refused.
FAILED tests/dashboard/test_custom_alias.py::test_not_show_unverified_mailbox - redis.exceptions.ConnectionError: Error 111 connecting to localhost:6379. Connection refused.
FAILED tests/dashboard/test_custom_alias.py::test_verify_prefix_suffix - redis.exceptions.ConnectionError: Error 111 connecting to localhost:6379. Connection refused.
FAILED tests/dashboard/test_custom_alias.py::test_available_suffixes - redis.exceptions.ConnectionError: Error 111 connecting to localhost:6379. Connection refused.
FAILED tests/dashboard/test_custom_alias.py::test_available_suffixes_default_domain - redis.exceptions.ConnectionError: Error 111 connecting to localhost:6379. Connection refused.
FAILED tests/dashboard/test_custom_alias.py::test_available_suffixes_random_prefix_generation - redis.exceptions.ConnectionError: Error 111 connecting to localhost:6379. Connection refused.
FAILED tests/dashboard/test_custom_alias.py::test_available_suffixes_hidden_domain - redis.exceptions.ConnectionError: Error 111 connecting to localhost:6379. Connection refused.
FAILED tests/dashboard/test_custom_alias.py::test_available_suffixes_domain_order - redis.exceptions.ConnectionError: Error 111 connecting to localhost:6379. Connection refused.
FAILED tests/dashboard/test_custom_alias.py::test_add_already_existed_alias - redis.exceptions.ConnectionError: Error 111 connecting to localhost:6379. Connection refused.
FAILED tests/dashboard/test_custom_alias.py::test_add_alias_in_global_trash - redis.exceptions.ConnectionError: Error 111 connecting to localhost:6379. Connection refused.
FAILED tests/dashboard/test_custom_alias.py::test_add_alias_in_custom_domain_trash - redis.exceptions.ConnectionError: Error 111 connecting to localhost:6379. Connection refused.
FAILED tests/dashboard/test_custom_alias.py::test_too_many_requests - redis.exceptions.ConnectionError: Error 111 connecting to localhost:6379. Connection refused.
FAILED tests/dashboard/test_custom_alias.py::test_cannot_create_alias_with_admin_disabled_mailbox - redis.exceptions.ConnectionError: Error 111 connecting to localhost:6379. Connection refused.
FAILED tests/dashboard/test_custom_alias.py::test_admin_disabled_mailbox_not_in_form_list - redis.exceptions.ConnectionError: Error 111 connecting to localhost:6379. Connection refused.
FAILED tests/dashboard/test_custom_domain.py::test_add_domain_success - redis.exceptions.ConnectionError: Error 111 connecting to localhost:6379. Connection refused.
FAILED tests/dashboard/test_custom_domain.py::test_add_domain_same_as_user_email - redis.exceptions.ConnectionError: Error 111 connecting to localhost:6379. Connection refused.
FAILED tests/dashboard/test_custom_domain.py::test_add_domain_used_in_mailbox - redis.exceptions.ConnectionError: Error 111 connecting to localhost:6379. Connection refused.
FAILED tests/dashboard/test_directory.py::test_create_directory - redis.exceptions.ConnectionError: Error 111 connecting to localhost:6379. Connection refused.
FAILED tests/dashboard/test_directory.py::test_create_directory_with_invalid_name - redis.exceptions.ConnectionError: Error 111 connecting to localhost:6379. Connection refused.
FAILED tests/dashboard/test_directory.py::test_delete_directory - redis.exceptions.ConnectionError: Error 111 connecting to localhost:6379. Connection refused.
FAILED tests/dashboard/test_directory.py::test_create_directory_in_trash - redis.exceptions.ConnectionError: Error 111 connecting to localhost:6379. Connection refused.
FAILED tests/dashboard/test_directory.py::test_create_directory_out_of_quota - redis.exceptions.ConnectionError: Error 111 connecting to localhost:6379. Connection refused.
FAILED tests/dashboard/test_index.py::test_create_random_alias_success - redis.exceptions.ConnectionError: Error 111 connecting to localhost:6379. Connection refused.
FAILED tests/dashboard/test_index.py::test_too_many_requests - redis.exceptions.ConnectionError: Error 111 connecting to localhost:6379. Connection refused.
FAILED tests/dashboard/test_index.py::test_can_change_mailbox_when_only_admin_disabled_mailbox_on_alias - redis.exceptions.ConnectionError: Error 111 connecting to localhost:6379. Connection refused.
FAILED tests/dashboard/test_index.py::test_user_can_switch_alias_from_admin_disabled_to_active_mailbox - redis.exceptions.ConnectionError: Error 111 connecting to localhost:6379. Connection refused.
FAILED tests/dashboard/test_index.py::test_mailbox_selector_hidden_when_no_admin_disabled_and_only_one_mailbox - redis.exceptions.ConnectionError: Error 111 connecting to localhost:6379. Connection refused.
FAILED tests/dashboard/test_setting.py::test_setup_done - redis.exceptions.ConnectionError: Error 111 connecting to localhost:6379. Connection refused.
FAILED tests/dashboard/test_setup_done.py::test_setup_done - redis.exceptions.ConnectionError: Error 111 connecting to localhost:6379. Connection refused.
FAILED tests/dashboard/test_subdomain.py::test_create_subdomain - redis.exceptions.ConnectionError: Error 111 connecting to localhost:6379. Connection refused.
FAILED tests/dashboard/test_subdomain.py::test_delete_subdomain - redis.exceptions.ConnectionError: Error 111 connecting to localhost:6379. Connection refused.
FAILED tests/dashboard/test_subdomain.py::test_create_subdomain_in_trash - redis.exceptions.ConnectionError: Error 111 connecting to localhost:6379. Connection refused.
FAILED tests/dashboard/test_subdomain.py::test_create_subdomain_out_of_quota - redis.exceptions.ConnectionError: Error 111 connecting to localhost:6379. Connection refused.
FAILED tests/dashboard/test_subdomain.py::test_create_subdomain_invalid - redis.exceptions.ConnectionError: Error 111 connecting to localhost:6379. Connection refused.
FAILED tests/dashboard/test_sudo_setting.py::test_setup_done - redis.exceptions.ConnectionError: Error 111 connecting to localhost:6379. Connection refused.
FAILED tests/dashboard/test_unsubscribe.py::test_disable_alias - redis.exceptions.ConnectionError: Error 111 connecting to localhost:6379. Connection refused.
FAILED tests/dashboard/test_unsubscribe.py::test_block_contact - redis.exceptions.ConnectionError: Error 111 connecting to localhost:6379. Connection refused.
FAILED tests/handler/test_unsubscribe_handler.py::test_request_disable_alias - redis.exceptions.ConnectionError: Error 111 connecting to localhost:6379. Connection refused.
FAILED tests/handler/test_unsubscribe_handler.py::test_request_disable_contact - redis.exceptions.ConnectionError: Error 111 connecting to localhost:6379. Connection refused.
FAILED tests/handler/test_unsubscribe_handler.py::test_request_disable_newsletter - redis.exceptions.ConnectionError: Error 111 connecting to localhost:6379. Connection refused.
FAILED tests/handler/test_unsubscribe_handler.py::test_request_original_unsub - redis.exceptions.ConnectionError: Error 111 connecting to localhost:6379. Connection refused.
FAILED tests/oauth/test_authorize.py::test_authorize_page_non_login_user - redis.exceptions.ConnectionError: Error 111 connecting to localhost:6379. Connection refused.
FAILED tests/oauth/test_authorize.py::test_authorize_page_login_user_non_supported_flow - redis.exceptions.ConnectionError: Error 111 connecting to localhost:6379. Connection refused.
FAILED tests/oauth/test_authorize.py::test_authorize_page_login_user - redis.exceptions.ConnectionError: Error 111 connecting to localhost:6379. Connection refused.
FAILED tests/oauth/test_authorize.py::test_authorize_code_flow_no_openid_scope - redis.exceptions.ConnectionError: Error 111 connecting to localhost:6379. Connection refused.
FAILED tests/oauth/test_authorize.py::test_authorize_code_flow_with_openid_scope - redis.exceptions.ConnectionError: Error 111 connecting to localhost:6379. Connection refused.
FAILED tests/oauth/test_authorize.py::test_authorize_token_flow - redis.exceptions.ConnectionError: Error 111 connecting to localhost:6379. Connection refused.
FAILED tests/oauth/test_authorize.py::test_authorize_id_token_flow - redis.exceptions.ConnectionError: Error 111 connecting to localhost:6379. Connection refused.
FAILED tests/oauth/test_authorize.py::test_authorize_token_id_token_flow - redis.exceptions.ConnectionError: Error 111 connecting to localhost:6379. Connection refused.
FAILED tests/oauth/test_authorize.py::test_authorize_code_id_token_flow - redis.exceptions.ConnectionError: Error 111 connecting to localhost:6379. Connection refused.
FAILED tests/oauth/test_authorize.py::test_authorize_page_invalid_client_id - redis.exceptions.ConnectionError: Error 111 connecting to localhost:6379. Connection refused.
FAILED tests/oauth/test_authorize.py::test_authorize_page_http_not_allowed - redis.exceptions.ConnectionError: Error 111 connecting to localhost:6379. Connection refused.
FAILED tests/oauth/test_authorize.py::test_authorize_page_unknown_redirect_uri - redis.exceptions.ConnectionError: Error 111 connecting to localhost:6379. Connection refused.
FAILED tests/test_email_utils.py::test_should_disable_bounces_every_day - redis.exceptions.ConnectionError: Error 111 connecting to localhost:6379. Connection refused.
FAILED tests/test_email_utils.py::test_should_disable_bounces_account - redis.exceptions.ConnectionError: Error 111 connecting to localhost:6379. Connection refused.
FAILED tests/test_email_utils.py::test_should_disable_bounce_consecutive_days - redis.exceptions.ConnectionError: Error 111 connecting to localhost:6379. Connection refused.
FAILED tests/test_extensions.py::test_rate_limit_limits_by_source_ip - redis.exceptions.ConnectionError: Error 111 connecting to localhost:6379. Connection refused.
FAILED tests/test_extensions.py::test_rate_limit_limits_by_user_id - redis.exceptions.ConnectionError: Error 111 connecting to localhost:6379. Connection refused.
FAILED tests/test_extensions.py::test_rate_limit_limits_by_user_id_ignoring_ip - redis.exceptions.ConnectionError: Error 111 connecting to localhost:6379. Connection refused.
FAILED tests/test_models.py::test_new_addr_default_sender_format - redis.exceptions.ConnectionError: Error 111 connecting to localhost:6379. Connection refused.
FAILED tests/test_models.py::test_new_addr_a_sender_format - redis.exceptions.ConnectionError: Error 111 connecting to localhost:6379. Connection refused.
FAILED tests/test_models.py::test_new_addr_no_name_sender_format - redis.exceptions.ConnectionError: Error 111 connecting to localhost:6379. Connection refused.
FAILED tests/test_models.py::test_new_addr_name_only_sender_format - redis.exceptions.ConnectionError: Error 111 connecting to localhost:6379. Connection refused.
FAILED tests/test_models.py::test_new_addr_at_only_sender_format - redis.exceptions.ConnectionError: Error 111 connecting to localhost:6379. Connection refused.
FAILED tests/test_models.py::test_new_addr_unicode - redis.exceptions.ConnectionError: Error 111 connecting to localhost:6379. Connection refused.
FAILED tests/test_onboarding.py::test_extension_redirect_is_working - redis.exceptions.ConnectionError: Error 111 connecting to localhost:6379. Connection refused.
FAILED tests/test_prarallel_limiter.py::test_parallel_limiter - redis.exceptions.ConnectionError: Error 111 connecting to localhost:6379. Connection refused.
FAILED tests/test_prarallel_limiter.py::test_too_many_requests - redis.exceptions.ConnectionError: Error 111 connecting to localhost:6379. Connection refused.
FAILED tests/test_server.py::test_redirect_login_page - redis.exceptions.ConnectionError: Error 111 connecting to localhost:6379. Connection refused.
FAILED tests/test_server.py::test_coinbase_webhook - redis.exceptions.ConnectionError: Error 111 connecting to localhost:6379. Connection refused.
==== 259 failed, 602 passed, 1 skipped, 24561 warnings in 265.86s (0:04:25) ====
